******************************************************************************
                  TI ARM Linker PC v18.12.4                    
******************************************************************************
>> Linked Tue Mar 10 16:29:32 2020

OUTPUT FILE NAME:   <Lab4_1_empty_MSP_EXP432P401R_nortos_ccs.out>
ENTRY POINT SYMBOL: "_c_int00_noargs"  address: 000005ed


MEMORY CONFIGURATION

         name            origin    length      used     unused   attr    fill
----------------------  --------  ---------  --------  --------  ----  --------
  MAIN                  00000000   00040000  000006bc  0003f944  R  X
  INFO                  00200000   00004000  00000000  00004000  R  X
  SRAM_CODE             01000000   00010000  00000214  0000fdec  RW X
  SRAM_DATA             20000000   00010000  00000214  0000fdec  RW  


SEGMENT ALLOCATION MAP

run origin  load origin   length   init length attrs members
----------  ----------- ---------- ----------- ----- -------
00000000    00000000    000006bc   000006bc    r-x
  00000000    00000000    000000e4   000000e4    r-- .intvecs
  000000e4    000000e4    000005c4   000005c4    r-x .text
  000006a8    000006a8    00000014   00000014    r-- .cinit
20000000    20000000    00000014   00000000    rw-
  20000000    20000000    00000014   00000000    rw- .bss
2000fe00    2000fe00    00000200   00000000    rw-
  2000fe00    2000fe00    00000200   00000000    rw- .stack


SECTION ALLOCATION MAP

 output                                  attributes/
section   page    origin      length       input sections
--------  ----  ----------  ----------   ----------------
.intvecs   0    00000000    000000e4     
                  00000000    000000e4     startup_msp432p401r_ccs.obj (.intvecs:retain)

.text      0    000000e4    000005c4     
                  000000e4    00000104     msp432p4xx_driverlib.lib : cs.o (.text:_CSComputeCLKFrequency)
                  000001e8    000000f8                              : cs.o (.text:CS_getDCOFrequency)
                  000002e0    00000094                              : sysctl_a.o (.text:SysCtl_A_getTLVInfo)
                  00000374    0000007c                              : cs.o (.text:_CSGetDOCFrequency)
                  000003f0    0000007c     main.obj (.text:main)
                  0000046c    00000078     system_msp432p401r.obj (.text:SystemInit)
                  000004e4    00000062     msp432p4xx_driverlib.lib : cs.o (.text:_CSGetDividerValue)
                  00000546    00000002     startup_msp432p401r_ccs.obj (.text:Default_Handler)
                  00000548    00000060     main.obj (.text:delay_ms)
                  000005a8    00000044     rtsv7M4_T_le_v4SPD16_eabi.lib : autoinit.c.obj (.text:__TI_auto_init_nobinit_nopinit:__TI_auto_init_nobinit_nopinit)
                  000005ec    00000034                                   : boot_cortex_m.c.obj (.text:_c_int00_noargs:_c_int00_noargs)
                  00000620    00000030     msp432p4xx_driverlib.lib : cs.o (.text:CS_clearInterruptFlag)
                  00000650    00000028                              : cs.o (.text:CS_getMCLK)
                  00000678    0000001c     rtsv7M4_T_le_v4SPD16_eabi.lib : copy_zero_init.c.obj (.text:decompress:ZI:__TI_zero_init_nomemset:__TI_zero_init_nomemset)
                  00000694    0000000c     startup_msp432p401r_ccs.obj (.text:Reset_Handler)
                  000006a0    00000004     rtsv7M4_T_le_v4SPD16_eabi.lib : pre_init.c.obj (.text:_system_pre_init)
                  000006a4    00000004                                   : exit.c.obj (.text:abort:abort)

.cinit     0    000006a8    00000014     
                  000006a8    00000008     (.cinit..bss.load) [load image, compression = zero_init]
                  000006b0    00000004     (__TI_handler_table)
                  000006b4    00000008     (__TI_cinit_table)

.init_array 
*          0    00000000    00000000     UNINITIALIZED

.binit     0    00000000    00000000     

.bss       0    20000000    00000014     UNINITIALIZED
                  20000000    00000008     msp432p4xx_driverlib.lib : cs.o (.bss)
                  20000008    00000004     (.common:cycles)
                  2000000c    00000004     (.common:t0)
                  20000010    00000004     (.common:t1)

.stack     0    2000fe00    00000200     UNINITIALIZED
                  2000fe00    00000004     rtsv7M4_T_le_v4SPD16_eabi.lib : boot_cortex_m.c.obj (.stack)
                  2000fe04    000001fc     --HOLE--

MODULE SUMMARY

       Module                        code   ro data   rw data
       ------                        ----   -------   -------
    .\
       main.obj                      220    0         24     
       system_msp432p401r.obj        120    0         0      
    +--+-----------------------------+------+---------+---------+
       Total:                        340    0         24     
                                                             
    .\ccs\
       startup_msp432p401r_ccs.obj   14     228       0      
    +--+-----------------------------+------+---------+---------+
       Total:                        14     228       0      
                                                             
    C:/ti/simplelink_msp432p4_sdk_3_40_00_05/source/ti/devices/msp432p4xx/driverlib/ccs/msp432p4xx_driverlib.lib
       cs.o                          818    0         16     
       sysctl_a.o                    148    0         0      
    +--+-----------------------------+------+---------+---------+
       Total:                        966    0         16     
                                                             
    C:\ti\ccs930\ccs\tools\compiler\ti-cgt-arm_18.12.4.LTS\lib\rtsv7M4_T_le_v4SPD16_eabi.lib
       autoinit.c.obj                68     0         0      
       boot_cortex_m.c.obj           52     0         0      
       copy_zero_init.c.obj          28     0         0      
       exit.c.obj                    4      0         0      
       pre_init.c.obj                4      0         0      
    +--+-----------------------------+------+---------+---------+
       Total:                        156    0         0      
                                                             
       Stack:                        0      0         1024   
       Linker Generated:             0      20        0      
    +--+-----------------------------+------+---------+---------+
       Grand Total:                  1476   248       1064   


LINKER GENERATED COPY TABLES

__TI_cinit_table @ 000006b4 records: 1, size/record: 8, table size: 8
	.bss: load addr=000006a8, load size=00000008 bytes, run addr=20000000, run size=00000014 bytes, compression=zero_init


LINKER GENERATED HANDLER TABLE

__TI_handler_table @ 000006b0 records: 1, size/record: 4, table size: 4
	index: 0, handler: __TI_zero_init


GLOBAL SYMBOLS: SORTED ALPHABETICALLY BY Name 

address   name                          
-------   ----                          
00000547  ADC14_IRQHandler              
00000547  AES256_IRQHandler             
00000547  BusFault_Handler              
000006a5  C$$EXIT                       
00000547  COMP_E0_IRQHandler            
00000547  COMP_E1_IRQHandler            
00000547  CS_IRQHandler                 
00000621  CS_clearInterruptFlag         
000001e9  CS_getDCOFrequency            
00000651  CS_getMCLK                    
00000547  DMA_ERR_IRQHandler            
00000547  DMA_INT0_IRQHandler           
00000547  DMA_INT1_IRQHandler           
00000547  DMA_INT2_IRQHandler           
00000547  DMA_INT3_IRQHandler           
00000547  DebugMon_Handler              
00000547  Default_Handler               
00000547  EUSCIA0_IRQHandler            
00000547  EUSCIA1_IRQHandler            
00000547  EUSCIA2_IRQHandler            
00000547  EUSCIA3_IRQHandler            
00000547  EUSCIB0_IRQHandler            
00000547  EUSCIB1_IRQHandler            
00000547  EUSCIB2_IRQHandler            
00000547  EUSCIB3_IRQHandler            
00000547  FLCTL_IRQHandler              
00000547  FPU_IRQHandler                
00000547  HardFault_Handler             
00000547  MemManage_Handler             
00000547  NMI_Handler                   
00000547  PCM_IRQHandler                
00000547  PORT1_IRQHandler              
00000547  PORT2_IRQHandler              
00000547  PORT3_IRQHandler              
00000547  PORT4_IRQHandler              
00000547  PORT5_IRQHandler              
00000547  PORT6_IRQHandler              
00000547  PSS_IRQHandler                
00000547  PendSV_Handler                
00000547  RTC_C_IRQHandler              
00000695  Reset_Handler                 
00000547  SVC_Handler                   
000002e1  SysCtl_A_getTLVInfo           
00000547  SysTick_Handler               
0000046d  SystemInit                    
00000547  T32_INT1_IRQHandler           
00000547  T32_INT2_IRQHandler           
00000547  T32_INTC_IRQHandler           
00000547  TA0_0_IRQHandler              
00000547  TA0_N_IRQHandler              
00000547  TA1_0_IRQHandler              
00000547  TA1_N_IRQHandler              
00000547  TA2_0_IRQHandler              
00000547  TA2_N_IRQHandler              
00000547  TA3_0_IRQHandler              
00000547  TA3_N_IRQHandler              
00000547  UsageFault_Handler            
4000480c  WDTCTL_SYM                    
00000547  WDT_A_IRQHandler              
20010000  __STACK_END                   
00000200  __STACK_SIZE                  
000006b4  __TI_CINIT_Base               
000006bc  __TI_CINIT_Limit              
000006b0  __TI_Handler_Table_Base       
000006b4  __TI_Handler_Table_Limit      
000005a9  __TI_auto_init_nobinit_nopinit
ffffffff  __TI_pprof_out_hndl           
ffffffff  __TI_prof_data_size           
ffffffff  __TI_prof_data_start          
00000000  __TI_static_base__            
00000679  __TI_zero_init_nomemset       
ffffffff  __binit__                     
ffffffff  __c_args__                    
UNDEFED   __mpu_init                    
2000fe00  __stack                       
000005ed  _c_int00_noargs               
UNDEFED   _system_post_cinit            
000006a1  _system_pre_init              
000006a5  abort                         
ffffffff  binit                         
20000008  cycles                        
00000549  delay_ms                      
00000000  interruptVectors              
000003f1  main                          
2000000c  t0                            
20000010  t1                            


GLOBAL SYMBOLS: SORTED BY Symbol Address 

address   name                          
-------   ----                          
00000000  __TI_static_base__            
00000000  interruptVectors              
000001e9  CS_getDCOFrequency            
00000200  __STACK_SIZE                  
000002e1  SysCtl_A_getTLVInfo           
000003f1  main                          
0000046d  SystemInit                    
00000547  ADC14_IRQHandler              
00000547  AES256_IRQHandler             
00000547  BusFault_Handler              
00000547  COMP_E0_IRQHandler            
00000547  COMP_E1_IRQHandler            
00000547  CS_IRQHandler                 
00000547  DMA_ERR_IRQHandler            
00000547  DMA_INT0_IRQHandler           
00000547  DMA_INT1_IRQHandler           
00000547  DMA_INT2_IRQHandler           
00000547  DMA_INT3_IRQHandler           
00000547  DebugMon_Handler              
00000547  Default_Handler               
00000547  EUSCIA0_IRQHandler            
00000547  EUSCIA1_IRQHandler            
00000547  EUSCIA2_IRQHandler            
00000547  EUSCIA3_IRQHandler            
00000547  EUSCIB0_IRQHandler            
00000547  EUSCIB1_IRQHandler            
00000547  EUSCIB2_IRQHandler            
00000547  EUSCIB3_IRQHandler            
00000547  FLCTL_IRQHandler              
00000547  FPU_IRQHandler                
00000547  HardFault_Handler             
00000547  MemManage_Handler             
00000547  NMI_Handler                   
00000547  PCM_IRQHandler                
00000547  PORT1_IRQHandler              
00000547  PORT2_IRQHandler              
00000547  PORT3_IRQHandler              
00000547  PORT4_IRQHandler              
00000547  PORT5_IRQHandler              
00000547  PORT6_IRQHandler              
00000547  PSS_IRQHandler                
00000547  PendSV_Handler                
00000547  RTC_C_IRQHandler              
00000547  SVC_Handler                   
00000547  SysTick_Handler               
00000547  T32_INT1_IRQHandler           
00000547  T32_INT2_IRQHandler           
00000547  T32_INTC_IRQHandler           
00000547  TA0_0_IRQHandler              
00000547  TA0_N_IRQHandler              
00000547  TA1_0_IRQHandler              
00000547  TA1_N_IRQHandler              
00000547  TA2_0_IRQHandler              
00000547  TA2_N_IRQHandler              
00000547  TA3_0_IRQHandler              
00000547  TA3_N_IRQHandler              
00000547  UsageFault_Handler            
00000547  WDT_A_IRQHandler              
00000549  delay_ms                      
000005a9  __TI_auto_init_nobinit_nopinit
000005ed  _c_int00_noargs               
00000621  CS_clearInterruptFlag         
00000651  CS_getMCLK                    
00000679  __TI_zero_init_nomemset       
00000695  Reset_Handler                 
000006a1  _system_pre_init              
000006a5  C$$EXIT                       
000006a5  abort                         
000006b0  __TI_Handler_Table_Base       
000006b4  __TI_CINIT_Base               
000006b4  __TI_Handler_Table_Limit      
000006bc  __TI_CINIT_Limit              
20000008  cycles                        
2000000c  t0                            
20000010  t1                            
2000fe00  __stack                       
20010000  __STACK_END                   
4000480c  WDTCTL_SYM                    
ffffffff  __TI_pprof_out_hndl           
ffffffff  __TI_prof_data_size           
ffffffff  __TI_prof_data_start          
ffffffff  __binit__                     
ffffffff  __c_args__                    
ffffffff  binit                         
UNDEFED   __mpu_init                    
UNDEFED   _system_post_cinit            

[86 symbols]
