******************************************************************************
                  TI ARM Linker PC v18.12.4                    
******************************************************************************
>> Linked Tue May 12 19:03:57 2020

OUTPUT FILE NAME:   <Lab8_2_Semaphores.out>
ENTRY POINT SYMBOL: "_c_int00"  address: 000038d9


MEMORY CONFIGURATION

         name            origin    length      used     unused   attr    fill
----------------------  --------  ---------  --------  --------  ----  --------
  MAIN                  00000000   00040000  000075aa  00038a56  R  X
  INFO                  00200000   00004000  00000000  00004000  R  X
  SRAM_CODE             01000000   00010000  0000aa2c  000055d4  RW X
  SRAM_DATA             20000000   00010000  0000aa2c  000055d4  RW  


SEGMENT ALLOCATION MAP

run origin  load origin   length   init length attrs members
----------  ----------- ---------- ----------- ----- -------
00000000    00000000    000075b0   000075b0    r-x
  00000000    00000000    0000003c   0000003c    r-- .resetVecs
  00000040    00000040    000055fa   000055fa    r-x .text
  0000563c    0000563c    00001d54   00001d54    r-- .const
  00007390    00007390    00000220   00000220    r-- .cinit
20000140    20000140    00008000   00000000    r--
  20000140    20000140    00008000   00000000    r-- .priheap
20008140    20008140    000024ec   00000000    rw-
  20008140    20008140    00001f7c   00000000    rw- .bss
  2000a0bc    2000a0bc    00000570   00000000    rw- .data
2000fc00    2000fc00    00000400   00000000    rw-
  2000fc00    2000fc00    00000400   00000000    rw- .stack


SECTION ALLOCATION MAP

 output                                  attributes/
section   page    origin      length       input sections
--------  ----  ----------  ----------   ----------------
.text      0    00000040    000055fa     
                  00000040    00000430     sysbios.aem4f : BIOS.obj (.text:ti_sysbios_family_arm_m3_Hwi_excDumpRegs__I)
                  00000470    00000340     ti.targets.arm.rtsarm.aem4f : System.oem4f (.text:xdc_runtime_System_doPrint__I)
                  000007b0    000002f8     drivers_msp432p401x.aem4f : PowerMSP432.oem4f (.text:Power_sleep)
                  00000aa8    0000028a     msp432p4xx_driverlib.lib : pcm.o (.text:__PCM_setPowerStateAdvanced)
                  00000d32    00000002     ti_drivers_config.obj (.text:Board_initHook)
                  00000d34    00000288     drivers_msp432p401x.aem4f : PowerMSP432.oem4f (.text:initPerfControl)
                  00000fbc    00000004     msp432p4xx_driverlib.lib : cpu.o (.text:CPU_wfi)
                  00000fc0    00000174     sysbios.aem4f : BIOS.obj (.text:ti_sysbios_family_arm_m3_Hwi_excBusFault__I)
                  00001134    00000004     rtsv7M4_T_le_v4SPD16_eabi.lib : exit.c.obj (.text:abort:abort)
                  00001138    00000164     sysbios.aem4f : BIOS.obj (.text:ti_sysbios_family_arm_m3_Hwi_excUsageFault__I)
                  0000129c    0000015c     msp432p4xx_driverlib.lib : pcm.o (.text:__PCM_setPowerModeAdvanced)
                  000013f8    00000148     sysbios.aem4f : BIOS.obj (.text:ti_sysbios_family_arm_m3_Hwi_excMemFault__I)
                  00001540    00000138                   : BIOS.obj (.text:ti_sysbios_knl_Semaphore_pend__E)
                  00001678    00000108     msp432p4xx_driverlib.lib : pcm.o (.text:__PCM_setCoreVoltageLevelAdvanced)
                  00001780    00000108     sysbios.aem4f : BIOS.obj (.text:ti_sysbios_family_arm_m3_Hwi_excFillContext__I)
                  00001888    00000108                   : BIOS.obj (.text:ti_sysbios_family_arm_m3_Hwi_excHandlerMax__I)
                  00001990    00000106     hello_pem4f.oem4f (.text:xdc_runtime_System_printfExtend__I)
                  00001a96    00000002     dpl_msp432p401x.aem4f : PowerMSP432_tirtos.oem4f (.text:PowerMSP432_initPolicy)
                  00001a98    000000fc     ti.targets.arm.rtsarm.aem4f : Startup.oem4f (.text:xdc_runtime_Startup_startMods__I)
                  00001b94    000000f0     sysbios.aem4f : m3_Hwi_asm.obj (.text:ti_sysbios_family_arm_m3_Hwi_dispatch__I)
                  00001c84    000000e8     ti.targets.arm.rtsarm.aem4f : Core-mem.oem4f (.text:xdc_runtime_Core_createObject__I)
                  00001d6c    000000e8                                 : Error.oem4f (.text:xdc_runtime_Error_policyDefault__E)
                  00001e54    000000e4     msp432p4xx_driverlib.lib : cs.o (.text:CS_startHFXTWithTimeout)
                  00001f38    000000e0                              : cs.o (.text:CS_startLFXTWithTimeout)
                  00002018    000000dc                              : cs.o (.text:_CSGetHFXTFrequency)
                  000020f4    000000cc     ti.targets.arm.rtsarm.aem4f : Core-smem.oem4f (.text:xdc_runtime_Core_constructObject__I)
                  000021c0    000000c8     sysbios.aem4f : BIOS.obj (.text:ti_sysbios_family_arm_msp432_init_Boot_setupCS)
                  00002288    000000c8                   : BIOS.obj (.text:ti_sysbios_knl_Task_sleep__E)
                  00002350    000000c4                   : BIOS.obj (.text:ti_sysbios_knl_Task_Instance_init__E)
                  00002414    00000004     hello_pem4f.oem4f (.text:ti_sysbios_BIOS_RtsGateProxy_enter__E)
                  00002418    000000bc     sysbios.aem4f : BIOS.obj (.text:ti_sysbios_family_arm_m3_Hwi_excDebugMon__I)
                  000024d4    00000004     hello_pem4f.oem4f (.text:ti_sysbios_BIOS_RtsGateProxy_leave__E)
                  000024d8    000000bc     sysbios.aem4f : BIOS.obj (.text:ti_sysbios_family_arm_m3_Hwi_excHardFault__I)
                  00002594    00000004     hello_pem4f.oem4f (.text:ti_sysbios_family_arm_m3_TaskSupport_Module__startupDone__S)
                  00002598    000000bc     sysbios.aem4f : BIOS.obj (.text:ti_sysbios_knl_Task_Instance_finalize__E)
                  00002654    00000004     hello_pem4f.oem4f (.text:ti_sysbios_heaps_HeapMem_Module_GateProxy_enter__E)
                  00002658    000000b4     sysbios.aem4f : BIOS.obj (.text:ti_sysbios_knl_Task_checkStacks__E)
                  0000270c    00000004     hello_pem4f.oem4f (.text:ti_sysbios_heaps_HeapMem_Module_GateProxy_leave__E)
                  00002710    000000ac     sysbios.aem4f : BIOS.obj (.text:ti_sysbios_family_arm_m3_Hwi_Instance_init__E)
                  000027bc    00000004     hello_pem4f.oem4f (.text:ti_sysbios_knl_Clock_TimerProxy_getMaxTicks__E)
                  000027c0    000000a8     sysbios.aem4f : BIOS.obj (.text:ti_sysbios_family_arm_msp432_Timer_periodicStub__E)
                  00002868    000000a2     ti.targets.arm.rtsarm.aem4f : Text.oem4f (.text:xdc_runtime_Text_putSite__E)
                  0000290a    00000002     rtsv7M4_T_le_v4SPD16_eabi.lib : _lock.c.obj (.text:_nop)
                  0000290c    000000a0     auto_init.aem4f : auto_init.oem4f (.text)
                  000029ac    000000a0     hello.obj (.text:main)
                  00002a4c    0000009c     drivers_msp432p401x.aem4f : PowerMSP432.oem4f (.text:Power_init)
                  00002ae8    0000009c     rtsv7M4_T_le_v4SPD16_eabi.lib : memcpy_t2.asm.obj (.text)
                  00002b84    00000004     ti.targets.arm.rtsarm.aem4f : Error.oem4f (.text:xdc_runtime_Error_getSite__E)
                  00002b88    00000094     sysbios.aem4f : BIOS.obj (.text:ti_sysbios_family_arm_m3_Hwi_initNVIC__E)
                  00002c1c    0000008c                   : m3_TaskSupport_asm.obj (.text:ti_sysbios_family_arm_m3_TaskSupport_buildTaskStack)
                  00002ca8    0000008c                   : BIOS.obj (.text:ti_sysbios_knl_Task_postInit__I)
                  00002d34    00000084     msp432p4xx_driverlib.lib : pcm.o (.text:PCM_gotoLPM3)
                  00002db8    00000084     drivers_msp432p401x.aem4f : PowerMSP432.oem4f (.text:restartHFXT)
                  00002e3c    00000004     hello_pem4f.oem4f (.text:xdc_runtime_System_Module_GateProxy_enter__E)
                  00002e40    00000084     sysbios.aem4f : BIOS.obj (.text:ti_sysbios_family_arm_m3_Hwi_postInit__I)
                  00002ec4    00000004     hello_pem4f.oem4f (.text:xdc_runtime_System_Module_GateProxy_leave__E)
                  00002ec8    00000084     sysbios.aem4f : BIOS.obj (.text:ti_sysbios_heaps_HeapMem_free__E)
                  00002f4c    00000004     ti.targets.arm.rtsarm.aem4f : System.oem4f (.text:xdc_runtime_System_aprintf_va__F)
                  00002f50    00000080     sysbios.aem4f : BIOS.obj (.text:ti_sysbios_knl_Clock_workFunc__E)
                  00002fd0    0000007a     rtsv7M4_T_le_v4SPD16_eabi.lib : memset_t2.asm.obj (.text)
                  0000304a    00000006     ti.targets.arm.rtsarm.aem4f : System.oem4f (.text:xdc_runtime_System_Module_startup__E)
                  00003050    0000007a     sysbios.aem4f : BIOS.obj (.text:ti_sysbios_heaps_HeapMem_allocUnprotected__E)
                  000030ca    00000004     ti.targets.arm.rtsarm.aem4f : System.oem4f (.text:xdc_runtime_System_printf_va__F)
                  000030ce    00000002     rtsv7M4_T_le_v4SPD16_eabi.lib : div0.asm.obj (.text)
                  000030d0    00000078     sysbios.aem4f : BIOS.obj (.text:ti_sysbios_heaps_HeapMem_initPrimary__I)
                  00003148    00000074     ti.targets.arm.rtsarm.aem4f : Error.oem4f (.text:xdc_runtime_Error_print__E)
                  000031bc    00000074                                 : Text.oem4f (.text:xdc_runtime_Text_putMod__E)
                  00003230    00000070     sysbios.aem4f : BIOS.obj (.text:ti_sysbios_knl_Task_exit__E)
                  000032a0    00000070     ti.targets.arm.rtsarm.aem4f : Memory.oem4f (.text:xdc_runtime_Memory_alloc__E)
                  00003310    0000006d                                 : System.oem4f (.text:xdc_runtime_System_formatNum__I)
                  0000337d    00000001     --HOLE-- [fill = 0]
                  0000337e    00000002     hello_pem4f.oem4f (.text:ti_sysbios_BIOS_nullFunc__I)
                  00003380    0000006c     sysbios.aem4f : BIOS.obj (.text:ti_sysbios_knl_Swi_restoreHwi__E)
                  000033ec    00000068     rtsv7M4_T_le_v4SPD16_eabi.lib : copy_decompress_lzss.c.obj (.text:decompress:lzss:__TI_decompress_lzss)
                  00003454    00000066     ti.targets.arm.rtsarm.aem4f : Core-mem.oem4f (.text:xdc_runtime_Core_deleteObject__I)
                  000034ba    00000006     --HOLE-- [fill = 0]
                  000034c0    00000064     sysbios.aem4f : BIOS.obj (.text:ti_sysbios_family_arm_m3_Hwi_dispatchC__I)
                  00003524    00000004     --HOLE-- [fill = 0]
                  00003528    00000060                   : BIOS.obj (.text:ti_sysbios_knl_Semaphore_post__E)
                  00003588    00000060                   : BIOS.obj (.text:ti_sysbios_knl_Task_schedule__I)
                  000035e8    0000005f     ti.targets.arm.rtsarm.aem4f : Text.oem4f (.text:xdc_runtime_Text_putLab__E)
                  00003647    00000001     --HOLE-- [fill = 0]
                  00003648    0000005e     msp432p4xx_driverlib.lib : pcm.o (.text:PCM_getCoreVoltageLevel)
                  000036a6    00000002     --HOLE-- [fill = 0]
                  000036a8    0000005c     sysbios.aem4f : BIOS.obj (.text:ti_sysbios_knl_Swi_run__I)
                  00003704    00000004     --HOLE-- [fill = 0]
                  00003708    0000005c                   : BIOS.obj (.text:ti_sysbios_knl_Swi_schedule__I)
                  00003764    00000004     --HOLE-- [fill = 0]
                  00003768    0000005c                   : BIOS.obj (.text:ti_sysbios_knl_Task_Module_startup__E)
                  000037c4    00000004     --HOLE-- [fill = 0]
                  000037c8    0000005c                   : BIOS.obj (.text:ti_sysbios_knl_Task_startCore__E)
                  00003824    0000005a     msp432p4xx_driverlib.lib : pcm.o (.text:PCM_getPowerMode)
                  0000387e    00000002     --HOLE-- [fill = 0]
                  00003880    00000058     rtsv7M4_T_le_v4SPD16_eabi.lib : hostwrite.c.obj (.text:HOSTwrite)
                  000038d8    00000058     boot.aem4f : boot.oem4f (.text)
                  00003930    00000058     sysbios.aem4f : m3_Hwi_asm_switch.obj (.text:ti_sysbios_family_arm_m3_Hwi_initStacks__E)
                  00003988    00000058                   : BIOS.obj (.text:ti_sysbios_heaps_HeapMem_alloc__E)
                  000039e0    00000054     msp432p4xx_driverlib.lib : pcm.o (.text:PCM_shutdownDevice)
                  00003a34    00000054     hello_pem4f.oem4f (.text:ti_sysbios_family_arm_m3_Hwi_create)
                  00003a88    00000054     sysbios.aem4f : BIOS.obj (.text:ti_sysbios_family_arm_msp432_Timer_initDevice__I)
                  00003adc    00000004     --HOLE-- [fill = 0]
                  00003ae0    00000050                   : BIOS.obj (.text:ti_sysbios_family_arm_m3_Hwi_Module_startup__E)
                  00003b30    00000050     ti.targets.arm.rtsarm.aem4f : Startup.oem4f (.text:xdc_runtime_Startup_exec__E)
                  00003b80    00000050                                 : Text.oem4f (.text:xdc_runtime_Text_visitRope2__I)
                  00003bd0    0000004c     dpl_msp432p401x.aem4f : PowerMSP432_tirtos.oem4f (.text:PowerMSP432_sleepPolicy)
                  00003c1c    0000004c     rtsv7M4_T_le_v4SPD16_eabi.lib : cpy_tbl.c.obj (.text:copy_in)
                  00003c68    0000004c     sysbios.aem4f : BIOS.obj (.text:ti_sysbios_family_arm_msp432_Timer_start__E)
                  00003cb4    00000004     --HOLE-- [fill = 0]
                  00003cb8    0000004c                   : BIOS.obj (.text:ti_sysbios_heaps_HeapMem_getStats__E)
                  00003d04    00000004     --HOLE-- [fill = 0]
                  00003d08    0000004c                   : BIOS.obj (.text:ti_sysbios_knl_Swi_runLoop__I)
                  00003d54    00000004     --HOLE-- [fill = 0]
                  00003d58    0000004c                   : BIOS.obj (.text:ti_sysbios_knl_Task_allBlockedFunction__I)
                  00003da4    0000004c     hello_pem4f.oem4f (.text:ti_sysbios_knl_Task_construct)
                  00003df0    0000004c     ti.targets.arm.rtsarm.aem4f : Assert.oem4f (.text:xdc_runtime_Assert_raise__I)
                  00003e3c    00000048     rtsv7M4_T_le_v4SPD16_eabi.lib : hosttime.c.obj (.text:HOSTtime)
                  00003e84    00000048     hello.obj (.text:task2)
                  00003ecc    00000048     hello.obj (.text:task3)
                  00003f14    00000004     --HOLE-- [fill = 0]
                  00003f18    00000048     sysbios.aem4f : BIOS.obj (.text:ti_sysbios_family_arm_m3_Hwi_disableInterrupt__E)
                  00003f60    00000048                   : BIOS.obj (.text:ti_sysbios_family_arm_m3_Hwi_enableInterrupt__E)
                  00003fa8    00000048                   : BIOS.obj (.text:ti_sysbios_family_arm_m3_Hwi_excReserved__I)
                  00003ff0    00000048     ti.targets.arm.rtsarm.aem4f : Core-params.oem4f (.text:xdc_runtime_Core_assignParams__I)
                  00004038    00000044     sysbios.aem4f : BIOS.obj (.text:ti_sysbios_family_arm_m3_Hwi_getStackInfo__E)
                  0000407c    00000004     --HOLE-- [fill = 0]
                  00004080    00000044                   : BIOS.obj (.text:ti_sysbios_knl_Swi_post__E)
                  000040c4    00000044     ti.targets.arm.rtsarm.aem4f : Error.oem4f (.text:xdc_runtime_Error_setX__E)
                  00004108    00000044                                 : SysMin.oem4f (.text:xdc_runtime_SysMin_flush__E)
                  0000414c    00000044                                 : Text.oem4f (.text:xdc_runtime_Text_xprintf__I)
                  00004190    00000040     dpl_msp432p401x.aem4f : HwiP_tirtos.oem4f (.text:HwiP_create)
                  000041d0    00000040     rtsv7M4_T_le_v4SPD16_eabi.lib : u_divt2.asm.obj (.text)
                  00004210    00000040     sysbios.aem4f : BIOS.obj (.text:ti_sysbios_family_arm_msp432_Timer_Module_startup__E)
                  00004250    00000040                   : BIOS.obj (.text:ti_sysbios_family_arm_msp432_Timer_startup__E)
                  00004290    00000040                   : BIOS.obj (.text:ti_sysbios_heaps_HeapMem_Instance_init__E)
                  000042d0    0000003c                   : BIOS.obj (.text:ti_sysbios_family_arm_m3_Hwi_Instance_finalize__E)
                  0000430c    00000004     --HOLE-- [fill = 0]
                  00004310    0000003c                   : BIOS.obj (.text:ti_sysbios_family_arm_m3_Hwi_excSvCall__I)
                  0000434c    00000004     --HOLE-- [fill = 0]
                  00004350    0000003c                   : BIOS.obj (.text:ti_sysbios_knl_Swi_restore__E)
                  0000438c    00000038     rtsv7M4_T_le_v4SPD16_eabi.lib : trgmsg.c.obj (.text:__TI_writemsg)
                  000043c4    00000038     drivers_msp432p401x.aem4f : PowerMSP432.oem4f (.text:notify)
                  000043fc    00000004     --HOLE-- [fill = 0]
                  00004400    00000038     sysbios.aem4f : BIOS.obj (.text:ti_sysbios_family_arm_m3_Hwi_excNoIsr__I)
                  00004438    00000038     ti.targets.arm.rtsarm.aem4f : System.oem4f (.text:xdc_runtime_System_atexit__E)
                  00004470    00000034     rtsv7M4_T_le_v4SPD16_eabi.lib : trgmsg.c.obj (.text:__TI_readmsg)
                  000044a4    00000034                                   : rand.c.obj (.text:rand)
                  000044d8    00000034     hello.obj (.text:task1)
                  0000450c    00000004     --HOLE-- [fill = 0]
                  00004510    00000034     sysbios.aem4f : BIOS.obj (.text:ti_sysbios_family_arm_m3_Hwi_excNmi__I)
                  00004544    00000004     --HOLE-- [fill = 0]
                  00004548    00000034                   : BIOS.obj (.text:ti_sysbios_family_arm_msp432_init_Boot_configureClocksHigh)
                  0000457c    00000004     --HOLE-- [fill = 0]
                  00004580    00000034                   : BIOS.obj (.text:ti_sysbios_hal_Hwi_checkStack)
                  000045b4    00000034     ti.targets.arm.rtsarm.aem4f : SysMin.oem4f (.text:xdc_runtime_SysMin_abort__E)
                  000045e8    00000034                                 : SysMin.oem4f (.text:xdc_runtime_SysMin_putch__E)
                  0000461c    00000004     --HOLE-- [fill = 0]
                  00004620    00000032     sysbios.aem4f : BIOS.obj (.text:ti_sysbios_hal_Hwi_initStack)
                  00004652    00000002     --HOLE-- [fill = 0]
                  00004654    00000030     hello_pem4f.oem4f (.text:ti_sysbios_BIOS_atExitFunc__I)
                  00004684    00000030     hello_pem4f.oem4f (.text:ti_sysbios_BIOS_startFunc__I)
                  000046b4    00000004     --HOLE-- [fill = 0]
                  000046b8    00000030     sysbios.aem4f : BIOS.obj (.text:ti_sysbios_family_arm_m3_TaskSupport_start__E)
                  000046e8    00000030                   : BIOS.obj (.text:ti_sysbios_family_arm_msp432_Timer_setPeriod__E)
                  00004718    00000030     hello_pem4f.oem4f (.text:ti_sysbios_gates_GateHwi_Object__create__S)
                  00004748    00000030     hello_pem4f.oem4f (.text:ti_sysbios_gates_GateMutex_Object__create__S)
                  00004778    00000030     sysbios.aem4f : BIOS.obj (.text:ti_sysbios_gates_GateMutex_enter__E)
                  000047a8    00000030     hello_pem4f.oem4f (.text:ti_sysbios_heaps_HeapMem_Object__create__S)
                  000047d8    00000030     hello_pem4f.oem4f (.text:ti_sysbios_knl_Semaphore_construct)
                  00004808    00000030     sysbios.aem4f : BIOS.obj (.text:ti_sysbios_knl_Semaphore_pendTimeout__I)
                  00004838    00000030                   : BIOS.obj (.text:ti_sysbios_knl_Task_processVitalTaskFlag__I)
                  00004868    00000030                   : BIOS.obj (.text:ti_sysbios_knl_Task_restore__E)
                  00004898    00000030                   : BIOS.obj (.text:ti_sysbios_knl_Task_unblockI__E)
                  000048c8    00000030     hello_pem4f.oem4f (.text:xdc_runtime_Error_policyLog__I)
                  000048f8    00000030     ti.targets.arm.rtsarm.aem4f : System.oem4f (.text:xdc_runtime_System_processAtExit__E)
                  00004928    0000002f                                 : Text.oem4f (.text:xdc_runtime_Text_printVisFxn__I)
                  00004957    00000001     --HOLE-- [fill = 0]
                  00004958    0000002c     dpl_msp432p401x.aem4f : PowerMSP432_tirtos.oem4f (.text:PowerMSP432_updateFreqs)
                  00004984    0000002c     msp432p4xx_driverlib.lib : rtc_c.o (.text:RTC_C_holdClock)
                  000049b0    0000002c     hello_pem4f.oem4f (.text:ti_sysbios_family_arm_m3_Hwi_Handle__label__S)
                  000049dc    0000002c     hello_pem4f.oem4f (.text:ti_sysbios_gates_GateHwi_Handle__label__S)
                  00004a08    0000002c     hello_pem4f.oem4f (.text:ti_sysbios_gates_GateMutex_Handle__label__S)
                  00004a34    0000002c     hello_pem4f.oem4f (.text:ti_sysbios_heaps_HeapMem_Handle__label__S)
                  00004a60    0000002c     hello_pem4f.oem4f (.text:ti_sysbios_knl_Clock_doTick__I)
                  00004a8c    0000002c     hello_pem4f.oem4f (.text:ti_sysbios_knl_Queue_construct)
                  00004ab8    0000002c     hello_pem4f.oem4f (.text:ti_sysbios_knl_Swi_Handle__label__S)
                  00004ae4    0000002c     hello_pem4f.oem4f (.text:ti_sysbios_knl_Task_Handle__label__S)
                  00004b10    0000002c     ti.targets.arm.rtsarm.aem4f : System.oem4f (.text:xdc_runtime_System_putchar__I)
                  00004b3c    00000028     msp432p4xx_driverlib.lib : pcm.o (.text:PCM_gotoLPM0)
                  00004b64    00000028     drivers_msp432p401x.aem4f : PowerMSP432.oem4f (.text:disableFaultCounter)
                  00004b8c    00000028                               : PowerMSP432.oem4f (.text:disableHFXT)
                  00004bb4    00000028     sysbios.aem4f : m3_Hwi_asm.obj (.text:ti_sysbios_family_arm_m3_Hwi_excHandlerAsm__I)
                  00004bdc    00000004     --HOLE-- [fill = 0]
                  00004be0    00000028                   : BIOS.obj (.text:ti_sysbios_knl_Clock_addI__E)
                  00004c08    00000028                   : BIOS.obj (.text:ti_sysbios_knl_Swi_Module_startup__E)
                  00004c30    00000028     ti.targets.arm.rtsarm.aem4f : System.oem4f (.text:xdc_runtime_System_avprintf__E)
                  00004c58    00000026     sysbios.aem4f : m3_Hwi_asm.obj (.text:ti_sysbios_family_arm_m3_Hwi_pendSV__I)
                  00004c7e    00000026     ti.targets.arm.rtsarm.aem4f : System.oem4f (.text:xdc_runtime_System_vprintf__E)
                  00004ca4    00000024     msp432p4xx_driverlib.lib : wdt_a.o (.text:WDT_A_holdTimer)
                  00004cc8    00000024     rtsv7M4_T_le_v4SPD16_eabi.lib : rand.c.obj (.text:srand)
                  00004cec    00000024     hello_pem4f.oem4f (.text:ti_sysbios_BIOS_errorRaiseHook__I)
                  00004d10    00000024     hello_pem4f.oem4f (.text:ti_sysbios_BIOS_registerRTSLock__I)
                  00004d34    00000024     hello_pem4f.oem4f (.text:ti_sysbios_BIOS_removeRTSLock__I)
                  00004d58    00000024     sysbios.aem4f : BIOS.obj (.text:ti_sysbios_family_arm_msp432_ClockFreqs_setFrequency__E)
                  00004d7c    00000004     --HOLE-- [fill = 0]
                  00004d80    00000024                   : BIOS.obj (.text:ti_sysbios_family_arm_msp432_Timer_postInit__I)
                  00004da4    00000024     hello_pem4f.oem4f (.text:ti_sysbios_gates_GateMutex_Object__delete__S)
                  00004dc8    00000024     sysbios.aem4f : BIOS.obj (.text:ti_sysbios_knl_Clock_Module_startup__E)
                  00004dec    00000004     --HOLE-- [fill = 0]
                  00004df0    00000024                   : BIOS.obj (.text:ti_sysbios_knl_Semaphore_Instance_init__E)
                  00004e14    00000004     --HOLE-- [fill = 0]
                  00004e18    00000024                   : BIOS.obj (.text:ti_sysbios_knl_Task_restoreHwi__E)
                  00004e3c    00000022     hello_pem4f.oem4f (.text:xdc_runtime_SysMin_output__I)
                  00004e5e    00000002     --HOLE-- [fill = 0]
                  00004e60    00000020     msp432p4xx_driverlib.lib : cs.o (.text:CS_setExternalClockSourceFrequency)
                  00004e80    00000020     hello_pem4f.oem4f (.text:ti_sysbios_BIOS_rtsLock__I)
                  00004ea0    00000020     hello_pem4f.oem4f (.text:ti_sysbios_gates_GateHwi_Object__delete__S)
                  00004ec0    00000020     hello_pem4f.oem4f (.text:ti_sysbios_heaps_HeapMem_Object__delete__S)
                  00004ee0    00000020     sysbios.aem4f : BIOS.obj (.text:ti_sysbios_knl_Idle_run__E)
                  00004f00    00000020     hello_pem4f.oem4f (.text:ti_sysbios_knl_Semaphore_destruct)
                  00004f20    00000020     ti.targets.arm.rtsarm.aem4f : SysMin.oem4f (.text:xdc_runtime_SysMin_Module_startup__E)
                  00004f40    0000001e     sysbios.aem4f : m3_Hwi_asm_switch.obj (.text:ti_sysbios_family_xxx_Hwi_switchAndRunFunc)
                  00004f5e    00000002     --HOLE-- [fill = 0]
                  00004f60    0000001c                   : BIOS.obj (.text:ti_sysbios_family_arm_m3_Hwi_excHandler__I)
                  00004f7c    00000004     --HOLE-- [fill = 0]
                  00004f80    0000001c                   : BIOS.obj (.text:ti_sysbios_gates_GateMutex_Instance_init__E)
                  00004f9c    0000001c     hello_pem4f.oem4f (.text:ti_sysbios_knl_Queue_destruct)
                  00004fb8    0000001c     sysbios.aem4f : BIOS.obj (.text:ti_sysbios_knl_Queue_put__E)
                  00004fd4    00000004     --HOLE-- [fill = 0]
                  00004fd8    0000001c                   : BIOS.obj (.text:ti_sysbios_knl_Task_enter__I)
                  00004ff4    0000001c     ti.targets.arm.rtsarm.aem4f : Error.oem4f (.text:xdc_runtime_Error_check__E)
                  00005010    0000001c                                 : Error.oem4f (.text:xdc_runtime_Error_raiseX__E)
                  0000502c    0000001c                                 : Memory.oem4f (.text:xdc_runtime_Memory_valloc__E)
                  00005048    0000001c                                 : Registry.oem4f (.text:xdc_runtime_Registry_findById__E)
                  00005064    0000001c                                 : SysMin.oem4f (.text:xdc_runtime_SysMin_exit__E)
                  00005080    0000001c                                 : System.oem4f (.text:xdc_runtime_System_abort__E)
                  0000509c    0000001c                                 : Text.oem4f (.text:xdc_runtime_Text_ropeText__E)
                  000050b8    0000001a     hello_pem4f.oem4f (.text:xdc_runtime_System_aprintf__E)
                  000050d2    0000001a     hello_pem4f.oem4f (.text:xdc_runtime_System_printf__E)
                  000050ec    00000018     hello_pem4f.oem4f (.text:.bootCodeSection:ti_sysbios_family_arm_msp432_init_Boot_init__I)
                  00005104    00000018     msp432p4xx_driverlib.lib : sysctl_a.o (.text:SysCtl_A_disableNMISource)
                  0000511c    00000018                              : sysctl_a.o (.text:SysCtl_A_enableNMISource)
                  00005134    00000018     rtsv7M4_T_le_v4SPD16_eabi.lib : args_main.c.obj (.text:_args_main)
                  0000514c    00000018     hello_pem4f.oem4f (.text:ti_sysbios_BIOS_rtsUnlock__I)
                  00005164    00000018     hello_pem4f.oem4f (.text:ti_sysbios_family_arm_m3_Hwi_Module__startupDone__F)
                  0000517c    00000018     sysbios.aem4f : m3_TaskSupport_asm.obj (.text:ti_sysbios_family_arm_m3_TaskSupport_swap__E)
                  00005194    00000018     hello_pem4f.oem4f (.text:ti_sysbios_family_arm_msp432_Timer_Module__startupDone__F)
                  000051ac    00000004     --HOLE-- [fill = 0]
                  000051b0    00000018     sysbios.aem4f : BIOS.obj (.text:ti_sysbios_gates_GateMutex_leave__E)
                  000051c8    00000018                   : BIOS.obj (.text:ti_sysbios_knl_Task_sleepTimeout__I)
                  000051e0    00000018     ti.targets.arm.rtsarm.aem4f : Error.oem4f (.text:xdc_runtime_Error_init__E)
                  000051f8    00000018                                 : System.oem4f (.text:xdc_runtime_System_exit__E)
                  00005210    00000016     hello_pem4f.oem4f (.text:ti_sysbios_BIOS_exitFunc__I)
                  00005226    00000016     hello.obj (.text:ti_sysbios_knl_Semaphore_Params_init)
                  0000523c    00000016     hello.obj (.text:ti_sysbios_knl_Task_Params_init)
                  00005252    00000006     --HOLE-- [fill = 0]
                  00005258    00000016     sysbios.aem4f : BIOS.obj (.text:ti_sysbios_knl_Task_unblock__E)
                  0000526e    00000002     --HOLE-- [fill = 0]
                  00005270    00000014     msp432p4xx_driverlib.lib : pcm.o (.text:PCM_getPowerState)
                  00005284    00000014     drivers_msp432p401x.aem4f : PowerMSP432.oem4f (.text:Power_idleFunc)
                  00005298    00000014     rtsv7M4_T_le_v4SPD16_eabi.lib : strlen.c.obj (.text:strlen)
                  000052ac    00000014     hello_pem4f.oem4f (.text:ti_sysbios_family_arm_m3_Hwi_Object__get__S)
                  000052c0    00000014     sysbios.aem4f : BIOS.obj (.text:ti_sysbios_family_arm_m3_Hwi_switchFromBootStack__E)
                  000052d4    00000014     hello_pem4f.oem4f (.text:ti_sysbios_heaps_HeapMem_Object__get__S)
                  000052e8    00000014     hello_pem4f.oem4f (.text:ti_sysbios_knl_Swi_Object__get__S)
                  000052fc    00000004     --HOLE-- [fill = 0]
                  00005300    00000012     sysbios.aem4f : BIOS.obj (.text:ti_sysbios_hal_Hwi_Module_startup__E)
                  00005312    00000012     hello_pem4f.oem4f (.text:xdc_runtime_Startup_exec__I)
                  00005324    00000010     dpl_msp432p401x.aem4f : HwiP_tirtos.oem4f (.text:HwiP_Params_init)
                  00005334    00000010     msp432p4xx_driverlib.lib : pcm.o (.text:PCM_gotoLPM4)
                  00005344    00000010                              : pcm.o (.text:PCM_setPowerMode)
                  00005354    00000010                              : pcm.o (.text:PCM_setPowerState)
                  00005364    00000010                              : sysctl_a.o (.text:SysCtl_A_getNMISourceStatus)
                  00005374    00000010                              : sysctl.o (.text:SysCtl_getNMISourceStatus)
                  00005384    00000004     --HOLE-- [fill = 0]
                  00005388    00000010     sysbios.aem4f : BIOS.obj (.text:ti_sysbios_BIOS_exit__E)
                  00005398    00000010                   : BIOS.obj (.text:ti_sysbios_BIOS_setCpuFreq__E)
                  000053a8    00000010                   : BIOS.obj (.text:ti_sysbios_BIOS_setThreadType__E)
                  000053b8    00000010                   : BIOS.obj (.text:ti_sysbios_BIOS_start__E)
                  000053c8    00000010                   : m3_TaskSupport_asm.obj (.text:ti_sysbios_family_arm_m3_TaskSupport_glue)
                  000053d8    00000010                   : BIOS.obj (.text:ti_sysbios_family_arm_msp432_init_Boot_disableWatchdog)
                  000053e8    00000010                   : BIOS.obj (.text:ti_sysbios_gates_GateMutex_Instance_finalize__E)
                  000053f8    00000010                   : BIOS.obj (.text:ti_sysbios_knl_Semaphore_Instance_finalize__E)
                  00005408    00000010                   : BIOS.obj (.text:ti_sysbios_knl_Swi_disable__E)
                  00005418    00000010     hello_pem4f.oem4f (.text:ti_sysbios_knl_Task_Object__get__S)
                  00005428    00000010     sysbios.aem4f : BIOS.obj (.text:ti_sysbios_knl_Task_disable__E)
                  00005438    00000010     ti.targets.arm.rtsarm.aem4f : Gate.oem4f (.text:xdc_runtime_Gate_leaveSystem__E)
                  00005448    00000010                                 : Memory.oem4f (.text:xdc_runtime_Memory_free__E)
                  00005458    00000010                                 : SysMin.oem4f (.text:xdc_runtime_SysMin_ready__E)
                  00005468    00000010                                 : System.oem4f (.text:xdc_runtime_System_vsnprintf__E)
                  00005478    00000010     hello_pem4f.oem4f (.text:xdc_runtime_Text_visitRope__I)
                  00005488    0000000e     rtsv7M4_T_le_v4SPD16_eabi.lib : time.c.obj (.text:__time32)
                  00005496    0000000e                                   : copy_decompress_none.c.obj (.text:decompress:none:__TI_decompress_none)
                  000054a4    00000004     --HOLE-- [fill = 0]
                  000054a8    0000000e     sysbios.aem4f : BIOS.obj (.text:ti_sysbios_knl_Idle_loop__E)
                  000054b6    00000002     --HOLE-- [fill = 0]
                  000054b8    0000000e                   : BIOS.obj (.text:ti_sysbios_knl_Queue_empty__E)
                  000054c6    0000000c     ti_drivers_config.obj (.text:Board_init)
                  000054d2    0000000c     msp432p4xx_driverlib.lib : cpu.o (.text:CPU_cpsid)
                  000054de    0000000c                              : cpu.o (.text:CPU_cpsie)
                  000054ea    00000002     --HOLE-- [fill = 0]
                  000054ec    0000000c     drivers_msp432p401x.aem4f : PowerMSP432.oem4f (.text:Power_getConstraintMask)
                  000054f8    0000000c     rtsv7M4_T_le_v4SPD16_eabi.lib : _lock.c.obj (.text:_register_lock)
                  00005504    0000000c                                   : _lock.c.obj (.text:_register_unlock)
                  00005510    0000000c                                   : copy_zero_init.c.obj (.text:decompress:ZI:__TI_zero_init)
                  0000551c    0000000c     hello_pem4f.oem4f (.text:ti_sysbios_family_arm_m3_Hwi_Params__init__S)
                  00005528    0000000c     sysbios.aem4f : BIOS.obj (.text:ti_sysbios_family_arm_m3_TaskSupport_checkStack__E)
                  00005534    00000004     --HOLE-- [fill = 0]
                  00005538    0000000c                   : BIOS.obj (.text:ti_sysbios_family_arm_m3_TaskSupport_getStackAlignment__E)
                  00005544    00000004     --HOLE-- [fill = 0]
                  00005548    0000000c                   : BIOS.obj (.text:ti_sysbios_family_arm_msp432_Timer_getMaxTicks__E)
                  00005554    00000004     --HOLE-- [fill = 0]
                  00005558    0000000c                   : BIOS.obj (.text:ti_sysbios_gates_GateHwi_enter__E)
                  00005564    0000000c     hello_pem4f.oem4f (.text:ti_sysbios_knl_Queue_Object__get__S)
                  00005570    0000000c     hello_pem4f.oem4f (.text:ti_sysbios_knl_Semaphore_Params__init__S)
                  0000557c    0000000c     hello.obj (.text:ti_sysbios_knl_Semaphore_handle)
                  00005588    0000000c     hello_pem4f.oem4f (.text:ti_sysbios_knl_Task_Params__init__S)
                  00005594    0000000c     ti.targets.arm.rtsarm.aem4f : Gate.oem4f (.text:xdc_runtime_Gate_enterSystem__E)
                  000055a0    0000000c                                 : Memory.oem4f (.text:xdc_runtime_Memory_calloc__E)
                  000055ac    0000000c                                 : Memory.oem4f (.text:xdc_runtime_Memory_getMaxDefaultTypeAlign__E)
                  000055b8    0000000c                                 : Startup.oem4f (.text:xdc_runtime_Startup_rtsDone__E)
                  000055c4    0000000a     hello_pem4f.oem4f (.text:xdc_runtime_IHeap_alloc)
                  000055ce    0000000a     hello_pem4f.oem4f (.text:xdc_runtime_IHeap_free)
                  000055d8    00000008     sysbios.aem4f : BIOS.obj (.text:ti_sysbios_family_arm_m3_Hwi_doSwiRestore__I)
                  000055e0    00000008                   : BIOS.obj (.text:ti_sysbios_family_arm_m3_Hwi_startup__E)
                  000055e8    00000006                   : BIOS.obj (.text:ti_sysbios_family_arm_m3_Hwi_doTaskRestore__I)
                  000055ee    00000002     --HOLE-- [fill = 0]
                  000055f0    00000006                   : BIOS.obj (.text:ti_sysbios_gates_GateHwi_leave__E)
                  000055f6    00000002     --HOLE-- [fill = 0]
                  000055f8    00000006                   : BIOS.obj (.text:ti_sysbios_heaps_HeapMem_isBlocking__E)
                  000055fe    00000002     --HOLE-- [fill = 0]
                  00005600    00000006                   : BIOS.obj (.text:ti_sysbios_knl_Queue_Instance_init__E)
                  00005606    00000002     --HOLE-- [fill = 0]
                  00005608    00000006                   : BIOS.obj (.text:ti_sysbios_knl_Swi_startup__E)
                  0000560e    00000002     --HOLE-- [fill = 0]
                  00005610    00000004                   : BIOS.obj (.text:ti_sysbios_gates_GateHwi_query__E)
                  00005614    00000004     --HOLE-- [fill = 0]
                  00005618    00000004                   : BIOS.obj (.text:ti_sysbios_gates_GateMutex_query__E)
                  0000561c    00000004     --HOLE-- [fill = 0]
                  00005620    00000004                   : BIOS.obj (.text:ti_sysbios_knl_Task_startup__E)
                  00005624    00000004     --HOLE-- [fill = 0]
                  00005628    00000002                   : BIOS.obj (.text:ti_sysbios_BIOS_linkedWithIncorrectBootLibrary__E)
                  0000562a    00000006     --HOLE-- [fill = 0]
                  00005630    00000002                   : BIOS.obj (.text:ti_sysbios_gates_GateHwi_Instance_init__E)
                  00005632    00000006     --HOLE-- [fill = 0]
                  00005638    00000002                   : BIOS.obj (.text:ti_sysbios_knl_Clock_logTick__E)

.const     0    0000563c    00001d54     
                  0000563c    00001887     hello_pem4f.oem4f (.const:xdc_runtime_Text_charTab__A)
                  00006ec3    00000001     hello_pem4f.oem4f (.const:xdc_runtime_Error_policy__C)
                  00006ec4    000000b4     hello_pem4f.oem4f (.const:xdc_runtime_Text_nodeTab__A)
                  00006f78    0000003c     hello_pem4f.oem4f (.const:ti_sysbios_knl_Task_Object__PARAMS__C)
                  00006fb4    00000038     ti_drivers_config.obj (.const:PowerMSP432_config)
                  00006fec    00000030     hello_pem4f.oem4f (.const:ti_sysbios_family_arm_m3_Hwi_Object__PARAMS__C)
                  0000701c    00000028     hello_pem4f.oem4f (.const:ti_sysbios_heaps_HeapMem_Module__FXNS__C)
                  00007044    00000024     hello_pem4f.oem4f (.const:ti_sysbios_gates_GateHwi_Module__FXNS__C)
                  00007068    00000024     hello_pem4f.oem4f (.const:ti_sysbios_gates_GateMutex_Module__FXNS__C)
                  0000708c    00000024     hello_pem4f.oem4f (.const:ti_sysbios_heaps_HeapMem_Object__PARAMS__C)
                  000070b0    00000024     hello_pem4f.oem4f (.const:ti_sysbios_knl_Semaphore_Object__PARAMS__C)
                  000070d4    00000020     hello_pem4f.oem4f (.const:ti_sysbios_family_arm_m3_Hwi_Object__DESC__C)
                  000070f4    00000020     hello_pem4f.oem4f (.const:ti_sysbios_gates_GateHwi_Object__DESC__C)
                  00007114    00000020     hello_pem4f.oem4f (.const:ti_sysbios_gates_GateMutex_Object__DESC__C)
                  00007134    00000020     hello_pem4f.oem4f (.const:ti_sysbios_heaps_HeapMem_Object__DESC__C)
                  00007154    00000020     hello_pem4f.oem4f (.const:ti_sysbios_knl_Queue_Object__DESC__C)
                  00007174    00000020     hello_pem4f.oem4f (.const:ti_sysbios_knl_Semaphore_Object__DESC__C)
                  00007194    00000020     hello_pem4f.oem4f (.const:ti_sysbios_knl_Task_Object__DESC__C)
                  000071b4    00000020     hello_pem4f.oem4f (.const:xdc_runtime_Startup_sfxnTab__A)
                  000071d4    00000018     hello_pem4f.oem4f (.const:ti_sysbios_gates_GateHwi_Object__PARAMS__C)
                  000071ec    00000018     hello_pem4f.oem4f (.const:ti_sysbios_gates_GateMutex_Object__PARAMS__C)
                  00007204    00000018     hello_pem4f.oem4f (.const:ti_sysbios_knl_Queue_Object__PARAMS__C)
                  0000721c    00000010     hello_pem4f.oem4f (.const:xdc_runtime_Startup_sfxnRts__A)
                  0000722c    0000000c     hello_pem4f.oem4f (.const:xdc_runtime_Startup_firstFxns__A)
                  00007238    00000008     hello_pem4f.oem4f (.const:ti_sysbios_family_arm_m3_Hwi_excHookFuncs__A)
                  00007240    00000008     hello_pem4f.oem4f (.const:ti_sysbios_knl_Idle_funcList__A)
                  00007248    00000008     hello_pem4f.oem4f (.const:ti_sysbios_knl_Idle_funcList__C)
                  00007250    00000008     hello_pem4f.oem4f (.const:xdc_runtime_Startup_firstFxns__C)
                  00007258    00000008     hello_pem4f.oem4f (.const:xdc_runtime_Startup_lastFxns__C)
                  00007260    00000004     hello_pem4f.oem4f (.const:ti_sysbios_family_arm_m3_Hwi_E_NMI__C)
                  00007264    00000004     hello_pem4f.oem4f (.const:ti_sysbios_family_arm_m3_Hwi_E_alreadyDefined__C)
                  00007268    00000004     hello_pem4f.oem4f (.const:ti_sysbios_family_arm_m3_Hwi_E_badIntNum__C)
                  0000726c    00000004     hello_pem4f.oem4f (.const:ti_sysbios_family_arm_m3_Hwi_E_busFault__C)
                  00007270    00000004     hello_pem4f.oem4f (.const:ti_sysbios_family_arm_m3_Hwi_E_debugMon__C)
                  00007274    00000004     hello_pem4f.oem4f (.const:ti_sysbios_family_arm_m3_Hwi_E_hardFault__C)
                  00007278    00000004     hello_pem4f.oem4f (.const:ti_sysbios_family_arm_m3_Hwi_E_memFault__C)
                  0000727c    00000004     hello_pem4f.oem4f (.const:ti_sysbios_family_arm_m3_Hwi_E_noIsr__C)
                  00007280    00000004     hello_pem4f.oem4f (.const:ti_sysbios_family_arm_m3_Hwi_E_reserved__C)
                  00007284    00000004     hello_pem4f.oem4f (.const:ti_sysbios_family_arm_m3_Hwi_E_svCall__C)
                  00007288    00000004     hello_pem4f.oem4f (.const:ti_sysbios_family_arm_m3_Hwi_E_usageFault__C)
                  0000728c    00000004     hello_pem4f.oem4f (.const:ti_sysbios_family_arm_m3_Hwi_NUM_INTERRUPTS__C)
                  00007290    00000004     hello_pem4f.oem4f (.const:ti_sysbios_family_arm_m3_Hwi_Object__count__C)
                  00007294    00000004     hello_pem4f.oem4f (.const:ti_sysbios_family_arm_m3_Hwi_ccr__C)
                  00007298    00000004     hello_pem4f.oem4f (.const:ti_sysbios_family_arm_m3_Hwi_excHandlerFunc__C)
                  0000729c    00000004     hello_pem4f.oem4f (.const:ti_sysbios_family_arm_m3_Hwi_excHookFuncs__C)
                  000072a0    00000004     hello_pem4f.oem4f (.const:ti_sysbios_family_arm_m3_Hwi_nullIsrFunc__C)
                  000072a4    00000004     hello_pem4f.oem4f (.const:ti_sysbios_family_arm_m3_Hwi_priGroup__C)
                  000072a8    00000004     hello_pem4f.oem4f (.const:ti_sysbios_family_arm_m3_Hwi_swiDisable__C)
                  000072ac    00000004     hello_pem4f.oem4f (.const:ti_sysbios_family_arm_m3_Hwi_swiRestore__C)
                  000072b0    00000004     hello_pem4f.oem4f (.const:ti_sysbios_family_arm_m3_TaskSupport_stackAlignment__C)
                  000072b4    00000004     hello_pem4f.oem4f (.const:ti_sysbios_family_arm_msp432_Timer_numTimerDevices__C)
                  000072b8    00000004     hello_pem4f.oem4f (.const:ti_sysbios_family_arm_msp432_Timer_startupNeeded__C)
                  000072bc    00000004     hello_pem4f.oem4f (.const:ti_sysbios_gates_GateMutex_Instance_State_sem__O)
                  000072c0    00000004     hello_pem4f.oem4f (.const:ti_sysbios_hal_Hwi_E_stackOverflow__C)
                  000072c4    00000004     hello_pem4f.oem4f (.const:ti_sysbios_heaps_HeapMem_E_memory__C)
                  000072c8    00000004     hello_pem4f.oem4f (.const:ti_sysbios_heaps_HeapMem_Module__gateObj__C)
                  000072cc    00000004     hello_pem4f.oem4f (.const:ti_sysbios_heaps_HeapMem_Object__count__C)
                  000072d0    00000004     hello_pem4f.oem4f (.const:ti_sysbios_heaps_HeapMem_primaryHeapBaseAddr__C)
                  000072d4    00000004     hello_pem4f.oem4f (.const:ti_sysbios_heaps_HeapMem_primaryHeapEndAddr__C)
                  000072d8    00000004     hello_pem4f.oem4f (.const:ti_sysbios_heaps_HeapMem_reqAlign__C)
                  000072dc    00000004     hello_pem4f.oem4f (.const:ti_sysbios_knl_Clock_Module_State_clockQ__O)
                  000072e0    00000004     hello_pem4f.oem4f (.const:ti_sysbios_knl_Semaphore_Instance_State_pendQ__O)
                  000072e4    00000004     hello_pem4f.oem4f (.const:ti_sysbios_knl_Swi_Object__count__C)
                  000072e8    00000004     hello_pem4f.oem4f (.const:ti_sysbios_knl_Task_E_spOutOfBounds__C)
                  000072ec    00000004     hello_pem4f.oem4f (.const:ti_sysbios_knl_Task_E_stackOverflow__C)
                  000072f0    00000004     hello_pem4f.oem4f (.const:ti_sysbios_knl_Task_Module_State_inactiveQ__O)
                  000072f4    00000004     hello_pem4f.oem4f (.const:ti_sysbios_knl_Task_Object__count__C)
                  000072f8    00000004     hello_pem4f.oem4f (.const:ti_sysbios_knl_Task_allBlockedFunc__C)
                  000072fc    00000004     hello_pem4f.oem4f (.const:ti_sysbios_knl_Task_defaultStackHeap__C)
                  00007300    00000004     hello_pem4f.oem4f (.const:ti_sysbios_knl_Task_defaultStackSize__C)
                  00007304    00000004     hello_pem4f.oem4f (.const:ti_sysbios_knl_Task_numConstructedTasks__C)
                  00007308    00000004     hello_pem4f.oem4f (.const:xdc_runtime_Assert_E_assertFailed__C)
                  0000730c    00000004     hello_pem4f.oem4f (.const:xdc_runtime_Core_A_initializedParams__C)
                  00007310    00000004     hello_pem4f.oem4f (.const:xdc_runtime_Core_Module__diagsEnabled__C)
                  00007314    00000004     hello_pem4f.oem4f (.const:xdc_runtime_Core_Module__diagsIncluded__C)
                  00007318    00000004     hello_pem4f.oem4f (.const:xdc_runtime_Core_Module__diagsMask__C)
                  0000731c    00000004     hello_pem4f.oem4f (.const:xdc_runtime_Error_E_memory__C)
                  00007320    00000004     hello_pem4f.oem4f (.const:xdc_runtime_Error_policyFxn__C)
                  00007324    00000004     hello_pem4f.oem4f (.const:xdc_runtime_Error_raiseHook__C)
                  00007328    00000004     hello_pem4f.oem4f (.const:xdc_runtime_IGateProvider_Interface__BASE__C)
                  0000732c    00000004     hello_pem4f.oem4f (.const:xdc_runtime_IHeap_Interface__BASE__C)
                  00007330    00000004     hello_pem4f.oem4f (.const:xdc_runtime_IModule_Interface__BASE__C)
                  00007334    00000004     hello_pem4f.oem4f (.const:xdc_runtime_Memory_defaultHeapInstance__C)
                  00007338    00000004     hello_pem4f.oem4f (.const:xdc_runtime_Startup_execImpl__C)
                  0000733c    00000004     hello_pem4f.oem4f (.const:xdc_runtime_Startup_maxPasses__C)
                  00007340    00000004     hello_pem4f.oem4f (.const:xdc_runtime_Startup_sfxnRts__C)
                  00007344    00000004     hello_pem4f.oem4f (.const:xdc_runtime_Startup_sfxnTab__C)
                  00007348    00000004     hello_pem4f.oem4f (.const:xdc_runtime_SysMin_bufSize__C)
                  0000734c    00000004     hello_pem4f.oem4f (.const:xdc_runtime_SysMin_outputFunc__C)
                  00007350    00000004     hello_pem4f.oem4f (.const:xdc_runtime_System_Module__gateObj__C)
                  00007354    00000004     hello_pem4f.oem4f (.const:xdc_runtime_System_abortFxn__C)
                  00007358    00000004     hello_pem4f.oem4f (.const:xdc_runtime_System_exitFxn__C)
                  0000735c    00000004     hello_pem4f.oem4f (.const:xdc_runtime_System_extendFxn__C)
                  00007360    00000004     hello_pem4f.oem4f (.const:xdc_runtime_System_maxAtexitHandlers__C)
                  00007364    00000004     hello_pem4f.oem4f (.const:xdc_runtime_Text_charTab__C)
                  00007368    00000004     hello_pem4f.oem4f (.const:xdc_runtime_Text_nodeTab__C)
                  0000736c    00000004     hello_pem4f.oem4f (.const:xdc_runtime_Text_visitRopeFxn__C)
                  00007370    00000002     hello_pem4f.oem4f (.const:ti_sysbios_family_arm_m3_Hwi_Module__id__C)
                  00007372    00000002     hello_pem4f.oem4f (.const:ti_sysbios_family_arm_msp432_init_Boot_bypassHFXT__C)
                  00007374    00000002     hello_pem4f.oem4f (.const:ti_sysbios_family_arm_msp432_init_Boot_bypassLFXT__C)
                  00007376    00000002     hello_pem4f.oem4f (.const:ti_sysbios_family_arm_msp432_init_Boot_enableHFXT__C)
                  00007378    00000002     hello_pem4f.oem4f (.const:ti_sysbios_family_arm_msp432_init_Boot_enableLFXT__C)
                  0000737a    00000002     hello_pem4f.oem4f (.const:ti_sysbios_hal_Hwi_Module__id__C)
                  0000737c    00000002     hello_pem4f.oem4f (.const:ti_sysbios_heaps_HeapMem_Module__id__C)
                  0000737e    00000002     hello_pem4f.oem4f (.const:ti_sysbios_knl_Task_Module__id__C)
                  00007380    00000002     hello_pem4f.oem4f (.const:xdc_runtime_Core_Module__id__C)
                  00007382    00000002     hello_pem4f.oem4f (.const:xdc_runtime_Error_Module__loggerDefined__C)
                  00007384    00000002     hello_pem4f.oem4f (.const:xdc_runtime_Error_maxDepth__C)
                  00007386    00000002     hello_pem4f.oem4f (.const:xdc_runtime_Memory_Module__id__C)
                  00007388    00000002     hello_pem4f.oem4f (.const:xdc_runtime_SysMin_flushAtExit__C)
                  0000738a    00000002     hello_pem4f.oem4f (.const:xdc_runtime_Text_isLoaded__C)
                  0000738c    00000002     hello_pem4f.oem4f (.const:xdc_runtime_Text_registryModsLastId__C)
                  0000738e    00000002     hello_pem4f.oem4f (.const:xdc_runtime_Text_unnamedModsLastId__C)

.cinit     0    00007390    00000220     
                  00007390    000001f9     (.cinit..data.load) [load image, compression = lzss]
                  00007589    00000003     --HOLE-- [fill = 0]
                  0000758c    0000000c     (__TI_handler_table)
                  00007598    00000008     (.cinit..bss.load) [load image, compression = zero_init]
                  000075a0    00000010     (__TI_cinit_table)

.init_array 
*          0    00000000    00000000     UNINITIALIZED

.bss       0    20008140    00001f7c     UNINITIALIZED
                  20008140    00000800     (.common:task1Stack)
                  20008940    00000800     (.common:task2Stack)
                  20009140    00000800     (.common:task3Stack)
                  20009940    00000200     hello_pem4f.oem4f (.bss:taskStackSection)
                  20009b40    00000200     (.common:xdc_runtime_SysMin_Module_State_0_outbuf__A)
                  20009d40    00000140     (.common:ti_sysbios_family_arm_m3_Hwi_dispatchTable)
                  20009e80    00000120     rtsv7M4_T_le_v4SPD16_eabi.lib : trgmsg.c.obj (.bss:_CIOBUF_)
                  20009fa0    00000050     (.common:task1Struct)
                  20009ff0    00000050     (.common:task2Struct)
                  2000a040    00000050     (.common:task3Struct)
                  2000a090    0000001c     (.common:semaStruct)
                  2000a0ac    00000008     msp432p4xx_driverlib.lib : cs.o (.bss)
                  2000a0b4    00000008     (.common:parmbuf)

.data      0    2000a0bc    00000570     UNINITIALIZED
                  2000a0bc    00000140     drivers_msp432p401x.aem4f : PowerMSP432.oem4f (.data:PowerMSP432_perfLevels)
                  2000a1fc    00000080     hello_pem4f.oem4f (.data:ti_sysbios_knl_Swi_Module_State_0_readyQ__A)
                  2000a27c    00000080     hello_pem4f.oem4f (.data:ti_sysbios_knl_Task_Module_State_0_readyQ__A)
                  2000a2fc    0000004c     hello_pem4f.oem4f (.data:ti_sysbios_knl_Task_Object__table__V)
                  2000a348    00000044     hello_pem4f.oem4f (.data:ti_sysbios_family_arm_msp432_Timer_Object__table__V)
                  2000a38c    00000044     hello_pem4f.oem4f (.data:ti_sysbios_knl_Task_Module__state__V)
                  2000a3d0    00000038     hello_pem4f.oem4f (.data:ti_sysbios_gates_GateMutex_Object__table__V)
                  2000a408    00000034     hello_pem4f.oem4f (.data:ti_sysbios_family_arm_m3_Hwi_Module__state__V)
                  2000a43c    00000030     hello_pem4f.oem4f (.data:ti_sysbios_knl_Swi_Object__table__V)
                  2000a46c    0000002c     drivers_msp432p401x.aem4f : PowerMSP432.oem4f (.data:PowerMSP432_module)
                  2000a498    0000002c     hello_pem4f.oem4f (.data:ti_sysbios_knl_Clock_Module__state__V)
                  2000a4c4    00000024     hello_pem4f.oem4f (.data:ti_sysbios_BIOS_Module__state__V)
                  2000a4e8    00000020     hello_pem4f.oem4f (.data:ti_sysbios_family_arm_msp432_Timer_Module_State_0_device__A)
                  2000a508    00000020     hello_pem4f.oem4f (.data:xdc_runtime_Error_IgnoreBlock)
                  2000a528    0000001c     hello_pem4f.oem4f (.data:ti_sysbios_knl_Swi_Module__state__V)
                  2000a544    00000018     hello_pem4f.oem4f (.data:ti_sysbios_family_arm_m3_Hwi_Object__table__V)
                  2000a55c    00000018     hello_pem4f.oem4f (.data:ti_sysbios_heaps_HeapMem_Object__table__V)
                  2000a574    00000010     hello_pem4f.oem4f (.data:ti_sysbios_family_arm_msp432_Timer_Module_State_0_handles__A)
                  2000a584    0000000c     hello_pem4f.oem4f (.data:ti_sysbios_family_arm_msp432_ClockFreqs_Module__state__V)
                  2000a590    0000000c     hello_pem4f.oem4f (.data:ti_sysbios_family_arm_msp432_Timer_Module__state__V)
                  2000a59c    0000000c     hello_pem4f.oem4f (.data:xdc_runtime_SysMin_Module__state__V)
                  2000a5a8    00000008     rtsv7M4_T_le_v4SPD16_eabi.lib : _lock.c.obj (.data:$O1$$)
                  2000a5b0    00000008     hello_pem4f.oem4f (.data:ti_sysbios_family_arm_m3_Hwi_Module__root__V)
                  2000a5b8    00000008     hello_pem4f.oem4f (.data:ti_sysbios_gates_GateHwi_Module__root__V)
                  2000a5c0    00000008     hello_pem4f.oem4f (.data:ti_sysbios_gates_GateMutex_Module__root__V)
                  2000a5c8    00000008     hello_pem4f.oem4f (.data:ti_sysbios_heaps_HeapMem_Module__root__V)
                  2000a5d0    00000008     hello_pem4f.oem4f (.data:ti_sysbios_knl_Queue_Module__root__V)
                  2000a5d8    00000008     hello_pem4f.oem4f (.data:ti_sysbios_knl_Semaphore_Module__root__V)
                  2000a5e0    00000008     hello_pem4f.oem4f (.data:ti_sysbios_knl_Task_Module__root__V)
                  2000a5e8    00000008     hello_pem4f.oem4f (.data:xdc_runtime_Registry_Module__state__V)
                  2000a5f0    00000008     hello_pem4f.oem4f (.data:xdc_runtime_Startup_Module__state__V)
                  2000a5f8    00000008     hello_pem4f.oem4f (.data:xdc_runtime_System_Module_State_0_atexitHandlers__A)
                  2000a600    00000008     hello_pem4f.oem4f (.data:xdc_runtime_System_Module__state__V)
                  2000a608    00000004     hello.obj (.data)
                  2000a60c    00000004     rtsv7M4_T_le_v4SPD16_eabi.lib : rand.c.obj (.data)
                  2000a610    00000004                                   : stkdepth_vars.c.obj (.data)
                  2000a614    00000004     hello_pem4f.oem4f (.data:ti_sysbios_family_arm_m3_Hwi_Module_State_0_excContext__A)
                  2000a618    00000004     hello_pem4f.oem4f (.data:ti_sysbios_family_arm_m3_Hwi_Module_State_0_excStack__A)
                  2000a61c    00000004     hello_pem4f.oem4f (.data:ti_sysbios_gates_GateHwi_Object__table__V)
                  2000a620    00000004     hello_pem4f.oem4f (.data:ti_sysbios_knl_Task_Module_State_0_idleTask__A)
                  2000a624    00000004     hello_pem4f.oem4f (.data:xdc_runtime_Memory_Module__state__V)
                  2000a628    00000002     hello_pem4f.oem4f (.data:ti_sysbios_family_arm_m3_Hwi_Module_State_0_excActive__A)
                  2000a62a    00000002     hello_pem4f.oem4f (.data:xdc_runtime_Error_Module__state__V)

.priheap   0    20000140    00008000     UNINITIALIZED
                  20000140    00008000     --HOLE--

.stack     0    2000fc00    00000400     UNINITIALIZED
                  2000fc00    00000400     --HOLE--

.bootVecs 
*          0    00000000    00000008     DSECT
                  00000000    00000008     boot.aem4f : boot.oem4f (.bootVecs)

.resetVecs 
*          0    00000000    0000003c     
                  00000000    0000003c     hello_pem4f.oem4f (.resetVecs)

.vecs      0    20000000    00000140     NOLOAD SECTION
                  20000000    00000140     hello_pem4f.oem4f (.vecs)

xdc.meta   0    00000000    000000e3     COPY SECTION
                  00000000    000000e3     hello_pem4f.oem4f (xdc.meta)

.binit     0    00000000    00000000     

MODULE SUMMARY

       Module                       code    ro data   rw data
       ------                       ----    -------   -------
    .\
       hello.obj                    412     0         12832  
    +--+----------------------------+-------+---------+---------+
       Total:                       412     0         12832  
                                                             
    .\syscfg\
       ti_drivers_config.obj        14      56        0      
    +--+----------------------------+-------+---------+---------+
       Total:                       14      56        0      
                                                             
    C:\Users\semen\workspace_v9\Lab8_2_Semaphores\Debug\configPkg\package\cfg\
       hello_pem4f.oem4f            1826    7512      5344   
    +--+----------------------------+-------+---------+---------+
       Total:                       1826    7512      5344   
                                                             
    C:/ti/simplelink_msp432p4_sdk_3_40_00_05/kernel/tirtos/packages/ti/dpl/lib/dpl_msp432p401x.aem4f
       PowerMSP432_tirtos.oem4f     122     0         0      
       HwiP_tirtos.oem4f            80      0         0      
    +--+----------------------------+-------+---------+---------+
       Total:                       202     0         0      
                                                             
    C:/ti/simplelink_msp432p4_sdk_3_40_00_05/source/ti/devices/msp432p4xx/driverlib/ccs/msp432p4xx_driverlib.lib
       pcm.o                        1770    0         0      
       cs.o                         704     0         16     
       sysctl_a.o                   64      0         0      
       rtc_c.o                      44      0         0      
       wdt_a.o                      36      0         0      
       cpu.o                        28      0         0      
       sysctl.o                     16      0         0      
    +--+----------------------------+-------+---------+---------+
       Total:                       2662    0         16     
                                                             
    C:/ti/simplelink_msp432p4_sdk_3_40_00_05/source/ti/drivers/lib/drivers_msp432p401x.aem4f
       PowerMSP432.oem4f            1864    0         728    
    +--+----------------------------+-------+---------+---------+
       Total:                       1864    0         728    
                                                             
    C:\Users\semen\workspace_v9\Lab8_2_Semaphores\src\sysbios\sysbios.aem4f
       BIOS.obj                     9124    0         0      
       m3_Hwi_asm.obj               318     0         0      
       m3_TaskSupport_asm.obj       180     0         0      
       m3_Hwi_asm_switch.obj        118     0         0      
    +--+----------------------------+-------+---------+---------+
       Total:                       9740    0         0      
                                                             
    C:\ti\ccs930\ccs\tools\compiler\ti-cgt-arm_18.12.4.LTS\lib\rtsv7M4_T_le_v4SPD16_eabi.lib
       trgmsg.c.obj                 108     0         576    
       memcpy_t2.asm.obj            156     0         0      
       memset_t2.asm.obj            122     0         0      
       copy_decompress_lzss.c.obj   104     0         0      
       rand.c.obj                   88      0         8      
       hostwrite.c.obj              88      0         0      
       cpy_tbl.c.obj                76      0         0      
       hosttime.c.obj               72      0         0      
       u_divt2.asm.obj              64      0         0      
       _lock.c.obj                  26      0         16     
       args_main.c.obj              24      0         0      
       strlen.c.obj                 20      0         0      
       hostopen.c.obj               0       0         16     
       copy_decompress_none.c.obj   14      0         0      
       time.c.obj                   14      0         0      
       copy_zero_init.c.obj         12      0         0      
       stkdepth_vars.c.obj          0       0         8      
       exit.c.obj                   4       0         0      
       div0.asm.obj                 2       0         0      
    +--+----------------------------+-------+---------+---------+
       Total:                       994     0         624    
                                                             
    C:\ti\simplelink_msp432p4_sdk_3_40_00_05\kernel\tirtos\packages\ti\targets\arm\rtsarm\lib\auto_init.aem4f
       auto_init.oem4f              160     0         0      
    +--+----------------------------+-------+---------+---------+
       Total:                       160     0         0      
                                                             
    C:\ti\simplelink_msp432p4_sdk_3_40_00_05\kernel\tirtos\packages\ti\targets\arm\rtsarm\lib\boot.aem4f
       boot.oem4f                   88      0         0      
    +--+----------------------------+-------+---------+---------+
       Total:                       88      0         0      
                                                             
    C:\ti\simplelink_msp432p4_sdk_3_40_00_05\kernel\tirtos\packages\ti\targets\arm\rtsarm\lib\ti.targets.arm.rtsarm.aem4f
       System.oem4f                 1249    0         0      
       Text.oem4f                   596     0         0      
       Error.oem4f                  500     0         0      
       Startup.oem4f                344     0         0      
       Core-mem.oem4f               334     0         0      
       SysMin.oem4f                 248     0         0      
       Core-smem.oem4f              204     0         0      
       Memory.oem4f                 180     0         0      
       Assert.oem4f                 76      0         0      
       Core-params.oem4f            72      0         0      
       Gate.oem4f                   28      0         0      
       Registry.oem4f               28      0         0      
    +--+----------------------------+-------+---------+---------+
       Total:                       3859    0         0      
                                                             
       Stack:                       0       0         2048   
       Linker Generated:            0       541       0      
    +--+----------------------------+-------+---------+---------+
       Grand Total:                 21821   8109      21592  


LINKER GENERATED COPY TABLES

__TI_cinit_table @ 000075a0 records: 2, size/record: 8, table size: 16
	.data: load addr=00007390, load size=000001f9 bytes, run addr=2000a0bc, run size=00000570 bytes, compression=lzss
	.bss: load addr=00007598, load size=00000008 bytes, run addr=20008140, run size=00001f7c bytes, compression=zero_init


LINKER GENERATED HANDLER TABLE

__TI_handler_table @ 0000758c records: 3, size/record: 4, table size: 12
	index: 0, handler: __TI_decompress_lzss
	index: 1, handler: __TI_decompress_none
	index: 2, handler: __TI_zero_init


GLOBAL SYMBOLS: SORTED ALPHABETICALLY BY Name 

address   name                                                            
-------   ----                                                            
000054c7  Board_init                                                      
00000d33  Board_initHook                                                  
00001135  C$$EXIT                                                         
000043bb  C$$IO$$                                                         
000054d3  CPU_cpsid                                                       
000054df  CPU_cpsie                                                       
00000fbd  CPU_wfi                                                         
00004e61  CS_setExternalClockSourceFrequency                              
00001e55  CS_startHFXTWithTimeout                                         
00001f39  CS_startLFXTWithTimeout                                         
00008000  HEAPSIZE                                                        
00003e3d  HOSTtime                                                        
00003881  HOSTwrite                                                       
00005325  HwiP_Params_init                                                
00004191  HwiP_create                                                     
00003649  PCM_getCoreVoltageLevel                                         
00003825  PCM_getPowerMode                                                
00005271  PCM_getPowerState                                               
00004b3d  PCM_gotoLPM0                                                    
00002d35  PCM_gotoLPM3                                                    
00005335  PCM_gotoLPM4                                                    
00005345  PCM_setPowerMode                                                
00005355  PCM_setPowerState                                               
000039e1  PCM_shutdownDevice                                              
00006fb4  PowerMSP432_config                                              
00001a97  PowerMSP432_initPolicy                                          
2000a46c  PowerMSP432_module                                              
2000a0bc  PowerMSP432_perfLevels                                          
00003bd1  PowerMSP432_sleepPolicy                                         
00004959  PowerMSP432_updateFreqs                                         
000054ed  Power_getConstraintMask                                         
00005285  Power_idleFunc                                                  
00002a4d  Power_init                                                      
000007b1  Power_sleep                                                     
00004985  RTC_C_holdClock                                                 
UNDEFED   SHT$$INIT_ARRAY$$Base                                           
UNDEFED   SHT$$INIT_ARRAY$$Limit                                          
00005105  SysCtl_A_disableNMISource                                       
0000511d  SysCtl_A_enableNMISource                                        
00005365  SysCtl_A_getNMISourceStatus                                     
00005375  SysCtl_getNMISourceStatus                                       
4000480c  WDTCTL_SYM                                                      
00004ca5  WDT_A_holdTimer                                                 
00000000  __ASM__                                                         
20009e80  __CIOBUF_                                                       
00000064  __ISA__                                                         
00000077  __PLAT__                                                        
20010000  __STACK_END                                                     
00000400  __STACK_SIZE                                                    
0000009a  __TARG__                                                        
000075a0  __TI_CINIT_Base                                                 
000075b0  __TI_CINIT_Limit                                                
0000758c  __TI_Handler_Table_Base                                         
00007598  __TI_Handler_Table_Limit                                        
0000290d  __TI_auto_init                                                  
000033ed  __TI_decompress_lzss                                            
00005497  __TI_decompress_none                                            
ffffffff  __TI_pprof_out_hndl                                             
ffffffff  __TI_prof_data_size                                             
ffffffff  __TI_prof_data_start                                            
00004471  __TI_readmsg                                                    
00007390  __TI_static_base__                                              
0000438d  __TI_writemsg                                                   
00005511  __TI_zero_init                                                  
000000c0  __TRDR__                                                        
000030cf  __aeabi_idiv0                                                   
000030cf  __aeabi_ldiv0                                                   
00002fd1  __aeabi_memclr                                                  
00002fd1  __aeabi_memclr4                                                 
00002fd1  __aeabi_memclr8                                                 
00002ae9  __aeabi_memcpy                                                  
00002ae9  __aeabi_memcpy4                                                 
00002ae9  __aeabi_memcpy8                                                 
00002fd3  __aeabi_memset                                                  
00002fd3  __aeabi_memset4                                                 
00002fd3  __aeabi_memset8                                                 
000041d1  __aeabi_uidiv                                                   
000041d1  __aeabi_uidivmod                                                
ffffffff  __binit__                                                       
ffffffff  __c_args__                                                      
20008140  __primary_heap_end__                                            
20000140  __primary_heap_start__                                          
2000fc00  __stack                                                         
00005489  __time32                                                        
00005135  _args_main                                                      
000038d9  _c_int00                                                        
2000a5a8  _lock                                                           
0000290b  _nop                                                            
000054f9  _register_lock                                                  
00005505  _register_unlock                                                
2000a5ac  _unlock                                                         
00001135  abort                                                           
ffffffff  binit                                                           
00003c1d  copy_in                                                         
000029ad  main                                                            
2000a610  main_func_sp                                                    
00002ae9  memcpy                                                          
00002fd9  memset                                                          
2000a0b4  parmbuf                                                         
000044a5  rand                                                            
2000a090  semaStruct                                                      
2000a608  semaphoreHandle                                                 
00004cc9  srand                                                           
00005299  strlen                                                          
000044d9  task1                                                           
20008140  task1Stack                                                      
20009fa0  task1Struct                                                     
00003e85  task2                                                           
20008940  task2Stack                                                      
20009ff0  task2Struct                                                     
00003ecd  task3                                                           
20009140  task3Stack                                                      
2000a040  task3Struct                                                     
2000a4c4  ti_sysbios_BIOS_Module__state__V                                
00004a09  ti_sysbios_BIOS_RtsGateProxy_Handle__label__S                   
00002415  ti_sysbios_BIOS_RtsGateProxy_enter__E                           
000024d5  ti_sysbios_BIOS_RtsGateProxy_leave__E                           
00005619  ti_sysbios_BIOS_RtsGateProxy_query__E                           
00004655  ti_sysbios_BIOS_atExitFunc__I                                   
00004ced  ti_sysbios_BIOS_errorRaiseHook__I                               
00005211  ti_sysbios_BIOS_exitFunc__I                                     
00005389  ti_sysbios_BIOS_exit__E                                         
00005629  ti_sysbios_BIOS_linkedWithIncorrectBootLibrary__E               
0000337f  ti_sysbios_BIOS_nullFunc__I                                     
00004d11  ti_sysbios_BIOS_registerRTSLock__I                              
00004d35  ti_sysbios_BIOS_removeRTSLock__I                                
00004e81  ti_sysbios_BIOS_rtsLock__I                                      
0000514d  ti_sysbios_BIOS_rtsUnlock__I                                    
00005399  ti_sysbios_BIOS_setCpuFreq__E                                   
000053a9  ti_sysbios_BIOS_setThreadType__E                                
00004685  ti_sysbios_BIOS_startFunc__I                                    
000053b9  ti_sysbios_BIOS_start__E                                        
00007260  ti_sysbios_family_arm_m3_Hwi_E_NMI__C                           
00007264  ti_sysbios_family_arm_m3_Hwi_E_alreadyDefined__C                
00007268  ti_sysbios_family_arm_m3_Hwi_E_badIntNum__C                     
0000726c  ti_sysbios_family_arm_m3_Hwi_E_busFault__C                      
00007270  ti_sysbios_family_arm_m3_Hwi_E_debugMon__C                      
00007274  ti_sysbios_family_arm_m3_Hwi_E_hardFault__C                     
00007278  ti_sysbios_family_arm_m3_Hwi_E_memFault__C                      
0000727c  ti_sysbios_family_arm_m3_Hwi_E_noIsr__C                         
00007280  ti_sysbios_family_arm_m3_Hwi_E_reserved__C                      
00007284  ti_sysbios_family_arm_m3_Hwi_E_svCall__C                        
00007288  ti_sysbios_family_arm_m3_Hwi_E_usageFault__C                    
000049b1  ti_sysbios_family_arm_m3_Hwi_Handle__label__S                   
000042d1  ti_sysbios_family_arm_m3_Hwi_Instance_finalize__E               
00002711  ti_sysbios_family_arm_m3_Hwi_Instance_init__E                   
2000a628  ti_sysbios_family_arm_m3_Hwi_Module_State_0_excActive__A        
2000a614  ti_sysbios_family_arm_m3_Hwi_Module_State_0_excContext__A       
2000a618  ti_sysbios_family_arm_m3_Hwi_Module_State_0_excStack__A         
00007370  ti_sysbios_family_arm_m3_Hwi_Module__id__C                      
2000a5b0  ti_sysbios_family_arm_m3_Hwi_Module__root__V                    
00005165  ti_sysbios_family_arm_m3_Hwi_Module__startupDone__F             
00005165  ti_sysbios_family_arm_m3_Hwi_Module__startupDone__S             
2000a408  ti_sysbios_family_arm_m3_Hwi_Module__state__V                   
00003ae1  ti_sysbios_family_arm_m3_Hwi_Module_startup__E                  
0000728c  ti_sysbios_family_arm_m3_Hwi_NUM_INTERRUPTS__C                  
000070d4  ti_sysbios_family_arm_m3_Hwi_Object__DESC__C                    
00006fec  ti_sysbios_family_arm_m3_Hwi_Object__PARAMS__C                  
00007290  ti_sysbios_family_arm_m3_Hwi_Object__count__C                   
000052ad  ti_sysbios_family_arm_m3_Hwi_Object__get__S                     
2000a544  ti_sysbios_family_arm_m3_Hwi_Object__table__V                   
0000551d  ti_sysbios_family_arm_m3_Hwi_Params__init__S                    
00007294  ti_sysbios_family_arm_m3_Hwi_ccr__C                             
00003a35  ti_sysbios_family_arm_m3_Hwi_create                             
00003f19  ti_sysbios_family_arm_m3_Hwi_disableInterrupt__E                
000034c1  ti_sysbios_family_arm_m3_Hwi_dispatchC__I                       
20009d40  ti_sysbios_family_arm_m3_Hwi_dispatchTable                      
00001b95  ti_sysbios_family_arm_m3_Hwi_dispatch__I                        
000055d9  ti_sysbios_family_arm_m3_Hwi_doSwiRestore__I                    
000055e9  ti_sysbios_family_arm_m3_Hwi_doTaskRestore__I                   
00003f61  ti_sysbios_family_arm_m3_Hwi_enableInterrupt__E                 
00000fc1  ti_sysbios_family_arm_m3_Hwi_excBusFault__I                     
00002419  ti_sysbios_family_arm_m3_Hwi_excDebugMon__I                     
00000041  ti_sysbios_family_arm_m3_Hwi_excDumpRegs__I                     
00001781  ti_sysbios_family_arm_m3_Hwi_excFillContext__I                  
00004bb5  ti_sysbios_family_arm_m3_Hwi_excHandlerAsm__I                   
00007298  ti_sysbios_family_arm_m3_Hwi_excHandlerFunc__C                  
00001889  ti_sysbios_family_arm_m3_Hwi_excHandlerMax__I                   
00004f61  ti_sysbios_family_arm_m3_Hwi_excHandler__I                      
000024d9  ti_sysbios_family_arm_m3_Hwi_excHardFault__I                    
00007238  ti_sysbios_family_arm_m3_Hwi_excHookFuncs__A                    
0000729c  ti_sysbios_family_arm_m3_Hwi_excHookFuncs__C                    
000013f9  ti_sysbios_family_arm_m3_Hwi_excMemFault__I                     
00004511  ti_sysbios_family_arm_m3_Hwi_excNmi__I                          
00004401  ti_sysbios_family_arm_m3_Hwi_excNoIsr__I                        
00003fa9  ti_sysbios_family_arm_m3_Hwi_excReserved__I                     
00004311  ti_sysbios_family_arm_m3_Hwi_excSvCall__I                       
00001139  ti_sysbios_family_arm_m3_Hwi_excUsageFault__I                   
00004039  ti_sysbios_family_arm_m3_Hwi_getStackInfo__E                    
00002b89  ti_sysbios_family_arm_m3_Hwi_initNVIC__E                        
00003931  ti_sysbios_family_arm_m3_Hwi_initStacks__E                      
00001c69  ti_sysbios_family_arm_m3_Hwi_interruptsAreDisabledButShouldNotBe
000072a0  ti_sysbios_family_arm_m3_Hwi_nullIsrFunc__C                     
e000e000  ti_sysbios_family_arm_m3_Hwi_nvic                               
00004c59  ti_sysbios_family_arm_m3_Hwi_pendSV__I                          
00002e41  ti_sysbios_family_arm_m3_Hwi_postInit__I                        
000072a4  ti_sysbios_family_arm_m3_Hwi_priGroup__C                        
20000000  ti_sysbios_family_arm_m3_Hwi_ramVectors                         
00000000  ti_sysbios_family_arm_m3_Hwi_resetVectors                       
00004c7d  ti_sysbios_family_arm_m3_Hwi_return                             
000055e1  ti_sysbios_family_arm_m3_Hwi_startup__E                         
[...]
000052c1  ti_sysbios_hal_Hwi_HwiProxy_switchFromBootStack__E              
000052c1  ti_sysbios_hal_Hwi_switchFromBootStack__E                       
000052d5  ti_sysbios_heaps_HeapMem_Object__get__S                         
000052e9  ti_sysbios_knl_Swi_Object__get__S                               
00005301  ti_sysbios_hal_Hwi_Module_startup__E                            
00005313  xdc_runtime_Startup_exec__I                                     
00005325  HwiP_Params_init                                                
00005335  PCM_gotoLPM4                                                    
00005345  PCM_setPowerMode                                                
00005355  PCM_setPowerState                                               
00005365  SysCtl_A_getNMISourceStatus                                     
00005375  SysCtl_getNMISourceStatus                                       
00005389  ti_sysbios_BIOS_exit__E                                         
00005399  ti_sysbios_BIOS_setCpuFreq__E                                   
000053a9  ti_sysbios_BIOS_setThreadType__E                                
000053b9  ti_sysbios_BIOS_start__E                                        
000053c9  ti_sysbios_family_arm_m3_TaskSupport_glue                       
000053d9  ti_sysbios_family_arm_msp432_init_Boot_disableWatchdog          
000053e9  ti_sysbios_gates_GateMutex_Instance_finalize__E                 
000053f9  ti_sysbios_knl_Semaphore_Instance_finalize__E                   
00005409  ti_sysbios_knl_Swi_disable__E                                   
00005419  ti_sysbios_knl_Task_Object__get__S                              
00005429  ti_sysbios_knl_Task_disable__E                                  
00005439  xdc_runtime_Gate_leaveSystem__E                                 
00005449  xdc_runtime_Memory_free__E                                      
00005459  xdc_runtime_SysMin_ready__E                                     
00005459  xdc_runtime_System_SupportProxy_ready__E                        
00005469  xdc_runtime_System_vsnprintf__E                                 
00005479  xdc_runtime_Text_visitRope__I                                   
00005489  __time32                                                        
00005489  time                                                            
00005497  __TI_decompress_none                                            
000054a9  ti_sysbios_knl_Idle_loop__E                                     
000054b9  ti_sysbios_knl_Queue_empty__E                                   
000054c7  Board_init                                                      
000054d3  CPU_cpsid                                                       
000054df  CPU_cpsie                                                       
000054ed  Power_getConstraintMask                                         
000054f9  _register_lock                                                  
00005505  _register_unlock                                                
00005511  __TI_zero_init                                                  
0000551d  ti_sysbios_family_arm_m3_Hwi_Params__init__S                    
0000551d  ti_sysbios_hal_Hwi_HwiProxy_Params__init__S                     
00005529  ti_sysbios_family_arm_m3_TaskSupport_checkStack__E              
00005529  ti_sysbios_knl_Task_SupportProxy_checkStack__E                  
00005539  ti_sysbios_family_arm_m3_TaskSupport_getStackAlignment__E       
00005539  ti_sysbios_knl_Task_SupportProxy_getStackAlignment__E           
00005549  ti_sysbios_family_arm_msp432_Timer_getMaxTicks__E               
00005559  ti_sysbios_gates_GateHwi_enter__E                               
00005565  ti_sysbios_knl_Queue_Object__get__S                             
00005571  ti_sysbios_knl_Semaphore_Params__init__S                        
00005589  ti_sysbios_knl_Task_Params__init__S                             
00005595  xdc_runtime_Gate_enterSystem__E                                 
000055a1  xdc_runtime_Memory_calloc__E                                    
000055ad  xdc_runtime_Memory_getMaxDefaultTypeAlign__E                    
000055b9  xdc_runtime_Startup_rtsDone__E                                  
000055c5  xdc_runtime_Memory_HeapProxy_alloc__E                           
000055cf  xdc_runtime_Memory_HeapProxy_free__E                            
000055d9  ti_sysbios_family_arm_m3_Hwi_doSwiRestore__I                    
000055e1  ti_sysbios_family_arm_m3_Hwi_startup__E                         
000055e1  ti_sysbios_hal_Hwi_HwiProxy_startup__E                          
000055e1  ti_sysbios_hal_Hwi_startup__E                                   
000055e9  ti_sysbios_family_arm_m3_Hwi_doTaskRestore__I                   
000055f1  ti_sysbios_gates_GateHwi_leave__E                               
000055f9  ti_sysbios_heaps_HeapMem_isBlocking__E                          
00005601  ti_sysbios_knl_Queue_Instance_init__E                           
00005609  ti_sysbios_knl_Swi_startup__E                                   
00005611  ti_sysbios_gates_GateHwi_query__E                               
00005611  xdc_runtime_Main_Module_GateProxy_query__E                      
00005611  xdc_runtime_System_Module_GateProxy_query__E                    
00005619  ti_sysbios_BIOS_RtsGateProxy_query__E                           
00005619  ti_sysbios_gates_GateMutex_query__E                             
00005619  ti_sysbios_heaps_HeapMem_Module_GateProxy_query__E              
00005621  ti_sysbios_knl_Task_startup__E                                  
00005629  ti_sysbios_BIOS_linkedWithIncorrectBootLibrary__E               
00005631  ti_sysbios_gates_GateHwi_Instance_init__E                       
00005639  ti_sysbios_knl_Clock_logTick__E                                 
0000563c  xdc_runtime_Text_charTab__A                                     
00006ec3  xdc_runtime_Error_policy__C                                     
00006ec4  xdc_runtime_Text_nodeTab__A                                     
00006f78  ti_sysbios_knl_Task_Object__PARAMS__C                           
00006fb4  PowerMSP432_config                                              
00006fec  ti_sysbios_family_arm_m3_Hwi_Object__PARAMS__C                  
0000701c  ti_sysbios_heaps_HeapMem_Module__FXNS__C                        
00007044  ti_sysbios_gates_GateHwi_Module__FXNS__C                        
00007068  ti_sysbios_gates_GateMutex_Module__FXNS__C                      
0000708c  ti_sysbios_heaps_HeapMem_Object__PARAMS__C                      
000070b0  ti_sysbios_knl_Semaphore_Object__PARAMS__C                      
000070d4  ti_sysbios_family_arm_m3_Hwi_Object__DESC__C                    
000070f4  ti_sysbios_gates_GateHwi_Object__DESC__C                        
00007114  ti_sysbios_gates_GateMutex_Object__DESC__C                      
00007134  ti_sysbios_heaps_HeapMem_Object__DESC__C                        
00007154  ti_sysbios_knl_Queue_Object__DESC__C                            
00007174  ti_sysbios_knl_Semaphore_Object__DESC__C                        
00007194  ti_sysbios_knl_Task_Object__DESC__C                             
000071b4  xdc_runtime_Startup_sfxnTab__A                                  
000071d4  ti_sysbios_gates_GateHwi_Object__PARAMS__C                      
000071ec  ti_sysbios_gates_GateMutex_Object__PARAMS__C                    
00007204  ti_sysbios_knl_Queue_Object__PARAMS__C                          
0000721c  xdc_runtime_Startup_sfxnRts__A                                  
0000722c  xdc_runtime_Startup_firstFxns__A                                
00007238  ti_sysbios_family_arm_m3_Hwi_excHookFuncs__A                    
00007240  ti_sysbios_knl_Idle_funcList__A                                 
00007248  ti_sysbios_knl_Idle_funcList__C                                 
00007250  xdc_runtime_Startup_firstFxns__C                                
00007258  xdc_runtime_Startup_lastFxns__C                                 
00007260  ti_sysbios_family_arm_m3_Hwi_E_NMI__C                           
00007264  ti_sysbios_family_arm_m3_Hwi_E_alreadyDefined__C                
00007268  ti_sysbios_family_arm_m3_Hwi_E_badIntNum__C                     
0000726c  ti_sysbios_family_arm_m3_Hwi_E_busFault__C                      
00007270  ti_sysbios_family_arm_m3_Hwi_E_debugMon__C                      
00007274  ti_sysbios_family_arm_m3_Hwi_E_hardFault__C                     
00007278  ti_sysbios_family_arm_m3_Hwi_E_memFault__C                      
0000727c  ti_sysbios_family_arm_m3_Hwi_E_noIsr__C                         
00007280  ti_sysbios_family_arm_m3_Hwi_E_reserved__C                      
00007284  ti_sysbios_family_arm_m3_Hwi_E_svCall__C                        
00007288  ti_sysbios_family_arm_m3_Hwi_E_usageFault__C                    
0000728c  ti_sysbios_family_arm_m3_Hwi_NUM_INTERRUPTS__C                  
00007290  ti_sysbios_family_arm_m3_Hwi_Object__count__C                   
00007294  ti_sysbios_family_arm_m3_Hwi_ccr__C                             
00007298  ti_sysbios_family_arm_m3_Hwi_excHandlerFunc__C                  
0000729c  ti_sysbios_family_arm_m3_Hwi_excHookFuncs__C                    
000072a0  ti_sysbios_family_arm_m3_Hwi_nullIsrFunc__C                     
000072a4  ti_sysbios_family_arm_m3_Hwi_priGroup__C                        
000072a8  ti_sysbios_family_arm_m3_Hwi_swiDisable__C                      
000072ac  ti_sysbios_family_arm_m3_Hwi_swiRestore__C                      
000072b0  ti_sysbios_family_arm_m3_TaskSupport_stackAlignment__C          
000072b4  ti_sysbios_family_arm_msp432_Timer_numTimerDevices__C           
000072b8  ti_sysbios_family_arm_msp432_Timer_startupNeeded__C             
000072bc  ti_sysbios_gates_GateMutex_Instance_State_sem__O                
000072c0  ti_sysbios_hal_Hwi_E_stackOverflow__C                           
000072c4  ti_sysbios_heaps_HeapMem_E_memory__C                            
000072c8  ti_sysbios_heaps_HeapMem_Module__gateObj__C                     
000072cc  ti_sysbios_heaps_HeapMem_Object__count__C                       
000072d0  ti_sysbios_heaps_HeapMem_primaryHeapBaseAddr__C                 
000072d4  ti_sysbios_heaps_HeapMem_primaryHeapEndAddr__C                  
000072d8  ti_sysbios_heaps_HeapMem_reqAlign__C                            
000072dc  ti_sysbios_knl_Clock_Module_State_clockQ__O                     
000072e0  ti_sysbios_knl_Semaphore_Instance_State_pendQ__O                
000072e4  ti_sysbios_knl_Swi_Object__count__C                             
000072e8  ti_sysbios_knl_Task_E_spOutOfBounds__C                          
000072ec  ti_sysbios_knl_Task_E_stackOverflow__C                          
000072f0  ti_sysbios_knl_Task_Module_State_inactiveQ__O                   
000072f4  ti_sysbios_knl_Task_Object__count__C                            
000072f8  ti_sysbios_knl_Task_allBlockedFunc__C                           
000072fc  ti_sysbios_knl_Task_defaultStackHeap__C                         
00007300  ti_sysbios_knl_Task_defaultStackSize__C                         
00007304  ti_sysbios_knl_Task_numConstructedTasks__C                      
00007308  xdc_runtime_Assert_E_assertFailed__C                            
0000730c  xdc_runtime_Core_A_initializedParams__C                         
00007310  xdc_runtime_Core_Module__diagsEnabled__C                        
00007314  xdc_runtime_Core_Module__diagsIncluded__C                       
00007318  xdc_runtime_Core_Module__diagsMask__C                           
0000731c  xdc_runtime_Error_E_memory__C                                   
00007320  xdc_runtime_Error_policyFxn__C                                  
00007324  xdc_runtime_Error_raiseHook__C                                  
00007328  xdc_runtime_IGateProvider_Interface__BASE__C                    
0000732c  xdc_runtime_IHeap_Interface__BASE__C                            
00007330  xdc_runtime_IModule_Interface__BASE__C                          
00007334  xdc_runtime_Memory_defaultHeapInstance__C                       
00007338  xdc_runtime_Startup_execImpl__C                                 
0000733c  xdc_runtime_Startup_maxPasses__C                                
00007340  xdc_runtime_Startup_sfxnRts__C                                  
00007344  xdc_runtime_Startup_sfxnTab__C                                  
00007348  xdc_runtime_SysMin_bufSize__C                                   
0000734c  xdc_runtime_SysMin_outputFunc__C                                
00007350  xdc_runtime_System_Module__gateObj__C                           
00007354  xdc_runtime_System_abortFxn__C                                  
00007358  xdc_runtime_System_exitFxn__C                                   
0000735c  xdc_runtime_System_extendFxn__C                                 
00007360  xdc_runtime_System_maxAtexitHandlers__C                         
00007364  xdc_runtime_Text_charTab__C                                     
00007368  xdc_runtime_Text_nodeTab__C                                     
0000736c  xdc_runtime_Text_visitRopeFxn__C                                
00007370  ti_sysbios_family_arm_m3_Hwi_Module__id__C                      
00007372  ti_sysbios_family_arm_msp432_init_Boot_bypassHFXT__C            
00007374  ti_sysbios_family_arm_msp432_init_Boot_bypassLFXT__C            
00007376  ti_sysbios_family_arm_msp432_init_Boot_enableHFXT__C            
00007378  ti_sysbios_family_arm_msp432_init_Boot_enableLFXT__C            
0000737a  ti_sysbios_hal_Hwi_Module__id__C                                
0000737c  ti_sysbios_heaps_HeapMem_Module__id__C                          
0000737e  ti_sysbios_knl_Task_Module__id__C                               
00007380  xdc_runtime_Core_Module__id__C                                  
00007382  xdc_runtime_Error_Module__loggerDefined__C                      
00007384  xdc_runtime_Error_maxDepth__C                                   
00007386  xdc_runtime_Memory_Module__id__C                                
00007388  xdc_runtime_SysMin_flushAtExit__C                               
0000738a  xdc_runtime_Text_isLoaded__C                                    
0000738c  xdc_runtime_Text_registryModsLastId__C                          
0000738e  xdc_runtime_Text_unnamedModsLastId__C                           
00007390  __TI_static_base__                                              
0000758c  __TI_Handler_Table_Base                                         
00007598  __TI_Handler_Table_Limit                                        
000075a0  __TI_CINIT_Base                                                 
000075b0  __TI_CINIT_Limit                                                
00008000  HEAPSIZE                                                        
20000000  ti_sysbios_family_arm_m3_Hwi_ramVectors                         
20000140  __primary_heap_start__                                          
20008140  __primary_heap_end__                                            
20008140  task1Stack                                                      
20008940  task2Stack                                                      
20009140  task3Stack                                                      
20009940  ti_sysbios_knl_Task_Instance_State_0_stack__A                   
20009b40  xdc_runtime_SysMin_Module_State_0_outbuf__A                     
20009d40  ti_sysbios_family_arm_m3_Hwi_dispatchTable                      
20009e80  __CIOBUF_                                                       
20009fa0  task1Struct                                                     
20009ff0  task2Struct                                                     
2000a040  task3Struct                                                     
2000a090  semaStruct                                                      
2000a0b4  parmbuf                                                         
2000a0bc  PowerMSP432_perfLevels                                          
2000a1fc  ti_sysbios_knl_Swi_Module_State_0_readyQ__A                     
2000a27c  ti_sysbios_knl_Task_Module_State_0_readyQ__A                    
2000a2fc  ti_sysbios_knl_Task_Object__table__V                            
2000a348  ti_sysbios_family_arm_msp432_Timer_Object__table__V             
2000a38c  ti_sysbios_knl_Task_Module__state__V                            
2000a3d0  ti_sysbios_gates_GateMutex_Object__table__V                     
2000a408  ti_sysbios_family_arm_m3_Hwi_Module__state__V                   
2000a43c  ti_sysbios_knl_Swi_Object__table__V                             
2000a46c  PowerMSP432_module                                              
2000a498  ti_sysbios_knl_Clock_Module__state__V                           
2000a4c4  ti_sysbios_BIOS_Module__state__V                                
2000a4e8  ti_sysbios_family_arm_msp432_Timer_Module_State_0_device__A     
2000a508  xdc_runtime_Error_IgnoreBlock                                   
2000a528  ti_sysbios_knl_Swi_Module__state__V                             
2000a544  ti_sysbios_family_arm_m3_Hwi_Object__table__V                   
2000a55c  ti_sysbios_heaps_HeapMem_Object__table__V                       
2000a574  ti_sysbios_family_arm_msp432_Timer_Module_State_0_handles__A    
2000a584  ti_sysbios_family_arm_msp432_ClockFreqs_Module__state__V        
2000a590  ti_sysbios_family_arm_msp432_Timer_Module__state__V             
2000a59c  xdc_runtime_SysMin_Module__state__V                             
2000a5a8  _lock                                                           
2000a5ac  _unlock                                                         
2000a5b0  ti_sysbios_family_arm_m3_Hwi_Module__root__V                    
2000a5b8  ti_sysbios_gates_GateHwi_Module__root__V                        
2000a5c0  ti_sysbios_gates_GateMutex_Module__root__V                      
2000a5c8  ti_sysbios_heaps_HeapMem_Module__root__V                        
2000a5d0  ti_sysbios_knl_Queue_Module__root__V                            
2000a5d8  ti_sysbios_knl_Semaphore_Module__root__V                        
2000a5e0  ti_sysbios_knl_Task_Module__root__V                             
2000a5e8  xdc_runtime_Registry_Module__state__V                           
2000a5f0  xdc_runtime_Startup_Module__state__V                            
2000a5f8  xdc_runtime_System_Module_State_0_atexitHandlers__A             
2000a600  xdc_runtime_System_Module__state__V                             
2000a608  semaphoreHandle                                                 
2000a610  main_func_sp                                                    
2000a614  ti_sysbios_family_arm_m3_Hwi_Module_State_0_excContext__A       
2000a618  ti_sysbios_family_arm_m3_Hwi_Module_State_0_excStack__A         
2000a61c  ti_sysbios_gates_GateHwi_Object__table__V                       
2000a620  ti_sysbios_knl_Task_Module_State_0_idleTask__A                  
2000a624  xdc_runtime_Memory_Module__state__V                             
2000a628  ti_sysbios_family_arm_m3_Hwi_Module_State_0_excActive__A        
2000a62a  xdc_runtime_Error_Module__state__V                              
2000fc00  __stack                                                         
20010000  __STACK_END                                                     
4000480c  WDTCTL_SYM                                                      
e000e000  ti_sysbios_family_arm_m3_Hwi_nvic                               
ffffffff  __TI_pprof_out_hndl                                             
ffffffff  __TI_prof_data_size                                             
ffffffff  __TI_prof_data_start                                            
ffffffff  __binit__                                                       
ffffffff  __c_args__                                                      
ffffffff  binit                                                           
UNDEFED   SHT$$INIT_ARRAY$$Base                                           
UNDEFED   SHT$$INIT_ARRAY$$Limit                                          

[536 symbols]
