******************************************************************************
                  TI ARM Linker PC v18.12.4                    
******************************************************************************
>> Linked Mon Feb 17 17:58:00 2020

OUTPUT FILE NAME:   <gpio_toggle_output_MSP_EXP432P401R_nortos_ccs.out>
ENTRY POINT SYMBOL: "_c_int00_noargs"  address: 00002d79


MEMORY CONFIGURATION

         name            origin    length      used     unused   attr    fill
----------------------  --------  ---------  --------  --------  ----  --------
  MAIN                  00000000   00040000  000031e9  0003ce17  R  X
  INFO                  00200000   00004000  00000000  00004000  R  X
  SRAM_CODE             01000000   00010000  00000db8  0000f248  RW X
  SRAM_DATA             20000000   00010000  00000db8  0000f248  RW  


SEGMENT ALLOCATION MAP

run origin  load origin   length   init length attrs members
----------  ----------- ---------- ----------- ----- -------
00000000    00000000    000031f0   000031f0    r-x
  00000000    00000000    000000e4   000000e4    r-- .intvecs
  000000e4    000000e4    00002f74   00002f74    r-x .text
  00003058    00003058    00000101   00000101    r-- .const
  00003160    00003160    00000090   00000090    r-- .cinit
20000000    20000000    00000bb8   00000000    rw-
  20000000    20000000    00000800   00000000    rw- .sysmem
  20000800    20000800    000001e8   00000000    rw- .data
  200009e8    200009e8    000001d0   00000000    rw- .bss
2000fe00    2000fe00    00000200   00000000    rw-
  2000fe00    2000fe00    00000200   00000000    rw- .stack


SECTION ALLOCATION MAP

 output                                  attributes/
section   page    origin      length       input sections
--------  ----  ----------  ----------   ----------------
.intvecs   0    00000000    000000e4     
                  00000000    000000e4     startup_msp432p401r_ccs.obj (.intvecs:retain)

.text      0    000000e4    00002f74     
                  000000e4    00000a4e     rtsv7M4_T_le_v4SPD16_eabi.lib : _printfi.c.obj (.text:__TI_printfi)
                  00000b32    00000002     startup_msp432p401r_ccs.obj (.text:Default_Handler)
                  00000b34    00000270     rtsv7M4_T_le_v4SPD16_eabi.lib : _printfi.c.obj (.text:_pconv_a)
                  00000da4    000001d0                                   : _printfi.c.obj (.text:_pconv_g)
                  00000f74    000001b6                                   : fd_add_t2.asm.obj (.text)
                  0000112a    00000002                                   : _lock.c.obj (.text:_nop)
                  0000112c    0000013c                                   : _printfi.c.obj (.text:_pconv_e)
                  00001268    00000136                                   : fd_div_t2.asm.obj (.text)
                  0000139e    00000002                                   : div0.asm.obj (.text)
                  000013a0    00000124                                   : _printfi.c.obj (.text:fcvt)
                  000014c4    00000118                                   : memory.c.obj (.text:aligned_alloc)
                  000015dc    00000114                                   : fputs.c.obj (.text:fputs)
                  000016f0    00000110                                   : s_scalbn.c.obj (.text:scalbn)
                  00001800    00000104     msp432p4xx_driverlib.lib : cs.o (.text:_CSComputeCLKFrequency)
                  00001904    00000104     gpio_toggle_output.obj (.text:main)
                  00001a08    000000fc     rtsv7M4_T_le_v4SPD16_eabi.lib : fd_mul_t2.asm.obj (.text)
                  00001b04    000000f8     msp432p4xx_driverlib.lib : cs.o (.text:CS_getDCOFrequency)
                  00001bfc    000000e4     rtsv7M4_T_le_v4SPD16_eabi.lib : memory.c.obj (.text:free)
                  00001ce0    000000dc                                   : setvbuf.c.obj (.text:setvbuf)
                  00001dbc    000000b1                                   : _printfi.c.obj (.text:_ltostr)
                  00001e6d    00000001     --HOLE-- [fill = 0]
                  00001e6e    0000009c                                   : memcpy_t2.asm.obj (.text)
                  00001f0a    00000096                                   : ull_div_t2.asm.obj (.text)
                  00001fa0    00000094     msp432p4xx_driverlib.lib : sysctl_a.o (.text:SysCtl_A_getTLVInfo)
                  00002034    0000008c     rtsv7M4_T_le_v4SPD16_eabi.lib : fputc.c.obj (.text:fputc)
                  000020c0    00000086                                   : fd_cmp_t2.asm.obj (.text:__aeabi_cdcmple)
                  00002146    00000086                                   : fd_cmp_t2.asm.obj (.text:__aeabi_cdrcmple)
                  000021cc    0000007c     msp432p4xx_driverlib.lib : cs.o (.text:_CSGetDOCFrequency)
                  00002248    0000007a     rtsv7M4_T_le_v4SPD16_eabi.lib : memset_t2.asm.obj (.text)
                  000022c2    00000002     --HOLE-- [fill = 0]
                  000022c4    00000078     system_msp432p401r.obj (.text:SystemInit)
                  0000233c    00000074     rtsv7M4_T_le_v4SPD16_eabi.lib : fclose.c.obj (.text:__TI_closefile)
                  000023b0    00000070                                   : memory.c.obj (.text:split)
                  00002420    0000006e                                   : _printfi.c.obj (.text:_mcpy)
                  0000248e    00000002     --HOLE-- [fill = 0]
                  00002490    0000006c                                   : hostrename.c.obj (.text:HOSTrename)
                  000024fc    00000068                                   : hostlseek.c.obj (.text:HOSTlseek)
                  00002564    00000068                                   : copy_decompress_lzss.c.obj (.text:decompress:lzss:__TI_decompress_lzss)
                  000025cc    00000068                                   : printf.c.obj (.text:printf)
                  00002634    00000064                                   : s_frexp.c.obj (.text:frexp)
                  00002698    00000064                                   : fseek.c.obj (.text:fseek)
                  000026fc    00000062     msp432p4xx_driverlib.lib : cs.o (.text:_CSGetDividerValue)
                  0000275e    00000062     rtsv7M4_T_le_v4SPD16_eabi.lib : _io_perm.c.obj (.text:__TI_wrt_ok)
                  000027c0    00000060                                   : hostopen.c.obj (.text:HOSTopen)
                  00002820    0000005c                                   : close.c.obj (.text:close)
                  0000287c    00000058                                   : hostread.c.obj (.text:HOSTread)
                  000028d4    00000058                                   : hostwrite.c.obj (.text:HOSTwrite)
                  0000292c    00000056                                   : _printfi.c.obj (.text:_pconv_f)
                  00002982    00000054                                   : ltoa.c.obj (.text:ltoa)
                  000029d6    00000052                                   : _printfi.c.obj (.text:_ecpy)
                  00002a28    0000004c                                   : fflush.c.obj (.text:__TI_doflush)
                  00002a74    0000004c                                   : atoi.c.obj (.text:atoi)
                  00002ac0    00000048                                   : exit.c.obj (.text:exit)
                  00002b08    00000048                                   : fd_toi_t2.asm.obj (.text)
                  00002b50    00000044                                   : hostclose.c.obj (.text:HOSTclose)
                  00002b94    00000044                                   : hostunlink.c.obj (.text:HOSTunlink)
                  00002bd8    00000044                                   : autoinit.c.obj (.text:__TI_auto_init_nobinit_nopinit:__TI_auto_init_nobinit_nopinit)
                  00002c1c    00000044                                   : getdevice.c.obj (.text:getdevice)
                  00002c60    0000003e                                   : _printfi.c.obj (.text:_fcpy)
                  00002c9e    00000002     --HOLE-- [fill = 0]
                  00002ca0    00000038                                   : trgmsg.c.obj (.text:__TI_writemsg)
                  00002cd8    00000036                                   : strncpy.c.obj (.text:strncpy)
                  00002d0e    00000002     --HOLE-- [fill = 0]
                  00002d10    00000034                                   : fopen.c.obj (.text:__TI_cleanup)
                  00002d44    00000034                                   : trgmsg.c.obj (.text:__TI_readmsg)
                  00002d78    00000034                                   : boot_cortex_m.c.obj (.text:_c_int00_noargs:_c_int00_noargs)
                  00002dac    00000030     msp432p4xx_driverlib.lib : cs.o (.text:CS_clearInterruptFlag)
                  00002ddc    00000030     rtsv7M4_T_le_v4SPD16_eabi.lib : getdevice.c.obj (.text:finddevice)
                  00002e0c    0000002e                                   : i_tofd_t2.asm.obj (.text)
                  00002e3a    00000002     --HOLE-- [fill = 0]
                  00002e3c    0000002c                                   : unlink.c.obj (.text:unlink)
                  00002e68    00000028     msp432p4xx_driverlib.lib : cs.o (.text:CS_getMCLK)
                  00002e90    00000028     rtsv7M4_T_le_v4SPD16_eabi.lib : memory.c.obj (.text:free_list_insert)
                  00002eb8    00000028                                   : lseek.c.obj (.text:lseek)
                  00002ee0    00000028                                   : write.c.obj (.text:write)
                  00002f08    00000020                                   : memchr.c.obj (.text:memchr)
                  00002f28    00000020                                   : u_tofd_t2.asm.obj (.text)
                  00002f48    0000001c                                   : copy_zero_init.c.obj (.text:decompress:ZI:__TI_zero_init_nomemset:__TI_zero_init_nomemset)
                  00002f64    0000001c                                   : memory.c.obj (.text:free_list_remove)
                  00002f80    0000001c                                   : memccpy.c.obj (.text:memccpy)
                  00002f9c    0000001a                                   : s_copysign.c.obj (.text:copysign)
                  00002fb6    00000018                                   : strcmp.c.obj (.text:strcmp)
                  00002fce    00000016                                   : strchr.c.obj (.text:strchr)
                  00002fe4    00000014                                   : strcpy.c.obj (.text:strcpy)
                  00002ff8    00000014                                   : strlen.c.obj (.text:strlen)
                  0000300c    00000012                                   : wcslen.c.obj (.text:wcslen)
                  0000301e    0000000e                                   : copy_decompress_none.c.obj (.text:decompress:none:__TI_decompress_none)
                  0000302c    0000000c     startup_msp432p401r_ccs.obj (.text:Reset_Handler)
                  00003038    00000008     rtsv7M4_T_le_v4SPD16_eabi.lib : errno.c.obj (.text:__aeabi_errno_addr)
                  00003040    00000008                                   : memory.c.obj (.text:malloc)
                  00003048    00000004                                   : printf.c.obj (.text:_outc)
                  0000304c    00000004                                   : printf.c.obj (.text:_outs)
                  00003050    00000004                                   : pre_init.c.obj (.text:_system_pre_init)
                  00003054    00000004                                   : exit.c.obj (.text:abort:abort)

.const     0    00003058    00000101     
                  00003058    00000101     rtsv7M4_T_le_v4SPD16_eabi.lib : ctype.c.obj (.const:.string:_ctypes_)

.cinit     0    00003160    00000090     
                  00003160    00000065     (.cinit..data.load) [load image, compression = lzss]
                  000031c5    00000003     --HOLE-- [fill = 0]
                  000031c8    0000000c     (__TI_handler_table)
                  000031d4    00000004     --HOLE-- [fill = 0]
                  000031d8    00000008     (.cinit..bss.load) [load image, compression = zero_init]
                  000031e0    00000010     (__TI_cinit_table)

.init_array 
*          0    00000000    00000000     UNINITIALIZED

.binit     0    00000000    00000000     

.sysmem    0    20000000    00000800     UNINITIALIZED
                  20000000    00000010     rtsv7M4_T_le_v4SPD16_eabi.lib : memory.c.obj (.sysmem)
                  20000010    000007f0     --HOLE--

.data      0    20000800    000001e8     UNINITIALIZED
                  20000800    000000f0     rtsv7M4_T_le_v4SPD16_eabi.lib : defs.c.obj (.data:_ftable)
                  200008f0    00000078                                   : host_device.c.obj (.data:_device)
                  20000968    00000050                                   : host_device.c.obj (.data:_stream)
                  200009b8    00000010                                   : defs.c.obj (.data)
                  200009c8    0000000c                                   : exit.c.obj (.data:$O1$$)
                  200009d4    00000008                                   : _lock.c.obj (.data:$O1$$)
                  200009dc    00000008                                   : memory.c.obj (.data:$O1$$)
                  200009e4    00000004                                   : errno.c.obj (.data)

.bss       0    200009e8    000001d0     UNINITIALIZED
                  200009e8    00000120     rtsv7M4_T_le_v4SPD16_eabi.lib : trgmsg.c.obj (.bss:_CIOBUF_)
                  20000b08    000000a0     (.common:__TI_tmpnams)
                  20000ba8    00000008     msp432p4xx_driverlib.lib : cs.o (.bss)
                  20000bb0    00000008     (.common:parmbuf)

.stack     0    2000fe00    00000200     UNINITIALIZED
                  2000fe00    00000004     rtsv7M4_T_le_v4SPD16_eabi.lib : boot_cortex_m.c.obj (.stack)
                  2000fe04    000001fc     --HOLE--

MODULE SUMMARY

       Module                        code    ro data   rw data
       ------                        ----    -------   -------
    .\
       gpio_toggle_output.obj        260     0         0      
       system_msp432p401r.obj        120     0         0      
    +--+-----------------------------+-------+---------+---------+
       Total:                        380     0         0      
                                                              
    .\ccs\
       startup_msp432p401r_ccs.obj   14      228       0      
    +--+-----------------------------+-------+---------+---------+
       Total:                        14      228       0      
                                                              
    C:/ti/simplelink_msp432p4_sdk_3_40_00_05/source/ti/devices/msp432p4xx/driverlib/ccs/msp432p4xx_driverlib.lib
       cs.o                          818     0         16     
       sysctl_a.o                    148     0         0      
    +--+-----------------------------+-------+---------+---------+
       Total:                        966     0         16     
                                                              
    C:\ti\ccs930\ccs\tools\compiler\ti-cgt-arm_18.12.4.LTS\lib\rtsv7M4_T_le_v4SPD16_eabi.lib
       _printfi.c.obj                4851    0         0      
       defs.c.obj                    0       0         832    
       memory.c.obj                  696     0         16     
       trgmsg.c.obj                  108     0         576    
       fd_add_t2.asm.obj             438     0         0      
       host_device.c.obj             0       0         400    
       fd_div_t2.asm.obj             310     0         0      
       fputs.c.obj                   276     0         0      
       s_scalbn.c.obj                272     0         0      
       fd_cmp_t2.asm.obj             268     0         0      
       ctype.c.obj                   0       257       0      
       fd_mul_t2.asm.obj             252     0         0      
       setvbuf.c.obj                 220     0         0      
       memcpy_t2.asm.obj             156     0         0      
       ull_div_t2.asm.obj            150     0         0      
       fputc.c.obj                   140     0         0      
       memset_t2.asm.obj             122     0         0      
       fclose.c.obj                  116     0         0      
       getdevice.c.obj               116     0         0      
       hostopen.c.obj                96      0         16     
       printf.c.obj                  112     0         0      
       hostrename.c.obj              108     0         0      
       copy_decompress_lzss.c.obj    104     0         0      
       hostlseek.c.obj               104     0         0      
       exit.c.obj                    76      0         24     
       fseek.c.obj                   100     0         0      
       s_frexp.c.obj                 100     0         0      
       _io_perm.c.obj                98      0         0      
       close.c.obj                   92      0         0      
       hostread.c.obj                88      0         0      
       hostwrite.c.obj               88      0         0      
       ltoa.c.obj                    84      0         0      
       atoi.c.obj                    76      0         0      
       fflush.c.obj                  76      0         0      
       fd_toi_t2.asm.obj             72      0         0      
       autoinit.c.obj                68      0         0      
       hostclose.c.obj               68      0         0      
       hostunlink.c.obj              68      0         0      
       strncpy.c.obj                 54      0         0      
       boot_cortex_m.c.obj           52      0         0      
       fopen.c.obj                   52      0         0      
       i_tofd_t2.asm.obj             46      0         0      
       unlink.c.obj                  44      0         0      
       lseek.c.obj                   40      0         0      
       write.c.obj                   40      0         0      
       memchr.c.obj                  32      0         0      
       u_tofd_t2.asm.obj             32      0         0      
       copy_zero_init.c.obj          28      0         0      
       memccpy.c.obj                 28      0         0      
       s_copysign.c.obj              26      0         0      
       strcmp.c.obj                  24      0         0      
       strchr.c.obj                  22      0         0      
       strcpy.c.obj                  20      0         0      
       strlen.c.obj                  20      0         0      
       _lock.c.obj                   2       0         16     
       wcslen.c.obj                  18      0         0      
       errno.c.obj                   8       0         8      
       copy_decompress_none.c.obj    14      0         0      
       pre_init.c.obj                4       0         0      
       div0.asm.obj                  2       0         0      
    +--+-----------------------------+-------+---------+---------+
       Total:                        10777   257       1888   
                                                              
       Heap:                         0       0         4096   
       Stack:                        0       0         1024   
       Linker Generated:             0       137       0      
    +--+-----------------------------+-------+---------+---------+
       Grand Total:                  12137   622       7024   


LINKER GENERATED COPY TABLES

__TI_cinit_table @ 000031e0 records: 2, size/record: 8, table size: 16
	.data: load addr=00003160, load size=00000065 bytes, run addr=20000800, run size=000001e8 bytes, compression=lzss
	.bss: load addr=000031d8, load size=00000008 bytes, run addr=200009e8, run size=000001d0 bytes, compression=zero_init


LINKER GENERATED HANDLER TABLE

__TI_handler_table @ 000031c8 records: 3, size/record: 4, table size: 12
	index: 0, handler: __TI_decompress_lzss
	index: 1, handler: __TI_decompress_none
	index: 2, handler: __TI_zero_init


GLOBAL SYMBOLS: SORTED ALPHABETICALLY BY Name 

address   name                           
-------   ----                           
00000b33  ADC14_IRQHandler               
00000b33  AES256_IRQHandler              
00000b33  BusFault_Handler               
00003055  C$$EXIT                        
00002ccf  C$$IO$$                        
00000b33  COMP_E0_IRQHandler             
00000b33  COMP_E1_IRQHandler             
00000b33  CS_IRQHandler                  
00002dad  CS_clearInterruptFlag          
00001b05  CS_getDCOFrequency             
00002e69  CS_getMCLK                     
00000b33  DMA_ERR_IRQHandler             
00000b33  DMA_INT0_IRQHandler            
00000b33  DMA_INT1_IRQHandler            
00000b33  DMA_INT2_IRQHandler            
00000b33  DMA_INT3_IRQHandler            
00000b33  DebugMon_Handler               
00000b33  Default_Handler                
00000b33  EUSCIA0_IRQHandler             
00000b33  EUSCIA1_IRQHandler             
00000b33  EUSCIA2_IRQHandler             
00000b33  EUSCIA3_IRQHandler             
00000b33  EUSCIB0_IRQHandler             
00000b33  EUSCIB1_IRQHandler             
00000b33  EUSCIB2_IRQHandler             
00000b33  EUSCIB3_IRQHandler             
00000b33  FLCTL_IRQHandler               
00000b33  FPU_IRQHandler                 
00002b51  HOSTclose                      
000024fd  HOSTlseek                      
000027c1  HOSTopen                       
0000287d  HOSTread                       
00002491  HOSTrename                     
00002b95  HOSTunlink                     
000028d5  HOSTwrite                      
00000b33  HardFault_Handler              
00000b33  MemManage_Handler              
00000b33  NMI_Handler                    
00000b33  PCM_IRQHandler                 
00000b33  PORT1_IRQHandler               
00000b33  PORT2_IRQHandler               
00000b33  PORT3_IRQHandler               
00000b33  PORT4_IRQHandler               
00000b33  PORT5_IRQHandler               
00000b33  PORT6_IRQHandler               
00000b33  PSS_IRQHandler                 
00000b33  PendSV_Handler                 
00000b33  RTC_C_IRQHandler               
0000302d  Reset_Handler                  
00000b33  SVC_Handler                    
00001fa1  SysCtl_A_getTLVInfo            
00000b33  SysTick_Handler                
000022c5  SystemInit                     
00000b33  T32_INT1_IRQHandler            
00000b33  T32_INT2_IRQHandler            
00000b33  T32_INTC_IRQHandler            
00000b33  TA0_0_IRQHandler               
00000b33  TA0_N_IRQHandler               
00000b33  TA1_0_IRQHandler               
00000b33  TA1_N_IRQHandler               
00000b33  TA2_0_IRQHandler               
00000b33  TA2_N_IRQHandler               
00000b33  TA3_0_IRQHandler               
00000b33  TA3_N_IRQHandler               
00000b33  UsageFault_Handler             
4000480c  WDTCTL_SYM                     
00000b33  WDT_A_IRQHandler               
200009e8  __CIOBUF_                      
20010000  __STACK_END                    
00000200  __STACK_SIZE                   
00000800  __SYSMEM_SIZE                  
000031e0  __TI_CINIT_Base                
000031f0  __TI_CINIT_Limit               
000031c8  __TI_Handler_Table_Base        
000031d4  __TI_Handler_Table_Limit       
00002bd9  __TI_auto_init_nobinit_nopinit 
00002d11  __TI_cleanup                   
200009c8  __TI_cleanup_ptr               
0000233d  __TI_closefile                 
00002565  __TI_decompress_lzss           
0000301f  __TI_decompress_none           
00002a29  __TI_doflush                   
200009cc  __TI_dtors_ptr                 
200009d0  __TI_enable_exit_profile_output
200009b8  __TI_ft_end                    
ffffffff  __TI_pprof_out_hndl            
000000e5  __TI_printfi                   
ffffffff  __TI_prof_data_size            
ffffffff  __TI_prof_data_start           
00002d45  __TI_readmsg                   
00000000  __TI_static_base__             
20000b08  __TI_tmpnams                   
00002ca1  __TI_writemsg                  
0000275f  __TI_wrt_ok                    
00002f49  __TI_zero_init_nomemset        
000020c1  __aeabi_cdcmpeq                
000020c1  __aeabi_cdcmple                
00002147  __aeabi_cdrcmple               
00002b09  __aeabi_d2iz                   
00000f7f  __aeabi_dadd                   
00001269  __aeabi_ddiv                   
00001a09  __aeabi_dmul                   
00000f75  __aeabi_dsub                   
00003039  __aeabi_errno_addr             
00002e0d  __aeabi_i2d                    
0000139f  __aeabi_idiv0                  
0000139f  __aeabi_ldiv0                  
00002249  __aeabi_memclr                 
00002249  __aeabi_memclr4                
00002249  __aeabi_memclr8                
00001e6f  __aeabi_memcpy                 
00001e6f  __aeabi_memcpy4                
00001e6f  __aeabi_memcpy8                
0000224b  __aeabi_memset                 
0000224b  __aeabi_memset4                
0000224b  __aeabi_memset8                
200009c4  __aeabi_stderr                 
200009bc  __aeabi_stdin                  
200009c0  __aeabi_stdout                 
00002f29  __aeabi_ui2d                   
00001f0b  __aeabi_uldivmod               
ffffffff  __binit__                      
ffffffff  __c_args__                     
UNDEFED   __mpu_init                     
2000fe00  __stack                        
00002d79  _c_int00_noargs                
00003058  _ctypes_                       
200008f0  _device                        
20000800  _ftable                        
200009d4  _lock                          
0000112b  _nop                           
20000968  _stream                        
20000000  _sys_memory                    
UNDEFED   _system_post_cinit             
00003051  _system_pre_init               
200009d8  _unlock                        
00003055  abort                          
000014c5  aligned_alloc                  
00002a75  atoi                           
ffffffff  binit                          
00002821  close                          
00002f9d  copysign                       
00002f9d  copysignl                      
200009e4  errno                          
00002ac1  exit                           
00002ddd  finddevice                     
00002035  fputc                          
000015dd  fputs                          
00001bfd  free                           
00002635  frexp                          
00002635  frexpl                         
00002699  fseek                          
00002c1d  getdevice                      
00000000  interruptVectors               
000016f1  ldexp                          
000016f1  ldexpl                         
00002eb9  lseek                          
00002983  ltoa                           
00001905  main                           
00003041  malloc                         
000014c5  memalign                       
00002f81  memccpy                        
00002f09  memchr                         
00001e6f  memcpy                         
00002251  memset                         
20000bb0  parmbuf                        
000025cd  printf                         
00002035  putc                           
00002e3d  remove                         
000016f1  scalbn                         
000016f1  scalbnl                        
00001ce1  setvbuf                        
00002fcf  strchr                         
00002fb7  strcmp                         
00002fe5  strcpy                         
00002ff9  strlen                         
00002cd9  strncpy                        
00002e3d  unlink                         
0000300d  wcslen                         
00002ee1  write                          


GLOBAL SYMBOLS: SORTED BY Symbol Address 

address   name                           
-------   ----                           
00000000  __TI_static_base__             
00000000  interruptVectors               
000000e5  __TI_printfi                   
00000200  __STACK_SIZE                   
00000800  __SYSMEM_SIZE                  
00000b33  ADC14_IRQHandler               
00000b33  AES256_IRQHandler              
00000b33  BusFault_Handler               
00000b33  COMP_E0_IRQHandler             
00000b33  COMP_E1_IRQHandler             
00000b33  CS_IRQHandler                  
00000b33  DMA_ERR_IRQHandler             
00000b33  DMA_INT0_IRQHandler            
00000b33  DMA_INT1_IRQHandler            
00000b33  DMA_INT2_IRQHandler            
00000b33  DMA_INT3_IRQHandler            
00000b33  DebugMon_Handler               
00000b33  Default_Handler                
00000b33  EUSCIA0_IRQHandler             
00000b33  EUSCIA1_IRQHandler             
00000b33  EUSCIA2_IRQHandler             
00000b33  EUSCIA3_IRQHandler             
00000b33  EUSCIB0_IRQHandler             
00000b33  EUSCIB1_IRQHandler             
00000b33  EUSCIB2_IRQHandler             
00000b33  EUSCIB3_IRQHandler             
00000b33  FLCTL_IRQHandler               
00000b33  FPU_IRQHandler                 
00000b33  HardFault_Handler              
00000b33  MemManage_Handler              
00000b33  NMI_Handler                    
00000b33  PCM_IRQHandler                 
00000b33  PORT1_IRQHandler               
00000b33  PORT2_IRQHandler               
00000b33  PORT3_IRQHandler               
00000b33  PORT4_IRQHandler               
00000b33  PORT5_IRQHandler               
00000b33  PORT6_IRQHandler               
00000b33  PSS_IRQHandler                 
00000b33  PendSV_Handler                 
00000b33  RTC_C_IRQHandler               
00000b33  SVC_Handler                    
00000b33  SysTick_Handler                
00000b33  T32_INT1_IRQHandler            
00000b33  T32_INT2_IRQHandler            
00000b33  T32_INTC_IRQHandler            
00000b33  TA0_0_IRQHandler               
00000b33  TA0_N_IRQHandler               
00000b33  TA1_0_IRQHandler               
00000b33  TA1_N_IRQHandler               
00000b33  TA2_0_IRQHandler               
00000b33  TA2_N_IRQHandler               
00000b33  TA3_0_IRQHandler               
00000b33  TA3_N_IRQHandler               
00000b33  UsageFault_Handler             
00000b33  WDT_A_IRQHandler               
00000f75  __aeabi_dsub                   
00000f7f  __aeabi_dadd                   
0000112b  _nop                           
00001269  __aeabi_ddiv                   
0000139f  __aeabi_idiv0                  
0000139f  __aeabi_ldiv0                  
000014c5  aligned_alloc                  
000014c5  memalign                       
000015dd  fputs                          
000016f1  ldexp                          
000016f1  ldexpl                         
000016f1  scalbn                         
000016f1  scalbnl                        
00001905  main                           
00001a09  __aeabi_dmul                   
00001b05  CS_getDCOFrequency             
00001bfd  free                           
00001ce1  setvbuf                        
00001e6f  __aeabi_memcpy                 
00001e6f  __aeabi_memcpy4                
00001e6f  __aeabi_memcpy8                
00001e6f  memcpy                         
00001f0b  __aeabi_uldivmod               
00001fa1  SysCtl_A_getTLVInfo            
00002035  fputc                          
00002035  putc                           
000020c1  __aeabi_cdcmpeq                
000020c1  __aeabi_cdcmple                
00002147  __aeabi_cdrcmple               
00002249  __aeabi_memclr                 
00002249  __aeabi_memclr4                
00002249  __aeabi_memclr8                
0000224b  __aeabi_memset                 
0000224b  __aeabi_memset4                
0000224b  __aeabi_memset8                
00002251  memset                         
000022c5  SystemInit                     
0000233d  __TI_closefile                 
00002491  HOSTrename                     
000024fd  HOSTlseek                      
00002565  __TI_decompress_lzss           
000025cd  printf                         
00002635  frexp                          
00002635  frexpl                         
00002699  fseek                          
0000275f  __TI_wrt_ok                    
000027c1  HOSTopen                       
00002821  close                          
0000287d  HOSTread                       
000028d5  HOSTwrite                      
00002983  ltoa                           
00002a29  __TI_doflush                   
00002a75  atoi                           
00002ac1  exit                           
00002b09  __aeabi_d2iz                   
00002b51  HOSTclose                      
00002b95  HOSTunlink                     
00002bd9  __TI_auto_init_nobinit_nopinit 
00002c1d  getdevice                      
00002ca1  __TI_writemsg                  
00002ccf  C$$IO$$                        
00002cd9  strncpy                        
00002d11  __TI_cleanup                   
00002d45  __TI_readmsg                   
00002d79  _c_int00_noargs                
00002dad  CS_clearInterruptFlag          
00002ddd  finddevice                     
00002e0d  __aeabi_i2d                    
00002e3d  remove                         
00002e3d  unlink                         
00002e69  CS_getMCLK                     
00002eb9  lseek                          
00002ee1  write                          
00002f09  memchr                         
00002f29  __aeabi_ui2d                   
00002f49  __TI_zero_init_nomemset        
00002f81  memccpy                        
00002f9d  copysign                       
00002f9d  copysignl                      
00002fb7  strcmp                         
00002fcf  strchr                         
00002fe5  strcpy                         
00002ff9  strlen                         
0000300d  wcslen                         
0000301f  __TI_decompress_none           
0000302d  Reset_Handler                  
00003039  __aeabi_errno_addr             
00003041  malloc                         
00003051  _system_pre_init               
00003055  C$$EXIT                        
00003055  abort                          
00003058  _ctypes_                       
000031c8  __TI_Handler_Table_Base        
000031d4  __TI_Handler_Table_Limit       
000031e0  __TI_CINIT_Base                
000031f0  __TI_CINIT_Limit               
20000000  _sys_memory                    
20000800  _ftable                        
200008f0  _device                        
20000968  _stream                        
200009b8  __TI_ft_end                    
200009bc  __aeabi_stdin                  
200009c0  __aeabi_stdout                 
200009c4  __aeabi_stderr                 
200009c8  __TI_cleanup_ptr               
200009cc  __TI_dtors_ptr                 
200009d0  __TI_enable_exit_profile_output
200009d4  _lock                          
200009d8  _unlock                        
200009e4  errno                          
200009e8  __CIOBUF_                      
20000b08  __TI_tmpnams                   
20000bb0  parmbuf                        
2000fe00  __stack                        
20010000  __STACK_END                    
4000480c  WDTCTL_SYM                     
ffffffff  __TI_pprof_out_hndl            
ffffffff  __TI_prof_data_size            
ffffffff  __TI_prof_data_start           
ffffffff  __binit__                      
ffffffff  __c_args__                     
ffffffff  binit                          
UNDEFED   __mpu_init                     
UNDEFED   _system_post_cinit             

[180 symbols]
