******************************************************************************
                  TI ARM Linker PC v18.12.4                    
******************************************************************************
>> Linked Tue Feb 25 14:52:39 2020

OUTPUT FILE NAME:   <dma_crc32_transfer_calculation_MSP_EXP432P401R_nortos_ccs.out>
ENTRY POINT SYMBOL: "_c_int00_noargs"  address: 00002b79


MEMORY CONFIGURATION

         name            origin    length      used     unused   attr    fill
----------------------  --------  ---------  --------  --------  ----  --------
  MAIN                  00000000   00040000  00002f61  0003d09f  R  X
  INFO                  00200000   00004000  00000000  00004000  R  X
  SRAM_CODE             01000000   00010000  000015b4  0000ea4c  RW X
  SRAM_DATA             20000000   00010000  000015b4  0000ea4c  RW  


SEGMENT ALLOCATION MAP

run origin  load origin   length   init length attrs members
----------  ----------- ---------- ----------- ----- -------
00000000    00000000    00002f68   00002f68    r-x
  00000000    00000000    000000e4   000000e4    r-- .intvecs
  000000e4    000000e4    00002cec   00002cec    r-x .text
  00002dd0    00002dd0    00000101   00000101    r-- .const
  00002ed8    00002ed8    00000090   00000090    r-- .cinit
20000000    20000000    000013b8   00000000    rw-
  20000000    20000000    000009cc   00000000    rw- .bss
  200009d0    200009d0    00000800   00000000    rw- .sysmem
  200011d0    200011d0    000001e8   00000000    rw- .data
2000fe00    2000fe00    00000200   00000000    rw-
  2000fe00    2000fe00    00000200   00000000    rw- .stack


SECTION ALLOCATION MAP

 output                                  attributes/
section   page    origin      length       input sections
--------  ----  ----------  ----------   ----------------
.intvecs   0    00000000    000000e4     
                  00000000    000000e4     startup_msp432p401r_ccs.obj (.intvecs:retain)

.text      0    000000e4    00002cec     
                  000000e4    00000a4e     rtsv7M4_T_le_v4SPD16_eabi.lib : _printfi.c.obj (.text:__TI_printfi)
                  00000b32    00000002     startup_msp432p401r_ccs.obj (.text:Default_Handler)
                  00000b34    00000270     rtsv7M4_T_le_v4SPD16_eabi.lib : _printfi.c.obj (.text:_pconv_a)
                  00000da4    000001d0                                   : _printfi.c.obj (.text:_pconv_g)
                  00000f74    000001b6                                   : fd_add_t2.asm.obj (.text)
                  0000112a    00000002                                   : _lock.c.obj (.text:_nop)
                  0000112c    0000013c                                   : _printfi.c.obj (.text:_pconv_e)
                  00001268    00000136                                   : fd_div_t2.asm.obj (.text)
                  0000139e    00000002                                   : div0.asm.obj (.text)
                  000013a0    00000124                                   : _printfi.c.obj (.text:fcvt)
                  000014c4    00000118                                   : memory.c.obj (.text:aligned_alloc)
                  000015dc    00000114                                   : fputs.c.obj (.text:fputs)
                  000016f0    00000110                                   : s_scalbn.c.obj (.text:scalbn)
                  00001800    0000010c     dma_crc32_transfer_calculation.obj (.text:main)
                  0000190c    000000fc     rtsv7M4_T_le_v4SPD16_eabi.lib : fd_mul_t2.asm.obj (.text)
                  00001a08    000000f0     msp432p4xx_driverlib.lib : dma.o (.text:DMA_setChannelTransfer)
                  00001af8    000000e4     rtsv7M4_T_le_v4SPD16_eabi.lib : memory.c.obj (.text:free)
                  00001bdc    000000dc                                   : setvbuf.c.obj (.text:setvbuf)
                  00001cb8    000000b1                                   : _printfi.c.obj (.text:_ltostr)
                  00001d69    00000001     --HOLE-- [fill = 0]
                  00001d6a    0000009c                                   : memcpy_t2.asm.obj (.text)
                  00001e06    00000096                                   : ull_div_t2.asm.obj (.text)
                  00001e9c    0000008c                                   : fputc.c.obj (.text:fputc)
                  00001f28    00000086                                   : fd_cmp_t2.asm.obj (.text:__aeabi_cdcmple)
                  00001fae    00000086                                   : fd_cmp_t2.asm.obj (.text:__aeabi_cdrcmple)
                  00002034    0000007a                                   : memset_t2.asm.obj (.text)
                  000020ae    00000002     --HOLE-- [fill = 0]
                  000020b0    00000078     system_msp432p401r.obj (.text:SystemInit)
                  00002128    00000074     rtsv7M4_T_le_v4SPD16_eabi.lib : fclose.c.obj (.text:__TI_closefile)
                  0000219c    00000070                                   : memory.c.obj (.text:split)
                  0000220c    0000006e                                   : _printfi.c.obj (.text:_mcpy)
                  0000227a    00000002     --HOLE-- [fill = 0]
                  0000227c    0000006c                                   : hostrename.c.obj (.text:HOSTrename)
                  000022e8    00000068                                   : hostlseek.c.obj (.text:HOSTlseek)
                  00002350    00000068                                   : copy_decompress_lzss.c.obj (.text:decompress:lzss:__TI_decompress_lzss)
                  000023b8    00000068                                   : printf.c.obj (.text:printf)
                  00002420    00000064                                   : s_frexp.c.obj (.text:frexp)
                  00002484    00000064                                   : fseek.c.obj (.text:fseek)
                  000024e8    00000062                                   : _io_perm.c.obj (.text:__TI_wrt_ok)
                  0000254a    00000002     --HOLE-- [fill = 0]
                  0000254c    00000060                                   : hostopen.c.obj (.text:HOSTopen)
                  000025ac    0000005c                                   : close.c.obj (.text:close)
                  00002608    00000058                                   : hostread.c.obj (.text:HOSTread)
                  00002660    00000058                                   : hostwrite.c.obj (.text:HOSTwrite)
                  000026b8    00000056                                   : _printfi.c.obj (.text:_pconv_f)
                  0000270e    00000054                                   : ltoa.c.obj (.text:ltoa)
                  00002762    00000052                                   : _printfi.c.obj (.text:_ecpy)
                  000027b4    0000004c                                   : fflush.c.obj (.text:__TI_doflush)
                  00002800    0000004c                                   : atoi.c.obj (.text:atoi)
                  0000284c    00000048                                   : exit.c.obj (.text:exit)
                  00002894    00000048                                   : fd_toi_t2.asm.obj (.text)
                  000028dc    00000044                                   : hostclose.c.obj (.text:HOSTclose)
                  00002920    00000044                                   : hostunlink.c.obj (.text:HOSTunlink)
                  00002964    00000044                                   : autoinit.c.obj (.text:__TI_auto_init_nobinit_nopinit:__TI_auto_init_nobinit_nopinit)
                  000029a8    00000044                                   : getdevice.c.obj (.text:getdevice)
                  000029ec    0000003e                                   : _printfi.c.obj (.text:_fcpy)
                  00002a2a    00000002     --HOLE-- [fill = 0]
                  00002a2c    0000003c     dma_crc32_transfer_calculation.obj (.text:DMA_INT1_IRQHandler)
                  00002a68    00000038     msp432p4xx_driverlib.lib : crc32.o (.text:CRC32_getResult)
                  00002aa0    00000038     rtsv7M4_T_le_v4SPD16_eabi.lib : trgmsg.c.obj (.text:__TI_writemsg)
                  00002ad8    00000036                                   : strncpy.c.obj (.text:strncpy)
                  00002b0e    00000002     --HOLE-- [fill = 0]
                  00002b10    00000034                                   : fopen.c.obj (.text:__TI_cleanup)
                  00002b44    00000034                                   : trgmsg.c.obj (.text:__TI_readmsg)
                  00002b78    00000034                                   : boot_cortex_m.c.obj (.text:_c_int00_noargs:_c_int00_noargs)
                  00002bac    00000030                                   : getdevice.c.obj (.text:finddevice)
                  00002bdc    0000002e                                   : i_tofd_t2.asm.obj (.text)
                  00002c0a    00000002     --HOLE-- [fill = 0]
                  00002c0c    0000002c                                   : unlink.c.obj (.text:unlink)
                  00002c38    00000028                                   : memory.c.obj (.text:free_list_insert)
                  00002c60    00000028                                   : lseek.c.obj (.text:lseek)
                  00002c88    00000028                                   : write.c.obj (.text:write)
                  00002cb0    00000020                                   : memchr.c.obj (.text:memchr)
                  00002cd0    0000001c                                   : memory.c.obj (.text:free_list_remove)
                  00002cec    0000001c                                   : memccpy.c.obj (.text:memccpy)
                  00002d08    0000001a                                   : s_copysign.c.obj (.text:copysign)
                  00002d22    00000018                                   : strcmp.c.obj (.text:strcmp)
                  00002d3a    00000016                                   : strchr.c.obj (.text:strchr)
                  00002d50    00000014                                   : strcpy.c.obj (.text:strcpy)
                  00002d64    00000014                                   : strlen.c.obj (.text:strlen)
                  00002d78    00000012                                   : wcslen.c.obj (.text:wcslen)
                  00002d8a    0000000e                                   : copy_decompress_none.c.obj (.text:decompress:none:__TI_decompress_none)
                  00002d98    0000000c     startup_msp432p401r_ccs.obj (.text:Reset_Handler)
                  00002da4    0000000c     rtsv7M4_T_le_v4SPD16_eabi.lib : copy_zero_init.c.obj (.text:decompress:ZI:__TI_zero_init)
                  00002db0    00000008                                   : errno.c.obj (.text:__aeabi_errno_addr)
                  00002db8    00000008                                   : memory.c.obj (.text:malloc)
                  00002dc0    00000004                                   : printf.c.obj (.text:_outc)
                  00002dc4    00000004                                   : printf.c.obj (.text:_outs)
                  00002dc8    00000004                                   : pre_init.c.obj (.text:_system_pre_init)
                  00002dcc    00000004                                   : exit.c.obj (.text:abort:abort)

.const     0    00002dd0    00000101     
                  00002dd0    00000101     rtsv7M4_T_le_v4SPD16_eabi.lib : ctype.c.obj (.const:.string:_ctypes_)

.cinit     0    00002ed8    00000090     
                  00002ed8    0000006b     (.cinit..data.load) [load image, compression = lzss]
                  00002f43    00000001     --HOLE-- [fill = 0]
                  00002f44    0000000c     (__TI_handler_table)
                  00002f50    00000008     (.cinit..bss.load) [load image, compression = zero_init]
                  00002f58    00000010     (__TI_cinit_table)

.init_array 
*          0    00000000    00000000     UNINITIALIZED

.binit     0    00000000    00000000     

.bss       0    20000000    000009cc     UNINITIALIZED
                  20000000    00000400     (.common:controlTable)
                  20000400    00000400     (.common:data_array)
                  20000800    00000120     rtsv7M4_T_le_v4SPD16_eabi.lib : trgmsg.c.obj (.bss:_CIOBUF_)
                  20000920    000000a0     (.common:__TI_tmpnams)
                  200009c0    00000008     (.common:parmbuf)
                  200009c8    00000004     dma_crc32_transfer_calculation.obj (.bss)

.sysmem    0    200009d0    00000800     UNINITIALIZED
                  200009d0    00000010     rtsv7M4_T_le_v4SPD16_eabi.lib : memory.c.obj (.sysmem)
                  200009e0    000007f0     --HOLE--

.data      0    200011d0    000001e8     UNINITIALIZED
                  200011d0    000000f0     rtsv7M4_T_le_v4SPD16_eabi.lib : defs.c.obj (.data:_ftable)
                  200012c0    00000078                                   : host_device.c.obj (.data:_device)
                  20001338    00000050                                   : host_device.c.obj (.data:_stream)
                  20001388    00000010                                   : defs.c.obj (.data)
                  20001398    0000000c                                   : exit.c.obj (.data:$O1$$)
                  200013a4    00000008                                   : _lock.c.obj (.data:$O1$$)
                  200013ac    00000008                                   : memory.c.obj (.data:$O1$$)
                  200013b4    00000004                                   : errno.c.obj (.data)

.stack     0    2000fe00    00000200     UNINITIALIZED
                  2000fe00    00000004     rtsv7M4_T_le_v4SPD16_eabi.lib : boot_cortex_m.c.obj (.stack)
                  2000fe04    000001fc     --HOLE--

MODULE SUMMARY

       Module                               code    ro data   rw data
       ------                               ----    -------   -------
    .\
       dma_crc32_transfer_calculation.obj   328     0         4104   
       system_msp432p401r.obj               120     0         0      
    +--+------------------------------------+-------+---------+---------+
       Total:                               448     0         4104   
                                                                     
    .\ccs\
       startup_msp432p401r_ccs.obj          14      228       0      
    +--+------------------------------------+-------+---------+---------+
       Total:                               14      228       0      
                                                                     
    C:/ti/simplelink_msp432p4_sdk_3_40_00_05/source/ti/devices/msp432p4xx/driverlib/ccs/msp432p4xx_driverlib.lib
       dma.o                                240     0         0      
       crc32.o                              56      0         0      
    +--+------------------------------------+-------+---------+---------+
       Total:                               296     0         0      
                                                                     
    C:\ti\ccs930\ccs\tools\compiler\ti-cgt-arm_18.12.4.LTS\lib\rtsv7M4_T_le_v4SPD16_eabi.lib
       _printfi.c.obj                       4851    0         0      
       defs.c.obj                           0       0         832    
       memory.c.obj                         696     0         16     
       trgmsg.c.obj                         108     0         576    
       fd_add_t2.asm.obj                    438     0         0      
       host_device.c.obj                    0       0         400    
       fd_div_t2.asm.obj                    310     0         0      
       fputs.c.obj                          276     0         0      
       s_scalbn.c.obj                       272     0         0      
       fd_cmp_t2.asm.obj                    268     0         0      
       ctype.c.obj                          0       257       0      
       fd_mul_t2.asm.obj                    252     0         0      
       setvbuf.c.obj                        220     0         0      
       memcpy_t2.asm.obj                    156     0         0      
       ull_div_t2.asm.obj                   150     0         0      
       fputc.c.obj                          140     0         0      
       memset_t2.asm.obj                    122     0         0      
       fclose.c.obj                         116     0         0      
       getdevice.c.obj                      116     0         0      
       hostopen.c.obj                       96      0         16     
       printf.c.obj                         112     0         0      
       hostrename.c.obj                     108     0         0      
       copy_decompress_lzss.c.obj           104     0         0      
       hostlseek.c.obj                      104     0         0      
       exit.c.obj                           76      0         24     
       fseek.c.obj                          100     0         0      
       s_frexp.c.obj                        100     0         0      
       _io_perm.c.obj                       98      0         0      
       close.c.obj                          92      0         0      
       hostread.c.obj                       88      0         0      
       hostwrite.c.obj                      88      0         0      
       ltoa.c.obj                           84      0         0      
       atoi.c.obj                           76      0         0      
       fflush.c.obj                         76      0         0      
       fd_toi_t2.asm.obj                    72      0         0      
       autoinit.c.obj                       68      0         0      
       hostclose.c.obj                      68      0         0      
       hostunlink.c.obj                     68      0         0      
       strncpy.c.obj                        54      0         0      
       boot_cortex_m.c.obj                  52      0         0      
       fopen.c.obj                          52      0         0      
       i_tofd_t2.asm.obj                    46      0         0      
       unlink.c.obj                         44      0         0      
       lseek.c.obj                          40      0         0      
       write.c.obj                          40      0         0      
       memchr.c.obj                         32      0         0      
       memccpy.c.obj                        28      0         0      
       s_copysign.c.obj                     26      0         0      
       strcmp.c.obj                         24      0         0      
       strchr.c.obj                         22      0         0      
       strcpy.c.obj                         20      0         0      
       strlen.c.obj                         20      0         0      
       _lock.c.obj                          2       0         16     
       wcslen.c.obj                         18      0         0      
       errno.c.obj                          8       0         8      
       copy_decompress_none.c.obj           14      0         0      
       copy_zero_init.c.obj                 12      0         0      
       pre_init.c.obj                       4       0         0      
       div0.asm.obj                         2       0         0      
    +--+------------------------------------+-------+---------+---------+
       Total:                               10729   257       1888   
                                                                     
       Heap:                                0       0         4096   
       Stack:                               0       0         1024   
       Linker Generated:                    0       143       0      
    +--+------------------------------------+-------+---------+---------+
       Grand Total:                         11487   628       11112  


LINKER GENERATED COPY TABLES

__TI_cinit_table @ 00002f58 records: 2, size/record: 8, table size: 16
	.data: load addr=00002ed8, load size=0000006b bytes, run addr=200011d0, run size=000001e8 bytes, compression=lzss
	.bss: load addr=00002f50, load size=00000008 bytes, run addr=20000000, run size=000009cc bytes, compression=zero_init


LINKER GENERATED HANDLER TABLE

__TI_handler_table @ 00002f44 records: 3, size/record: 4, table size: 12
	index: 0, handler: __TI_decompress_lzss
	index: 1, handler: __TI_decompress_none
	index: 2, handler: __TI_zero_init


GLOBAL SYMBOLS: SORTED ALPHABETICALLY BY Name 

address   name                           
-------   ----                           
00000b33  ADC14_IRQHandler               
00000b33  AES256_IRQHandler              
00000b33  BusFault_Handler               
00002dcd  C$$EXIT                        
00002acf  C$$IO$$                        
00000b33  COMP_E0_IRQHandler             
00000b33  COMP_E1_IRQHandler             
00002a69  CRC32_getResult                
00000b33  CS_IRQHandler                  
00000b33  DMA_ERR_IRQHandler             
00000b33  DMA_INT0_IRQHandler            
00002a2d  DMA_INT1_IRQHandler            
00002a2d  DMA_INT1_IRQHandler            
00000b33  DMA_INT2_IRQHandler            
00000b33  DMA_INT3_IRQHandler            
00001a09  DMA_setChannelTransfer         
00000b33  DebugMon_Handler               
00000b33  Default_Handler                
00000b33  EUSCIA0_IRQHandler             
00000b33  EUSCIA1_IRQHandler             
00000b33  EUSCIA2_IRQHandler             
00000b33  EUSCIA3_IRQHandler             
00000b33  EUSCIB0_IRQHandler             
00000b33  EUSCIB1_IRQHandler             
00000b33  EUSCIB2_IRQHandler             
00000b33  EUSCIB3_IRQHandler             
00000b33  FLCTL_IRQHandler               
00000b33  FPU_IRQHandler                 
000028dd  HOSTclose                      
000022e9  HOSTlseek                      
0000254d  HOSTopen                       
00002609  HOSTread                       
0000227d  HOSTrename                     
00002921  HOSTunlink                     
00002661  HOSTwrite                      
00000b33  HardFault_Handler              
00000b33  MemManage_Handler              
00000b33  NMI_Handler                    
00000b33  PCM_IRQHandler                 
00000b33  PORT1_IRQHandler               
00000b33  PORT2_IRQHandler               
00000b33  PORT3_IRQHandler               
00000b33  PORT4_IRQHandler               
00000b33  PORT5_IRQHandler               
00000b33  PORT6_IRQHandler               
00000b33  PSS_IRQHandler                 
00000b33  PendSV_Handler                 
00000b33  RTC_C_IRQHandler               
00002d99  Reset_Handler                  
00000b33  SVC_Handler                    
00000b33  SysTick_Handler                
000020b1  SystemInit                     
00000b33  T32_INT1_IRQHandler            
00000b33  T32_INT2_IRQHandler            
00000b33  T32_INTC_IRQHandler            
00000b33  TA0_0_IRQHandler               
00000b33  TA0_N_IRQHandler               
00000b33  TA1_0_IRQHandler               
00000b33  TA1_N_IRQHandler               
00000b33  TA2_0_IRQHandler               
00000b33  TA2_N_IRQHandler               
00000b33  TA3_0_IRQHandler               
00000b33  TA3_N_IRQHandler               
00000b33  UsageFault_Handler             
4000480c  WDTCTL_SYM                     
00000b33  WDT_A_IRQHandler               
20000800  __CIOBUF_                      
20010000  __STACK_END                    
00000200  __STACK_SIZE                   
00000800  __SYSMEM_SIZE                  
00002f58  __TI_CINIT_Base                
00002f68  __TI_CINIT_Limit               
00002f44  __TI_Handler_Table_Base        
00002f50  __TI_Handler_Table_Limit       
00002965  __TI_auto_init_nobinit_nopinit 
00002b11  __TI_cleanup                   
20001398  __TI_cleanup_ptr               
00002129  __TI_closefile                 
00002351  __TI_decompress_lzss           
00002d8b  __TI_decompress_none           
000027b5  __TI_doflush                   
2000139c  __TI_dtors_ptr                 
200013a0  __TI_enable_exit_profile_output
20001388  __TI_ft_end                    
ffffffff  __TI_pprof_out_hndl            
000000e5  __TI_printfi                   
ffffffff  __TI_prof_data_size            
ffffffff  __TI_prof_data_start           
00002b45  __TI_readmsg                   
00000000  __TI_static_base__             
20000920  __TI_tmpnams                   
00002aa1  __TI_writemsg                  
000024e9  __TI_wrt_ok                    
00002da5  __TI_zero_init                 
00001f29  __aeabi_cdcmpeq                
00001f29  __aeabi_cdcmple                
00001faf  __aeabi_cdrcmple               
00002895  __aeabi_d2iz                   
00000f7f  __aeabi_dadd                   
00001269  __aeabi_ddiv                   
0000190d  __aeabi_dmul                   
00000f75  __aeabi_dsub                   
00002db1  __aeabi_errno_addr             
00002bdd  __aeabi_i2d                    
0000139f  __aeabi_idiv0                  
0000139f  __aeabi_ldiv0                  
00002035  __aeabi_memclr                 
00002035  __aeabi_memclr4                
00002035  __aeabi_memclr8                
00001d6b  __aeabi_memcpy                 
00001d6b  __aeabi_memcpy4                
00001d6b  __aeabi_memcpy8                
00002037  __aeabi_memset                 
00002037  __aeabi_memset4                
00002037  __aeabi_memset8                
20001394  __aeabi_stderr                 
2000138c  __aeabi_stdin                  
20001390  __aeabi_stdout                 
00001e07  __aeabi_uldivmod               
ffffffff  __binit__                      
ffffffff  __c_args__                     
UNDEFED   __mpu_init                     
2000fe00  __stack                        
00002b79  _c_int00_noargs                
00002dd0  _ctypes_                       
200012c0  _device                        
200011d0  _ftable                        
200013a4  _lock                          
0000112b  _nop                           
20001338  _stream                        
200009d0  _sys_memory                    
UNDEFED   _system_post_cinit             
00002dc9  _system_pre_init               
200013a8  _unlock                        
00002dcd  abort                          
000014c5  aligned_alloc                  
00002801  atoi                           
ffffffff  binit                          
000025ad  close                          
20000000  controlTable                   
00002d09  copysign                       
00002d09  copysignl                      
20000400  data_array                     
200013b4  errno                          
0000284d  exit                           
00002bad  finddevice                     
00001e9d  fputc                          
000015dd  fputs                          
00001af9  free                           
00002421  frexp                          
00002421  frexpl                         
00002485  fseek                          
000029a9  getdevice                      
00000000  interruptVectors               
000016f1  ldexp                          
000016f1  ldexpl                         
00002c61  lseek                          
0000270f  ltoa                           
00001801  main                           
00002db9  malloc                         
000014c5  memalign                       
00002ced  memccpy                        
00002cb1  memchr                         
00001d6b  memcpy                         
0000203d  memset                         
200009c0  parmbuf                        
000023b9  printf                         
00001e9d  putc                           
00002c0d  remove                         
000016f1  scalbn                         
000016f1  scalbnl                        
00001bdd  setvbuf                        
00002d3b  strchr                         
00002d23  strcmp                         
00002d51  strcpy                         
00002d65  strlen                         
00002ad9  strncpy                        
00002c0d  unlink                         
00002d79  wcslen                         
00002c89  write                          


GLOBAL SYMBOLS: SORTED BY Symbol Address 

address   name                           
-------   ----                           
00000000  __TI_static_base__             
00000000  interruptVectors               
000000e5  __TI_printfi                   
00000200  __STACK_SIZE                   
00000800  __SYSMEM_SIZE                  
00000b33  ADC14_IRQHandler               
00000b33  AES256_IRQHandler              
00000b33  BusFault_Handler               
00000b33  COMP_E0_IRQHandler             
00000b33  COMP_E1_IRQHandler             
00000b33  CS_IRQHandler                  
00000b33  DMA_ERR_IRQHandler             
00000b33  DMA_INT0_IRQHandler            
00000b33  DMA_INT2_IRQHandler            
00000b33  DMA_INT3_IRQHandler            
00000b33  DebugMon_Handler               
00000b33  Default_Handler                
00000b33  EUSCIA0_IRQHandler             
00000b33  EUSCIA1_IRQHandler             
00000b33  EUSCIA2_IRQHandler             
00000b33  EUSCIA3_IRQHandler             
00000b33  EUSCIB0_IRQHandler             
00000b33  EUSCIB1_IRQHandler             
00000b33  EUSCIB2_IRQHandler             
00000b33  EUSCIB3_IRQHandler             
00000b33  FLCTL_IRQHandler               
00000b33  FPU_IRQHandler                 
00000b33  HardFault_Handler              
00000b33  MemManage_Handler              
00000b33  NMI_Handler                    
00000b33  PCM_IRQHandler                 
00000b33  PORT1_IRQHandler               
00000b33  PORT2_IRQHandler               
00000b33  PORT3_IRQHandler               
00000b33  PORT4_IRQHandler               
00000b33  PORT5_IRQHandler               
00000b33  PORT6_IRQHandler               
00000b33  PSS_IRQHandler                 
00000b33  PendSV_Handler                 
00000b33  RTC_C_IRQHandler               
00000b33  SVC_Handler                    
00000b33  SysTick_Handler                
00000b33  T32_INT1_IRQHandler            
00000b33  T32_INT2_IRQHandler            
00000b33  T32_INTC_IRQHandler            
00000b33  TA0_0_IRQHandler               
00000b33  TA0_N_IRQHandler               
00000b33  TA1_0_IRQHandler               
00000b33  TA1_N_IRQHandler               
00000b33  TA2_0_IRQHandler               
00000b33  TA2_N_IRQHandler               
00000b33  TA3_0_IRQHandler               
00000b33  TA3_N_IRQHandler               
00000b33  UsageFault_Handler             
00000b33  WDT_A_IRQHandler               
00000f75  __aeabi_dsub                   
00000f7f  __aeabi_dadd                   
0000112b  _nop                           
00001269  __aeabi_ddiv                   
0000139f  __aeabi_idiv0                  
0000139f  __aeabi_ldiv0                  
000014c5  aligned_alloc                  
000014c5  memalign                       
000015dd  fputs                          
000016f1  ldexp                          
000016f1  ldexpl                         
000016f1  scalbn                         
000016f1  scalbnl                        
00001801  main                           
0000190d  __aeabi_dmul                   
00001a09  DMA_setChannelTransfer         
00001af9  free                           
00001bdd  setvbuf                        
00001d6b  __aeabi_memcpy                 
00001d6b  __aeabi_memcpy4                
00001d6b  __aeabi_memcpy8                
00001d6b  memcpy                         
00001e07  __aeabi_uldivmod               
00001e9d  fputc                          
00001e9d  putc                           
00001f29  __aeabi_cdcmpeq                
00001f29  __aeabi_cdcmple                
00001faf  __aeabi_cdrcmple               
00002035  __aeabi_memclr                 
00002035  __aeabi_memclr4                
00002035  __aeabi_memclr8                
00002037  __aeabi_memset                 
00002037  __aeabi_memset4                
00002037  __aeabi_memset8                
0000203d  memset                         
000020b1  SystemInit                     
00002129  __TI_closefile                 
0000227d  HOSTrename                     
000022e9  HOSTlseek                      
00002351  __TI_decompress_lzss           
000023b9  printf                         
00002421  frexp                          
00002421  frexpl                         
00002485  fseek                          
000024e9  __TI_wrt_ok                    
0000254d  HOSTopen                       
000025ad  close                          
00002609  HOSTread                       
00002661  HOSTwrite                      
0000270f  ltoa                           
000027b5  __TI_doflush                   
00002801  atoi                           
0000284d  exit                           
00002895  __aeabi_d2iz                   
000028dd  HOSTclose                      
00002921  HOSTunlink                     
00002965  __TI_auto_init_nobinit_nopinit 
000029a9  getdevice                      
00002a2d  DMA_INT1_IRQHandler            
00002a2d  DMA_INT1_IRQHandler            
00002a69  CRC32_getResult                
00002aa1  __TI_writemsg                  
00002acf  C$$IO$$                        
00002ad9  strncpy                        
00002b11  __TI_cleanup                   
00002b45  __TI_readmsg                   
00002b79  _c_int00_noargs                
00002bad  finddevice                     
00002bdd  __aeabi_i2d                    
00002c0d  remove                         
00002c0d  unlink                         
00002c61  lseek                          
00002c89  write                          
00002cb1  memchr                         
00002ced  memccpy                        
00002d09  copysign                       
00002d09  copysignl                      
00002d23  strcmp                         
00002d3b  strchr                         
00002d51  strcpy                         
00002d65  strlen                         
00002d79  wcslen                         
00002d8b  __TI_decompress_none           
00002d99  Reset_Handler                  
00002da5  __TI_zero_init                 
00002db1  __aeabi_errno_addr             
00002db9  malloc                         
00002dc9  _system_pre_init               
00002dcd  C$$EXIT                        
00002dcd  abort                          
00002dd0  _ctypes_                       
00002f44  __TI_Handler_Table_Base        
00002f50  __TI_Handler_Table_Limit       
00002f58  __TI_CINIT_Base                
00002f68  __TI_CINIT_Limit               
20000000  controlTable                   
20000400  data_array                     
20000800  __CIOBUF_                      
20000920  __TI_tmpnams                   
200009c0  parmbuf                        
200009d0  _sys_memory                    
200011d0  _ftable                        
200012c0  _device                        
20001338  _stream                        
20001388  __TI_ft_end                    
2000138c  __aeabi_stdin                  
20001390  __aeabi_stdout                 
20001394  __aeabi_stderr                 
20001398  __TI_cleanup_ptr               
2000139c  __TI_dtors_ptr                 
200013a0  __TI_enable_exit_profile_output
200013a4  _lock                          
200013a8  _unlock                        
200013b4  errno                          
2000fe00  __stack                        
20010000  __STACK_END                    
4000480c  WDTCTL_SYM                     
ffffffff  __TI_pprof_out_hndl            
ffffffff  __TI_prof_data_size            
ffffffff  __TI_prof_data_start           
ffffffff  __binit__                      
ffffffff  __c_args__                     
ffffffff  binit                          
UNDEFED   __mpu_init                     
UNDEFED   _system_post_cinit             

[180 symbols]
