******************************************************************************
                  TI ARM Linker PC v18.12.4                    
******************************************************************************
>> Linked Wed Apr 29 17:44:56 2020

OUTPUT FILE NAME:   <Lab7_2_4_RTOS.out>
ENTRY POINT SYMBOL: "_c_int00"  address: 00006661


MEMORY CONFIGURATION

         name            origin    length      used     unused   attr    fill
----------------------  --------  ---------  --------  --------  ----  --------
  MAIN                  00000000   00040000  0000b191  00034e6f  R  X
  INFO                  00200000   00004000  00000000  00004000  R  X
  SRAM_CODE             01000000   00010000  0000ad4d  000052b3  RW X
  SRAM_DATA             20000000   00010000  0000ad4d  000052b3  RW  


SEGMENT ALLOCATION MAP

run origin  load origin   length   init length attrs members
----------  ----------- ---------- ----------- ----- -------
00000000    00000000    0000b198   0000b198    r-x
  00000000    00000000    0000003c   0000003c    r-- .resetVecs
  00000040    00000040    00008f4a   00008f4a    r-x .text
  00008f8c    00008f8c    00001f8b   00001f8b    r-- .const
  0000af18    0000af18    00000280   00000280    r-- .cinit
20000140    20000140    00008000   00000000    r--
  20000140    20000140    00008000   00000000    r-- .priheap
20008140    20008140    0000280d   00000000    rw-
  20008140    20008140    000020c4   00000000    rw- .bss
  2000a204    2000a204    00000749   00000000    rw- .data
2000fc00    2000fc00    00000400   00000000    rw-
  2000fc00    2000fc00    00000400   00000000    rw- .stack


SECTION ALLOCATION MAP

 output                                  attributes/
section   page    origin      length       input sections
--------  ----  ----------  ----------   ----------------
.text      0    00000040    00008f4a     
                  00000040    00000a4e     rtsv7M4_T_le_v4SPD16_eabi.lib : _printfi.c.obj (.text:__TI_printfi)
                  00000a8e    00000002     ti_drivers_config.obj (.text:Board_initHook)
                  00000a90    00000430     sysbios.aem4f : BIOS.obj (.text:ti_sysbios_family_arm_m3_Hwi_excDumpRegs__I)
                  00000ec0    00000340     ti.targets.arm.rtsarm.aem4f : System.oem4f (.text:xdc_runtime_System_doPrint__I)
                  00001200    000002f8     drivers_msp432p401x.aem4f : PowerMSP432.oem4f (.text:Power_sleep)
                  000014f8    000002d0                               : UARTMSP432.oem4f (.text:UARTMSP432_open)
                  000017c8    0000028a     msp432p4xx_driverlib.lib : pcm.o (.text:__PCM_setPowerStateAdvanced)
                  00001a52    00000002     dpl_msp432p401x.aem4f : PowerMSP432_tirtos.oem4f (.text:PowerMSP432_initPolicy)
                  00001a54    00000288     drivers_msp432p401x.aem4f : PowerMSP432.oem4f (.text:initPerfControl)
                  00001cdc    00000270     rtsv7M4_T_le_v4SPD16_eabi.lib : _printfi.c.obj (.text:_pconv_a)
                  00001f4c    000001d0                                   : _printfi.c.obj (.text:_pconv_g)
                  0000211c    000001b6                                   : fd_add_t2.asm.obj (.text)
                  000022d2    00000006     ti.targets.arm.rtsarm.aem4f : System.oem4f (.text:xdc_runtime_System_Module_startup__E)
                  000022d8    00000174     sysbios.aem4f : BIOS.obj (.text:ti_sysbios_family_arm_m3_Hwi_excBusFault__I)
                  0000244c    00000004     msp432p4xx_driverlib.lib : cpu.o (.text:CPU_wfi)
                  00002450    00000164     sysbios.aem4f : BIOS.obj (.text:ti_sysbios_family_arm_m3_Hwi_excUsageFault__I)
                  000025b4    0000015c     msp432p4xx_driverlib.lib : pcm.o (.text:__PCM_setPowerModeAdvanced)
                  00002710    00000148     sysbios.aem4f : BIOS.obj (.text:ti_sysbios_family_arm_m3_Hwi_excMemFault__I)
                  00002858    0000013c     rtsv7M4_T_le_v4SPD16_eabi.lib : _printfi.c.obj (.text:_pconv_e)
                  00002994    00000004     dpl_msp432p401x.aem4f : ClockP_tirtos.oem4f (.text:ClockP_setTimeout)
                  00002998    00000138     sysbios.aem4f : BIOS.obj (.text:ti_sysbios_knl_Semaphore_pend__E)
                  00002ad0    00000136     rtsv7M4_T_le_v4SPD16_eabi.lib : fd_div_t2.asm.obj (.text)
                  00002c06    00000002     drivers_msp432p401x.aem4f : UARTMSP432.oem4f (.text:UARTMSP432_init)
                  00002c08    00000124     rtsv7M4_T_le_v4SPD16_eabi.lib : _printfi.c.obj (.text:fcvt)
                  00002d2c    0000011c     msp432p4xx_driverlib.lib : uart.o (.text:UART_initModule)
                  00002e48    00000114     rtsv7M4_T_le_v4SPD16_eabi.lib : fputs.c.obj (.text:fputs)
                  00002f5c    00000110                                   : s_scalbn.c.obj (.text:scalbn)
                  0000306c    00000108     msp432p4xx_driverlib.lib : pcm.o (.text:__PCM_setCoreVoltageLevelAdvanced)
                  00003174    00000004     dpl_msp432p401x.aem4f : ClockP_tirtos.oem4f (.text:ClockP_start)
                  00003178    00000108     sysbios.aem4f : BIOS.obj (.text:ti_sysbios_family_arm_m3_Hwi_excFillContext__I)
                  00003280    00000108                   : BIOS.obj (.text:ti_sysbios_family_arm_m3_Hwi_excHandlerMax__I)
                  00003388    00000106     hello_pem4f.oem4f (.text:xdc_runtime_System_printfExtend__I)
                  0000348e    000000fc     rtsv7M4_T_le_v4SPD16_eabi.lib : fd_mul_t2.asm.obj (.text)
                  0000358a    00000002                                   : _lock.c.obj (.text:_nop)
                  0000358c    000000fc     ti.targets.arm.rtsarm.aem4f : Startup.oem4f (.text:xdc_runtime_Startup_startMods__I)
                  00003688    000000f0     sysbios.aem4f : m3_Hwi_asm.obj (.text:ti_sysbios_family_arm_m3_Hwi_dispatch__I)
                  00003778    000000e8     ti.targets.arm.rtsarm.aem4f : Core-mem.oem4f (.text:xdc_runtime_Core_createObject__I)
                  00003860    000000e8                                 : Error.oem4f (.text:xdc_runtime_Error_policyDefault__E)
                  00003948    000000e4     msp432p4xx_driverlib.lib : cs.o (.text:CS_startHFXTWithTimeout)
                  00003a2c    000000e0                              : cs.o (.text:CS_startLFXTWithTimeout)
                  00003b0c    000000dc     drivers_msp432p401x.aem4f : UARTMSP432.oem4f (.text:UARTMSP432_readPolling)
                  00003be8    000000dc     msp432p4xx_driverlib.lib : cs.o (.text:_CSGetHFXTFrequency)
                  00003cc4    000000dc     rtsv7M4_T_le_v4SPD16_eabi.lib : setvbuf.c.obj (.text:setvbuf)
                  00003da0    000000d4     hello.obj (.text:task1)
                  00003e74    000000d4     hello.obj (.text:task2)
                  00003f48    000000cc     ti.targets.arm.rtsarm.aem4f : Core-smem.oem4f (.text:xdc_runtime_Core_constructObject__I)
                  00004014    000000ca     drivers_msp432p401x.aem4f : UARTMSP432.oem4f (.text:UARTMSP432_hwiIntFxn)
                  000040de    00000002     rtsv7M4_T_le_v4SPD16_eabi.lib : div0.asm.obj (.text)
                  000040e0    000000c8     sysbios.aem4f : BIOS.obj (.text:ti_sysbios_family_arm_msp432_init_Boot_setupCS)
                  000041a8    000000c4                   : BIOS.obj (.text:ti_sysbios_knl_Task_Instance_init__E)
                  0000426c    00000004     dpl_msp432p401x.aem4f : ClockP_tirtos.oem4f (.text:ClockP_stop)
                  00004270    000000bc     sysbios.aem4f : BIOS.obj (.text:ti_sysbios_family_arm_m3_Hwi_excDebugMon__I)
                  0000432c    00000004     dpl_msp432p401x.aem4f : HwiP_tirtos.oem4f (.text:HwiP_disable)
                  00004330    000000bc     sysbios.aem4f : BIOS.obj (.text:ti_sysbios_family_arm_m3_Hwi_excHardFault__I)
                  000043ec    00000004     dpl_msp432p401x.aem4f : SemaphoreP_tirtos.oem4f (.text:SemaphoreP_post)
                  000043f0    000000bc     sysbios.aem4f : BIOS.obj (.text:ti_sysbios_knl_Task_Instance_finalize__E)
                  000044ac    000000b8     drivers_msp432p401x.aem4f : UARTMSP432.oem4f (.text:initHw)
                  00004564    000000b8                               : UARTMSP432.oem4f (.text:readTaskCallback)
                  0000461c    000000b4                               : UARTMSP432.oem4f (.text:UARTMSP432_control)
                  000046d0    000000b4                               : UARTMSP432.oem4f (.text:UARTMSP432_writePolling)
                  00004784    00000004     rtsv7M4_T_le_v4SPD16_eabi.lib : printf.c.obj (.text:_outc)
                  00004788    000000b4     sysbios.aem4f : BIOS.obj (.text:ti_sysbios_knl_Task_checkStacks__E)
                  0000483c    000000b1     rtsv7M4_T_le_v4SPD16_eabi.lib : _printfi.c.obj (.text:_ltostr)
                  000048ed    00000001     --HOLE-- [fill = 0]
                  000048ee    00000002     hello_pem4f.oem4f (.text:ti_sysbios_BIOS_nullFunc__I)
                  000048f0    000000ac     sysbios.aem4f : BIOS.obj (.text:ti_sysbios_family_arm_m3_Hwi_Instance_init__E)
                  0000499c    000000a8     drivers_msp432p401x.aem4f : UARTMSP432.oem4f (.text:UARTMSP432_write)
                  00004a44    000000a8                               : UARTMSP432.oem4f (.text:readTaskBlocking)
                  00004aec    00000004     rtsv7M4_T_le_v4SPD16_eabi.lib : printf.c.obj (.text:_outs)
                  00004af0    000000a8     sysbios.aem4f : BIOS.obj (.text:ti_sysbios_family_arm_msp432_Timer_periodicStub__E)
                  00004b98    000000a4     hello.obj (.text:task3)
                  00004c3c    000000a2     ti.targets.arm.rtsarm.aem4f : Text.oem4f (.text:xdc_runtime_Text_putSite__E)
                  00004cde    00000002     --HOLE-- [fill = 0]
                  00004ce0    000000a0     auto_init.aem4f : auto_init.oem4f (.text)
                  00004d80    000000a0     drivers_msp432p401x.aem4f : UARTMSP432.oem4f (.text:readIsrTextCallback)
                  00004e20    0000009c                               : PowerMSP432.oem4f (.text:Power_init)
                  00004ebc    0000009c     rtsv7M4_T_le_v4SPD16_eabi.lib : memcpy_t2.asm.obj (.text)
                  00004f58    00000098     hello.obj (.text:main)
                  00004ff0    00000096     rtsv7M4_T_le_v4SPD16_eabi.lib : ull_div_t2.asm.obj (.text)
                  00005086    00000002     --HOLE-- [fill = 0]
                  00005088    00000094     sysbios.aem4f : BIOS.obj (.text:ti_sysbios_family_arm_m3_Hwi_initNVIC__E)
                  0000511c    00000092     drivers_msp432p401x.aem4f : UARTMSP432.oem4f (.text:UARTMSP432_close)
                  000051ae    00000092                               : UARTMSP432.oem4f (.text:writeData)
                  00005240    0000008c     rtsv7M4_T_le_v4SPD16_eabi.lib : fputc.c.obj (.text:fputc)
                  000052cc    0000008c     drivers_msp432p401x.aem4f : UARTMSP432.oem4f (.text:readIsrTextBlocking)
                  00005358    0000008c     sysbios.aem4f : m3_TaskSupport_asm.obj (.text:ti_sysbios_family_arm_m3_TaskSupport_buildTaskStack)
                  000053e4    00000004     rtsv7M4_T_le_v4SPD16_eabi.lib : exit.c.obj (.text:abort:abort)
                  000053e8    0000008c     sysbios.aem4f : BIOS.obj (.text:ti_sysbios_knl_Task_postInit__I)
                  00005474    00000086     rtsv7M4_T_le_v4SPD16_eabi.lib : fd_cmp_t2.asm.obj (.text:__aeabi_cdcmple)
                  000054fa    00000086                                   : fd_cmp_t2.asm.obj (.text:__aeabi_cdrcmple)
                  00005580    00000084     msp432p4xx_driverlib.lib : pcm.o (.text:PCM_gotoLPM3)
                  00005604    00000084     drivers_msp432p401x.aem4f : PowerMSP432.oem4f (.text:restartHFXT)
                  00005688    00000084     sysbios.aem4f : BIOS.obj (.text:ti_sysbios_family_arm_m3_Hwi_postInit__I)
                  0000570c    00000004     hello_pem4f.oem4f (.text:ti_sysbios_BIOS_RtsGateProxy_enter__E)
                  00005710    00000084     sysbios.aem4f : BIOS.obj (.text:ti_sysbios_heaps_HeapMem_free__E)
                  00005794    00000004     hello_pem4f.oem4f (.text:ti_sysbios_BIOS_RtsGateProxy_leave__E)
                  00005798    00000080     sysbios.aem4f : BIOS.obj (.text:ti_sysbios_knl_Clock_workFunc__E)
                  00005818    0000007a     rtsv7M4_T_le_v4SPD16_eabi.lib : memset_t2.asm.obj (.text)
                  00005892    00000004     hello_pem4f.oem4f (.text:ti_sysbios_family_arm_m3_Hwi_delete)
                  00005896    00000002     --HOLE-- [fill = 0]
                  00005898    0000007a     sysbios.aem4f : BIOS.obj (.text:ti_sysbios_heaps_HeapMem_allocUnprotected__E)
                  00005912    00000004     hello_pem4f.oem4f (.text:ti_sysbios_family_arm_m3_TaskSupport_Module__startupDone__S)
                  00005916    00000002     --HOLE-- [fill = 0]
                  00005918    00000078     sysbios.aem4f : BIOS.obj (.text:ti_sysbios_heaps_HeapMem_initPrimary__I)
                  00005990    00000074     rtsv7M4_T_le_v4SPD16_eabi.lib : fclose.c.obj (.text:__TI_closefile)
                  00005a04    00000074     ti.targets.arm.rtsarm.aem4f : Error.oem4f (.text:xdc_runtime_Error_print__E)
                  00005a78    00000074                                 : Text.oem4f (.text:xdc_runtime_Text_putMod__E)
                  00005aec    00000070     drivers_msp432p401x.aem4f : UARTMSP432.oem4f (.text:UARTMSP432_writeCancel)
                  00005b5c    00000004     hello_pem4f.oem4f (.text:ti_sysbios_heaps_HeapMem_Module_GateProxy_enter__E)
                  00005b60    00000070     sysbios.aem4f : BIOS.obj (.text:ti_sysbios_knl_Task_exit__E)
                  00005bd0    00000070     ti.targets.arm.rtsarm.aem4f : Memory.oem4f (.text:xdc_runtime_Memory_alloc__E)
                  00005c40    0000006e     rtsv7M4_T_le_v4SPD16_eabi.lib : _printfi.c.obj (.text:_mcpy)
                  00005cae    00000002     --HOLE-- [fill = 0]
                  00005cb0    0000006d     ti.targets.arm.rtsarm.aem4f : System.oem4f (.text:xdc_runtime_System_formatNum__I)
                  00005d1d    00000003     --HOLE-- [fill = 0]
                  00005d20    0000006c     rtsv7M4_T_le_v4SPD16_eabi.lib : hostrename.c.obj (.text:HOSTrename)
                  00005d8c    00000004     hello_pem4f.oem4f (.text:ti_sysbios_heaps_HeapMem_Module_GateProxy_leave__E)
                  00005d90    0000006c     sysbios.aem4f : BIOS.obj (.text:ti_sysbios_knl_Swi_restoreHwi__E)
                  00005dfc    00000068     rtsv7M4_T_le_v4SPD16_eabi.lib : hostlseek.c.obj (.text:HOSTlseek)
                  00005e64    00000068     drivers_msp432p401x.aem4f : PowerMSP432.oem4f (.text:PowerMSP432_getFreqs)
                  00005ecc    00000068     rtsv7M4_T_le_v4SPD16_eabi.lib : copy_decompress_lzss.c.obj (.text:decompress:lzss:__TI_decompress_lzss)
                  00005f34    00000068                                   : printf.c.obj (.text:printf)
                  00005f9c    00000066     ti.targets.arm.rtsarm.aem4f : Core-mem.oem4f (.text:xdc_runtime_Core_deleteObject__I)
                  00006002    00000002     --HOLE-- [fill = 0]
                  00006004    00000064     rtsv7M4_T_le_v4SPD16_eabi.lib : s_frexp.c.obj (.text:frexp)
                  00006068    00000064                                   : fseek.c.obj (.text:fseek)
                  000060cc    00000004     hello_pem4f.oem4f (.text:ti_sysbios_knl_Clock_TimerProxy_getMaxTicks__E)
                  000060d0    00000064     sysbios.aem4f : BIOS.obj (.text:ti_sysbios_family_arm_m3_Hwi_dispatchC__I)
                  00006134    00000062     rtsv7M4_T_le_v4SPD16_eabi.lib : _io_perm.c.obj (.text:__TI_wrt_ok)
                  00006196    00000002     --HOLE-- [fill = 0]
                  00006198    00000060                                   : hostopen.c.obj (.text:HOSTopen)
                  000061f8    00000060     sysbios.aem4f : BIOS.obj (.text:ti_sysbios_knl_Semaphore_post__E)
                  00006258    00000060                   : BIOS.obj (.text:ti_sysbios_knl_Task_schedule__I)
                  000062b8    0000005f     ti.targets.arm.rtsarm.aem4f : Text.oem4f (.text:xdc_runtime_Text_putLab__E)
                  00006317    00000001     --HOLE-- [fill = 0]
                  00006318    0000005e     msp432p4xx_driverlib.lib : pcm.o (.text:PCM_getCoreVoltageLevel)
                  00006376    00000002     --HOLE-- [fill = 0]
                  00006378    0000005c     rtsv7M4_T_le_v4SPD16_eabi.lib : close.c.obj (.text:close)
                  000063d4    00000004     hello_pem4f.oem4f (.text:ti_sysbios_knl_Clock_delete)
                  000063d8    0000005c     sysbios.aem4f : BIOS.obj (.text:ti_sysbios_knl_Swi_run__I)
                  00006434    00000004     hello_pem4f.oem4f (.text:ti_sysbios_knl_Semaphore_delete)
                  00006438    0000005c     sysbios.aem4f : BIOS.obj (.text:ti_sysbios_knl_Swi_schedule__I)
                  00006494    00000004     ti.targets.arm.rtsarm.aem4f : Error.oem4f (.text:xdc_runtime_Error_getSite__E)
                  00006498    0000005c     sysbios.aem4f : BIOS.obj (.text:ti_sysbios_knl_Task_Module_startup__E)
                  000064f4    00000004     hello_pem4f.oem4f (.text:xdc_runtime_System_Module_GateProxy_enter__E)
                  000064f8    0000005c     sysbios.aem4f : BIOS.obj (.text:ti_sysbios_knl_Task_startCore__E)
                  00006554    0000005a     msp432p4xx_driverlib.lib : pcm.o (.text:PCM_getPowerMode)
                  000065ae    00000002     --HOLE-- [fill = 0]
                  000065b0    00000058     rtsv7M4_T_le_v4SPD16_eabi.lib : hostread.c.obj (.text:HOSTread)
                  00006608    00000058                                   : hostwrite.c.obj (.text:HOSTwrite)
                  00006660    00000058     boot.aem4f : boot.oem4f (.text)
                  000066b8    00000058     drivers_msp432p401x.aem4f : UARTMSP432.oem4f (.text:readIsrBinaryBlocking)
                  00006710    00000058     sysbios.aem4f : m3_Hwi_asm_switch.obj (.text:ti_sysbios_family_arm_m3_Hwi_initStacks__E)
                  00006768    00000058                   : BIOS.obj (.text:ti_sysbios_heaps_HeapMem_alloc__E)
                  000067c0    00000056     rtsv7M4_T_le_v4SPD16_eabi.lib : _printfi.c.obj (.text:_pconv_f)
                  00006816    00000002     --HOLE-- [fill = 0]
                  00006818    00000054     msp432p4xx_driverlib.lib : pcm.o (.text:PCM_shutdownDevice)
                  0000686c    00000054     rtsv7M4_T_le_v4SPD16_eabi.lib : ltoa.c.obj (.text:ltoa)
                  000068c0    00000054     hello_pem4f.oem4f (.text:ti_sysbios_family_arm_m3_Hwi_create)
                  00006914    00000004     hello_pem4f.oem4f (.text:xdc_runtime_System_Module_GateProxy_leave__E)
                  00006918    00000054     sysbios.aem4f : BIOS.obj (.text:ti_sysbios_family_arm_msp432_Timer_initDevice__I)
                  0000696c    00000052     rtsv7M4_T_le_v4SPD16_eabi.lib : _printfi.c.obj (.text:_ecpy)
                  000069be    00000002     --HOLE-- [fill = 0]
                  000069c0    00000050     dpl_msp432p401x.aem4f : ClockP_tirtos.oem4f (.text:ClockP_create)
                  00006a10    00000050     sysbios.aem4f : BIOS.obj (.text:ti_sysbios_family_arm_m3_Hwi_Module_startup__E)
                  00006a60    00000050     ti.targets.arm.rtsarm.aem4f : Startup.oem4f (.text:xdc_runtime_Startup_exec__E)
                  00006ab0    00000050                                 : Text.oem4f (.text:xdc_runtime_Text_visitRope2__I)
                  00006b00    0000004c     dpl_msp432p401x.aem4f : PowerMSP432_tirtos.oem4f (.text:PowerMSP432_sleepPolicy)
                  00006b4c    0000004c     rtsv7M4_T_le_v4SPD16_eabi.lib : fflush.c.obj (.text:__TI_doflush)
                  00006b98    0000004c                                   : atoi.c.obj (.text:atoi)
                  00006be4    0000004c                                   : cpy_tbl.c.obj (.text:copy_in)
                  00006c30    0000004c     drivers_msp432p401x.aem4f : UARTMSP432.oem4f (.text:readIsrBinaryCallback)
                  00006c7c    00000004     ti.targets.arm.rtsarm.aem4f : System.oem4f (.text:xdc_runtime_System_aprintf_va__F)
                  00006c80    0000004c     sysbios.aem4f : BIOS.obj (.text:ti_sysbios_family_arm_msp432_Timer_start__E)
                  00006ccc    00000004     ti.targets.arm.rtsarm.aem4f : System.oem4f (.text:xdc_runtime_System_printf_va__F)
                  00006cd0    0000004c     sysbios.aem4f : BIOS.obj (.text:ti_sysbios_heaps_HeapMem_getStats__E)
                  00006d1c    00000004     --HOLE-- [fill = 0]
                  00006d20    0000004c                   : BIOS.obj (.text:ti_sysbios_knl_Swi_runLoop__I)
                  00006d6c    00000004     --HOLE-- [fill = 0]
                  00006d70    0000004c                   : BIOS.obj (.text:ti_sysbios_knl_Task_allBlockedFunction__I)
                  00006dbc    0000004c     hello_pem4f.oem4f (.text:ti_sysbios_knl_Task_construct)
                  00006e08    0000004c     ti.targets.arm.rtsarm.aem4f : Assert.oem4f (.text:xdc_runtime_Assert_raise__I)
                  00006e54    00000048     rtsv7M4_T_le_v4SPD16_eabi.lib : hosttime.c.obj (.text:HOSTtime)
                  00006e9c    00000048     drivers_msp432p401x.aem4f : PowerMSP432.oem4f (.text:Power_releaseConstraint)
                  00006ee4    00000048     rtsv7M4_T_le_v4SPD16_eabi.lib : exit.c.obj (.text:exit)
                  00006f2c    00000048                                   : fd_toi_t2.asm.obj (.text)
                  00006f74    00000004     --HOLE-- [fill = 0]
                  00006f78    00000048     sysbios.aem4f : BIOS.obj (.text:ti_sysbios_family_arm_m3_Hwi_disableInterrupt__E)
                  00006fc0    00000048                   : BIOS.obj (.text:ti_sysbios_family_arm_m3_Hwi_enableInterrupt__E)
                  00007008    00000048                   : BIOS.obj (.text:ti_sysbios_family_arm_m3_Hwi_excReserved__I)
                  00007050    00000048     ti.targets.arm.rtsarm.aem4f : Core-params.oem4f (.text:xdc_runtime_Core_assignParams__I)
                  00007098    00000046     drivers_msp432p401x.aem4f : RingBuf.oem4f (.text:RingBuf_put)
                  000070de    00000002     --HOLE-- [fill = 0]
                  000070e0    00000044     rtsv7M4_T_le_v4SPD16_eabi.lib : hostclose.c.obj (.text:HOSTclose)
                  00007124    00000044                                   : hostunlink.c.obj (.text:HOSTunlink)
                  00007168    00000044     drivers_msp432p401x.aem4f : UART.oem4f (.text:UART_init)
                  000071ac    00000044     rtsv7M4_T_le_v4SPD16_eabi.lib : getdevice.c.obj (.text:getdevice)
                  000071f0    00000044     sysbios.aem4f : BIOS.obj (.text:ti_sysbios_family_arm_m3_Hwi_getStackInfo__E)
                  00007234    00000004     --HOLE-- [fill = 0]
                  00007238    00000044                   : BIOS.obj (.text:ti_sysbios_knl_Swi_post__E)
                  0000727c    00000044     ti.targets.arm.rtsarm.aem4f : Error.oem4f (.text:xdc_runtime_Error_setX__E)
                  000072c0    00000044                                 : SysMin.oem4f (.text:xdc_runtime_SysMin_flush__E)
                  00007304    00000044                                 : Text.oem4f (.text:xdc_runtime_Text_xprintf__I)
                  00007348    00000040     dpl_msp432p401x.aem4f : HwiP_tirtos.oem4f (.text:HwiP_create)
                  00007388    00000040     drivers_msp432p401x.aem4f : RingBuf.oem4f (.text:RingBuf_get)
                  000073c8    00000040                               : UARTMSP432.oem4f (.text:UARTMSP432_read)
                  00007408    00000040                               : UART.oem4f (.text:UART_open)
                  00007448    00000040                               : UARTMSP432.oem4f (.text:perfChangeNotifyFxn)
                  00007488    00000040     rtsv7M4_T_le_v4SPD16_eabi.lib : u_divt2.asm.obj (.text)
                  000074c8    00000040                                   : sprintf.c.obj (.text:sprintf)
                  00007508    00000040     sysbios.aem4f : BIOS.obj (.text:ti_sysbios_family_arm_msp432_Timer_Module_startup__E)
                  00007548    00000040                   : BIOS.obj (.text:ti_sysbios_family_arm_msp432_Timer_startup__E)
                  00007588    00000040                   : BIOS.obj (.text:ti_sysbios_heaps_HeapMem_Instance_init__E)
                  000075c8    00000040                   : BIOS.obj (.text:ti_sysbios_knl_Task_yield__E)
                  00007608    0000003e     rtsv7M4_T_le_v4SPD16_eabi.lib : _printfi.c.obj (.text:_fcpy)
                  00007646    00000002     --HOLE-- [fill = 0]
                  00007648    0000003c     dpl_msp432p401x.aem4f : SemaphoreP_tirtos.oem4f (.text:SemaphoreP_create)
                  00007684    00000004     --HOLE-- [fill = 0]
                  00007688    0000003c     sysbios.aem4f : BIOS.obj (.text:ti_sysbios_family_arm_m3_Hwi_Instance_finalize__E)
                  000076c4    00000004     --HOLE-- [fill = 0]
                  000076c8    0000003c                   : BIOS.obj (.text:ti_sysbios_family_arm_m3_Hwi_excSvCall__I)
                  00007704    00000004     --HOLE-- [fill = 0]
                  00007708    0000003c                   : BIOS.obj (.text:ti_sysbios_knl_Clock_Instance_init__E)
                  00007744    0000003c     hello_pem4f.oem4f (.text:ti_sysbios_knl_Clock_create)
                  00007780    0000003c     sysbios.aem4f : BIOS.obj (.text:ti_sysbios_knl_Swi_restore__E)
                  000077bc    00000038     drivers_msp432p401x.aem4f : PowerMSP432.oem4f (.text:Power_setConstraint)
                  000077f4    00000038     rtsv7M4_T_le_v4SPD16_eabi.lib : trgmsg.c.obj (.text:__TI_writemsg)
                  0000782c    00000038     drivers_msp432p401x.aem4f : PowerMSP432.oem4f (.text:notify)
                  00007864    00000004     --HOLE-- [fill = 0]
                  00007868    00000038     sysbios.aem4f : BIOS.obj (.text:ti_sysbios_family_arm_m3_Hwi_excNoIsr__I)
                  000078a0    00000038     ti.targets.arm.rtsarm.aem4f : System.oem4f (.text:xdc_runtime_System_atexit__E)
                  000078d8    00000036     drivers_msp432p401x.aem4f : UARTMSP432.oem4f (.text:UARTMSP432_readCancel)
                  0000790e    00000036     rtsv7M4_T_le_v4SPD16_eabi.lib : strncpy.c.obj (.text:strncpy)
                  00007944    00000034                                   : fopen.c.obj (.text:__TI_cleanup)
                  00007978    00000034                                   : trgmsg.c.obj (.text:__TI_readmsg)
                  000079ac    00000004     --HOLE-- [fill = 0]
                  000079b0    00000034     sysbios.aem4f : BIOS.obj (.text:ti_sysbios_family_arm_m3_Hwi_excNmi__I)
                  000079e4    00000004     --HOLE-- [fill = 0]
                  000079e8    00000034                   : BIOS.obj (.text:ti_sysbios_family_arm_msp432_init_Boot_configureClocksHigh)
                  00007a1c    00000004     --HOLE-- [fill = 0]
                  00007a20    00000034                   : BIOS.obj (.text:ti_sysbios_hal_Hwi_checkStack)
                  00007a54    00000034     hello_pem4f.oem4f (.text:ti_sysbios_knl_Semaphore_create)
                  00007a88    00000034     ti.targets.arm.rtsarm.aem4f : SysMin.oem4f (.text:xdc_runtime_SysMin_abort__E)
                  00007abc    00000034                                 : SysMin.oem4f (.text:xdc_runtime_SysMin_putch__E)
                  00007af0    00000032     sysbios.aem4f : BIOS.obj (.text:ti_sysbios_hal_Hwi_initStack)
                  00007b22    00000002     --HOLE-- [fill = 0]
                  00007b24    00000030     rtsv7M4_T_le_v4SPD16_eabi.lib : getdevice.c.obj (.text:finddevice)
                  00007b54    00000030     drivers_msp432p401x.aem4f : UARTMSP432.oem4f (.text:mapPin)
                  00007b84    00000030     hello_pem4f.oem4f (.text:ti_sysbios_BIOS_atExitFunc__I)
                  00007bb4    00000030     hello_pem4f.oem4f (.text:ti_sysbios_BIOS_startFunc__I)
                  00007be4    00000004     --HOLE-- [fill = 0]
                  00007be8    00000030     sysbios.aem4f : BIOS.obj (.text:ti_sysbios_family_arm_m3_TaskSupport_start__E)
                  00007c18    00000030                   : BIOS.obj (.text:ti_sysbios_family_arm_msp432_Timer_setPeriod__E)
                  00007c48    00000030     hello_pem4f.oem4f (.text:ti_sysbios_gates_GateHwi_Object__create__S)
                  00007c78    00000030     hello_pem4f.oem4f (.text:ti_sysbios_gates_GateMutex_Object__create__S)
                  00007ca8    00000030     sysbios.aem4f : BIOS.obj (.text:ti_sysbios_gates_GateMutex_enter__E)
                  00007cd8    00000030     hello_pem4f.oem4f (.text:ti_sysbios_heaps_HeapMem_Object__create__S)
                  00007d08    00000030     hello_pem4f.oem4f (.text:ti_sysbios_knl_Semaphore_construct)
                  00007d38    00000030     sysbios.aem4f : BIOS.obj (.text:ti_sysbios_knl_Semaphore_pendTimeout__I)
                  00007d68    00000030                   : BIOS.obj (.text:ti_sysbios_knl_Task_processVitalTaskFlag__I)
                  00007d98    00000030                   : BIOS.obj (.text:ti_sysbios_knl_Task_restore__E)
                  00007dc8    00000030                   : BIOS.obj (.text:ti_sysbios_knl_Task_unblockI__E)
                  00007df8    00000030     hello_pem4f.oem4f (.text:xdc_runtime_Error_policyLog__I)
                  00007e28    00000030     ti.targets.arm.rtsarm.aem4f : System.oem4f (.text:xdc_runtime_System_processAtExit__E)
                  00007e58    0000002f                                 : Text.oem4f (.text:xdc_runtime_Text_printVisFxn__I)
                  00007e87    00000001     --HOLE-- [fill = 0]
                  00007e88    0000002e     rtsv7M4_T_le_v4SPD16_eabi.lib : i_tofd_t2.asm.obj (.text)
                  00007eb6    0000002e     hello_pem4f.oem4f (.text:ti_sysbios_rts_MemAlloc_alloc)
                  00007ee4    0000002c     dpl_msp432p401x.aem4f : PowerMSP432_tirtos.oem4f (.text:PowerMSP432_updateFreqs)
                  00007f10    0000002c     msp432p4xx_driverlib.lib : rtc_c.o (.text:RTC_C_holdClock)
                  00007f3c    0000002c     hello_pem4f.oem4f (.text:ti_sysbios_family_arm_m3_Hwi_Handle__label__S)
                  00007f68    0000002c     hello_pem4f.oem4f (.text:ti_sysbios_gates_GateHwi_Handle__label__S)
                  00007f94    0000002c     hello_pem4f.oem4f (.text:ti_sysbios_gates_GateMutex_Handle__label__S)
                  00007fc0    0000002c     hello_pem4f.oem4f (.text:ti_sysbios_heaps_HeapMem_Handle__label__S)
                  00007fec    0000002c     hello_pem4f.oem4f (.text:ti_sysbios_knl_Clock_doTick__I)
                  00008018    0000002c     hello_pem4f.oem4f (.text:ti_sysbios_knl_Queue_construct)
                  00008044    0000002c     hello_pem4f.oem4f (.text:ti_sysbios_knl_Swi_Handle__label__S)
                  00008070    0000002c     hello_pem4f.oem4f (.text:ti_sysbios_knl_Task_Handle__label__S)
                  0000809c    0000002c     rtsv7M4_T_le_v4SPD16_eabi.lib : unlink.c.obj (.text:unlink)
                  000080c8    0000002c     ti.targets.arm.rtsarm.aem4f : System.oem4f (.text:xdc_runtime_System_putchar__I)
                  000080f4    00000028     msp432p4xx_driverlib.lib : pcm.o (.text:PCM_gotoLPM0)
                  0000811c    00000028     drivers_msp432p401x.aem4f : PowerMSP432.oem4f (.text:Power_registerNotify)
                  00008144    00000028                               : PowerMSP432.oem4f (.text:disableFaultCounter)
                  0000816c    00000028                               : PowerMSP432.oem4f (.text:disableHFXT)
                  00008194    00000028                               : UARTMSP432.oem4f (.text:findBaudDividerIndex)
                  000081bc    00000028     rtsv7M4_T_le_v4SPD16_eabi.lib : lseek.c.obj (.text:lseek)
                  000081e4    00000028     sysbios.aem4f : m3_Hwi_asm.obj (.text:ti_sysbios_family_arm_m3_Hwi_excHandlerAsm__I)
                  0000820c    00000004     --HOLE-- [fill = 0]
                  00008210    00000028                   : BIOS.obj (.text:ti_sysbios_knl_Clock_addI__E)
                  00008238    00000028                   : BIOS.obj (.text:ti_sysbios_knl_Swi_Module_startup__E)
                  00008260    00000028     rtsv7M4_T_le_v4SPD16_eabi.lib : write.c.obj (.text:write)
                  00008288    00000028     ti.targets.arm.rtsarm.aem4f : System.oem4f (.text:xdc_runtime_System_avprintf__E)
                  000082b0    00000026     drivers_msp432p401x.aem4f : List.oem4f (.text:List_put)
                  000082d6    00000026                               : List.oem4f (.text:List_remove)
                  000082fc    00000026     sysbios.aem4f : m3_Hwi_asm.obj (.text:ti_sysbios_family_arm_m3_Hwi_pendSV__I)
                  00008322    00000026     ti.targets.arm.rtsarm.aem4f : System.oem4f (.text:xdc_runtime_System_vprintf__E)
                  00008348    00000024     msp432p4xx_driverlib.lib : wdt_a.o (.text:WDT_A_holdTimer)
                  0000836c    00000024     hello_pem4f.oem4f (.text:ti_sysbios_BIOS_errorRaiseHook__I)
                  00008390    00000024     hello_pem4f.oem4f (.text:ti_sysbios_BIOS_registerRTSLock__I)
                  000083b4    00000024     hello_pem4f.oem4f (.text:ti_sysbios_BIOS_removeRTSLock__I)
                  000083d8    00000024     sysbios.aem4f : BIOS.obj (.text:ti_sysbios_family_arm_msp432_ClockFreqs_setFrequency__E)
                  000083fc    00000004     --HOLE-- [fill = 0]
                  00008400    00000024                   : BIOS.obj (.text:ti_sysbios_family_arm_msp432_Timer_postInit__I)
                  00008424    00000024     hello_pem4f.oem4f (.text:ti_sysbios_gates_GateMutex_Object__delete__S)
                  00008448    00000024     sysbios.aem4f : BIOS.obj (.text:ti_sysbios_knl_Clock_Module_startup__E)
                  0000846c    00000024     hello_pem4f.oem4f (.text:ti_sysbios_knl_Clock_Object__delete__S)
                  00008490    00000024     sysbios.aem4f : BIOS.obj (.text:ti_sysbios_knl_Clock_start__E)
                  000084b4    00000004     --HOLE-- [fill = 0]
                  000084b8    00000024                   : BIOS.obj (.text:ti_sysbios_knl_Semaphore_Instance_init__E)
                  000084dc    00000024     hello_pem4f.oem4f (.text:ti_sysbios_knl_Semaphore_Object__delete__S)
                  00008500    00000024     sysbios.aem4f : BIOS.obj (.text:ti_sysbios_knl_Task_restoreHwi__E)
                  00008524    00000022     hello_pem4f.oem4f (.text:xdc_runtime_SysMin_output__I)
                  00008546    00000002     --HOLE-- [fill = 0]
                  00008548    00000020     msp432p4xx_driverlib.lib : cs.o (.text:CS_setExternalClockSourceFrequency)
                  00008568    00000020     drivers_msp432p401x.aem4f : PowerMSP432.oem4f (.text:Power_unregisterNotify)
                  00008588    00000020                               : RingBuf.oem4f (.text:RingBuf_peek)
                  000085a8    00000020     rtsv7M4_T_le_v4SPD16_eabi.lib : memchr.c.obj (.text:memchr)
                  000085c8    00000020     hello_pem4f.oem4f (.text:ti_sysbios_BIOS_rtsLock__I)
                  000085e8    00000020     hello_pem4f.oem4f (.text:ti_sysbios_family_arm_m3_Hwi_Object__delete__S)
                  00008608    00000020     hello_pem4f.oem4f (.text:ti_sysbios_gates_GateHwi_Object__delete__S)
                  00008628    00000020     hello_pem4f.oem4f (.text:ti_sysbios_heaps_HeapMem_Object__delete__S)
                  00008648    00000020     sysbios.aem4f : BIOS.obj (.text:ti_sysbios_knl_Idle_run__E)
                  00008668    00000020     hello_pem4f.oem4f (.text:ti_sysbios_knl_Semaphore_destruct)
                  00008688    00000020     ti.targets.arm.rtsarm.aem4f : SysMin.oem4f (.text:xdc_runtime_SysMin_Module_startup__E)
                  000086a8    0000001e     sysbios.aem4f : m3_Hwi_asm_switch.obj (.text:ti_sysbios_family_xxx_Hwi_switchAndRunFunc)
                  000086c6    0000001c     rtsv7M4_T_le_v4SPD16_eabi.lib : memccpy.c.obj (.text:memccpy)
                  000086e2    00000006     --HOLE-- [fill = 0]
                  000086e8    0000001c     sysbios.aem4f : BIOS.obj (.text:ti_sysbios_family_arm_m3_Hwi_excHandler__I)
                  00008704    00000004     --HOLE-- [fill = 0]
                  00008708    0000001c                   : BIOS.obj (.text:ti_sysbios_gates_GateMutex_Instance_init__E)
                  00008724    00000004     --HOLE-- [fill = 0]
                  00008728    0000001c                   : BIOS.obj (.text:ti_sysbios_knl_Clock_Instance_finalize__E)
                  00008744    0000001c     hello_pem4f.oem4f (.text:ti_sysbios_knl_Queue_destruct)
                  00008760    0000001c     sysbios.aem4f : BIOS.obj (.text:ti_sysbios_knl_Queue_put__E)
                  0000877c    00000004     --HOLE-- [fill = 0]
                  00008780    0000001c                   : BIOS.obj (.text:ti_sysbios_knl_Task_enter__I)
                  0000879c    0000001c     ti.targets.arm.rtsarm.aem4f : Error.oem4f (.text:xdc_runtime_Error_check__E)
                  000087b8    0000001c                                 : Error.oem4f (.text:xdc_runtime_Error_raiseX__E)
                  000087d4    0000001c                                 : Memory.oem4f (.text:xdc_runtime_Memory_valloc__E)
                  000087f0    0000001c                                 : Registry.oem4f (.text:xdc_runtime_Registry_findById__E)
                  0000880c    0000001c                                 : SysMin.oem4f (.text:xdc_runtime_SysMin_exit__E)
                  00008828    0000001c                                 : System.oem4f (.text:xdc_runtime_System_abort__E)
                  00008844    0000001c                                 : Text.oem4f (.text:xdc_runtime_Text_ropeText__E)
                  00008860    0000001a     rtsv7M4_T_le_v4SPD16_eabi.lib : s_copysign.c.obj (.text:copysign)
                  0000887a    0000001a     hello_pem4f.oem4f (.text:free)
                  00008894    0000001a     hello_pem4f.oem4f (.text:xdc_runtime_System_aprintf__E)
                  000088ae    0000001a     hello_pem4f.oem4f (.text:xdc_runtime_System_printf__E)
                  000088c8    00000018     hello_pem4f.oem4f (.text:.bootCodeSection:ti_sysbios_family_arm_msp432_init_Boot_init__I)
                  000088e0    00000018     msp432p4xx_driverlib.lib : sysctl_a.o (.text:SysCtl_A_disableNMISource)
                  000088f8    00000018                              : sysctl_a.o (.text:SysCtl_A_enableNMISource)
                  00008910    00000018     drivers_msp432p401x.aem4f : UART.oem4f (.text:UART_Params_init)
                  00008928    00000018     rtsv7M4_T_le_v4SPD16_eabi.lib : args_main.c.obj (.text:_args_main)
                  00008940    00000018                                   : sprintf.c.obj (.text:_outs)
                  00008958    00000018                                   : strcmp.c.obj (.text:strcmp)
                  00008970    00000018     hello_pem4f.oem4f (.text:ti_sysbios_BIOS_rtsUnlock__I)
                  00008988    00000018     hello_pem4f.oem4f (.text:ti_sysbios_family_arm_m3_Hwi_Module__startupDone__F)
                  000089a0    00000018     sysbios.aem4f : m3_TaskSupport_asm.obj (.text:ti_sysbios_family_arm_m3_TaskSupport_swap__E)
                  000089b8    00000018     hello_pem4f.oem4f (.text:ti_sysbios_family_arm_msp432_Timer_Module__startupDone__F)
                  000089d0    00000018     sysbios.aem4f : BIOS.obj (.text:ti_sysbios_gates_GateMutex_leave__E)
                  000089e8    00000018     ti.targets.arm.rtsarm.aem4f : Error.oem4f (.text:xdc_runtime_Error_init__E)
                  00008a00    00000018                                 : System.oem4f (.text:xdc_runtime_System_exit__E)
                  00008a18    00000016     rtsv7M4_T_le_v4SPD16_eabi.lib : strchr.c.obj (.text:strchr)
                  00008a2e    00000016     hello_pem4f.oem4f (.text:ti_sysbios_BIOS_exitFunc__I)
                  00008a44    00000016     hello.obj (.text:ti_sysbios_knl_Semaphore_Params_init)
                  00008a5a    00000016     hello.obj (.text:ti_sysbios_knl_Task_Params_init)
                  00008a70    00000016     sysbios.aem4f : BIOS.obj (.text:ti_sysbios_knl_Task_unblock__E)
                  00008a86    00000002     --HOLE-- [fill = 0]
                  00008a88    00000014     msp432p4xx_driverlib.lib : pcm.o (.text:PCM_getPowerState)
                  00008a9c    00000014     drivers_msp432p401x.aem4f : PowerMSP432.oem4f (.text:Power_idleFunc)
                  00008ab0    00000014                               : UARTMSP432.oem4f (.text:clearTXCPTIFG)
                  00008ac4    00000014     rtsv7M4_T_le_v4SPD16_eabi.lib : strcpy.c.obj (.text:strcpy)
                  00008ad8    00000014                                   : strlen.c.obj (.text:strlen)
                  00008aec    00000014     hello_pem4f.oem4f (.text:ti_sysbios_family_arm_m3_Hwi_Object__get__S)
                  00008b00    00000014     sysbios.aem4f : BIOS.obj (.text:ti_sysbios_family_arm_m3_Hwi_switchFromBootStack__E)
                  00008b14    00000014     hello_pem4f.oem4f (.text:ti_sysbios_heaps_HeapMem_Object__get__S)
                  00008b28    00000014     hello_pem4f.oem4f (.text:ti_sysbios_knl_Swi_Object__get__S)
                  00008b3c    00000012     drivers_msp432p401x.aem4f : RingBuf.oem4f (.text:RingBuf_construct)
                  00008b4e    00000012     dpl_msp432p401x.aem4f : SemaphoreP_tirtos.oem4f (.text:SemaphoreP_pend)
                  00008b60    00000012     sysbios.aem4f : BIOS.obj (.text:ti_sysbios_hal_Hwi_Module_startup__E)
                  00008b72    00000012     rtsv7M4_T_le_v4SPD16_eabi.lib : wcslen.c.obj (.text:wcslen)
                  00008b84    00000012     hello_pem4f.oem4f (.text:xdc_runtime_Startup_exec__I)
                  00008b96    00000010     dpl_msp432p401x.aem4f : HwiP_tirtos.oem4f (.text:HwiP_Params_init)
                  00008ba6    00000010     msp432p4xx_driverlib.lib : pcm.o (.text:PCM_gotoLPM4)
                  00008bb6    00000010                              : pcm.o (.text:PCM_setPowerMode)
                  00008bc6    00000010                              : pcm.o (.text:PCM_setPowerState)
                  00008bd6    00000002     --HOLE-- [fill = 0]
                  00008bd8    00000010     drivers_msp432p401x.aem4f : PowerMSP432.oem4f (.text:PowerMSP432_getNumPerfLevels)
                  00008be8    00000010     msp432p4xx_driverlib.lib : sysctl_a.o (.text:SysCtl_A_getNMISourceStatus)
                  00008bf8    00000010                              : sysctl.o (.text:SysCtl_getNMISourceStatus)
                  00008c08    00000010     drivers_msp432p401x.aem4f : UARTMSP432.oem4f (.text:readBlockingTimeout)
                  00008c18    00000010     sysbios.aem4f : BIOS.obj (.text:ti_sysbios_BIOS_exit__E)
                  00008c28    00000010                   : BIOS.obj (.text:ti_sysbios_BIOS_setCpuFreq__E)
                  00008c38    00000010                   : BIOS.obj (.text:ti_sysbios_BIOS_setThreadType__E)
                  00008c48    00000010                   : BIOS.obj (.text:ti_sysbios_BIOS_start__E)
                  00008c58    00000010                   : m3_TaskSupport_asm.obj (.text:ti_sysbios_family_arm_m3_TaskSupport_glue)
                  00008c68    00000010                   : BIOS.obj (.text:ti_sysbios_family_arm_msp432_init_Boot_disableWatchdog)
                  00008c78    00000010                   : BIOS.obj (.text:ti_sysbios_gates_GateMutex_Instance_finalize__E)
                  00008c88    00000010                   : BIOS.obj (.text:ti_sysbios_knl_Semaphore_Instance_finalize__E)
                  00008c98    00000010                   : BIOS.obj (.text:ti_sysbios_knl_Swi_disable__E)
                  00008ca8    00000010     hello_pem4f.oem4f (.text:ti_sysbios_knl_Task_Object__get__S)
                  00008cb8    00000010     sysbios.aem4f : BIOS.obj (.text:ti_sysbios_knl_Task_disable__E)
                  00008cc8    00000010     ti.targets.arm.rtsarm.aem4f : Gate.oem4f (.text:xdc_runtime_Gate_leaveSystem__E)
                  00008cd8    00000010                                 : Memory.oem4f (.text:xdc_runtime_Memory_free__E)
                  00008ce8    00000010                                 : SysMin.oem4f (.text:xdc_runtime_SysMin_ready__E)
                  00008cf8    00000010                                 : System.oem4f (.text:xdc_runtime_System_vsnprintf__E)
                  00008d08    00000010     hello_pem4f.oem4f (.text:xdc_runtime_Text_visitRope__I)
                  00008d18    0000000e     rtsv7M4_T_le_v4SPD16_eabi.lib : time.c.obj (.text:__time32)
                  00008d26    0000000e                                   : copy_decompress_none.c.obj (.text:decompress:none:__TI_decompress_none)
                  00008d34    00000004     --HOLE-- [fill = 0]
                  00008d38    0000000e     sysbios.aem4f : BIOS.obj (.text:ti_sysbios_knl_Idle_loop__E)
                  00008d46    00000002     --HOLE-- [fill = 0]
                  00008d48    0000000e                   : BIOS.obj (.text:ti_sysbios_knl_Queue_empty__E)
                  00008d56    0000000c     ti_drivers_config.obj (.text:Board_init)
                  00008d62    0000000c     msp432p4xx_driverlib.lib : cpu.o (.text:CPU_cpsid)
                  00008d6e    0000000c                              : cpu.o (.text:CPU_cpsie)
                  00008d7a    0000000c     dpl_msp432p401x.aem4f : ClockP_tirtos.oem4f (.text:ClockP_delete)
                  00008d86    0000000c                           : HwiP_tirtos.oem4f (.text:HwiP_delete)
                  00008d92    00000002     --HOLE-- [fill = 0]
                  00008d94    0000000c     drivers_msp432p401x.aem4f : PowerMSP432.oem4f (.text:Power_getConstraintMask)
                  00008da0    0000000c                               : PowerMSP432.oem4f (.text:Power_getPerformanceLevel)
                  00008dac    0000000c     dpl_msp432p401x.aem4f : SemaphoreP_tirtos.oem4f (.text:SemaphoreP_delete)
                  00008db8    0000000c     rtsv7M4_T_le_v4SPD16_eabi.lib : _lock.c.obj (.text:_register_lock)
                  00008dc4    0000000c                                   : _lock.c.obj (.text:_register_unlock)
                  00008dd0    0000000c                                   : copy_zero_init.c.obj (.text:decompress:ZI:__TI_zero_init)
                  00008ddc    0000000c     hello_pem4f.oem4f (.text:ti_sysbios_family_arm_m3_Hwi_Params__init__S)
                  00008de8    0000000c     sysbios.aem4f : BIOS.obj (.text:ti_sysbios_family_arm_m3_Hwi_disableFxn__E)
                  00008df4    00000004     --HOLE-- [fill = 0]
                  00008df8    0000000c                   : BIOS.obj (.text:ti_sysbios_family_arm_m3_TaskSupport_checkStack__E)
                  00008e04    00000004     --HOLE-- [fill = 0]
                  00008e08    0000000c                   : BIOS.obj (.text:ti_sysbios_family_arm_m3_TaskSupport_getStackAlignment__E)
                  00008e14    00000004     --HOLE-- [fill = 0]
                  00008e18    0000000c                   : BIOS.obj (.text:ti_sysbios_family_arm_msp432_Timer_getMaxTicks__E)
                  00008e24    00000004     --HOLE-- [fill = 0]
                  00008e28    0000000c                   : BIOS.obj (.text:ti_sysbios_gates_GateHwi_enter__E)
                  00008e34    0000000c     hello_pem4f.oem4f (.text:ti_sysbios_knl_Clock_Params__init__S)
                  00008e40    0000000c     hello_pem4f.oem4f (.text:ti_sysbios_knl_Queue_Object__get__S)
                  00008e4c    0000000c     hello_pem4f.oem4f (.text:ti_sysbios_knl_Semaphore_Params__init__S)
                  00008e58    0000000c     hello.obj (.text:ti_sysbios_knl_Semaphore_handle)
                  00008e64    0000000c     hello_pem4f.oem4f (.text:ti_sysbios_knl_Task_Params__init__S)
                  00008e70    0000000c     ti.targets.arm.rtsarm.aem4f : Gate.oem4f (.text:xdc_runtime_Gate_enterSystem__E)
                  00008e7c    0000000c                                 : Memory.oem4f (.text:xdc_runtime_Memory_calloc__E)
                  00008e88    0000000c                                 : Memory.oem4f (.text:xdc_runtime_Memory_getMaxDefaultTypeAlign__E)
                  00008e94    0000000c                                 : Startup.oem4f (.text:xdc_runtime_Startup_rtsDone__E)
                  00008ea0    0000000a     dpl_msp432p401x.aem4f : ClockP_tirtos.oem4f (.text:ClockP_Params_init)
                  00008eaa    0000000a     drivers_msp432p401x.aem4f : UART.oem4f (.text:UART_close)
                  00008eb4    0000000a                               : UART.oem4f (.text:UART_read)
                  00008ebe    0000000a                               : UART.oem4f (.text:UART_write)
                  00008ec8    0000000a     rtsv7M4_T_le_v4SPD16_eabi.lib : sprintf.c.obj (.text:_outc)
                  00008ed2    0000000a     hello_pem4f.oem4f (.text:xdc_runtime_IHeap_alloc)
                  00008edc    0000000a     hello_pem4f.oem4f (.text:xdc_runtime_IHeap_free)
                  00008ee6    00000008     dpl_msp432p401x.aem4f : SemaphoreP_tirtos.oem4f (.text:SemaphoreP_Params_init)
                  00008eee    00000002     --HOLE-- [fill = 0]
                  00008ef0    00000008     rtsv7M4_T_le_v4SPD16_eabi.lib : errno.c.obj (.text:__aeabi_errno_addr)
                  00008ef8    00000008     drivers_msp432p401x.aem4f : UARTMSP432.oem4f (.text:readSemCallback)
                  00008f00    00000008     sysbios.aem4f : BIOS.obj (.text:ti_sysbios_family_arm_m3_Hwi_doSwiRestore__I)
                  00008f08    00000008                   : BIOS.obj (.text:ti_sysbios_family_arm_m3_Hwi_startup__E)
                  00008f10    00000008     drivers_msp432p401x.aem4f : UARTMSP432.oem4f (.text:txcptEnabledStatus)
                  00008f18    00000008                               : UARTMSP432.oem4f (.text:writeSemCallback)
                  00008f20    00000006     sysbios.aem4f : BIOS.obj (.text:ti_sysbios_family_arm_m3_Hwi_doTaskRestore__I)
                  00008f26    00000002     --HOLE-- [fill = 0]
                  00008f28    00000006                   : BIOS.obj (.text:ti_sysbios_family_arm_m3_Hwi_restoreFxn__E)
                  00008f2e    00000002     --HOLE-- [fill = 0]
                  00008f30    00000006                   : BIOS.obj (.text:ti_sysbios_gates_GateHwi_leave__E)
                  00008f36    00000002     --HOLE-- [fill = 0]
                  00008f38    00000006                   : BIOS.obj (.text:ti_sysbios_heaps_HeapMem_isBlocking__E)
                  00008f3e    00000002     --HOLE-- [fill = 0]
                  00008f40    00000006                   : BIOS.obj (.text:ti_sysbios_knl_Clock_stop__E)
                  00008f46    00000002     --HOLE-- [fill = 0]
                  00008f48    00000006                   : BIOS.obj (.text:ti_sysbios_knl_Queue_Instance_init__E)
                  00008f4e    00000002     --HOLE-- [fill = 0]
                  00008f50    00000006                   : BIOS.obj (.text:ti_sysbios_knl_Swi_startup__E)
                  00008f56    00000002     --HOLE-- [fill = 0]
                  00008f58    00000004                   : BIOS.obj (.text:ti_sysbios_gates_GateHwi_query__E)
                  00008f5c    00000004     --HOLE-- [fill = 0]
                  00008f60    00000004                   : BIOS.obj (.text:ti_sysbios_gates_GateMutex_query__E)
                  00008f64    00000004     --HOLE-- [fill = 0]
                  00008f68    00000004                   : BIOS.obj (.text:ti_sysbios_knl_Clock_setTimeout__E)
                  00008f6c    00000004     --HOLE-- [fill = 0]
                  00008f70    00000004                   : BIOS.obj (.text:ti_sysbios_knl_Task_startup__E)
                  00008f74    00000004     --HOLE-- [fill = 0]
                  00008f78    00000002                   : BIOS.obj (.text:ti_sysbios_BIOS_linkedWithIncorrectBootLibrary__E)
                  00008f7a    00000006     --HOLE-- [fill = 0]
                  00008f80    00000002                   : BIOS.obj (.text:ti_sysbios_gates_GateHwi_Instance_init__E)
                  00008f82    00000006     --HOLE-- [fill = 0]
                  00008f88    00000002                   : BIOS.obj (.text:ti_sysbios_knl_Clock_logTick__E)

.const     0    00008f8c    00001f8b     
                  00008f8c    00001887     hello_pem4f.oem4f (.const:xdc_runtime_Text_charTab__A)
                  0000a813    00000101     rtsv7M4_T_le_v4SPD16_eabi.lib : ctype.c.obj (.const:.string:_ctypes_)
                  0000a914    000000b4     hello_pem4f.oem4f (.const:xdc_runtime_Text_nodeTab__A)
                  0000a9c8    00000040     ti_drivers_config.obj (.const:uartMSP432Baudrates)
                  0000aa08    0000003c     hello_pem4f.oem4f (.const:ti_sysbios_knl_Task_Object__PARAMS__C)
                  0000aa44    00000038     ti_drivers_config.obj (.const:PowerMSP432_config)
                  0000aa7c    00000030     hello_pem4f.oem4f (.const:ti_sysbios_family_arm_m3_Hwi_Object__PARAMS__C)
                  0000aaac    0000002c     ti_drivers_config.obj (.const:uartMSP432HWAttrs)
                  0000aad8    00000028     drivers_msp432p401x.aem4f : UARTMSP432.oem4f (.const:UARTMSP432_fxnTable)
                  0000ab00    00000028     hello_pem4f.oem4f (.const:ti_sysbios_heaps_HeapMem_Module__FXNS__C)
                  0000ab28    00000024     drivers_msp432p401x.aem4f : UART.oem4f (.const:UART_defaultParams)
                  0000ab4c    00000024     hello_pem4f.oem4f (.const:ti_sysbios_gates_GateHwi_Module__FXNS__C)
                  0000ab70    00000024     hello_pem4f.oem4f (.const:ti_sysbios_gates_GateMutex_Module__FXNS__C)
                  0000ab94    00000024     hello_pem4f.oem4f (.const:ti_sysbios_heaps_HeapMem_Object__PARAMS__C)
                  0000abb8    00000024     hello_pem4f.oem4f (.const:ti_sysbios_knl_Clock_Object__PARAMS__C)
                  0000abdc    00000024     hello_pem4f.oem4f (.const:ti_sysbios_knl_Semaphore_Object__PARAMS__C)
                  0000ac00    00000020     drivers_msp432p401x.aem4f : UARTMSP432.oem4f (.const:staticFxnTable)
                  0000ac20    00000020     hello_pem4f.oem4f (.const:ti_sysbios_family_arm_m3_Hwi_Object__DESC__C)
                  0000ac40    00000020     hello_pem4f.oem4f (.const:ti_sysbios_gates_GateHwi_Object__DESC__C)
                  0000ac60    00000020     hello_pem4f.oem4f (.const:ti_sysbios_gates_GateMutex_Object__DESC__C)
                  0000ac80    00000020     hello_pem4f.oem4f (.const:ti_sysbios_heaps_HeapMem_Object__DESC__C)
                  0000aca0    00000020     hello_pem4f.oem4f (.const:ti_sysbios_knl_Clock_Object__DESC__C)
                  0000acc0    00000020     hello_pem4f.oem4f (.const:ti_sysbios_knl_Queue_Object__DESC__C)
                  0000ace0    00000020     hello_pem4f.oem4f (.const:ti_sysbios_knl_Semaphore_Object__DESC__C)
                  0000ad00    00000020     hello_pem4f.oem4f (.const:ti_sysbios_knl_Task_Object__DESC__C)
                  0000ad20    00000020     hello_pem4f.oem4f (.const:xdc_runtime_Startup_sfxnTab__A)
                  0000ad40    00000018     hello_pem4f.oem4f (.const:ti_sysbios_gates_GateHwi_Object__PARAMS__C)
                  0000ad58    00000018     hello_pem4f.oem4f (.const:ti_sysbios_gates_GateMutex_Object__PARAMS__C)
                  0000ad70    00000018     hello_pem4f.oem4f (.const:ti_sysbios_knl_Queue_Object__PARAMS__C)
                  0000ad88    00000010     hello_pem4f.oem4f (.const:xdc_runtime_Startup_sfxnRts__A)
                  0000ad98    0000000c     ti_drivers_config.obj (.const:UART_config)
                  0000ada4    0000000c     hello_pem4f.oem4f (.const:xdc_runtime_Startup_firstFxns__A)
                  0000adb0    00000008     hello_pem4f.oem4f (.const:ti_sysbios_family_arm_m3_Hwi_excHookFuncs__A)
                  0000adb8    00000008     hello_pem4f.oem4f (.const:ti_sysbios_knl_Idle_funcList__A)
                  0000adc0    00000008     hello_pem4f.oem4f (.const:ti_sysbios_knl_Idle_funcList__C)
                  0000adc8    00000008     hello_pem4f.oem4f (.const:xdc_runtime_Startup_firstFxns__C)
                  0000add0    00000008     hello_pem4f.oem4f (.const:xdc_runtime_Startup_lastFxns__C)
                  0000add8    00000005     drivers_msp432p401x.aem4f : UARTMSP432.oem4f (.const:.string:parityTypes)
                  0000addd    00000001     ti_drivers_config.obj (.const)
                  0000adde    00000004     drivers_msp432p401x.aem4f : UARTMSP432.oem4f (.const:stopBits)
                  0000ade2    00000002     hello_pem4f.oem4f (.const:ti_sysbios_family_arm_m3_Hwi_Module__id__C)
                  0000ade4    00000004     hello_pem4f.oem4f (.const:ti_sysbios_family_arm_m3_Hwi_E_NMI__C)
                  0000ade8    00000004     hello_pem4f.oem4f (.const:ti_sysbios_family_arm_m3_Hwi_E_alreadyDefined__C)
                  0000adec    00000004     hello_pem4f.oem4f (.const:ti_sysbios_family_arm_m3_Hwi_E_badIntNum__C)
                  0000adf0    00000004     hello_pem4f.oem4f (.const:ti_sysbios_family_arm_m3_Hwi_E_busFault__C)
                  0000adf4    00000004     hello_pem4f.oem4f (.const:ti_sysbios_family_arm_m3_Hwi_E_debugMon__C)
                  0000adf8    00000004     hello_pem4f.oem4f (.const:ti_sysbios_family_arm_m3_Hwi_E_hardFault__C)
                  0000adfc    00000004     hello_pem4f.oem4f (.const:ti_sysbios_family_arm_m3_Hwi_E_memFault__C)
                  0000ae00    00000004     hello_pem4f.oem4f (.const:ti_sysbios_family_arm_m3_Hwi_E_noIsr__C)
                  0000ae04    00000004     hello_pem4f.oem4f (.const:ti_sysbios_family_arm_m3_Hwi_E_reserved__C)
                  0000ae08    00000004     hello_pem4f.oem4f (.const:ti_sysbios_family_arm_m3_Hwi_E_svCall__C)
                  0000ae0c    00000004     hello_pem4f.oem4f (.const:ti_sysbios_family_arm_m3_Hwi_E_usageFault__C)
                  0000ae10    00000004     hello_pem4f.oem4f (.const:ti_sysbios_family_arm_m3_Hwi_NUM_INTERRUPTS__C)
                  0000ae14    00000004     hello_pem4f.oem4f (.const:ti_sysbios_family_arm_m3_Hwi_Object__count__C)
                  0000ae18    00000004     hello_pem4f.oem4f (.const:ti_sysbios_family_arm_m3_Hwi_ccr__C)
                  0000ae1c    00000004     hello_pem4f.oem4f (.const:ti_sysbios_family_arm_m3_Hwi_excHandlerFunc__C)
                  0000ae20    00000004     hello_pem4f.oem4f (.const:ti_sysbios_family_arm_m3_Hwi_excHookFuncs__C)
                  0000ae24    00000004     hello_pem4f.oem4f (.const:ti_sysbios_family_arm_m3_Hwi_nullIsrFunc__C)
                  0000ae28    00000004     hello_pem4f.oem4f (.const:ti_sysbios_family_arm_m3_Hwi_priGroup__C)
                  0000ae2c    00000004     hello_pem4f.oem4f (.const:ti_sysbios_family_arm_m3_Hwi_swiDisable__C)
                  0000ae30    00000004     hello_pem4f.oem4f (.const:ti_sysbios_family_arm_m3_Hwi_swiRestore__C)
                  0000ae34    00000004     hello_pem4f.oem4f (.const:ti_sysbios_family_arm_m3_TaskSupport_stackAlignment__C)
                  0000ae38    00000004     hello_pem4f.oem4f (.const:ti_sysbios_family_arm_msp432_Timer_numTimerDevices__C)
                  0000ae3c    00000004     hello_pem4f.oem4f (.const:ti_sysbios_family_arm_msp432_Timer_startupNeeded__C)
                  0000ae40    00000004     hello_pem4f.oem4f (.const:ti_sysbios_gates_GateMutex_Instance_State_sem__O)
                  0000ae44    00000004     hello_pem4f.oem4f (.const:ti_sysbios_hal_Hwi_E_stackOverflow__C)
                  0000ae48    00000004     hello_pem4f.oem4f (.const:ti_sysbios_heaps_HeapMem_E_memory__C)
                  0000ae4c    00000004     hello_pem4f.oem4f (.const:ti_sysbios_heaps_HeapMem_Module__gateObj__C)
                  0000ae50    00000004     hello_pem4f.oem4f (.const:ti_sysbios_heaps_HeapMem_Object__count__C)
                  0000ae54    00000004     hello_pem4f.oem4f (.const:ti_sysbios_heaps_HeapMem_primaryHeapBaseAddr__C)
                  0000ae58    00000004     hello_pem4f.oem4f (.const:ti_sysbios_heaps_HeapMem_primaryHeapEndAddr__C)
                  0000ae5c    00000004     hello_pem4f.oem4f (.const:ti_sysbios_heaps_HeapMem_reqAlign__C)
                  0000ae60    00000004     hello_pem4f.oem4f (.const:ti_sysbios_knl_Clock_Module_State_clockQ__O)
                  0000ae64    00000004     hello_pem4f.oem4f (.const:ti_sysbios_knl_Clock_tickPeriod__C)
                  0000ae68    00000004     hello_pem4f.oem4f (.const:ti_sysbios_knl_Semaphore_Instance_State_pendQ__O)
                  0000ae6c    00000004     hello_pem4f.oem4f (.const:ti_sysbios_knl_Swi_Object__count__C)
                  0000ae70    00000004     hello_pem4f.oem4f (.const:ti_sysbios_knl_Task_E_spOutOfBounds__C)
                  0000ae74    00000004     hello_pem4f.oem4f (.const:ti_sysbios_knl_Task_E_stackOverflow__C)
                  0000ae78    00000004     hello_pem4f.oem4f (.const:ti_sysbios_knl_Task_Module_State_inactiveQ__O)
                  0000ae7c    00000004     hello_pem4f.oem4f (.const:ti_sysbios_knl_Task_Object__count__C)
                  0000ae80    00000004     hello_pem4f.oem4f (.const:ti_sysbios_knl_Task_allBlockedFunc__C)
                  0000ae84    00000004     hello_pem4f.oem4f (.const:ti_sysbios_knl_Task_defaultStackHeap__C)
                  0000ae88    00000004     hello_pem4f.oem4f (.const:ti_sysbios_knl_Task_defaultStackSize__C)
                  0000ae8c    00000004     hello_pem4f.oem4f (.const:ti_sysbios_knl_Task_numConstructedTasks__C)
                  0000ae90    00000004     hello_pem4f.oem4f (.const:xdc_runtime_Assert_E_assertFailed__C)
                  0000ae94    00000004     hello_pem4f.oem4f (.const:xdc_runtime_Core_A_initializedParams__C)
                  0000ae98    00000004     hello_pem4f.oem4f (.const:xdc_runtime_Core_Module__diagsEnabled__C)
                  0000ae9c    00000004     hello_pem4f.oem4f (.const:xdc_runtime_Core_Module__diagsIncluded__C)
                  0000aea0    00000004     hello_pem4f.oem4f (.const:xdc_runtime_Core_Module__diagsMask__C)
                  0000aea4    00000004     hello_pem4f.oem4f (.const:xdc_runtime_Error_E_memory__C)
                  0000aea8    00000004     hello_pem4f.oem4f (.const:xdc_runtime_Error_policyFxn__C)
                  0000aeac    00000004     hello_pem4f.oem4f (.const:xdc_runtime_Error_raiseHook__C)
                  0000aeb0    00000004     hello_pem4f.oem4f (.const:xdc_runtime_IGateProvider_Interface__BASE__C)
                  0000aeb4    00000004     hello_pem4f.oem4f (.const:xdc_runtime_IHeap_Interface__BASE__C)
                  0000aeb8    00000004     hello_pem4f.oem4f (.const:xdc_runtime_IModule_Interface__BASE__C)
                  0000aebc    00000004     hello_pem4f.oem4f (.const:xdc_runtime_Memory_defaultHeapInstance__C)
                  0000aec0    00000004     hello_pem4f.oem4f (.const:xdc_runtime_Startup_execImpl__C)
                  0000aec4    00000004     hello_pem4f.oem4f (.const:xdc_runtime_Startup_maxPasses__C)
                  0000aec8    00000004     hello_pem4f.oem4f (.const:xdc_runtime_Startup_sfxnRts__C)
                  0000aecc    00000004     hello_pem4f.oem4f (.const:xdc_runtime_Startup_sfxnTab__C)
                  0000aed0    00000004     hello_pem4f.oem4f (.const:xdc_runtime_SysMin_bufSize__C)
                  0000aed4    00000004     hello_pem4f.oem4f (.const:xdc_runtime_SysMin_outputFunc__C)
                  0000aed8    00000004     hello_pem4f.oem4f (.const:xdc_runtime_System_Module__gateObj__C)
                  0000aedc    00000004     hello_pem4f.oem4f (.const:xdc_runtime_System_abortFxn__C)
                  0000aee0    00000004     hello_pem4f.oem4f (.const:xdc_runtime_System_exitFxn__C)
                  0000aee4    00000004     hello_pem4f.oem4f (.const:xdc_runtime_System_extendFxn__C)
                  0000aee8    00000004     hello_pem4f.oem4f (.const:xdc_runtime_System_maxAtexitHandlers__C)
                  0000aeec    00000004     hello_pem4f.oem4f (.const:xdc_runtime_Text_charTab__C)
                  0000aef0    00000004     hello_pem4f.oem4f (.const:xdc_runtime_Text_nodeTab__C)
                  0000aef4    00000004     hello_pem4f.oem4f (.const:xdc_runtime_Text_visitRopeFxn__C)
                  0000aef8    00000002     hello_pem4f.oem4f (.const:ti_sysbios_family_arm_msp432_init_Boot_bypassHFXT__C)
                  0000aefa    00000002     hello_pem4f.oem4f (.const:ti_sysbios_family_arm_msp432_init_Boot_bypassLFXT__C)
                  0000aefc    00000002     hello_pem4f.oem4f (.const:ti_sysbios_family_arm_msp432_init_Boot_enableHFXT__C)
                  0000aefe    00000002     hello_pem4f.oem4f (.const:ti_sysbios_family_arm_msp432_init_Boot_enableLFXT__C)
                  0000af00    00000002     hello_pem4f.oem4f (.const:ti_sysbios_hal_Hwi_Module__id__C)
                  0000af02    00000002     hello_pem4f.oem4f (.const:ti_sysbios_heaps_HeapMem_Module__id__C)
                  0000af04    00000002     hello_pem4f.oem4f (.const:ti_sysbios_knl_Task_Module__id__C)
                  0000af06    00000002     hello_pem4f.oem4f (.const:xdc_runtime_Core_Module__id__C)
                  0000af08    00000002     hello_pem4f.oem4f (.const:xdc_runtime_Error_Module__loggerDefined__C)
                  0000af0a    00000002     hello_pem4f.oem4f (.const:xdc_runtime_Error_maxDepth__C)
                  0000af0c    00000002     hello_pem4f.oem4f (.const:xdc_runtime_Memory_Module__id__C)
                  0000af0e    00000002     hello_pem4f.oem4f (.const:xdc_runtime_SysMin_flushAtExit__C)
                  0000af10    00000002     hello_pem4f.oem4f (.const:xdc_runtime_Text_isLoaded__C)
                  0000af12    00000002     hello_pem4f.oem4f (.const:xdc_runtime_Text_registryModsLastId__C)
                  0000af14    00000002     hello_pem4f.oem4f (.const:xdc_runtime_Text_unnamedModsLastId__C)
                  0000af16    00000001     hello_pem4f.oem4f (.const:xdc_runtime_Error_policy__C)

.cinit     0    0000af18    00000280     
                  0000af18    00000258     (.cinit..data.load) [load image, compression = lzss]
                  0000b170    0000000c     (__TI_handler_table)
                  0000b17c    00000004     --HOLE-- [fill = 0]
                  0000b180    00000008     (.cinit..bss.load) [load image, compression = zero_init]
                  0000b188    00000010     (__TI_cinit_table)

.init_array 
*          0    00000000    00000000     UNINITIALIZED

.bss       0    20008140    000020c4     UNINITIALIZED
                  20008140    00000800     (.common:task1Stack)
                  20008940    00000800     (.common:task2Stack)
                  20009140    00000800     (.common:task3Stack)
                  20009940    00000200     hello_pem4f.oem4f (.bss:taskStackSection)
                  20009b40    00000200     (.common:xdc_runtime_SysMin_Module_State_0_outbuf__A)
                  20009d40    00000140     (.common:ti_sysbios_family_arm_m3_Hwi_dispatchTable)
                  20009e80    00000120     rtsv7M4_T_le_v4SPD16_eabi.lib : trgmsg.c.obj (.bss:_CIOBUF_)
                  20009fa0    000000a0     (.common:__TI_tmpnams)
                  2000a040    00000080     (.common:uartMSP432Objects)
                  2000a0c0    00000050     (.common:task1Struct)
                  2000a110    00000050     (.common:task2Struct)
                  2000a160    00000050     (.common:task3Struct)
                  2000a1b0    00000020     ti_drivers_config.obj (.bss:uartMSP432RingBuffer0)
                  2000a1d0    0000001c     (.common:semStruct)
                  2000a1ec    00000008     msp432p4xx_driverlib.lib : cs.o (.bss)
                  2000a1f4    00000008     (.common:parmbuf)
                  2000a1fc    00000004     (.common:ClockP_tickPeriod)
                  2000a200    00000004     (.common:semHandle)

.data      0    2000a204    00000749     UNINITIALIZED
                  2000a204    00000140     drivers_msp432p401x.aem4f : PowerMSP432.oem4f (.data:PowerMSP432_perfLevels)
                  2000a344    000000f0     rtsv7M4_T_le_v4SPD16_eabi.lib : defs.c.obj (.data:_ftable)
                  2000a434    00000080     hello_pem4f.oem4f (.data:ti_sysbios_knl_Swi_Module_State_0_readyQ__A)
                  2000a4b4    00000080     hello_pem4f.oem4f (.data:ti_sysbios_knl_Task_Module_State_0_readyQ__A)
                  2000a534    00000078     rtsv7M4_T_le_v4SPD16_eabi.lib : host_device.c.obj (.data:_device)
                  2000a5ac    00000050                                   : host_device.c.obj (.data:_stream)
                  2000a5fc    0000004c     hello_pem4f.oem4f (.data:ti_sysbios_knl_Task_Object__table__V)
                  2000a648    00000044     hello_pem4f.oem4f (.data:ti_sysbios_family_arm_msp432_Timer_Object__table__V)
                  2000a68c    00000044     hello_pem4f.oem4f (.data:ti_sysbios_knl_Task_Module__state__V)
                  2000a6d0    00000038     hello_pem4f.oem4f (.data:ti_sysbios_gates_GateMutex_Object__table__V)
                  2000a708    00000034     hello_pem4f.oem4f (.data:ti_sysbios_family_arm_m3_Hwi_Module__state__V)
                  2000a73c    00000030     hello_pem4f.oem4f (.data:ti_sysbios_knl_Swi_Object__table__V)
                  2000a76c    0000002c     drivers_msp432p401x.aem4f : PowerMSP432.oem4f (.data:PowerMSP432_module)
                  2000a798    0000002c     hello_pem4f.oem4f (.data:ti_sysbios_knl_Clock_Module__state__V)
                  2000a7c4    00000024     hello_pem4f.oem4f (.data:ti_sysbios_BIOS_Module__state__V)
                  2000a7e8    00000020     hello_pem4f.oem4f (.data:ti_sysbios_family_arm_msp432_Timer_Module_State_0_device__A)
                  2000a808    00000020     hello_pem4f.oem4f (.data:xdc_runtime_Error_IgnoreBlock)
                  2000a828    0000001c     hello_pem4f.oem4f (.data:ti_sysbios_knl_Swi_Module__state__V)
                  2000a844    00000018     hello_pem4f.oem4f (.data:ti_sysbios_family_arm_m3_Hwi_Object__table__V)
                  2000a85c    00000018     hello_pem4f.oem4f (.data:ti_sysbios_heaps_HeapMem_Object__table__V)
                  2000a874    00000010     rtsv7M4_T_le_v4SPD16_eabi.lib : defs.c.obj (.data)
                  2000a884    00000010     hello_pem4f.oem4f (.data:ti_sysbios_family_arm_msp432_Timer_Module_State_0_handles__A)
                  2000a894    0000000c     rtsv7M4_T_le_v4SPD16_eabi.lib : exit.c.obj (.data:$O1$$)
                  2000a8a0    0000000c     hello_pem4f.oem4f (.data:ti_sysbios_family_arm_msp432_ClockFreqs_Module__state__V)
                  2000a8ac    0000000c     hello_pem4f.oem4f (.data:ti_sysbios_family_arm_msp432_Timer_Module__state__V)
                  2000a8b8    0000000c     hello_pem4f.oem4f (.data:xdc_runtime_SysMin_Module__state__V)
                  2000a8c4    00000008     rtsv7M4_T_le_v4SPD16_eabi.lib : _lock.c.obj (.data:$O1$$)
                  2000a8cc    00000008     hello_pem4f.oem4f (.data:ti_sysbios_family_arm_m3_Hwi_Module__root__V)
                  2000a8d4    00000008     hello_pem4f.oem4f (.data:ti_sysbios_gates_GateHwi_Module__root__V)
                  2000a8dc    00000008     hello_pem4f.oem4f (.data:ti_sysbios_gates_GateMutex_Module__root__V)
                  2000a8e4    00000008     hello_pem4f.oem4f (.data:ti_sysbios_heaps_HeapMem_Module__root__V)
                  2000a8ec    00000008     hello_pem4f.oem4f (.data:ti_sysbios_knl_Clock_Module__root__V)
                  2000a8f4    00000008     hello_pem4f.oem4f (.data:ti_sysbios_knl_Queue_Module__root__V)
                  2000a8fc    00000008     hello_pem4f.oem4f (.data:ti_sysbios_knl_Semaphore_Module__root__V)
                  2000a904    00000008     hello_pem4f.oem4f (.data:ti_sysbios_knl_Task_Module__root__V)
                  2000a90c    00000008     hello_pem4f.oem4f (.data:xdc_runtime_Registry_Module__state__V)
                  2000a914    00000008     hello_pem4f.oem4f (.data:xdc_runtime_Startup_Module__state__V)
                  2000a91c    00000008     hello_pem4f.oem4f (.data:xdc_runtime_System_Module_State_0_atexitHandlers__A)
                  2000a924    00000008     hello_pem4f.oem4f (.data:xdc_runtime_System_Module__state__V)
                  2000a92c    00000004     rtsv7M4_T_le_v4SPD16_eabi.lib : errno.c.obj (.data)
                  2000a930    00000004                                   : stkdepth_vars.c.obj (.data)
                  2000a934    00000004     hello_pem4f.oem4f (.data:ti_sysbios_family_arm_m3_Hwi_Module_State_0_excContext__A)
                  2000a938    00000004     hello_pem4f.oem4f (.data:ti_sysbios_family_arm_m3_Hwi_Module_State_0_excStack__A)
                  2000a93c    00000004     hello_pem4f.oem4f (.data:ti_sysbios_gates_GateHwi_Object__table__V)
                  2000a940    00000004     hello_pem4f.oem4f (.data:ti_sysbios_knl_Task_Module_State_0_idleTask__A)
                  2000a944    00000004     hello_pem4f.oem4f (.data:xdc_runtime_Memory_Module__state__V)
                  2000a948    00000002     hello_pem4f.oem4f (.data:ti_sysbios_family_arm_m3_Hwi_Module_State_0_excActive__A)
                  2000a94a    00000002     hello_pem4f.oem4f (.data:xdc_runtime_Error_Module__state__V)
                  2000a94c    00000001     drivers_msp432p401x.aem4f : UART.oem4f (.data)

.priheap   0    20000140    00008000     UNINITIALIZED
                  20000140    00008000     --HOLE--

.stack     0    2000fc00    00000400     UNINITIALIZED
                  2000fc00    00000400     --HOLE--

.bootVecs 
*          0    00000000    00000008     DSECT
                  00000000    00000008     boot.aem4f : boot.oem4f (.bootVecs)

.resetVecs 
*          0    00000000    0000003c     
                  00000000    0000003c     hello_pem4f.oem4f (.resetVecs)

.vecs      0    20000000    00000140     NOLOAD SECTION
                  20000000    00000140     hello_pem4f.oem4f (.vecs)

xdc.meta   0    00000000    000000df     COPY SECTION
                  00000000    000000df     hello_pem4f.oem4f (xdc.meta)

.binit     0    00000000    00000000     

MODULE SUMMARY

       Module                       code    ro data   rw data
       ------                       ----    -------   -------
    .\
       hello.obj                    796     0         12832  
    +--+----------------------------+-------+---------+---------+
       Total:                       796     0         12832  
                                                             
    .\syscfg\
       ti_drivers_config.obj        14      177       320    
    +--+----------------------------+-------+---------+---------+
       Total:                       14      177       320    
                                                             
    C:\Users\semen\workspace_v9\Lab7_2_4_RTOS\Debug\configPkg\package\cfg\
       hello_pem4f.oem4f            2138    7584      5360   
    +--+----------------------------+-------+---------+---------+
       Total:                       2138    7584      5360   
                                                             
    C:/ti/simplelink_msp432p4_sdk_3_40_00_05/kernel/tirtos/packages/ti/dpl/lib/dpl_msp432p401x.aem4f
       ClockP_tirtos.oem4f          114     0         8      
       PowerMSP432_tirtos.oem4f     122     0         0      
       SemaphoreP_tirtos.oem4f      102     0         0      
       HwiP_tirtos.oem4f            96      0         0      
    +--+----------------------------+-------+---------+---------+
       Total:                       434     0         8      
                                                             
    C:/ti/simplelink_msp432p4_sdk_3_40_00_05/source/ti/devices/msp432p4xx/driverlib/ccs/msp432p4xx_driverlib.lib
       pcm.o                        1770    0         0      
       cs.o                         704     0         16     
       uart.o                       284     0         0      
       sysctl_a.o                   64      0         0      
       rtc_c.o                      44      0         0      
       wdt_a.o                      36      0         0      
       cpu.o                        28      0         0      
       sysctl.o                     16      0         0      
    +--+----------------------------+-------+---------+---------+
       Total:                       2946    0         16     
                                                             
    C:/ti/simplelink_msp432p4_sdk_3_40_00_05/source/ti/drivers/lib/drivers_msp432p401x.aem4f
       UARTMSP432.oem4f             3406    81        0      
       PowerMSP432.oem4f            2196    0         728    
       UART.oem4f                   186     36        2      
       RingBuf.oem4f                184     0         0      
       List.oem4f                   76      0         0      
    +--+----------------------------+-------+---------+---------+
       Total:                       6048    117       730    
                                                             
    C:\Users\semen\workspace_v9\Lab7_2_4_RTOS\src\sysbios\sysbios.aem4f
       BIOS.obj                     9116    0         0      
       m3_Hwi_asm.obj               318     0         0      
       m3_TaskSupport_asm.obj       180     0         0      
       m3_Hwi_asm_switch.obj        118     0         0      
    +--+----------------------------+-------+---------+---------+
       Total:                       9732    0         0      
                                                             
    C:\ti\ccs930\ccs\tools\compiler\ti-cgt-arm_18.12.4.LTS\lib\rtsv7M4_T_le_v4SPD16_eabi.lib
       _printfi.c.obj               4851    0         0      
       defs.c.obj                   0       0         832    
       trgmsg.c.obj                 108     0         576    
       fd_add_t2.asm.obj            438     0         0      
       host_device.c.obj            0       0         400    
       fd_div_t2.asm.obj            310     0         0      
       fputs.c.obj                  276     0         0      
       s_scalbn.c.obj               272     0         0      
       fd_cmp_t2.asm.obj            268     0         0      
       ctype.c.obj                  0       257       0      
       fd_mul_t2.asm.obj            252     0         0      
       setvbuf.c.obj                220     0         0      
       memcpy_t2.asm.obj            156     0         0      
       ull_div_t2.asm.obj           150     0         0      
       fputc.c.obj                  140     0         0      
       memset_t2.asm.obj            122     0         0      
       fclose.c.obj                 116     0         0      
       getdevice.c.obj              116     0         0      
       hostopen.c.obj               96      0         16     
       printf.c.obj                 112     0         0      
       hostrename.c.obj             108     0         0      
       copy_decompress_lzss.c.obj   104     0         0      
       hostlseek.c.obj              104     0         0      
       exit.c.obj                   76      0         24     
       fseek.c.obj                  100     0         0      
[...]
00008da1  Power_getPerformanceLevel                                       
00008dad  SemaphoreP_delete                                               
00008db9  _register_lock                                                  
00008dc5  _register_unlock                                                
00008dd1  __TI_zero_init                                                  
00008ddd  ti_sysbios_family_arm_m3_Hwi_Params__init__S                    
00008ddd  ti_sysbios_hal_Hwi_HwiProxy_Params__init__S                     
00008de9  ti_sysbios_family_arm_m3_Hwi_disableFxn__E                      
00008de9  ti_sysbios_hal_Hwi_HwiProxy_disable__E                          
00008df9  ti_sysbios_family_arm_m3_TaskSupport_checkStack__E              
00008df9  ti_sysbios_knl_Task_SupportProxy_checkStack__E                  
00008e09  ti_sysbios_family_arm_m3_TaskSupport_getStackAlignment__E       
00008e09  ti_sysbios_knl_Task_SupportProxy_getStackAlignment__E           
00008e19  ti_sysbios_family_arm_msp432_Timer_getMaxTicks__E               
00008e29  ti_sysbios_gates_GateHwi_enter__E                               
00008e35  ti_sysbios_knl_Clock_Params__init__S                            
00008e41  ti_sysbios_knl_Queue_Object__get__S                             
00008e4d  ti_sysbios_knl_Semaphore_Params__init__S                        
00008e65  ti_sysbios_knl_Task_Params__init__S                             
00008e71  xdc_runtime_Gate_enterSystem__E                                 
00008e7d  xdc_runtime_Memory_calloc__E                                    
00008e89  xdc_runtime_Memory_getMaxDefaultTypeAlign__E                    
00008e95  xdc_runtime_Startup_rtsDone__E                                  
00008ea1  ClockP_Params_init                                              
00008eab  UART_close                                                      
00008eb5  UART_read                                                       
00008ebf  UART_write                                                      
00008ed3  xdc_runtime_Memory_HeapProxy_alloc__E                           
00008edd  xdc_runtime_Memory_HeapProxy_free__E                            
00008ee7  SemaphoreP_Params_init                                          
00008ef1  __aeabi_errno_addr                                              
00008f01  ti_sysbios_family_arm_m3_Hwi_doSwiRestore__I                    
00008f09  ti_sysbios_family_arm_m3_Hwi_startup__E                         
00008f09  ti_sysbios_hal_Hwi_HwiProxy_startup__E                          
00008f09  ti_sysbios_hal_Hwi_startup__E                                   
00008f21  ti_sysbios_family_arm_m3_Hwi_doTaskRestore__I                   
00008f29  HwiP_restore                                                    
00008f29  ti_sysbios_family_arm_m3_Hwi_restoreFxn__E                      
00008f29  ti_sysbios_hal_Hwi_HwiProxy_restore__E                          
00008f31  ti_sysbios_gates_GateHwi_leave__E                               
00008f39  ti_sysbios_heaps_HeapMem_isBlocking__E                          
00008f41  ti_sysbios_knl_Clock_stop__E                                    
00008f49  ti_sysbios_knl_Queue_Instance_init__E                           
00008f51  ti_sysbios_knl_Swi_startup__E                                   
00008f59  ti_sysbios_gates_GateHwi_query__E                               
00008f59  xdc_runtime_Main_Module_GateProxy_query__E                      
00008f59  xdc_runtime_System_Module_GateProxy_query__E                    
00008f61  ti_sysbios_BIOS_RtsGateProxy_query__E                           
00008f61  ti_sysbios_gates_GateMutex_query__E                             
00008f61  ti_sysbios_heaps_HeapMem_Module_GateProxy_query__E              
00008f69  ti_sysbios_knl_Clock_setTimeout__E                              
00008f71  ti_sysbios_knl_Task_startup__E                                  
00008f79  ti_sysbios_BIOS_linkedWithIncorrectBootLibrary__E               
00008f81  ti_sysbios_gates_GateHwi_Instance_init__E                       
00008f89  ti_sysbios_knl_Clock_logTick__E                                 
00008f8c  xdc_runtime_Text_charTab__A                                     
0000a813  _ctypes_                                                        
0000a914  xdc_runtime_Text_nodeTab__A                                     
0000aa08  ti_sysbios_knl_Task_Object__PARAMS__C                           
0000aa44  PowerMSP432_config                                              
0000aa7c  ti_sysbios_family_arm_m3_Hwi_Object__PARAMS__C                  
0000aad8  UARTMSP432_fxnTable                                             
0000ab00  ti_sysbios_heaps_HeapMem_Module__FXNS__C                        
0000ab28  UART_defaultParams                                              
0000ab4c  ti_sysbios_gates_GateHwi_Module__FXNS__C                        
0000ab70  ti_sysbios_gates_GateMutex_Module__FXNS__C                      
0000ab94  ti_sysbios_heaps_HeapMem_Object__PARAMS__C                      
0000abb8  ti_sysbios_knl_Clock_Object__PARAMS__C                          
0000abdc  ti_sysbios_knl_Semaphore_Object__PARAMS__C                      
0000ac20  ti_sysbios_family_arm_m3_Hwi_Object__DESC__C                    
0000ac40  ti_sysbios_gates_GateHwi_Object__DESC__C                        
0000ac60  ti_sysbios_gates_GateMutex_Object__DESC__C                      
0000ac80  ti_sysbios_heaps_HeapMem_Object__DESC__C                        
0000aca0  ti_sysbios_knl_Clock_Object__DESC__C                            
0000acc0  ti_sysbios_knl_Queue_Object__DESC__C                            
0000ace0  ti_sysbios_knl_Semaphore_Object__DESC__C                        
0000ad00  ti_sysbios_knl_Task_Object__DESC__C                             
0000ad20  xdc_runtime_Startup_sfxnTab__A                                  
0000ad40  ti_sysbios_gates_GateHwi_Object__PARAMS__C                      
0000ad58  ti_sysbios_gates_GateMutex_Object__PARAMS__C                    
0000ad70  ti_sysbios_knl_Queue_Object__PARAMS__C                          
0000ad88  xdc_runtime_Startup_sfxnRts__A                                  
0000ad98  UART_config                                                     
0000ada4  xdc_runtime_Startup_firstFxns__A                                
0000adb0  ti_sysbios_family_arm_m3_Hwi_excHookFuncs__A                    
0000adb8  ti_sysbios_knl_Idle_funcList__A                                 
0000adc0  ti_sysbios_knl_Idle_funcList__C                                 
0000adc8  xdc_runtime_Startup_firstFxns__C                                
0000add0  xdc_runtime_Startup_lastFxns__C                                 
0000addd  UART_count                                                      
0000ade2  ti_sysbios_family_arm_m3_Hwi_Module__id__C                      
0000ade4  ti_sysbios_family_arm_m3_Hwi_E_NMI__C                           
0000ade8  ti_sysbios_family_arm_m3_Hwi_E_alreadyDefined__C                
0000adec  ti_sysbios_family_arm_m3_Hwi_E_badIntNum__C                     
0000adf0  ti_sysbios_family_arm_m3_Hwi_E_busFault__C                      
0000adf4  ti_sysbios_family_arm_m3_Hwi_E_debugMon__C                      
0000adf8  ti_sysbios_family_arm_m3_Hwi_E_hardFault__C                     
0000adfc  ti_sysbios_family_arm_m3_Hwi_E_memFault__C                      
0000ae00  ti_sysbios_family_arm_m3_Hwi_E_noIsr__C                         
0000ae04  ti_sysbios_family_arm_m3_Hwi_E_reserved__C                      
0000ae08  ti_sysbios_family_arm_m3_Hwi_E_svCall__C                        
0000ae0c  ti_sysbios_family_arm_m3_Hwi_E_usageFault__C                    
0000ae10  ti_sysbios_family_arm_m3_Hwi_NUM_INTERRUPTS__C                  
0000ae14  ti_sysbios_family_arm_m3_Hwi_Object__count__C                   
0000ae18  ti_sysbios_family_arm_m3_Hwi_ccr__C                             
0000ae1c  ti_sysbios_family_arm_m3_Hwi_excHandlerFunc__C                  
0000ae20  ti_sysbios_family_arm_m3_Hwi_excHookFuncs__C                    
0000ae24  ti_sysbios_family_arm_m3_Hwi_nullIsrFunc__C                     
0000ae28  ti_sysbios_family_arm_m3_Hwi_priGroup__C                        
0000ae2c  ti_sysbios_family_arm_m3_Hwi_swiDisable__C                      
0000ae30  ti_sysbios_family_arm_m3_Hwi_swiRestore__C                      
0000ae34  ti_sysbios_family_arm_m3_TaskSupport_stackAlignment__C          
0000ae38  ti_sysbios_family_arm_msp432_Timer_numTimerDevices__C           
0000ae3c  ti_sysbios_family_arm_msp432_Timer_startupNeeded__C             
0000ae40  ti_sysbios_gates_GateMutex_Instance_State_sem__O                
0000ae44  ti_sysbios_hal_Hwi_E_stackOverflow__C                           
0000ae48  ti_sysbios_heaps_HeapMem_E_memory__C                            
0000ae4c  ti_sysbios_heaps_HeapMem_Module__gateObj__C                     
0000ae50  ti_sysbios_heaps_HeapMem_Object__count__C                       
0000ae54  ti_sysbios_heaps_HeapMem_primaryHeapBaseAddr__C                 
0000ae58  ti_sysbios_heaps_HeapMem_primaryHeapEndAddr__C                  
0000ae5c  ti_sysbios_heaps_HeapMem_reqAlign__C                            
0000ae60  ti_sysbios_knl_Clock_Module_State_clockQ__O                     
0000ae64  ti_sysbios_knl_Clock_tickPeriod__C                              
0000ae68  ti_sysbios_knl_Semaphore_Instance_State_pendQ__O                
0000ae6c  ti_sysbios_knl_Swi_Object__count__C                             
0000ae70  ti_sysbios_knl_Task_E_spOutOfBounds__C                          
0000ae74  ti_sysbios_knl_Task_E_stackOverflow__C                          
0000ae78  ti_sysbios_knl_Task_Module_State_inactiveQ__O                   
0000ae7c  ti_sysbios_knl_Task_Object__count__C                            
0000ae80  ti_sysbios_knl_Task_allBlockedFunc__C                           
0000ae84  ti_sysbios_knl_Task_defaultStackHeap__C                         
0000ae88  ti_sysbios_knl_Task_defaultStackSize__C                         
0000ae8c  ti_sysbios_knl_Task_numConstructedTasks__C                      
0000ae90  xdc_runtime_Assert_E_assertFailed__C                            
0000ae94  xdc_runtime_Core_A_initializedParams__C                         
0000ae98  xdc_runtime_Core_Module__diagsEnabled__C                        
0000ae9c  xdc_runtime_Core_Module__diagsIncluded__C                       
0000aea0  xdc_runtime_Core_Module__diagsMask__C                           
0000aea4  xdc_runtime_Error_E_memory__C                                   
0000aea8  xdc_runtime_Error_policyFxn__C                                  
0000aeac  xdc_runtime_Error_raiseHook__C                                  
0000aeb0  xdc_runtime_IGateProvider_Interface__BASE__C                    
0000aeb4  xdc_runtime_IHeap_Interface__BASE__C                            
0000aeb8  xdc_runtime_IModule_Interface__BASE__C                          
0000aebc  xdc_runtime_Memory_defaultHeapInstance__C                       
0000aec0  xdc_runtime_Startup_execImpl__C                                 
0000aec4  xdc_runtime_Startup_maxPasses__C                                
0000aec8  xdc_runtime_Startup_sfxnRts__C                                  
0000aecc  xdc_runtime_Startup_sfxnTab__C                                  
0000aed0  xdc_runtime_SysMin_bufSize__C                                   
0000aed4  xdc_runtime_SysMin_outputFunc__C                                
0000aed8  xdc_runtime_System_Module__gateObj__C                           
0000aedc  xdc_runtime_System_abortFxn__C                                  
0000aee0  xdc_runtime_System_exitFxn__C                                   
0000aee4  xdc_runtime_System_extendFxn__C                                 
0000aee8  xdc_runtime_System_maxAtexitHandlers__C                         
0000aeec  xdc_runtime_Text_charTab__C                                     
0000aef0  xdc_runtime_Text_nodeTab__C                                     
0000aef4  xdc_runtime_Text_visitRopeFxn__C                                
0000aef8  ti_sysbios_family_arm_msp432_init_Boot_bypassHFXT__C            
0000aefa  ti_sysbios_family_arm_msp432_init_Boot_bypassLFXT__C            
0000aefc  ti_sysbios_family_arm_msp432_init_Boot_enableHFXT__C            
0000aefe  ti_sysbios_family_arm_msp432_init_Boot_enableLFXT__C            
0000af00  ti_sysbios_hal_Hwi_Module__id__C                                
0000af02  ti_sysbios_heaps_HeapMem_Module__id__C                          
0000af04  ti_sysbios_knl_Task_Module__id__C                               
0000af06  xdc_runtime_Core_Module__id__C                                  
0000af08  xdc_runtime_Error_Module__loggerDefined__C                      
0000af0a  xdc_runtime_Error_maxDepth__C                                   
0000af0c  xdc_runtime_Memory_Module__id__C                                
0000af0e  xdc_runtime_SysMin_flushAtExit__C                               
0000af10  xdc_runtime_Text_isLoaded__C                                    
0000af12  xdc_runtime_Text_registryModsLastId__C                          
0000af14  xdc_runtime_Text_unnamedModsLastId__C                           
0000af16  xdc_runtime_Error_policy__C                                     
0000af18  __TI_static_base__                                              
0000b170  __TI_Handler_Table_Base                                         
0000b17c  __TI_Handler_Table_Limit                                        
0000b188  __TI_CINIT_Base                                                 
0000b198  __TI_CINIT_Limit                                                
20000000  ti_sysbios_family_arm_m3_Hwi_ramVectors                         
20000140  __primary_heap_start__                                          
20008140  __primary_heap_end__                                            
20008140  task1Stack                                                      
20008940  task2Stack                                                      
20009140  task3Stack                                                      
20009940  ti_sysbios_knl_Task_Instance_State_0_stack__A                   
20009b40  xdc_runtime_SysMin_Module_State_0_outbuf__A                     
20009d40  ti_sysbios_family_arm_m3_Hwi_dispatchTable                      
20009e80  __CIOBUF_                                                       
20009fa0  __TI_tmpnams                                                    
2000a040  uartMSP432Objects                                               
2000a0c0  task1Struct                                                     
2000a110  task2Struct                                                     
2000a160  task3Struct                                                     
2000a1d0  semStruct                                                       
2000a1f4  parmbuf                                                         
2000a1fc  ClockP_tickPeriod                                               
2000a200  semHandle                                                       
2000a204  PowerMSP432_perfLevels                                          
2000a344  _ftable                                                         
2000a434  ti_sysbios_knl_Swi_Module_State_0_readyQ__A                     
2000a4b4  ti_sysbios_knl_Task_Module_State_0_readyQ__A                    
2000a534  _device                                                         
2000a5ac  _stream                                                         
2000a5fc  ti_sysbios_knl_Task_Object__table__V                            
2000a648  ti_sysbios_family_arm_msp432_Timer_Object__table__V             
2000a68c  ti_sysbios_knl_Task_Module__state__V                            
2000a6d0  ti_sysbios_gates_GateMutex_Object__table__V                     
2000a708  ti_sysbios_family_arm_m3_Hwi_Module__state__V                   
2000a73c  ti_sysbios_knl_Swi_Object__table__V                             
2000a76c  PowerMSP432_module                                              
2000a798  ti_sysbios_knl_Clock_Module__state__V                           
2000a7c4  ti_sysbios_BIOS_Module__state__V                                
2000a7e8  ti_sysbios_family_arm_msp432_Timer_Module_State_0_device__A     
2000a808  xdc_runtime_Error_IgnoreBlock                                   
2000a828  ti_sysbios_knl_Swi_Module__state__V                             
2000a844  ti_sysbios_family_arm_m3_Hwi_Object__table__V                   
2000a85c  ti_sysbios_heaps_HeapMem_Object__table__V                       
2000a874  __TI_ft_end                                                     
2000a878  __aeabi_stdin                                                   
2000a87c  __aeabi_stdout                                                  
2000a880  __aeabi_stderr                                                  
2000a884  ti_sysbios_family_arm_msp432_Timer_Module_State_0_handles__A    
2000a894  __TI_cleanup_ptr                                                
2000a898  __TI_dtors_ptr                                                  
2000a89c  __TI_enable_exit_profile_output                                 
2000a8a0  ti_sysbios_family_arm_msp432_ClockFreqs_Module__state__V        
2000a8ac  ti_sysbios_family_arm_msp432_Timer_Module__state__V             
2000a8b8  xdc_runtime_SysMin_Module__state__V                             
2000a8c4  _lock                                                           
2000a8c8  _unlock                                                         
2000a8cc  ti_sysbios_family_arm_m3_Hwi_Module__root__V                    
2000a8d4  ti_sysbios_gates_GateHwi_Module__root__V                        
2000a8dc  ti_sysbios_gates_GateMutex_Module__root__V                      
2000a8e4  ti_sysbios_heaps_HeapMem_Module__root__V                        
2000a8ec  ti_sysbios_knl_Clock_Module__root__V                            
2000a8f4  ti_sysbios_knl_Queue_Module__root__V                            
2000a8fc  ti_sysbios_knl_Semaphore_Module__root__V                        
2000a904  ti_sysbios_knl_Task_Module__root__V                             
2000a90c  xdc_runtime_Registry_Module__state__V                           
2000a914  xdc_runtime_Startup_Module__state__V                            
2000a91c  xdc_runtime_System_Module_State_0_atexitHandlers__A             
2000a924  xdc_runtime_System_Module__state__V                             
2000a92c  errno                                                           
2000a930  main_func_sp                                                    
2000a934  ti_sysbios_family_arm_m3_Hwi_Module_State_0_excContext__A       
2000a938  ti_sysbios_family_arm_m3_Hwi_Module_State_0_excStack__A         
2000a93c  ti_sysbios_gates_GateHwi_Object__table__V                       
2000a940  ti_sysbios_knl_Task_Module_State_0_idleTask__A                  
2000a944  xdc_runtime_Memory_Module__state__V                             
2000a948  ti_sysbios_family_arm_m3_Hwi_Module_State_0_excActive__A        
2000a94a  xdc_runtime_Error_Module__state__V                              
2000fc00  __stack                                                         
20010000  __STACK_END                                                     
4000480c  WDTCTL_SYM                                                      
e000e000  ti_sysbios_family_arm_m3_Hwi_nvic                               
ffffffff  __TI_pprof_out_hndl                                             
ffffffff  __TI_prof_data_size                                             
ffffffff  __TI_prof_data_start                                            
ffffffff  __binit__                                                       
ffffffff  __c_args__                                                      
ffffffff  binit                                                           
UNDEFED   SHT$$INIT_ARRAY$$Base                                           
UNDEFED   SHT$$INIT_ARRAY$$Limit                                          

[675 symbols]
