******************************************************************************
                  TI ARM Linker PC v18.12.4                    
******************************************************************************
>> Linked Mon Mar  2 19:02:23 2020

OUTPUT FILE NAME:   <crc32_32-bit_signature_calculation_MSP_EXP432P401R_nortos_ccs.out>
ENTRY POINT SYMBOL: "_c_int00_noargs"  address: 00003245


MEMORY CONFIGURATION

         name            origin    length      used     unused   attr    fill
----------------------  --------  ---------  --------  --------  ----  --------
  MAIN                  00000000   00040000  000036d9  0003c927  R  X
  INFO                  00200000   00004000  00000000  00004000  R  X
  SRAM_CODE             01000000   00010000  000035c8  0000ca38  RW X
  SRAM_DATA             20000000   00010000  000035c8  0000ca38  RW  


SEGMENT ALLOCATION MAP

run origin  load origin   length   init length attrs members
----------  ----------- ---------- ----------- ----- -------
00000000    00000000    000036e0   000036e0    r-x
  00000000    00000000    000000e4   000000e4    r-- .intvecs
  000000e4    000000e4    00003464   00003464    r-x .text
  00003548    00003548    00000101   00000101    r-- .const
  00003650    00003650    00000090   00000090    r-- .cinit
20000000    20000000    000033cc   00000000    rw-
  20000000    20000000    000029dc   00000000    rw- .bss
  200029e0    200029e0    00000800   00000000    rw- .sysmem
  200031e0    200031e0    000001ec   00000000    rw- .data
2000fe00    2000fe00    00000200   00000000    rw-
  2000fe00    2000fe00    00000200   00000000    rw- .stack


SECTION ALLOCATION MAP

 output                                  attributes/
section   page    origin      length       input sections
--------  ----  ----------  ----------   ----------------
.intvecs   0    00000000    000000e4     
                  00000000    000000e4     startup_msp432p401r_ccs.obj (.intvecs:retain)

.text      0    000000e4    00003464     
                  000000e4    00000a4e     rtsv7M4_T_le_v4SPD16_eabi.lib : _printfi.c.obj (.text:__TI_printfi)
                  00000b32    00000002     startup_msp432p401r_ccs.obj (.text:Default_Handler)
                  00000b34    000004ec     crc32_32-bit_signature_calculation.obj (.text:main)
                  00001020    00000270     rtsv7M4_T_le_v4SPD16_eabi.lib : _printfi.c.obj (.text:_pconv_a)
                  00001290    000001d0                                   : _printfi.c.obj (.text:_pconv_g)
                  00001460    000001b6                                   : fd_add_t2.asm.obj (.text)
                  00001616    00000002                                   : _lock.c.obj (.text:_nop)
                  00001618    0000013c                                   : _printfi.c.obj (.text:_pconv_e)
                  00001754    00000136                                   : fd_div_t2.asm.obj (.text)
                  0000188a    00000002                                   : div0.asm.obj (.text)
                  0000188c    00000124                                   : _printfi.c.obj (.text:fcvt)
                  000019b0    00000118                                   : memory.c.obj (.text:aligned_alloc)
                  00001ac8    00000114                                   : fputs.c.obj (.text:fputs)
                  00001bdc    00000110                                   : s_scalbn.c.obj (.text:scalbn)
                  00001cec    00000104     msp432p4xx_driverlib.lib : cs.o (.text:_CSComputeCLKFrequency)
                  00001df0    000000fc     rtsv7M4_T_le_v4SPD16_eabi.lib : fd_mul_t2.asm.obj (.text)
                  00001eec    000000f8     msp432p4xx_driverlib.lib : cs.o (.text:CS_getDCOFrequency)
                  00001fe4    000000e4     rtsv7M4_T_le_v4SPD16_eabi.lib : memory.c.obj (.text:free)
                  000020c8    000000dc                                   : setvbuf.c.obj (.text:setvbuf)
                  000021a4    000000b1                                   : _printfi.c.obj (.text:_ltostr)
                  00002255    00000001     --HOLE-- [fill = 0]
                  00002256    0000009c                                   : memcpy_t2.asm.obj (.text)
                  000022f2    00000096                                   : ull_div_t2.asm.obj (.text)
                  00002388    00000094     msp432p4xx_driverlib.lib : sysctl_a.o (.text:SysCtl_A_getTLVInfo)
                  0000241c    0000008c     rtsv7M4_T_le_v4SPD16_eabi.lib : fputc.c.obj (.text:fputc)
                  000024a8    00000086                                   : fd_cmp_t2.asm.obj (.text:__aeabi_cdcmple)
                  0000252e    00000086                                   : fd_cmp_t2.asm.obj (.text:__aeabi_cdrcmple)
                  000025b4    0000007c     msp432p4xx_driverlib.lib : cs.o (.text:_CSGetDOCFrequency)
                  00002630    0000007a     rtsv7M4_T_le_v4SPD16_eabi.lib : memset_t2.asm.obj (.text)
                  000026aa    00000002     --HOLE-- [fill = 0]
                  000026ac    00000078     system_msp432p401r.obj (.text:SystemInit)
                  00002724    00000074     rtsv7M4_T_le_v4SPD16_eabi.lib : fclose.c.obj (.text:__TI_closefile)
                  00002798    00000074     crc32_32-bit_signature_calculation.obj (.text:calculateCRC32)
                  0000280c    00000070     rtsv7M4_T_le_v4SPD16_eabi.lib : memory.c.obj (.text:split)
                  0000287c    0000006e                                   : _printfi.c.obj (.text:_mcpy)
                  000028ea    00000002     --HOLE-- [fill = 0]
                  000028ec    0000006c                                   : hostrename.c.obj (.text:HOSTrename)
                  00002958    00000068                                   : hostlseek.c.obj (.text:HOSTlseek)
                  000029c0    00000068                                   : copy_decompress_lzss.c.obj (.text:decompress:lzss:__TI_decompress_lzss)
                  00002a28    00000068                                   : printf.c.obj (.text:printf)
                  00002a90    00000064                                   : s_frexp.c.obj (.text:frexp)
                  00002af4    00000064                                   : fseek.c.obj (.text:fseek)
                  00002b58    00000062     msp432p4xx_driverlib.lib : cs.o (.text:_CSGetDividerValue)
                  00002bba    00000062     rtsv7M4_T_le_v4SPD16_eabi.lib : _io_perm.c.obj (.text:__TI_wrt_ok)
                  00002c1c    00000060                                   : hostopen.c.obj (.text:HOSTopen)
                  00002c7c    0000005c                                   : close.c.obj (.text:close)
                  00002cd8    00000058                                   : hostread.c.obj (.text:HOSTread)
                  00002d30    00000058                                   : hostwrite.c.obj (.text:HOSTwrite)
                  00002d88    00000056                                   : _printfi.c.obj (.text:_pconv_f)
                  00002dde    00000054                                   : ltoa.c.obj (.text:ltoa)
                  00002e32    00000052                                   : _printfi.c.obj (.text:_ecpy)
                  00002e84    0000004c                                   : fflush.c.obj (.text:__TI_doflush)
                  00002ed0    0000004c                                   : atoi.c.obj (.text:atoi)
                  00002f1c    00000048                                   : exit.c.obj (.text:exit)
                  00002f64    00000048                                   : fd_toi_t2.asm.obj (.text)
                  00002fac    00000044                                   : hostclose.c.obj (.text:HOSTclose)
                  00002ff0    00000044                                   : hostunlink.c.obj (.text:HOSTunlink)
                  00003034    00000044                                   : autoinit.c.obj (.text:__TI_auto_init_nobinit_nopinit:__TI_auto_init_nobinit_nopinit)
                  00003078    00000044                                   : getdevice.c.obj (.text:getdevice)
                  000030bc    0000003e                                   : _printfi.c.obj (.text:_fcpy)
                  000030fa    0000003a     crc32_32-bit_signature_calculation.obj (.text:compute_simple_checksum)
                  00003134    00000038     msp432p4xx_driverlib.lib : crc32.o (.text:CRC32_getResultReversed)
                  0000316c    00000038     rtsv7M4_T_le_v4SPD16_eabi.lib : trgmsg.c.obj (.text:__TI_writemsg)
                  000031a4    00000036                                   : strncpy.c.obj (.text:strncpy)
                  000031da    00000002     --HOLE-- [fill = 0]
                  000031dc    00000034                                   : fopen.c.obj (.text:__TI_cleanup)
                  00003210    00000034                                   : trgmsg.c.obj (.text:__TI_readmsg)
                  00003244    00000034                                   : boot_cortex_m.c.obj (.text:_c_int00_noargs:_c_int00_noargs)
                  00003278    00000034                                   : rand.c.obj (.text:rand)
                  000032ac    00000030     msp432p4xx_driverlib.lib : cs.o (.text:CS_clearInterruptFlag)
                  000032dc    00000030     rtsv7M4_T_le_v4SPD16_eabi.lib : getdevice.c.obj (.text:finddevice)
                  0000330c    0000002e                                   : i_tofd_t2.asm.obj (.text)
                  0000333a    00000002     --HOLE-- [fill = 0]
                  0000333c    0000002c                                   : unlink.c.obj (.text:unlink)
                  00003368    00000028     msp432p4xx_driverlib.lib : cs.o (.text:CS_getMCLK)
                  00003390    00000028     rtsv7M4_T_le_v4SPD16_eabi.lib : memory.c.obj (.text:free_list_insert)
                  000033b8    00000028                                   : lseek.c.obj (.text:lseek)
                  000033e0    00000028                                   : write.c.obj (.text:write)
                  00003408    00000020                                   : memchr.c.obj (.text:memchr)
                  00003428    00000020                                   : u_tofd_t2.asm.obj (.text)
                  00003448    0000001c                                   : memory.c.obj (.text:free_list_remove)
                  00003464    0000001c                                   : memccpy.c.obj (.text:memccpy)
                  00003480    0000001a                                   : s_copysign.c.obj (.text:copysign)
                  0000349a    00000018                                   : strcmp.c.obj (.text:strcmp)
                  000034b2    00000016                                   : strchr.c.obj (.text:strchr)
                  000034c8    00000014                                   : strcpy.c.obj (.text:strcpy)
                  000034dc    00000014                                   : strlen.c.obj (.text:strlen)
                  000034f0    00000012                                   : wcslen.c.obj (.text:wcslen)
                  00003502    0000000e                                   : copy_decompress_none.c.obj (.text:decompress:none:__TI_decompress_none)
                  00003510    0000000c     startup_msp432p401r_ccs.obj (.text:Reset_Handler)
                  0000351c    0000000c     rtsv7M4_T_le_v4SPD16_eabi.lib : copy_zero_init.c.obj (.text:decompress:ZI:__TI_zero_init)
                  00003528    00000008                                   : errno.c.obj (.text:__aeabi_errno_addr)
                  00003530    00000008                                   : memory.c.obj (.text:malloc)
                  00003538    00000004                                   : printf.c.obj (.text:_outc)
                  0000353c    00000004                                   : printf.c.obj (.text:_outs)
                  00003540    00000004                                   : pre_init.c.obj (.text:_system_pre_init)
                  00003544    00000004                                   : exit.c.obj (.text:abort:abort)

.const     0    00003548    00000101     
                  00003548    00000101     rtsv7M4_T_le_v4SPD16_eabi.lib : ctype.c.obj (.const:.string:_ctypes_)

.cinit     0    00003650    00000090     
                  00003650    0000006c     (.cinit..data.load) [load image, compression = lzss]
                  000036bc    0000000c     (__TI_handler_table)
                  000036c8    00000008     (.cinit..bss.load) [load image, compression = zero_init]
                  000036d0    00000010     (__TI_cinit_table)

.init_array 
*          0    00000000    00000000     UNINITIALIZED

.binit     0    00000000    00000000     

.bss       0    20000000    000029dc     UNINITIALIZED
                  20000000    00002800     crc32_32-bit_signature_calculation.obj (.bss:myData)
                  20002800    00000120     rtsv7M4_T_le_v4SPD16_eabi.lib : trgmsg.c.obj (.bss:_CIOBUF_)
                  20002920    000000a0     (.common:__TI_tmpnams)
                  200029c0    00000008     msp432p4xx_driverlib.lib : cs.o (.bss)
                  200029c8    00000008     (.common:parmbuf)
                  200029d0    00000004     (.common:hwCalculatedCRC)
                  200029d4    00000004     (.common:simpleSum)
                  200029d8    00000004     (.common:swCalculatedCRC)

.sysmem    0    200029e0    00000800     UNINITIALIZED
                  200029e0    00000010     rtsv7M4_T_le_v4SPD16_eabi.lib : memory.c.obj (.sysmem)
                  200029f0    000007f0     --HOLE--

.data      0    200031e0    000001ec     UNINITIALIZED
                  200031e0    000000f0     rtsv7M4_T_le_v4SPD16_eabi.lib : defs.c.obj (.data:_ftable)
                  200032d0    00000078                                   : host_device.c.obj (.data:_device)
                  20003348    00000050                                   : host_device.c.obj (.data:_stream)
                  20003398    00000010                                   : defs.c.obj (.data)
                  200033a8    0000000c                                   : exit.c.obj (.data:$O1$$)
                  200033b4    00000008                                   : _lock.c.obj (.data:$O1$$)
                  200033bc    00000008                                   : memory.c.obj (.data:$O1$$)
                  200033c4    00000004                                   : errno.c.obj (.data)
                  200033c8    00000004                                   : rand.c.obj (.data)

.stack     0    2000fe00    00000200     UNINITIALIZED
                  2000fe00    00000004     rtsv7M4_T_le_v4SPD16_eabi.lib : boot_cortex_m.c.obj (.stack)
                  2000fe04    000001fc     --HOLE--

MODULE SUMMARY

       Module                                   code    ro data   rw data
       ------                                   ----    -------   -------
    .\
       crc32_32-bit_signature_calculation.obj   1434    0         20504  
       system_msp432p401r.obj                   120     0         0      
    +--+----------------------------------------+-------+---------+---------+
       Total:                                   1554    0         20504  
                                                                         
    .\ccs\
       startup_msp432p401r_ccs.obj              14      228       0      
    +--+----------------------------------------+-------+---------+---------+
       Total:                                   14      228       0      
                                                                         
    C:/ti/simplelink_msp432p4_sdk_3_40_00_05/source/ti/devices/msp432p4xx/driverlib/ccs/msp432p4xx_driverlib.lib
       cs.o                                     818     0         16     
       sysctl_a.o                               148     0         0      
       crc32.o                                  56      0         0      
    +--+----------------------------------------+-------+---------+---------+
       Total:                                   1022    0         16     
                                                                         
    C:\ti\ccs930\ccs\tools\compiler\ti-cgt-arm_18.12.4.LTS\lib\rtsv7M4_T_le_v4SPD16_eabi.lib
       _printfi.c.obj                           4851    0         0      
       defs.c.obj                               0       0         832    
       memory.c.obj                             696     0         16     
       trgmsg.c.obj                             108     0         576    
       fd_add_t2.asm.obj                        438     0         0      
       host_device.c.obj                        0       0         400    
       fd_div_t2.asm.obj                        310     0         0      
       fputs.c.obj                              276     0         0      
       s_scalbn.c.obj                           272     0         0      
       fd_cmp_t2.asm.obj                        268     0         0      
       ctype.c.obj                              0       257       0      
       fd_mul_t2.asm.obj                        252     0         0      
       setvbuf.c.obj                            220     0         0      
       memcpy_t2.asm.obj                        156     0         0      
       ull_div_t2.asm.obj                       150     0         0      
       fputc.c.obj                              140     0         0      
       memset_t2.asm.obj                        122     0         0      
       fclose.c.obj                             116     0         0      
       getdevice.c.obj                          116     0         0      
       hostopen.c.obj                           96      0         16     
       printf.c.obj                             112     0         0      
       hostrename.c.obj                         108     0         0      
       copy_decompress_lzss.c.obj               104     0         0      
       hostlseek.c.obj                          104     0         0      
       exit.c.obj                               76      0         24     
       fseek.c.obj                              100     0         0      
       s_frexp.c.obj                            100     0         0      
       _io_perm.c.obj                           98      0         0      
       close.c.obj                              92      0         0      
       hostread.c.obj                           88      0         0      
       hostwrite.c.obj                          88      0         0      
       ltoa.c.obj                               84      0         0      
       atoi.c.obj                               76      0         0      
       fflush.c.obj                             76      0         0      
       fd_toi_t2.asm.obj                        72      0         0      
       autoinit.c.obj                           68      0         0      
       hostclose.c.obj                          68      0         0      
       hostunlink.c.obj                         68      0         0      
       rand.c.obj                               52      0         8      
       strncpy.c.obj                            54      0         0      
       boot_cortex_m.c.obj                      52      0         0      
       fopen.c.obj                              52      0         0      
       i_tofd_t2.asm.obj                        46      0         0      
       unlink.c.obj                             44      0         0      
       lseek.c.obj                              40      0         0      
       write.c.obj                              40      0         0      
       memchr.c.obj                             32      0         0      
       u_tofd_t2.asm.obj                        32      0         0      
       memccpy.c.obj                            28      0         0      
       s_copysign.c.obj                         26      0         0      
       strcmp.c.obj                             24      0         0      
       strchr.c.obj                             22      0         0      
       strcpy.c.obj                             20      0         0      
       strlen.c.obj                             20      0         0      
       _lock.c.obj                              2       0         16     
       wcslen.c.obj                             18      0         0      
       errno.c.obj                              8       0         8      
       copy_decompress_none.c.obj               14      0         0      
       copy_zero_init.c.obj                     12      0         0      
       pre_init.c.obj                           4       0         0      
       div0.asm.obj                             2       0         0      
    +--+----------------------------------------+-------+---------+---------+
       Total:                                   10813   257       1896   
                                                                         
       Heap:                                    0       0         4096   
       Stack:                                   0       0         1024   
       Linker Generated:                        0       144       0      
    +--+----------------------------------------+-------+---------+---------+
       Grand Total:                             13403   629       27536  


LINKER GENERATED COPY TABLES

__TI_cinit_table @ 000036d0 records: 2, size/record: 8, table size: 16
	.data: load addr=00003650, load size=0000006c bytes, run addr=200031e0, run size=000001ec bytes, compression=lzss
	.bss: load addr=000036c8, load size=00000008 bytes, run addr=20000000, run size=000029dc bytes, compression=zero_init


LINKER GENERATED HANDLER TABLE

__TI_handler_table @ 000036bc records: 3, size/record: 4, table size: 12
	index: 0, handler: __TI_decompress_lzss
	index: 1, handler: __TI_decompress_none
	index: 2, handler: __TI_zero_init


GLOBAL SYMBOLS: SORTED ALPHABETICALLY BY Name 

address   name                           
-------   ----                           
00000b33  ADC14_IRQHandler               
00000b33  AES256_IRQHandler              
00000b33  BusFault_Handler               
00003545  C$$EXIT                        
0000319b  C$$IO$$                        
00000b33  COMP_E0_IRQHandler             
00000b33  COMP_E1_IRQHandler             
00003135  CRC32_getResultReversed        
00000b33  CS_IRQHandler                  
000032ad  CS_clearInterruptFlag          
00001eed  CS_getDCOFrequency             
00003369  CS_getMCLK                     
00000b33  DMA_ERR_IRQHandler             
00000b33  DMA_INT0_IRQHandler            
00000b33  DMA_INT1_IRQHandler            
00000b33  DMA_INT2_IRQHandler            
00000b33  DMA_INT3_IRQHandler            
00000b33  DebugMon_Handler               
00000b33  Default_Handler                
00000b33  EUSCIA0_IRQHandler             
00000b33  EUSCIA1_IRQHandler             
00000b33  EUSCIA2_IRQHandler             
00000b33  EUSCIA3_IRQHandler             
00000b33  EUSCIB0_IRQHandler             
00000b33  EUSCIB1_IRQHandler             
00000b33  EUSCIB2_IRQHandler             
00000b33  EUSCIB3_IRQHandler             
00000b33  FLCTL_IRQHandler               
00000b33  FPU_IRQHandler                 
00002fad  HOSTclose                      
00002959  HOSTlseek                      
00002c1d  HOSTopen                       
00002cd9  HOSTread                       
000028ed  HOSTrename                     
00002ff1  HOSTunlink                     
00002d31  HOSTwrite                      
00000b33  HardFault_Handler              
00000b33  MemManage_Handler              
00000b33  NMI_Handler                    
00000b33  PCM_IRQHandler                 
00000b33  PORT1_IRQHandler               
00000b33  PORT2_IRQHandler               
00000b33  PORT3_IRQHandler               
00000b33  PORT4_IRQHandler               
00000b33  PORT5_IRQHandler               
00000b33  PORT6_IRQHandler               
00000b33  PSS_IRQHandler                 
00000b33  PendSV_Handler                 
00000b33  RTC_C_IRQHandler               
00003511  Reset_Handler                  
00000b33  SVC_Handler                    
00002389  SysCtl_A_getTLVInfo            
00000b33  SysTick_Handler                
000026ad  SystemInit                     
00000b33  T32_INT1_IRQHandler            
00000b33  T32_INT2_IRQHandler            
00000b33  T32_INTC_IRQHandler            
00000b33  TA0_0_IRQHandler               
00000b33  TA0_N_IRQHandler               
00000b33  TA1_0_IRQHandler               
00000b33  TA1_N_IRQHandler               
00000b33  TA2_0_IRQHandler               
00000b33  TA2_N_IRQHandler               
00000b33  TA3_0_IRQHandler               
00000b33  TA3_N_IRQHandler               
00000b33  UsageFault_Handler             
4000480c  WDTCTL_SYM                     
00000b33  WDT_A_IRQHandler               
20002800  __CIOBUF_                      
20010000  __STACK_END                    
00000200  __STACK_SIZE                   
00000800  __SYSMEM_SIZE                  
000036d0  __TI_CINIT_Base                
000036e0  __TI_CINIT_Limit               
000036bc  __TI_Handler_Table_Base        
000036c8  __TI_Handler_Table_Limit       
00003035  __TI_auto_init_nobinit_nopinit 
000031dd  __TI_cleanup                   
200033a8  __TI_cleanup_ptr               
00002725  __TI_closefile                 
000029c1  __TI_decompress_lzss           
00003503  __TI_decompress_none           
00002e85  __TI_doflush                   
200033ac  __TI_dtors_ptr                 
200033b0  __TI_enable_exit_profile_output
20003398  __TI_ft_end                    
ffffffff  __TI_pprof_out_hndl            
000000e5  __TI_printfi                   
ffffffff  __TI_prof_data_size            
ffffffff  __TI_prof_data_start           
00003211  __TI_readmsg                   
00000000  __TI_static_base__             
20002920  __TI_tmpnams                   
0000316d  __TI_writemsg                  
00002bbb  __TI_wrt_ok                    
0000351d  __TI_zero_init                 
000024a9  __aeabi_cdcmpeq                
000024a9  __aeabi_cdcmple                
0000252f  __aeabi_cdrcmple               
00002f65  __aeabi_d2iz                   
0000146b  __aeabi_dadd                   
00001755  __aeabi_ddiv                   
00001df1  __aeabi_dmul                   
00001461  __aeabi_dsub                   
00003529  __aeabi_errno_addr             
0000330d  __aeabi_i2d                    
0000188b  __aeabi_idiv0                  
0000188b  __aeabi_ldiv0                  
00002631  __aeabi_memclr                 
00002631  __aeabi_memclr4                
00002631  __aeabi_memclr8                
00002257  __aeabi_memcpy                 
00002257  __aeabi_memcpy4                
00002257  __aeabi_memcpy8                
00002633  __aeabi_memset                 
00002633  __aeabi_memset4                
00002633  __aeabi_memset8                
200033a4  __aeabi_stderr                 
2000339c  __aeabi_stdin                  
200033a0  __aeabi_stdout                 
00003429  __aeabi_ui2d                   
000022f3  __aeabi_uldivmod               
ffffffff  __binit__                      
ffffffff  __c_args__                     
UNDEFED   __mpu_init                     
2000fe00  __stack                        
00003245  _c_int00_noargs                
00003548  _ctypes_                       
200032d0  _device                        
200031e0  _ftable                        
200033b4  _lock                          
00001617  _nop                           
20003348  _stream                        
200029e0  _sys_memory                    
UNDEFED   _system_post_cinit             
00003541  _system_pre_init               
200033b8  _unlock                        
00003545  abort                          
000019b1  aligned_alloc                  
00002ed1  atoi                           
ffffffff  binit                          
00002c7d  close                          
00003481  copysign                       
00003481  copysignl                      
200033c4  errno                          
00002f1d  exit                           
000032dd  finddevice                     
0000241d  fputc                          
00001ac9  fputs                          
00001fe5  free                           
00002a91  frexp                          
00002a91  frexpl                         
00002af5  fseek                          
00003079  getdevice                      
200029d0  hwCalculatedCRC                
00000000  interruptVectors               
00001bdd  ldexp                          
00001bdd  ldexpl                         
000033b9  lseek                          
00002ddf  ltoa                           
00000b35  main                           
00003531  malloc                         
000019b1  memalign                       
00003465  memccpy                        
00003409  memchr                         
00002257  memcpy                         
00002639  memset                         
200029c8  parmbuf                        
00002a29  printf                         
0000241d  putc                           
00003279  rand                           
0000333d  remove                         
00001bdd  scalbn                         
00001bdd  scalbnl                        
000020c9  setvbuf                        
200029d4  simpleSum                      
000034b3  strchr                         
0000349b  strcmp                         
000034c9  strcpy                         
000034dd  strlen                         
000031a5  strncpy                        
200029d8  swCalculatedCRC                
0000333d  unlink                         
000034f1  wcslen                         
000033e1  write                          


GLOBAL SYMBOLS: SORTED BY Symbol Address 

address   name                           
-------   ----                           
00000000  __TI_static_base__             
00000000  interruptVectors               
000000e5  __TI_printfi                   
00000200  __STACK_SIZE                   
00000800  __SYSMEM_SIZE                  
00000b33  ADC14_IRQHandler               
00000b33  AES256_IRQHandler              
00000b33  BusFault_Handler               
00000b33  COMP_E0_IRQHandler             
00000b33  COMP_E1_IRQHandler             
00000b33  CS_IRQHandler                  
00000b33  DMA_ERR_IRQHandler             
00000b33  DMA_INT0_IRQHandler            
00000b33  DMA_INT1_IRQHandler            
00000b33  DMA_INT2_IRQHandler            
00000b33  DMA_INT3_IRQHandler            
00000b33  DebugMon_Handler               
00000b33  Default_Handler                
00000b33  EUSCIA0_IRQHandler             
00000b33  EUSCIA1_IRQHandler             
00000b33  EUSCIA2_IRQHandler             
00000b33  EUSCIA3_IRQHandler             
00000b33  EUSCIB0_IRQHandler             
00000b33  EUSCIB1_IRQHandler             
00000b33  EUSCIB2_IRQHandler             
00000b33  EUSCIB3_IRQHandler             
00000b33  FLCTL_IRQHandler               
00000b33  FPU_IRQHandler                 
00000b33  HardFault_Handler              
00000b33  MemManage_Handler              
00000b33  NMI_Handler                    
00000b33  PCM_IRQHandler                 
00000b33  PORT1_IRQHandler               
00000b33  PORT2_IRQHandler               
00000b33  PORT3_IRQHandler               
00000b33  PORT4_IRQHandler               
00000b33  PORT5_IRQHandler               
00000b33  PORT6_IRQHandler               
00000b33  PSS_IRQHandler                 
00000b33  PendSV_Handler                 
00000b33  RTC_C_IRQHandler               
00000b33  SVC_Handler                    
00000b33  SysTick_Handler                
00000b33  T32_INT1_IRQHandler            
00000b33  T32_INT2_IRQHandler            
00000b33  T32_INTC_IRQHandler            
00000b33  TA0_0_IRQHandler               
00000b33  TA0_N_IRQHandler               
00000b33  TA1_0_IRQHandler               
00000b33  TA1_N_IRQHandler               
00000b33  TA2_0_IRQHandler               
00000b33  TA2_N_IRQHandler               
00000b33  TA3_0_IRQHandler               
00000b33  TA3_N_IRQHandler               
00000b33  UsageFault_Handler             
00000b33  WDT_A_IRQHandler               
00000b35  main                           
00001461  __aeabi_dsub                   
0000146b  __aeabi_dadd                   
00001617  _nop                           
00001755  __aeabi_ddiv                   
0000188b  __aeabi_idiv0                  
0000188b  __aeabi_ldiv0                  
000019b1  aligned_alloc                  
000019b1  memalign                       
00001ac9  fputs                          
00001bdd  ldexp                          
00001bdd  ldexpl                         
00001bdd  scalbn                         
00001bdd  scalbnl                        
00001df1  __aeabi_dmul                   
00001eed  CS_getDCOFrequency             
00001fe5  free                           
000020c9  setvbuf                        
00002257  __aeabi_memcpy                 
00002257  __aeabi_memcpy4                
00002257  __aeabi_memcpy8                
00002257  memcpy                         
000022f3  __aeabi_uldivmod               
00002389  SysCtl_A_getTLVInfo            
0000241d  fputc                          
0000241d  putc                           
000024a9  __aeabi_cdcmpeq                
000024a9  __aeabi_cdcmple                
0000252f  __aeabi_cdrcmple               
00002631  __aeabi_memclr                 
00002631  __aeabi_memclr4                
00002631  __aeabi_memclr8                
00002633  __aeabi_memset                 
00002633  __aeabi_memset4                
00002633  __aeabi_memset8                
00002639  memset                         
000026ad  SystemInit                     
00002725  __TI_closefile                 
000028ed  HOSTrename                     
00002959  HOSTlseek                      
000029c1  __TI_decompress_lzss           
00002a29  printf                         
00002a91  frexp                          
00002a91  frexpl                         
00002af5  fseek                          
00002bbb  __TI_wrt_ok                    
00002c1d  HOSTopen                       
00002c7d  close                          
00002cd9  HOSTread                       
00002d31  HOSTwrite                      
00002ddf  ltoa                           
00002e85  __TI_doflush                   
00002ed1  atoi                           
00002f1d  exit                           
00002f65  __aeabi_d2iz                   
00002fad  HOSTclose                      
00002ff1  HOSTunlink                     
00003035  __TI_auto_init_nobinit_nopinit 
00003079  getdevice                      
00003135  CRC32_getResultReversed        
0000316d  __TI_writemsg                  
0000319b  C$$IO$$                        
000031a5  strncpy                        
000031dd  __TI_cleanup                   
00003211  __TI_readmsg                   
00003245  _c_int00_noargs                
00003279  rand                           
000032ad  CS_clearInterruptFlag          
000032dd  finddevice                     
0000330d  __aeabi_i2d                    
0000333d  remove                         
0000333d  unlink                         
00003369  CS_getMCLK                     
000033b9  lseek                          
000033e1  write                          
00003409  memchr                         
00003429  __aeabi_ui2d                   
00003465  memccpy                        
00003481  copysign                       
00003481  copysignl                      
0000349b  strcmp                         
000034b3  strchr                         
000034c9  strcpy                         
000034dd  strlen                         
000034f1  wcslen                         
00003503  __TI_decompress_none           
00003511  Reset_Handler                  
0000351d  __TI_zero_init                 
00003529  __aeabi_errno_addr             
00003531  malloc                         
00003541  _system_pre_init               
00003545  C$$EXIT                        
00003545  abort                          
00003548  _ctypes_                       
000036bc  __TI_Handler_Table_Base        
000036c8  __TI_Handler_Table_Limit       
000036d0  __TI_CINIT_Base                
000036e0  __TI_CINIT_Limit               
20002800  __CIOBUF_                      
20002920  __TI_tmpnams                   
200029c8  parmbuf                        
200029d0  hwCalculatedCRC                
200029d4  simpleSum                      
200029d8  swCalculatedCRC                
200029e0  _sys_memory                    
200031e0  _ftable                        
200032d0  _device                        
20003348  _stream                        
20003398  __TI_ft_end                    
2000339c  __aeabi_stdin                  
200033a0  __aeabi_stdout                 
200033a4  __aeabi_stderr                 
200033a8  __TI_cleanup_ptr               
200033ac  __TI_dtors_ptr                 
200033b0  __TI_enable_exit_profile_output
200033b4  _lock                          
200033b8  _unlock                        
200033c4  errno                          
2000fe00  __stack                        
20010000  __STACK_END                    
4000480c  WDTCTL_SYM                     
ffffffff  __TI_pprof_out_hndl            
ffffffff  __TI_prof_data_size            
ffffffff  __TI_prof_data_start           
ffffffff  __binit__                      
ffffffff  __c_args__                     
ffffffff  binit                          
UNDEFED   __mpu_init                     
UNDEFED   _system_post_cinit             

[185 symbols]
