******************************************************************************
                  TI ARM Linker PC v18.12.4                    
******************************************************************************
>> Linked Wed Mar  4 20:11:39 2020

OUTPUT FILE NAME:   <Exercise2_dma_crc32_transfer_calculation_MSP_EXP432P401R_nortos_ccs.out>
ENTRY POINT SYMBOL: "_c_int00_noargs"  address: 000030bd


MEMORY CONFIGURATION

         name            origin    length      used     unused   attr    fill
----------------------  --------  ---------  --------  --------  ----  --------
  MAIN                  00000000   00040000  00003539  0003cac7  R  X
  INFO                  00200000   00004000  00000000  00004000  R  X
  SRAM_CODE             01000000   00010000  000015d4  0000ea2c  RW X
  SRAM_DATA             20000000   00010000  000015d4  0000ea2c  RW  


SEGMENT ALLOCATION MAP

run origin  load origin   length   init length attrs members
----------  ----------- ---------- ----------- ----- -------
00000000    00000000    00003540   00003540    r-x
  00000000    00000000    000000e4   000000e4    r-- .intvecs
  000000e4    000000e4    000032b4   000032b4    r-x .text
  00003398    00003398    00000101   00000101    r-- .const
  000034a0    000034a0    000000a0   000000a0    r-- .cinit
20000000    20000000    000013d4   00000000    rw-
  20000000    20000000    000009d8   00000000    rw- .bss
  200009d8    200009d8    00000800   00000000    rw- .sysmem
  200011d8    200011d8    000001fc   00000000    rw- .data
2000fe00    2000fe00    00000200   00000000    rw-
  2000fe00    2000fe00    00000200   00000000    rw- .stack


SECTION ALLOCATION MAP

 output                                  attributes/
section   page    origin      length       input sections
--------  ----  ----------  ----------   ----------------
.intvecs   0    00000000    000000e4     
                  00000000    000000e4     startup_msp432p401r_ccs.obj (.intvecs:retain)

.text      0    000000e4    000032b4     
                  000000e4    00000a4e     rtsv7M4_T_le_v4SPD16_eabi.lib : _printfi.c.obj (.text:__TI_printfi)
                  00000b32    00000002     startup_msp432p401r_ccs.obj (.text:Default_Handler)
                  00000b34    000002e8     dma_crc32_transfer_calculation.obj (.text:main)
                  00000e1c    00000270     rtsv7M4_T_le_v4SPD16_eabi.lib : _printfi.c.obj (.text:_pconv_a)
                  0000108c    000001d0                                   : _printfi.c.obj (.text:_pconv_g)
                  0000125c    000001b6                                   : fd_add_t2.asm.obj (.text)
                  00001412    00000002                                   : _lock.c.obj (.text:_nop)
                  00001414    0000013c                                   : _printfi.c.obj (.text:_pconv_e)
                  00001550    00000136                                   : fd_div_t2.asm.obj (.text)
                  00001686    00000002                                   : div0.asm.obj (.text)
                  00001688    00000124                                   : _printfi.c.obj (.text:fcvt)
                  000017ac    00000118                                   : memory.c.obj (.text:aligned_alloc)
                  000018c4    00000114                                   : fputs.c.obj (.text:fputs)
                  000019d8    00000110                                   : s_scalbn.c.obj (.text:scalbn)
                  00001ae8    00000104     msp432p4xx_driverlib.lib : cs.o (.text:_CSComputeCLKFrequency)
                  00001bec    000000fc     rtsv7M4_T_le_v4SPD16_eabi.lib : fd_mul_t2.asm.obj (.text)
                  00001ce8    000000f8     msp432p4xx_driverlib.lib : cs.o (.text:CS_getDCOFrequency)
                  00001de0    000000f0                              : dma.o (.text:DMA_setChannelTransfer)
                  00001ed0    000000e4     rtsv7M4_T_le_v4SPD16_eabi.lib : memory.c.obj (.text:free)
                  00001fb4    000000dc                                   : setvbuf.c.obj (.text:setvbuf)
                  00002090    000000b1                                   : _printfi.c.obj (.text:_ltostr)
                  00002141    00000001     --HOLE-- [fill = 0]
                  00002142    0000009c                                   : memcpy_t2.asm.obj (.text)
                  000021de    00000096                                   : ull_div_t2.asm.obj (.text)
                  00002274    00000094     msp432p4xx_driverlib.lib : sysctl_a.o (.text:SysCtl_A_getTLVInfo)
                  00002308    0000008c     rtsv7M4_T_le_v4SPD16_eabi.lib : fputc.c.obj (.text:fputc)
                  00002394    00000086                                   : fd_cmp_t2.asm.obj (.text:__aeabi_cdcmple)
                  0000241a    00000086                                   : fd_cmp_t2.asm.obj (.text:__aeabi_cdrcmple)
                  000024a0    0000007c     msp432p4xx_driverlib.lib : cs.o (.text:_CSGetDOCFrequency)
                  0000251c    0000007a     rtsv7M4_T_le_v4SPD16_eabi.lib : memset_t2.asm.obj (.text)
                  00002596    00000002     --HOLE-- [fill = 0]
                  00002598    00000078     system_msp432p401r.obj (.text:SystemInit)
                  00002610    00000074     rtsv7M4_T_le_v4SPD16_eabi.lib : fclose.c.obj (.text:__TI_closefile)
                  00002684    00000070                                   : memory.c.obj (.text:split)
                  000026f4    0000006e                                   : _printfi.c.obj (.text:_mcpy)
                  00002762    00000002     --HOLE-- [fill = 0]
                  00002764    0000006c                                   : hostrename.c.obj (.text:HOSTrename)
                  000027d0    00000068                                   : hostlseek.c.obj (.text:HOSTlseek)
                  00002838    00000068                                   : copy_decompress_lzss.c.obj (.text:decompress:lzss:__TI_decompress_lzss)
                  000028a0    00000068                                   : printf.c.obj (.text:printf)
                  00002908    00000064                                   : s_frexp.c.obj (.text:frexp)
                  0000296c    00000064                                   : fseek.c.obj (.text:fseek)
                  000029d0    00000062     msp432p4xx_driverlib.lib : cs.o (.text:_CSGetDividerValue)
                  00002a32    00000062     rtsv7M4_T_le_v4SPD16_eabi.lib : _io_perm.c.obj (.text:__TI_wrt_ok)
                  00002a94    00000060                                   : hostopen.c.obj (.text:HOSTopen)
                  00002af4    0000005c                                   : close.c.obj (.text:close)
                  00002b50    00000058                                   : hostread.c.obj (.text:HOSTread)
                  00002ba8    00000058                                   : hostwrite.c.obj (.text:HOSTwrite)
                  00002c00    00000056                                   : _printfi.c.obj (.text:_pconv_f)
                  00002c56    00000054                                   : ltoa.c.obj (.text:ltoa)
                  00002caa    00000052                                   : _printfi.c.obj (.text:_ecpy)
                  00002cfc    0000004c                                   : fflush.c.obj (.text:__TI_doflush)
                  00002d48    0000004c                                   : atoi.c.obj (.text:atoi)
                  00002d94    00000048                                   : exit.c.obj (.text:exit)
                  00002ddc    00000048                                   : fd_toi_t2.asm.obj (.text)
                  00002e24    00000044                                   : hostclose.c.obj (.text:HOSTclose)
                  00002e68    00000044                                   : hostunlink.c.obj (.text:HOSTunlink)
                  00002eac    00000044                                   : autoinit.c.obj (.text:__TI_auto_init_nobinit_nopinit:__TI_auto_init_nobinit_nopinit)
                  00002ef0    00000044                                   : getdevice.c.obj (.text:getdevice)
                  00002f34    0000003e                                   : _printfi.c.obj (.text:_fcpy)
                  00002f72    00000002     --HOLE-- [fill = 0]
                  00002f74    00000038     msp432p4xx_driverlib.lib : crc32.o (.text:CRC32_getResult)
                  00002fac    00000038     rtsv7M4_T_le_v4SPD16_eabi.lib : trgmsg.c.obj (.text:__TI_writemsg)
                  00002fe4    00000038                                   : fs_tod_t2.asm.obj (.text)
                  0000301c    00000036                                   : strncpy.c.obj (.text:strncpy)
                  00003052    00000002     --HOLE-- [fill = 0]
                  00003054    00000034                                   : fopen.c.obj (.text:__TI_cleanup)
                  00003088    00000034                                   : trgmsg.c.obj (.text:__TI_readmsg)
                  000030bc    00000034                                   : boot_cortex_m.c.obj (.text:_c_int00_noargs:_c_int00_noargs)
                  000030f0    00000030     msp432p4xx_driverlib.lib : cs.o (.text:CS_clearInterruptFlag)
                  00003120    00000030     rtsv7M4_T_le_v4SPD16_eabi.lib : getdevice.c.obj (.text:finddevice)
                  00003150    0000002e                                   : i_tofd_t2.asm.obj (.text)
                  0000317e    00000002     --HOLE-- [fill = 0]
                  00003180    0000002c     dma_crc32_transfer_calculation.obj (.text:DMA_INT1_IRQHandler)
                  000031ac    0000002c     rtsv7M4_T_le_v4SPD16_eabi.lib : unlink.c.obj (.text:unlink)
                  000031d8    00000028     msp432p4xx_driverlib.lib : cs.o (.text:CS_getMCLK)
                  00003200    00000028     rtsv7M4_T_le_v4SPD16_eabi.lib : memory.c.obj (.text:free_list_insert)
                  00003228    00000028                                   : lseek.c.obj (.text:lseek)
                  00003250    00000028                                   : write.c.obj (.text:write)
                  00003278    00000020                                   : memchr.c.obj (.text:memchr)
                  00003298    0000001c                                   : memory.c.obj (.text:free_list_remove)
                  000032b4    0000001c                                   : memccpy.c.obj (.text:memccpy)
                  000032d0    0000001a                                   : s_copysign.c.obj (.text:copysign)
                  000032ea    00000018                                   : strcmp.c.obj (.text:strcmp)
                  00003302    00000016                                   : strchr.c.obj (.text:strchr)
                  00003318    00000014                                   : strcpy.c.obj (.text:strcpy)
                  0000332c    00000014                                   : strlen.c.obj (.text:strlen)
                  00003340    00000012                                   : wcslen.c.obj (.text:wcslen)
                  00003352    0000000e                                   : copy_decompress_none.c.obj (.text:decompress:none:__TI_decompress_none)
                  00003360    0000000c     startup_msp432p401r_ccs.obj (.text:Reset_Handler)
                  0000336c    0000000c     rtsv7M4_T_le_v4SPD16_eabi.lib : copy_zero_init.c.obj (.text:decompress:ZI:__TI_zero_init)
                  00003378    00000008                                   : errno.c.obj (.text:__aeabi_errno_addr)
                  00003380    00000008                                   : memory.c.obj (.text:malloc)
                  00003388    00000004                                   : printf.c.obj (.text:_outc)
                  0000338c    00000004                                   : printf.c.obj (.text:_outs)
                  00003390    00000004                                   : pre_init.c.obj (.text:_system_pre_init)
                  00003394    00000004                                   : exit.c.obj (.text:abort:abort)

.const     0    00003398    00000101     
                  00003398    00000101     rtsv7M4_T_le_v4SPD16_eabi.lib : ctype.c.obj (.const:.string:_ctypes_)

.cinit     0    000034a0    000000a0     
                  000034a0    00000079     (.cinit..data.load) [load image, compression = lzss]
                  00003519    00000003     --HOLE-- [fill = 0]
                  0000351c    0000000c     (__TI_handler_table)
                  00003528    00000008     (.cinit..bss.load) [load image, compression = zero_init]
                  00003530    00000010     (__TI_cinit_table)

.init_array 
*          0    00000000    00000000     UNINITIALIZED

.binit     0    00000000    00000000     

.bss       0    20000000    000009d8     UNINITIALIZED
                  20000000    00000400     (.common:controlTable)
                  20000400    00000400     (.common:data_array)
                  20000800    00000120     rtsv7M4_T_le_v4SPD16_eabi.lib : trgmsg.c.obj (.bss:_CIOBUF_)
                  20000920    000000a0     (.common:__TI_tmpnams)
                  200009c0    00000008     msp432p4xx_driverlib.lib : cs.o (.bss)
                  200009c8    00000008     (.common:parmbuf)
                  200009d0    00000004     dma_crc32_transfer_calculation.obj (.bss)
                  200009d4    00000004     (.common:dma_done)

.sysmem    0    200009d8    00000800     UNINITIALIZED
                  200009d8    00000010     rtsv7M4_T_le_v4SPD16_eabi.lib : memory.c.obj (.sysmem)
                  200009e8    000007f0     --HOLE--

.data      0    200011d8    000001fc     UNINITIALIZED
                  200011d8    000000f0     rtsv7M4_T_le_v4SPD16_eabi.lib : defs.c.obj (.data:_ftable)
                  200012c8    00000078                                   : host_device.c.obj (.data:_device)
                  20001340    00000050                                   : host_device.c.obj (.data:_stream)
                  20001390    00000014     dma_crc32_transfer_calculation.obj (.data:size_array)
                  200013a4    00000010     rtsv7M4_T_le_v4SPD16_eabi.lib : defs.c.obj (.data)
                  200013b4    0000000c                                   : exit.c.obj (.data:$O1$$)
                  200013c0    00000008                                   : _lock.c.obj (.data:$O1$$)
                  200013c8    00000008                                   : memory.c.obj (.data:$O1$$)
                  200013d0    00000004                                   : errno.c.obj (.data)

.stack     0    2000fe00    00000200     UNINITIALIZED
                  2000fe00    00000004     rtsv7M4_T_le_v4SPD16_eabi.lib : boot_cortex_m.c.obj (.stack)
                  2000fe04    000001fc     --HOLE--

MODULE SUMMARY

       Module                               code    ro data   rw data
       ------                               ----    -------   -------
    .\
       dma_crc32_transfer_calculation.obj   788     0         4152   
       system_msp432p401r.obj               120     0         0      
    +--+------------------------------------+-------+---------+---------+
       Total:                               908     0         4152   
                                                                     
    .\ccs\
       startup_msp432p401r_ccs.obj          14      228       0      
    +--+------------------------------------+-------+---------+---------+
       Total:                               14      228       0      
                                                                     
    C:/ti/simplelink_msp432p4_sdk_3_40_00_05/source/ti/devices/msp432p4xx/driverlib/ccs/msp432p4xx_driverlib.lib
       cs.o                                 818     0         16     
       dma.o                                240     0         0      
       sysctl_a.o                           148     0         0      
       crc32.o                              56      0         0      
    +--+------------------------------------+-------+---------+---------+
       Total:                               1262    0         16     
                                                                     
    C:\ti\ccs930\ccs\tools\compiler\ti-cgt-arm_18.12.4.LTS\lib\rtsv7M4_T_le_v4SPD16_eabi.lib
       _printfi.c.obj                       4851    0         0      
       defs.c.obj                           0       0         832    
       memory.c.obj                         696     0         16     
       trgmsg.c.obj                         108     0         576    
       fd_add_t2.asm.obj                    438     0         0      
       host_device.c.obj                    0       0         400    
       fd_div_t2.asm.obj                    310     0         0      
       fputs.c.obj                          276     0         0      
       s_scalbn.c.obj                       272     0         0      
       fd_cmp_t2.asm.obj                    268     0         0      
       ctype.c.obj                          0       257       0      
       fd_mul_t2.asm.obj                    252     0         0      
       setvbuf.c.obj                        220     0         0      
       memcpy_t2.asm.obj                    156     0         0      
       ull_div_t2.asm.obj                   150     0         0      
       fputc.c.obj                          140     0         0      
       memset_t2.asm.obj                    122     0         0      
       fclose.c.obj                         116     0         0      
       getdevice.c.obj                      116     0         0      
       hostopen.c.obj                       96      0         16     
       printf.c.obj                         112     0         0      
       hostrename.c.obj                     108     0         0      
       copy_decompress_lzss.c.obj           104     0         0      
       hostlseek.c.obj                      104     0         0      
       exit.c.obj                           76      0         24     
       fseek.c.obj                          100     0         0      
       s_frexp.c.obj                        100     0         0      
       _io_perm.c.obj                       98      0         0      
       close.c.obj                          92      0         0      
       hostread.c.obj                       88      0         0      
       hostwrite.c.obj                      88      0         0      
       ltoa.c.obj                           84      0         0      
       atoi.c.obj                           76      0         0      
       fflush.c.obj                         76      0         0      
       fd_toi_t2.asm.obj                    72      0         0      
       autoinit.c.obj                       68      0         0      
       hostclose.c.obj                      68      0         0      
       hostunlink.c.obj                     68      0         0      
       fs_tod_t2.asm.obj                    56      0         0      
       strncpy.c.obj                        54      0         0      
       boot_cortex_m.c.obj                  52      0         0      
       fopen.c.obj                          52      0         0      
       i_tofd_t2.asm.obj                    46      0         0      
       unlink.c.obj                         44      0         0      
       lseek.c.obj                          40      0         0      
       write.c.obj                          40      0         0      
       memchr.c.obj                         32      0         0      
       memccpy.c.obj                        28      0         0      
       s_copysign.c.obj                     26      0         0      
       strcmp.c.obj                         24      0         0      
       strchr.c.obj                         22      0         0      
       strcpy.c.obj                         20      0         0      
       strlen.c.obj                         20      0         0      
       _lock.c.obj                          2       0         16     
       wcslen.c.obj                         18      0         0      
       errno.c.obj                          8       0         8      
       copy_decompress_none.c.obj           14      0         0      
       copy_zero_init.c.obj                 12      0         0      
       pre_init.c.obj                       4       0         0      
       div0.asm.obj                         2       0         0      
    +--+------------------------------------+-------+---------+---------+
       Total:                               10785   257       1888   
                                                                     
       Heap:                                0       0         4096   
       Stack:                               0       0         1024   
       Linker Generated:                    0       157       0      
    +--+------------------------------------+-------+---------+---------+
       Grand Total:                         12969   642       11176  


LINKER GENERATED COPY TABLES

__TI_cinit_table @ 00003530 records: 2, size/record: 8, table size: 16
	.data: load addr=000034a0, load size=00000079 bytes, run addr=200011d8, run size=000001fc bytes, compression=lzss
	.bss: load addr=00003528, load size=00000008 bytes, run addr=20000000, run size=000009d8 bytes, compression=zero_init


LINKER GENERATED HANDLER TABLE

__TI_handler_table @ 0000351c records: 3, size/record: 4, table size: 12
	index: 0, handler: __TI_decompress_lzss
	index: 1, handler: __TI_decompress_none
	index: 2, handler: __TI_zero_init


GLOBAL SYMBOLS: SORTED ALPHABETICALLY BY Name 

address   name                           
-------   ----                           
00000b33  ADC14_IRQHandler               
00000b33  AES256_IRQHandler              
00000b33  BusFault_Handler               
00003395  C$$EXIT                        
00002fdb  C$$IO$$                        
00000b33  COMP_E0_IRQHandler             
00000b33  COMP_E1_IRQHandler             
00002f75  CRC32_getResult                
00000b33  CS_IRQHandler                  
000030f1  CS_clearInterruptFlag          
00001ce9  CS_getDCOFrequency             
000031d9  CS_getMCLK                     
00000b33  DMA_ERR_IRQHandler             
00000b33  DMA_INT0_IRQHandler            
00003181  DMA_INT1_IRQHandler            
00003181  DMA_INT1_IRQHandler            
00000b33  DMA_INT2_IRQHandler            
00000b33  DMA_INT3_IRQHandler            
00001de1  DMA_setChannelTransfer         
00000b33  DebugMon_Handler               
00000b33  Default_Handler                
00000b33  EUSCIA0_IRQHandler             
00000b33  EUSCIA1_IRQHandler             
00000b33  EUSCIA2_IRQHandler             
00000b33  EUSCIA3_IRQHandler             
00000b33  EUSCIB0_IRQHandler             
00000b33  EUSCIB1_IRQHandler             
00000b33  EUSCIB2_IRQHandler             
00000b33  EUSCIB3_IRQHandler             
00000b33  FLCTL_IRQHandler               
00000b33  FPU_IRQHandler                 
00002e25  HOSTclose                      
000027d1  HOSTlseek                      
00002a95  HOSTopen                       
00002b51  HOSTread                       
00002765  HOSTrename                     
00002e69  HOSTunlink                     
00002ba9  HOSTwrite                      
00000b33  HardFault_Handler              
00000b33  MemManage_Handler              
00000b33  NMI_Handler                    
00000b33  PCM_IRQHandler                 
00000b33  PORT1_IRQHandler               
00000b33  PORT2_IRQHandler               
00000b33  PORT3_IRQHandler               
00000b33  PORT4_IRQHandler               
00000b33  PORT5_IRQHandler               
00000b33  PORT6_IRQHandler               
00000b33  PSS_IRQHandler                 
00000b33  PendSV_Handler                 
00000b33  RTC_C_IRQHandler               
00003361  Reset_Handler                  
00000b33  SVC_Handler                    
00002275  SysCtl_A_getTLVInfo            
00000b33  SysTick_Handler                
00002599  SystemInit                     
00000b33  T32_INT1_IRQHandler            
00000b33  T32_INT2_IRQHandler            
00000b33  T32_INTC_IRQHandler            
00000b33  TA0_0_IRQHandler               
00000b33  TA0_N_IRQHandler               
00000b33  TA1_0_IRQHandler               
00000b33  TA1_N_IRQHandler               
00000b33  TA2_0_IRQHandler               
00000b33  TA2_N_IRQHandler               
00000b33  TA3_0_IRQHandler               
00000b33  TA3_N_IRQHandler               
00000b33  UsageFault_Handler             
4000480c  WDTCTL_SYM                     
00000b33  WDT_A_IRQHandler               
20000800  __CIOBUF_                      
20010000  __STACK_END                    
00000200  __STACK_SIZE                   
00000800  __SYSMEM_SIZE                  
00003530  __TI_CINIT_Base                
00003540  __TI_CINIT_Limit               
0000351c  __TI_Handler_Table_Base        
00003528  __TI_Handler_Table_Limit       
00002ead  __TI_auto_init_nobinit_nopinit 
00003055  __TI_cleanup                   
200013b4  __TI_cleanup_ptr               
00002611  __TI_closefile                 
00002839  __TI_decompress_lzss           
00003353  __TI_decompress_none           
00002cfd  __TI_doflush                   
200013b8  __TI_dtors_ptr                 
200013bc  __TI_enable_exit_profile_output
200013a4  __TI_ft_end                    
ffffffff  __TI_pprof_out_hndl            
000000e5  __TI_printfi                   
ffffffff  __TI_prof_data_size            
ffffffff  __TI_prof_data_start           
00003089  __TI_readmsg                   
00000000  __TI_static_base__             
20000920  __TI_tmpnams                   
00002fad  __TI_writemsg                  
00002a33  __TI_wrt_ok                    
0000336d  __TI_zero_init                 
00002395  __aeabi_cdcmpeq                
00002395  __aeabi_cdcmple                
0000241b  __aeabi_cdrcmple               
00002ddd  __aeabi_d2iz                   
00001267  __aeabi_dadd                   
00001551  __aeabi_ddiv                   
00001bed  __aeabi_dmul                   
0000125d  __aeabi_dsub                   
00003379  __aeabi_errno_addr             
00002fe5  __aeabi_f2d                    
00003151  __aeabi_i2d                    
00001687  __aeabi_idiv0                  
00001687  __aeabi_ldiv0                  
0000251d  __aeabi_memclr                 
0000251d  __aeabi_memclr4                
0000251d  __aeabi_memclr8                
00002143  __aeabi_memcpy                 
00002143  __aeabi_memcpy4                
00002143  __aeabi_memcpy8                
0000251f  __aeabi_memset                 
0000251f  __aeabi_memset4                
0000251f  __aeabi_memset8                
200013b0  __aeabi_stderr                 
200013a8  __aeabi_stdin                  
200013ac  __aeabi_stdout                 
000021df  __aeabi_uldivmod               
ffffffff  __binit__                      
ffffffff  __c_args__                     
UNDEFED   __mpu_init                     
2000fe00  __stack                        
000030bd  _c_int00_noargs                
00003398  _ctypes_                       
200012c8  _device                        
200011d8  _ftable                        
200013c0  _lock                          
00001413  _nop                           
20001340  _stream                        
200009d8  _sys_memory                    
UNDEFED   _system_post_cinit             
00003391  _system_pre_init               
200013c4  _unlock                        
00003395  abort                          
000017ad  aligned_alloc                  
00002d49  atoi                           
ffffffff  binit                          
00002af5  close                          
20000000  controlTable                   
000032d1  copysign                       
000032d1  copysignl                      
20000400  data_array                     
200009d4  dma_done                       
200013d0  errno                          
00002d95  exit                           
00003121  finddevice                     
00002309  fputc                          
000018c5  fputs                          
00001ed1  free                           
00002909  frexp                          
00002909  frexpl                         
0000296d  fseek                          
00002ef1  getdevice                      
00000000  interruptVectors               
000019d9  ldexp                          
000019d9  ldexpl                         
00003229  lseek                          
00002c57  ltoa                           
00000b35  main                           
00003381  malloc                         
000017ad  memalign                       
000032b5  memccpy                        
00003279  memchr                         
00002143  memcpy                         
00002525  memset                         
200009c8  parmbuf                        
000028a1  printf                         
00002309  putc                           
000031ad  remove                         
000019d9  scalbn                         
000019d9  scalbnl                        
00001fb5  setvbuf                        
20001390  size_array                     
00003303  strchr                         
000032eb  strcmp                         
00003319  strcpy                         
0000332d  strlen                         
0000301d  strncpy                        
000031ad  unlink                         
00003341  wcslen                         
00003251  write                          


GLOBAL SYMBOLS: SORTED BY Symbol Address 

address   name                           
-------   ----                           
00000000  __TI_static_base__             
00000000  interruptVectors               
000000e5  __TI_printfi                   
00000200  __STACK_SIZE                   
00000800  __SYSMEM_SIZE                  
00000b33  ADC14_IRQHandler               
00000b33  AES256_IRQHandler              
00000b33  BusFault_Handler               
00000b33  COMP_E0_IRQHandler             
00000b33  COMP_E1_IRQHandler             
00000b33  CS_IRQHandler                  
00000b33  DMA_ERR_IRQHandler             
00000b33  DMA_INT0_IRQHandler            
00000b33  DMA_INT2_IRQHandler            
00000b33  DMA_INT3_IRQHandler            
00000b33  DebugMon_Handler               
00000b33  Default_Handler                
00000b33  EUSCIA0_IRQHandler             
00000b33  EUSCIA1_IRQHandler             
00000b33  EUSCIA2_IRQHandler             
00000b33  EUSCIA3_IRQHandler             
00000b33  EUSCIB0_IRQHandler             
00000b33  EUSCIB1_IRQHandler             
00000b33  EUSCIB2_IRQHandler             
00000b33  EUSCIB3_IRQHandler             
00000b33  FLCTL_IRQHandler               
00000b33  FPU_IRQHandler                 
00000b33  HardFault_Handler              
00000b33  MemManage_Handler              
00000b33  NMI_Handler                    
00000b33  PCM_IRQHandler                 
00000b33  PORT1_IRQHandler               
00000b33  PORT2_IRQHandler               
00000b33  PORT3_IRQHandler               
00000b33  PORT4_IRQHandler               
00000b33  PORT5_IRQHandler               
00000b33  PORT6_IRQHandler               
00000b33  PSS_IRQHandler                 
00000b33  PendSV_Handler                 
00000b33  RTC_C_IRQHandler               
00000b33  SVC_Handler                    
00000b33  SysTick_Handler                
00000b33  T32_INT1_IRQHandler            
00000b33  T32_INT2_IRQHandler            
00000b33  T32_INTC_IRQHandler            
00000b33  TA0_0_IRQHandler               
00000b33  TA0_N_IRQHandler               
00000b33  TA1_0_IRQHandler               
00000b33  TA1_N_IRQHandler               
00000b33  TA2_0_IRQHandler               
00000b33  TA2_N_IRQHandler               
00000b33  TA3_0_IRQHandler               
00000b33  TA3_N_IRQHandler               
00000b33  UsageFault_Handler             
00000b33  WDT_A_IRQHandler               
00000b35  main                           
0000125d  __aeabi_dsub                   
00001267  __aeabi_dadd                   
00001413  _nop                           
00001551  __aeabi_ddiv                   
00001687  __aeabi_idiv0                  
00001687  __aeabi_ldiv0                  
000017ad  aligned_alloc                  
000017ad  memalign                       
000018c5  fputs                          
000019d9  ldexp                          
000019d9  ldexpl                         
000019d9  scalbn                         
000019d9  scalbnl                        
00001bed  __aeabi_dmul                   
00001ce9  CS_getDCOFrequency             
00001de1  DMA_setChannelTransfer         
00001ed1  free                           
00001fb5  setvbuf                        
00002143  __aeabi_memcpy                 
00002143  __aeabi_memcpy4                
00002143  __aeabi_memcpy8                
00002143  memcpy                         
000021df  __aeabi_uldivmod               
00002275  SysCtl_A_getTLVInfo            
00002309  fputc                          
00002309  putc                           
00002395  __aeabi_cdcmpeq                
00002395  __aeabi_cdcmple                
0000241b  __aeabi_cdrcmple               
0000251d  __aeabi_memclr                 
0000251d  __aeabi_memclr4                
0000251d  __aeabi_memclr8                
0000251f  __aeabi_memset                 
0000251f  __aeabi_memset4                
0000251f  __aeabi_memset8                
00002525  memset                         
00002599  SystemInit                     
00002611  __TI_closefile                 
00002765  HOSTrename                     
000027d1  HOSTlseek                      
00002839  __TI_decompress_lzss           
000028a1  printf                         
00002909  frexp                          
00002909  frexpl                         
0000296d  fseek                          
00002a33  __TI_wrt_ok                    
00002a95  HOSTopen                       
00002af5  close                          
00002b51  HOSTread                       
00002ba9  HOSTwrite                      
00002c57  ltoa                           
00002cfd  __TI_doflush                   
00002d49  atoi                           
00002d95  exit                           
00002ddd  __aeabi_d2iz                   
00002e25  HOSTclose                      
00002e69  HOSTunlink                     
00002ead  __TI_auto_init_nobinit_nopinit 
00002ef1  getdevice                      
00002f75  CRC32_getResult                
00002fad  __TI_writemsg                  
00002fdb  C$$IO$$                        
00002fe5  __aeabi_f2d                    
0000301d  strncpy                        
00003055  __TI_cleanup                   
00003089  __TI_readmsg                   
000030bd  _c_int00_noargs                
000030f1  CS_clearInterruptFlag          
00003121  finddevice                     
00003151  __aeabi_i2d                    
00003181  DMA_INT1_IRQHandler            
00003181  DMA_INT1_IRQHandler            
000031ad  remove                         
000031ad  unlink                         
000031d9  CS_getMCLK                     
00003229  lseek                          
00003251  write                          
00003279  memchr                         
000032b5  memccpy                        
000032d1  copysign                       
000032d1  copysignl                      
000032eb  strcmp                         
00003303  strchr                         
00003319  strcpy                         
0000332d  strlen                         
00003341  wcslen                         
00003353  __TI_decompress_none           
00003361  Reset_Handler                  
0000336d  __TI_zero_init                 
00003379  __aeabi_errno_addr             
00003381  malloc                         
00003391  _system_pre_init               
00003395  C$$EXIT                        
00003395  abort                          
00003398  _ctypes_                       
0000351c  __TI_Handler_Table_Base        
00003528  __TI_Handler_Table_Limit       
00003530  __TI_CINIT_Base                
00003540  __TI_CINIT_Limit               
20000000  controlTable                   
20000400  data_array                     
20000800  __CIOBUF_                      
20000920  __TI_tmpnams                   
200009c8  parmbuf                        
200009d4  dma_done                       
200009d8  _sys_memory                    
200011d8  _ftable                        
200012c8  _device                        
20001340  _stream                        
20001390  size_array                     
200013a4  __TI_ft_end                    
200013a8  __aeabi_stdin                  
200013ac  __aeabi_stdout                 
200013b0  __aeabi_stderr                 
200013b4  __TI_cleanup_ptr               
200013b8  __TI_dtors_ptr                 
200013bc  __TI_enable_exit_profile_output
200013c0  _lock                          
200013c4  _unlock                        
200013d0  errno                          
2000fe00  __stack                        
20010000  __STACK_END                    
4000480c  WDTCTL_SYM                     
ffffffff  __TI_pprof_out_hndl            
ffffffff  __TI_prof_data_size            
ffffffff  __TI_prof_data_start           
ffffffff  __binit__                      
ffffffff  __c_args__                     
ffffffff  binit                          
UNDEFED   __mpu_init                     
UNDEFED   _system_post_cinit             

[187 symbols]
