******************************************************************************
                  TI ARM Linker PC v18.12.4                    
******************************************************************************
>> Linked Mon Feb 17 23:08:44 2020

OUTPUT FILE NAME:   <aes256_encrypt_decrypt_MSP_EXP432P401R_nortos_ccs_23.out>
ENTRY POINT SYMBOL: "_c_int00_noargs"  address: 00002d19


MEMORY CONFIGURATION

         name            origin    length      used     unused   attr    fill
----------------------  --------  ---------  --------  --------  ----  --------
  MAIN                  00000000   00040000  0000315d  0003cea3  R  X
  INFO                  00200000   00004000  00000000  00004000  R  X
  SRAM_CODE             01000000   00010000  00001a50  0000e5b0  RW X
  SRAM_DATA             20000000   00010000  00001a50  0000e5b0  RW  


SEGMENT ALLOCATION MAP

run origin  load origin   length   init length attrs members
----------  ----------- ---------- ----------- ----- -------
00000000    00000000    00003160   00003160    r-x
  00000000    00000000    000000e4   000000e4    r-- .intvecs
  000000e4    000000e4    00002ec8   00002ec8    r-x .text
  00002fac    00002fac    00000101   00000101    r-- .const
  000030b0    000030b0    000000b0   000000b0    r-- .cinit
20000000    20000000    00001850   00000000    rw-
  20000000    20000000    00000e48   00000000    rw- .bss
  20000e48    20000e48    00000800   00000000    rw- .sysmem
  20001648    20001648    00000208   00000000    rw- .data
2000fe00    2000fe00    00000200   00000000    rw-
  2000fe00    2000fe00    00000200   00000000    rw- .stack


SECTION ALLOCATION MAP

 output                                  attributes/
section   page    origin      length       input sections
--------  ----  ----------  ----------   ----------------
.intvecs   0    00000000    000000e4     
                  00000000    000000e4     startup_msp432p401r_ccs.obj (.intvecs:retain)

.text      0    000000e4    00002ec8     
                  000000e4    00000a4e     rtsv7M4_T_le_v4SPD16_eabi.lib : _printfi.c.obj (.text:__TI_printfi)
                  00000b32    00000002     startup_msp432p401r_ccs.obj (.text:Default_Handler)
                  00000b34    00000270     rtsv7M4_T_le_v4SPD16_eabi.lib : _printfi.c.obj (.text:_pconv_a)
                  00000da4    000001d0                                   : _printfi.c.obj (.text:_pconv_g)
                  00000f74    000001b6                                   : fd_add_t2.asm.obj (.text)
                  0000112a    00000002                                   : _lock.c.obj (.text:_nop)
                  0000112c    0000013c                                   : fgets.c.obj (.text:_dofgets)
                  00001268    0000013c                                   : _printfi.c.obj (.text:_pconv_e)
                  000013a4    00000136                                   : fd_div_t2.asm.obj (.text)
                  000014da    00000002                                   : div0.asm.obj (.text)
                  000014dc    00000124                                   : _printfi.c.obj (.text:fcvt)
                  00001600    00000118                                   : memory.c.obj (.text:aligned_alloc)
                  00001718    00000114                                   : fputs.c.obj (.text:fputs)
                  0000182c    00000110                                   : s_scalbn.c.obj (.text:scalbn)
                  0000193c    000000fc                                   : fd_mul_t2.asm.obj (.text)
                  00001a38    000000e4                                   : memory.c.obj (.text:free)
                  00001b1c    000000e4     aes256_encrypt_decrypt.obj (.text:main)
                  00001c00    000000dc     rtsv7M4_T_le_v4SPD16_eabi.lib : setvbuf.c.obj (.text:setvbuf)
                  00001cdc    000000b1                                   : _printfi.c.obj (.text:_ltostr)
                  00001d8d    00000003     --HOLE-- [fill = 0]
                  00001d90    0000009c                                   : _bufread.c.obj (.text:__TI_buff_read)
                  00001e2c    0000009c                                   : memcpy_t2.asm.obj (.text)
                  00001ec8    00000096                                   : ull_div_t2.asm.obj (.text)
                  00001f5e    00000002     --HOLE-- [fill = 0]
                  00001f60    0000008c                                   : fputc.c.obj (.text:fputc)
                  00001fec    00000088     aes256_encrypt_decrypt.obj (.text:decrypt_message)
                  00002074    00000086     rtsv7M4_T_le_v4SPD16_eabi.lib : fd_cmp_t2.asm.obj (.text:__aeabi_cdcmple)
                  000020fa    00000086                                   : fd_cmp_t2.asm.obj (.text:__aeabi_cdrcmple)
                  00002180    0000007c     aes256_encrypt_decrypt.obj (.text:encrypt_message)
                  000021fc    0000007a     rtsv7M4_T_le_v4SPD16_eabi.lib : memset_t2.asm.obj (.text)
                  00002276    00000002     --HOLE-- [fill = 0]
                  00002278    00000078     system_msp432p401r.obj (.text:SystemInit)
                  000022f0    00000074     rtsv7M4_T_le_v4SPD16_eabi.lib : fclose.c.obj (.text:__TI_closefile)
                  00002364    00000070                                   : memory.c.obj (.text:split)
                  000023d4    0000006e                                   : _printfi.c.obj (.text:_mcpy)
                  00002442    00000002     --HOLE-- [fill = 0]
                  00002444    0000006c                                   : hostrename.c.obj (.text:HOSTrename)
                  000024b0    00000068                                   : hostlseek.c.obj (.text:HOSTlseek)
                  00002518    00000068                                   : copy_decompress_lzss.c.obj (.text:decompress:lzss:__TI_decompress_lzss)
                  00002580    00000068                                   : printf.c.obj (.text:printf)
                  000025e8    00000064                                   : s_frexp.c.obj (.text:frexp)
                  0000264c    00000064                                   : fseek.c.obj (.text:fseek)
                  000026b0    00000062                                   : _io_perm.c.obj (.text:__TI_wrt_ok)
                  00002712    00000002     --HOLE-- [fill = 0]
                  00002714    00000060                                   : hostopen.c.obj (.text:HOSTopen)
                  00002774    0000005c                                   : close.c.obj (.text:close)
                  000027d0    00000058                                   : hostread.c.obj (.text:HOSTread)
                  00002828    00000058                                   : hostwrite.c.obj (.text:HOSTwrite)
                  00002880    00000056                                   : _printfi.c.obj (.text:_pconv_f)
                  000028d6    00000054                                   : ltoa.c.obj (.text:ltoa)
                  0000292a    00000052                                   : _printfi.c.obj (.text:_ecpy)
                  0000297c    0000004c                                   : fflush.c.obj (.text:__TI_doflush)
                  000029c8    0000004c                                   : atoi.c.obj (.text:atoi)
                  00002a14    0000004a                                   : _io_perm.c.obj (.text:__TI_rd_ok)
                  00002a5e    00000002     --HOLE-- [fill = 0]
                  00002a60    00000048                                   : exit.c.obj (.text:exit)
                  00002aa8    00000048                                   : fd_toi_t2.asm.obj (.text)
                  00002af0    00000044                                   : hostclose.c.obj (.text:HOSTclose)
                  00002b34    00000044                                   : hostunlink.c.obj (.text:HOSTunlink)
                  00002b78    00000044                                   : autoinit.c.obj (.text:__TI_auto_init_nobinit_nopinit:__TI_auto_init_nobinit_nopinit)
                  00002bbc    00000044                                   : getdevice.c.obj (.text:getdevice)
                  00002c00    0000003e                                   : _printfi.c.obj (.text:_fcpy)
                  00002c3e    00000002     --HOLE-- [fill = 0]
                  00002c40    00000038                                   : trgmsg.c.obj (.text:__TI_writemsg)
                  00002c78    00000036                                   : strncpy.c.obj (.text:strncpy)
                  00002cae    00000002     --HOLE-- [fill = 0]
                  00002cb0    00000034                                   : fopen.c.obj (.text:__TI_cleanup)
                  00002ce4    00000034                                   : trgmsg.c.obj (.text:__TI_readmsg)
                  00002d18    00000034                                   : boot_cortex_m.c.obj (.text:_c_int00_noargs:_c_int00_noargs)
                  00002d4c    00000030                                   : getdevice.c.obj (.text:finddevice)
                  00002d7c    0000002e                                   : i_tofd_t2.asm.obj (.text)
                  00002daa    00000002     --HOLE-- [fill = 0]
                  00002dac    0000002c                                   : unlink.c.obj (.text:unlink)
                  00002dd8    00000028                                   : memory.c.obj (.text:free_list_insert)
                  00002e00    00000028                                   : lseek.c.obj (.text:lseek)
                  00002e28    00000028                                   : read.c.obj (.text:read)
                  00002e50    00000028                                   : write.c.obj (.text:write)
                  00002e78    00000020                                   : memchr.c.obj (.text:memchr)
                  00002e98    0000001c                                   : memory.c.obj (.text:free_list_remove)
                  00002eb4    0000001c                                   : memccpy.c.obj (.text:memccpy)
                  00002ed0    0000001a                                   : s_copysign.c.obj (.text:copysign)
                  00002eea    00000018                                   : strcmp.c.obj (.text:strcmp)
                  00002f02    00000016                                   : strchr.c.obj (.text:strchr)
                  00002f18    00000014                                   : strcpy.c.obj (.text:strcpy)
                  00002f2c    00000014                                   : strlen.c.obj (.text:strlen)
                  00002f40    00000012                                   : wcslen.c.obj (.text:wcslen)
                  00002f52    00000002     --HOLE-- [fill = 0]
                  00002f54    00000010                                   : fgets.c.obj (.text:gets)
                  00002f64    0000000e                                   : copy_decompress_none.c.obj (.text:decompress:none:__TI_decompress_none)
                  00002f72    0000000c     startup_msp432p401r_ccs.obj (.text:Reset_Handler)
                  00002f7e    0000000c     rtsv7M4_T_le_v4SPD16_eabi.lib : copy_zero_init.c.obj (.text:decompress:ZI:__TI_zero_init)
                  00002f8a    00000002     --HOLE-- [fill = 0]
                  00002f8c    00000008                                   : errno.c.obj (.text:__aeabi_errno_addr)
                  00002f94    00000008                                   : memory.c.obj (.text:malloc)
                  00002f9c    00000004                                   : printf.c.obj (.text:_outc)
                  00002fa0    00000004                                   : printf.c.obj (.text:_outs)
                  00002fa4    00000004                                   : pre_init.c.obj (.text:_system_pre_init)
                  00002fa8    00000004                                   : exit.c.obj (.text:abort:abort)

.const     0    00002fac    00000101     
                  00002fac    00000101     rtsv7M4_T_le_v4SPD16_eabi.lib : ctype.c.obj (.const:.string:_ctypes_)

.cinit     0    000030b0    000000b0     
                  000030b0    0000008b     (.cinit..data.load) [load image, compression = lzss]
                  0000313b    00000001     --HOLE-- [fill = 0]
                  0000313c    0000000c     (__TI_handler_table)
                  00003148    00000008     (.cinit..bss.load) [load image, compression = zero_init]
                  00003150    00000010     (__TI_cinit_table)

.init_array 
*          0    00000000    00000000     UNINITIALIZED

.binit     0    00000000    00000000     

.bss       0    20000000    00000e48     UNINITIALIZED
                  20000000    00000640     aes256_encrypt_decrypt.obj (.bss:DataAESdecrypted)
                  20000640    00000640     aes256_encrypt_decrypt.obj (.bss:DataAESencrypted)
                  20000c80    00000120     rtsv7M4_T_le_v4SPD16_eabi.lib : trgmsg.c.obj (.bss:_CIOBUF_)
                  20000da0    000000a0     (.common:__TI_tmpnams)
                  20000e40    00000008     (.common:parmbuf)

.sysmem    0    20000e48    00000800     UNINITIALIZED
                  20000e48    00000010     rtsv7M4_T_le_v4SPD16_eabi.lib : memory.c.obj (.sysmem)
                  20000e58    000007f0     --HOLE--

.data      0    20001648    00000208     UNINITIALIZED
                  20001648    000000f0     rtsv7M4_T_le_v4SPD16_eabi.lib : defs.c.obj (.data:_ftable)
                  20001738    00000078                                   : host_device.c.obj (.data:_device)
                  200017b0    00000050                                   : host_device.c.obj (.data:_stream)
                  20001800    00000020     aes256_encrypt_decrypt.obj (.data:CipherKey)
                  20001820    00000010     rtsv7M4_T_le_v4SPD16_eabi.lib : defs.c.obj (.data)
                  20001830    0000000c                                   : exit.c.obj (.data:$O1$$)
                  2000183c    00000008                                   : _lock.c.obj (.data:$O1$$)
                  20001844    00000008                                   : memory.c.obj (.data:$O1$$)
                  2000184c    00000004                                   : errno.c.obj (.data)

.stack     0    2000fe00    00000200     UNINITIALIZED
                  2000fe00    00000004     rtsv7M4_T_le_v4SPD16_eabi.lib : boot_cortex_m.c.obj (.stack)
                  2000fe04    000001fc     --HOLE--

MODULE SUMMARY

       Module                        code    ro data   rw data
       ------                        ----    -------   -------
    .\
       aes256_encrypt_decrypt.obj    488     0         6464   
       system_msp432p401r.obj        120     0         0      
    +--+-----------------------------+-------+---------+---------+
       Total:                        608     0         6464   
                                                              
    .\ccs\
       startup_msp432p401r_ccs.obj   14      228       0      
    +--+-----------------------------+-------+---------+---------+
       Total:                        14      228       0      
                                                              
    C:\ti\ccs930\ccs\tools\compiler\ti-cgt-arm_18.12.4.LTS\lib\rtsv7M4_T_le_v4SPD16_eabi.lib
       _printfi.c.obj                4851    0         0      
       defs.c.obj                    0       0         832    
       memory.c.obj                  696     0         16     
       trgmsg.c.obj                  108     0         576    
       fd_add_t2.asm.obj             438     0         0      
       host_device.c.obj             0       0         400    
       fgets.c.obj                   332     0         0      
       fd_div_t2.asm.obj             310     0         0      
       fputs.c.obj                   276     0         0      
       s_scalbn.c.obj                272     0         0      
       fd_cmp_t2.asm.obj             268     0         0      
       ctype.c.obj                   0       257       0      
       fd_mul_t2.asm.obj             252     0         0      
       setvbuf.c.obj                 220     0         0      
       _io_perm.c.obj                172     0         0      
       _bufread.c.obj                156     0         0      
       memcpy_t2.asm.obj             156     0         0      
       ull_div_t2.asm.obj            150     0         0      
       fputc.c.obj                   140     0         0      
       memset_t2.asm.obj             122     0         0      
       fclose.c.obj                  116     0         0      
       getdevice.c.obj               116     0         0      
       hostopen.c.obj                96      0         16     
       printf.c.obj                  112     0         0      
       hostrename.c.obj              108     0         0      
       copy_decompress_lzss.c.obj    104     0         0      
       hostlseek.c.obj               104     0         0      
       exit.c.obj                    76      0         24     
       fseek.c.obj                   100     0         0      
       s_frexp.c.obj                 100     0         0      
       close.c.obj                   92      0         0      
       hostread.c.obj                88      0         0      
       hostwrite.c.obj               88      0         0      
       ltoa.c.obj                    84      0         0      
       atoi.c.obj                    76      0         0      
       fflush.c.obj                  76      0         0      
       fd_toi_t2.asm.obj             72      0         0      
       autoinit.c.obj                68      0         0      
       hostclose.c.obj               68      0         0      
       hostunlink.c.obj              68      0         0      
       strncpy.c.obj                 54      0         0      
       boot_cortex_m.c.obj           52      0         0      
       fopen.c.obj                   52      0         0      
       i_tofd_t2.asm.obj             46      0         0      
       unlink.c.obj                  44      0         0      
       lseek.c.obj                   40      0         0      
       read.c.obj                    40      0         0      
       write.c.obj                   40      0         0      
       memchr.c.obj                  32      0         0      
       memccpy.c.obj                 28      0         0      
       s_copysign.c.obj              26      0         0      
       strcmp.c.obj                  24      0         0      
       strchr.c.obj                  22      0         0      
       strcpy.c.obj                  20      0         0      
       strlen.c.obj                  20      0         0      
       _lock.c.obj                   2       0         16     
       wcslen.c.obj                  18      0         0      
       errno.c.obj                   8       0         8      
       copy_decompress_none.c.obj    14      0         0      
       copy_zero_init.c.obj          12      0         0      
       pre_init.c.obj                4       0         0      
       div0.asm.obj                  2       0         0      
    +--+-----------------------------+-------+---------+---------+
       Total:                        11331   257       1888   
                                                              
       Heap:                         0       0         4096   
       Stack:                        0       0         1024   
       Linker Generated:             0       175       0      
    +--+-----------------------------+-------+---------+---------+
       Grand Total:                  11953   660       13472  


LINKER GENERATED COPY TABLES

__TI_cinit_table @ 00003150 records: 2, size/record: 8, table size: 16
	.data: load addr=000030b0, load size=0000008b bytes, run addr=20001648, run size=00000208 bytes, compression=lzss
	.bss: load addr=00003148, load size=00000008 bytes, run addr=20000000, run size=00000e48 bytes, compression=zero_init


LINKER GENERATED HANDLER TABLE

__TI_handler_table @ 0000313c records: 3, size/record: 4, table size: 12
	index: 0, handler: __TI_decompress_lzss
	index: 1, handler: __TI_decompress_none
	index: 2, handler: __TI_zero_init


GLOBAL SYMBOLS: SORTED ALPHABETICALLY BY Name 

address   name                           
-------   ----                           
00000b33  ADC14_IRQHandler               
00000b33  AES256_IRQHandler              
00000b33  BusFault_Handler               
00002fa9  C$$EXIT                        
00002c6f  C$$IO$$                        
00000b33  COMP_E0_IRQHandler             
00000b33  COMP_E1_IRQHandler             
00000b33  CS_IRQHandler                  
00000b33  DMA_ERR_IRQHandler             
00000b33  DMA_INT0_IRQHandler            
00000b33  DMA_INT1_IRQHandler            
00000b33  DMA_INT2_IRQHandler            
00000b33  DMA_INT3_IRQHandler            
00000b33  DebugMon_Handler               
00000b33  Default_Handler                
00000b33  EUSCIA0_IRQHandler             
00000b33  EUSCIA1_IRQHandler             
00000b33  EUSCIA2_IRQHandler             
00000b33  EUSCIA3_IRQHandler             
00000b33  EUSCIB0_IRQHandler             
00000b33  EUSCIB1_IRQHandler             
00000b33  EUSCIB2_IRQHandler             
00000b33  EUSCIB3_IRQHandler             
00000b33  FLCTL_IRQHandler               
00000b33  FPU_IRQHandler                 
00002af1  HOSTclose                      
000024b1  HOSTlseek                      
00002715  HOSTopen                       
000027d1  HOSTread                       
00002445  HOSTrename                     
00002b35  HOSTunlink                     
00002829  HOSTwrite                      
00000b33  HardFault_Handler              
00000b33  MemManage_Handler              
00000b33  NMI_Handler                    
00000b33  PCM_IRQHandler                 
00000b33  PORT1_IRQHandler               
00000b33  PORT2_IRQHandler               
00000b33  PORT3_IRQHandler               
00000b33  PORT4_IRQHandler               
00000b33  PORT5_IRQHandler               
00000b33  PORT6_IRQHandler               
00000b33  PSS_IRQHandler                 
00000b33  PendSV_Handler                 
00000b33  RTC_C_IRQHandler               
00002f73  Reset_Handler                  
00000b33  SVC_Handler                    
00000b33  SysTick_Handler                
00002279  SystemInit                     
00000b33  T32_INT1_IRQHandler            
00000b33  T32_INT2_IRQHandler            
00000b33  T32_INTC_IRQHandler            
00000b33  TA0_0_IRQHandler               
00000b33  TA0_N_IRQHandler               
00000b33  TA1_0_IRQHandler               
00000b33  TA1_N_IRQHandler               
00000b33  TA2_0_IRQHandler               
00000b33  TA2_N_IRQHandler               
00000b33  TA3_0_IRQHandler               
00000b33  TA3_N_IRQHandler               
00000b33  UsageFault_Handler             
4000480c  WDTCTL_SYM                     
00000b33  WDT_A_IRQHandler               
20000c80  __CIOBUF_                      
20010000  __STACK_END                    
00000200  __STACK_SIZE                   
00000800  __SYSMEM_SIZE                  
00003150  __TI_CINIT_Base                
00003160  __TI_CINIT_Limit               
0000313c  __TI_Handler_Table_Base        
00003148  __TI_Handler_Table_Limit       
00002b79  __TI_auto_init_nobinit_nopinit 
00001d91  __TI_buff_read                 
00002cb1  __TI_cleanup                   
20001830  __TI_cleanup_ptr               
000022f1  __TI_closefile                 
00002519  __TI_decompress_lzss           
00002f65  __TI_decompress_none           
0000297d  __TI_doflush                   
20001834  __TI_dtors_ptr                 
20001838  __TI_enable_exit_profile_output
20001820  __TI_ft_end                    
ffffffff  __TI_pprof_out_hndl            
000000e5  __TI_printfi                   
ffffffff  __TI_prof_data_size            
ffffffff  __TI_prof_data_start           
00002a15  __TI_rd_ok                     
00002ce5  __TI_readmsg                   
00000000  __TI_static_base__             
20000da0  __TI_tmpnams                   
00002c41  __TI_writemsg                  
000026b1  __TI_wrt_ok                    
00002f7f  __TI_zero_init                 
00002075  __aeabi_cdcmpeq                
00002075  __aeabi_cdcmple                
000020fb  __aeabi_cdrcmple               
00002aa9  __aeabi_d2iz                   
00000f7f  __aeabi_dadd                   
000013a5  __aeabi_ddiv                   
0000193d  __aeabi_dmul                   
00000f75  __aeabi_dsub                   
00002f8d  __aeabi_errno_addr             
00002d7d  __aeabi_i2d                    
000014db  __aeabi_idiv0                  
000014db  __aeabi_ldiv0                  
000021fd  __aeabi_memclr                 
000021fd  __aeabi_memclr4                
000021fd  __aeabi_memclr8                
00001e2d  __aeabi_memcpy                 
00001e2d  __aeabi_memcpy4                
00001e2d  __aeabi_memcpy8                
000021ff  __aeabi_memset                 
000021ff  __aeabi_memset4                
000021ff  __aeabi_memset8                
2000182c  __aeabi_stderr                 
20001824  __aeabi_stdin                  
20001828  __aeabi_stdout                 
00001ec9  __aeabi_uldivmod               
ffffffff  __binit__                      
ffffffff  __c_args__                     
UNDEFED   __mpu_init                     
2000fe00  __stack                        
00002d19  _c_int00_noargs                
00002fac  _ctypes_                       
20001738  _device                        
20001648  _ftable                        
2000183c  _lock                          
0000112b  _nop                           
200017b0  _stream                        
20000e48  _sys_memory                    
UNDEFED   _system_post_cinit             
00002fa5  _system_pre_init               
20001840  _unlock                        
00002fa9  abort                          
00001601  aligned_alloc                  
000029c9  atoi                           
ffffffff  binit                          
00002775  close                          
00002ed1  copysign                       
00002ed1  copysignl                      
00001fed  decrypt_message                
00002181  encrypt_message                
2000184c  errno                          
00002a61  exit                           
00002d4d  finddevice                     
00001f61  fputc                          
00001719  fputs                          
00001a39  free                           
000025e9  frexp                          
000025e9  frexpl                         
0000264d  fseek                          
00002bbd  getdevice                      
00002f55  gets                           
00000000  interruptVectors               
0000182d  ldexp                          
0000182d  ldexpl                         
00002e01  lseek                          
000028d7  ltoa                           
00001b1d  main                           
00002f95  malloc                         
00001601  memalign                       
00002eb5  memccpy                        
00002e79  memchr                         
00001e2d  memcpy                         
00002205  memset                         
20000e40  parmbuf                        
00002581  printf                         
00001f61  putc                           
00002e29  read                           
00002dad  remove                         
0000182d  scalbn                         
0000182d  scalbnl                        
00001c01  setvbuf                        
00002f03  strchr                         
00002eeb  strcmp                         
00002f19  strcpy                         
00002f2d  strlen                         
00002c79  strncpy                        
00002dad  unlink                         
00002f41  wcslen                         
00002e51  write                          


GLOBAL SYMBOLS: SORTED BY Symbol Address 

address   name                           
-------   ----                           
00000000  __TI_static_base__             
00000000  interruptVectors               
000000e5  __TI_printfi                   
00000200  __STACK_SIZE                   
00000800  __SYSMEM_SIZE                  
00000b33  ADC14_IRQHandler               
00000b33  AES256_IRQHandler              
00000b33  BusFault_Handler               
00000b33  COMP_E0_IRQHandler             
00000b33  COMP_E1_IRQHandler             
00000b33  CS_IRQHandler                  
00000b33  DMA_ERR_IRQHandler             
00000b33  DMA_INT0_IRQHandler            
00000b33  DMA_INT1_IRQHandler            
00000b33  DMA_INT2_IRQHandler            
00000b33  DMA_INT3_IRQHandler            
00000b33  DebugMon_Handler               
00000b33  Default_Handler                
00000b33  EUSCIA0_IRQHandler             
00000b33  EUSCIA1_IRQHandler             
00000b33  EUSCIA2_IRQHandler             
00000b33  EUSCIA3_IRQHandler             
00000b33  EUSCIB0_IRQHandler             
00000b33  EUSCIB1_IRQHandler             
00000b33  EUSCIB2_IRQHandler             
00000b33  EUSCIB3_IRQHandler             
00000b33  FLCTL_IRQHandler               
00000b33  FPU_IRQHandler                 
00000b33  HardFault_Handler              
00000b33  MemManage_Handler              
00000b33  NMI_Handler                    
00000b33  PCM_IRQHandler                 
00000b33  PORT1_IRQHandler               
00000b33  PORT2_IRQHandler               
00000b33  PORT3_IRQHandler               
00000b33  PORT4_IRQHandler               
00000b33  PORT5_IRQHandler               
00000b33  PORT6_IRQHandler               
00000b33  PSS_IRQHandler                 
00000b33  PendSV_Handler                 
00000b33  RTC_C_IRQHandler               
00000b33  SVC_Handler                    
00000b33  SysTick_Handler                
00000b33  T32_INT1_IRQHandler            
00000b33  T32_INT2_IRQHandler            
00000b33  T32_INTC_IRQHandler            
00000b33  TA0_0_IRQHandler               
00000b33  TA0_N_IRQHandler               
00000b33  TA1_0_IRQHandler               
00000b33  TA1_N_IRQHandler               
00000b33  TA2_0_IRQHandler               
00000b33  TA2_N_IRQHandler               
00000b33  TA3_0_IRQHandler               
00000b33  TA3_N_IRQHandler               
00000b33  UsageFault_Handler             
00000b33  WDT_A_IRQHandler               
00000f75  __aeabi_dsub                   
00000f7f  __aeabi_dadd                   
0000112b  _nop                           
000013a5  __aeabi_ddiv                   
000014db  __aeabi_idiv0                  
000014db  __aeabi_ldiv0                  
00001601  aligned_alloc                  
00001601  memalign                       
00001719  fputs                          
0000182d  ldexp                          
0000182d  ldexpl                         
0000182d  scalbn                         
0000182d  scalbnl                        
0000193d  __aeabi_dmul                   
00001a39  free                           
00001b1d  main                           
00001c01  setvbuf                        
00001d91  __TI_buff_read                 
00001e2d  __aeabi_memcpy                 
00001e2d  __aeabi_memcpy4                
00001e2d  __aeabi_memcpy8                
00001e2d  memcpy                         
00001ec9  __aeabi_uldivmod               
00001f61  fputc                          
00001f61  putc                           
00001fed  decrypt_message                
00002075  __aeabi_cdcmpeq                
00002075  __aeabi_cdcmple                
000020fb  __aeabi_cdrcmple               
00002181  encrypt_message                
000021fd  __aeabi_memclr                 
000021fd  __aeabi_memclr4                
000021fd  __aeabi_memclr8                
000021ff  __aeabi_memset                 
000021ff  __aeabi_memset4                
000021ff  __aeabi_memset8                
00002205  memset                         
00002279  SystemInit                     
000022f1  __TI_closefile                 
00002445  HOSTrename                     
000024b1  HOSTlseek                      
00002519  __TI_decompress_lzss           
00002581  printf                         
000025e9  frexp                          
000025e9  frexpl                         
0000264d  fseek                          
000026b1  __TI_wrt_ok                    
00002715  HOSTopen                       
00002775  close                          
000027d1  HOSTread                       
00002829  HOSTwrite                      
000028d7  ltoa                           
0000297d  __TI_doflush                   
000029c9  atoi                           
00002a15  __TI_rd_ok                     
00002a61  exit                           
00002aa9  __aeabi_d2iz                   
00002af1  HOSTclose                      
00002b35  HOSTunlink                     
00002b79  __TI_auto_init_nobinit_nopinit 
00002bbd  getdevice                      
00002c41  __TI_writemsg                  
00002c6f  C$$IO$$                        
00002c79  strncpy                        
00002cb1  __TI_cleanup                   
00002ce5  __TI_readmsg                   
00002d19  _c_int00_noargs                
00002d4d  finddevice                     
00002d7d  __aeabi_i2d                    
00002dad  remove                         
00002dad  unlink                         
00002e01  lseek                          
00002e29  read                           
00002e51  write                          
00002e79  memchr                         
00002eb5  memccpy                        
00002ed1  copysign                       
00002ed1  copysignl                      
00002eeb  strcmp                         
00002f03  strchr                         
00002f19  strcpy                         
00002f2d  strlen                         
00002f41  wcslen                         
00002f55  gets                           
00002f65  __TI_decompress_none           
00002f73  Reset_Handler                  
00002f7f  __TI_zero_init                 
00002f8d  __aeabi_errno_addr             
00002f95  malloc                         
00002fa5  _system_pre_init               
00002fa9  C$$EXIT                        
00002fa9  abort                          
00002fac  _ctypes_                       
0000313c  __TI_Handler_Table_Base        
00003148  __TI_Handler_Table_Limit       
00003150  __TI_CINIT_Base                
00003160  __TI_CINIT_Limit               
20000c80  __CIOBUF_                      
20000da0  __TI_tmpnams                   
20000e40  parmbuf                        
20000e48  _sys_memory                    
20001648  _ftable                        
20001738  _device                        
200017b0  _stream                        
20001820  __TI_ft_end                    
20001824  __aeabi_stdin                  
20001828  __aeabi_stdout                 
2000182c  __aeabi_stderr                 
20001830  __TI_cleanup_ptr               
20001834  __TI_dtors_ptr                 
20001838  __TI_enable_exit_profile_output
2000183c  _lock                          
20001840  _unlock                        
2000184c  errno                          
2000fe00  __stack                        
20010000  __STACK_END                    
4000480c  WDTCTL_SYM                     
ffffffff  __TI_pprof_out_hndl            
ffffffff  __TI_prof_data_size            
ffffffff  __TI_prof_data_start           
ffffffff  __binit__                      
ffffffff  __c_args__                     
ffffffff  binit                          
UNDEFED   __mpu_init                     
UNDEFED   _system_post_cinit             

[181 symbols]
