******************************************************************************
                  TI ARM Linker PC v18.12.4                    
******************************************************************************
>> Linked Wed Apr  8 22:16:08 2020

OUTPUT FILE NAME:   <Lab6_2_ADC.out>
ENTRY POINT SYMBOL: "_c_int00_noargs"  address: 00003255


MEMORY CONFIGURATION

         name            origin    length      used     unused   attr    fill
----------------------  --------  ---------  --------  --------  ----  --------
  MAIN                  00000000   00040000  00003938  0003c6c8  R  X
  INFO                  00200000   00004000  00000000  00004000  R  X
  SRAM_CODE             01000000   00010000  00000dd5  0000f22b  RW X
  SRAM_DATA             20000000   00010000  00000dd5  0000f22b  RW  


SEGMENT ALLOCATION MAP

run origin  load origin   length   init length attrs members
----------  ----------- ---------- ----------- ----- -------
00000000    00000000    00003938   00003938    r-x
  00000000    00000000    000000e4   000000e4    r-- .intvecs
  000000e4    000000e4    00003630   00003630    r-x .text
  00003714    00003714    0000018c   0000018c    r-- .const
  000038a0    000038a0    00000098   00000098    r-- .cinit
20000000    20000000    00000bd5   00000000    rw-
  20000000    20000000    00000800   00000000    rw- .sysmem
  20000800    20000800    000001f0   00000000    rw- .data
  200009f0    200009f0    000001e5   00000000    rw- .bss
2000fe00    2000fe00    00000200   00000000    rw-
  2000fe00    2000fe00    00000200   00000000    rw- .stack


SECTION ALLOCATION MAP

 output                                  attributes/
section   page    origin      length       input sections
--------  ----  ----------  ----------   ----------------
.intvecs   0    00000000    000000e4     
                  00000000    000000e4     startup_msp432p401r_ccs.obj (.intvecs:retain)

.text      0    000000e4    00003630     
                  000000e4    00000a4e     rtsv7M4_T_le_v4SPD16_eabi.lib : _printfi.c.obj (.text:__TI_printfi)
                  00000b32    00000002     startup_msp432p401r_ccs.obj (.text:Default_Handler)
                  00000b34    00000270     rtsv7M4_T_le_v4SPD16_eabi.lib : _printfi.c.obj (.text:_pconv_a)
                  00000da4    000001d0                                   : _printfi.c.obj (.text:_pconv_g)
                  00000f74    000001b6                                   : fd_add_t2.asm.obj (.text)
                  0000112a    00000002                                   : _lock.c.obj (.text:_nop)
                  0000112c    00000198     main.obj (.text:main)
                  000012c4    00000160     msp432p4xx_driverlib.lib : adc14.o (.text:_getIndexForMemRegister)
                  00001424    0000013c     rtsv7M4_T_le_v4SPD16_eabi.lib : _printfi.c.obj (.text:_pconv_e)
                  00001560    00000136                                   : fd_div_t2.asm.obj (.text)
                  00001696    00000002                                   : div0.asm.obj (.text)
                  00001698    00000124                                   : _printfi.c.obj (.text:fcvt)
                  000017bc    00000118                                   : memory.c.obj (.text:aligned_alloc)
                  000018d4    00000114                                   : fputs.c.obj (.text:fputs)
                  000019e8    00000110                                   : s_scalbn.c.obj (.text:scalbn)
                  00001af8    00000104     msp432p4xx_driverlib.lib : cs.o (.text:_CSComputeCLKFrequency)
                  00001bfc    000000fc     rtsv7M4_T_le_v4SPD16_eabi.lib : fd_mul_t2.asm.obj (.text)
                  00001cf8    000000f8     msp432p4xx_driverlib.lib : cs.o (.text:CS_getDCOFrequency)
                  00001df0    000000e4     rtsv7M4_T_le_v4SPD16_eabi.lib : memory.c.obj (.text:free)
                  00001ed4    000000dc                                   : setvbuf.c.obj (.text:setvbuf)
                  00001fb0    000000b4     msp432p4xx_driverlib.lib : adc14.o (.text:ADC14_configureConversionMemory)
                  00002064    000000b1     rtsv7M4_T_le_v4SPD16_eabi.lib : _printfi.c.obj (.text:_ltostr)
                  00002115    00000001     --HOLE-- [fill = 0]
                  00002116    0000009c                                   : memcpy_t2.asm.obj (.text)
                  000021b2    00000096                                   : ull_div_t2.asm.obj (.text)
                  00002248    00000094     msp432p4xx_driverlib.lib : sysctl_a.o (.text:SysCtl_A_getTLVInfo)
                  000022dc    0000008c     rtsv7M4_T_le_v4SPD16_eabi.lib : fputc.c.obj (.text:fputc)
                  00002368    00000086                                   : fd_cmp_t2.asm.obj (.text:__aeabi_cdcmple)
                  000023ee    00000086                                   : fd_cmp_t2.asm.obj (.text:__aeabi_cdrcmple)
                  00002474    00000080     msp432p4xx_driverlib.lib : interrupt.o (.text:Interrupt_enableInterrupt)
                  000024f4    0000007c                              : cs.o (.text:_CSGetDOCFrequency)
                  00002570    0000007a     rtsv7M4_T_le_v4SPD16_eabi.lib : memset_t2.asm.obj (.text)
                  000025ea    00000002     --HOLE-- [fill = 0]
                  000025ec    00000078     system_msp432p401r.obj (.text:SystemInit)
                  00002664    00000074     rtsv7M4_T_le_v4SPD16_eabi.lib : fclose.c.obj (.text:__TI_closefile)
                  000026d8    00000070                                   : memory.c.obj (.text:split)
                  00002748    0000006e                                   : _printfi.c.obj (.text:_mcpy)
                  000027b6    00000002     --HOLE-- [fill = 0]
                  000027b8    0000006c                                   : hostrename.c.obj (.text:HOSTrename)
                  00002824    00000068                                   : hostlseek.c.obj (.text:HOSTlseek)
                  0000288c    00000068                                   : copy_decompress_lzss.c.obj (.text:decompress:lzss:__TI_decompress_lzss)
                  000028f4    00000068                                   : printf.c.obj (.text:printf)
                  0000295c    00000064                                   : s_frexp.c.obj (.text:frexp)
                  000029c0    00000064                                   : fseek.c.obj (.text:fseek)
                  00002a24    00000062     msp432p4xx_driverlib.lib : cs.o (.text:_CSGetDividerValue)
                  00002a86    00000062     rtsv7M4_T_le_v4SPD16_eabi.lib : _io_perm.c.obj (.text:__TI_wrt_ok)
                  00002ae8    00000060                                   : hostopen.c.obj (.text:HOSTopen)
                  00002b48    00000060     main.obj (.text:delay_ms)
                  00002ba8    0000005c     rtsv7M4_T_le_v4SPD16_eabi.lib : close.c.obj (.text:close)
                  00002c04    00000058     msp432p4xx_driverlib.lib : adc14.o (.text:ADC14_configureSingleSampleMode)
                  00002c5c    00000058     rtsv7M4_T_le_v4SPD16_eabi.lib : hostread.c.obj (.text:HOSTread)
                  00002cb4    00000058                                   : hostwrite.c.obj (.text:HOSTwrite)
                  00002d0c    00000056                                   : _printfi.c.obj (.text:_pconv_f)
                  00002d62    00000002     --HOLE-- [fill = 0]
                  00002d64    00000054     msp432p4xx_driverlib.lib : adc14.o (.text:ADC14_initModule)
                  00002db8    00000054     rtsv7M4_T_le_v4SPD16_eabi.lib : ltoa.c.obj (.text:ltoa)
                  00002e0c    00000052                                   : _printfi.c.obj (.text:_ecpy)
                  00002e5e    0000004c                                   : fflush.c.obj (.text:__TI_doflush)
                  00002eaa    00000002     --HOLE-- [fill = 0]
                  00002eac    0000004c                                   : atoi.c.obj (.text:atoi)
                  00002ef8    00000048                                   : exit.c.obj (.text:exit)
                  00002f40    00000048                                   : fd_toi_t2.asm.obj (.text)
                  00002f88    00000044                                   : hostclose.c.obj (.text:HOSTclose)
                  00002fcc    00000044                                   : hostunlink.c.obj (.text:HOSTunlink)
                  00003010    00000044                                   : autoinit.c.obj (.text:__TI_auto_init_nobinit_nopinit:__TI_auto_init_nobinit_nopinit)
                  00003054    00000044                                   : getdevice.c.obj (.text:getdevice)
                  00003098    0000003e                                   : _printfi.c.obj (.text:_fcpy)
                  000030d6    00000002     --HOLE-- [fill = 0]
                  000030d8    00000038     msp432p4xx_driverlib.lib : adc14.o (.text:ADC14_getEnabledInterruptStatus)
                  00003110    00000038     rtsv7M4_T_le_v4SPD16_eabi.lib : trgmsg.c.obj (.text:__TI_writemsg)
                  00003148    00000038                                   : fs_tod_t2.asm.obj (.text)
                  00003180    00000036                                   : strncpy.c.obj (.text:strncpy)
                  000031b6    00000002     --HOLE-- [fill = 0]
                  000031b8    00000034     msp432p4xx_driverlib.lib : adc14.o (.text:ADC14_enableSampleTimer)
                  000031ec    00000034     rtsv7M4_T_le_v4SPD16_eabi.lib : fopen.c.obj (.text:__TI_cleanup)
                  00003220    00000034                                   : trgmsg.c.obj (.text:__TI_readmsg)
                  00003254    00000034                                   : boot_cortex_m.c.obj (.text:_c_int00_noargs:_c_int00_noargs)
                  00003288    00000030     main.obj (.text:ADC14_IRQHandler)
                  000032b8    00000030     msp432p4xx_driverlib.lib : adc14.o (.text:ADC14_clearInterruptFlag)
                  000032e8    00000030                              : adc14.o (.text:ADC14_enableInterrupt)
                  00003318    00000030                              : adc14.o (.text:ADC14_setSampleHoldTime)
                  00003348    00000030                              : cs.o (.text:CS_clearInterruptFlag)
                  00003378    00000030     rtsv7M4_T_le_v4SPD16_eabi.lib : getdevice.c.obj (.text:finddevice)
                  000033a8    0000002e                                   : i_tofd_t2.asm.obj (.text)
                  000033d6    00000002     --HOLE-- [fill = 0]
                  000033d8    0000002c     msp432p4xx_driverlib.lib : adc14.o (.text:ADC14_getInterruptStatus)
                  00003404    0000002c                              : adc14.o (.text:ADC14_toggleConversionTrigger)
                  00003430    0000002c     rtsv7M4_T_le_v4SPD16_eabi.lib : unlink.c.obj (.text:unlink)
                  0000345c    00000028     msp432p4xx_driverlib.lib : adc14.o (.text:ADC14_enableConversion)
                  00003484    00000028                              : adc14.o (.text:ADC14_getResult)
                  000034ac    00000028                              : cs.o (.text:CS_getMCLK)
                  000034d4    00000028     rtsv7M4_T_le_v4SPD16_eabi.lib : memory.c.obj (.text:free_list_insert)
                  000034fc    00000028                                   : lseek.c.obj (.text:lseek)
                  00003524    00000028                                   : write.c.obj (.text:write)
                  0000354c    00000024     msp432p4xx_driverlib.lib : wdt_a.o (.text:WDT_A_holdTimer)
                  00003570    00000020                              : ref_a.o (.text:REF_A_setReferenceVoltage)
                  00003590    00000020     rtsv7M4_T_le_v4SPD16_eabi.lib : memchr.c.obj (.text:memchr)
                  000035b0    0000001c                                   : copy_zero_init.c.obj (.text:decompress:ZI:__TI_zero_init_nomemset:__TI_zero_init_nomemset)
                  000035cc    0000001c                                   : memory.c.obj (.text:free_list_remove)
                  000035e8    0000001c                                   : memccpy.c.obj (.text:memccpy)
                  00003604    0000001a                                   : s_copysign.c.obj (.text:copysign)
                  0000361e    00000018                                   : strcmp.c.obj (.text:strcmp)
                  00003636    00000016                                   : strchr.c.obj (.text:strchr)
                  0000364c    00000014                                   : strcpy.c.obj (.text:strcpy)
                  00003660    00000014                                   : strlen.c.obj (.text:strlen)
                  00003674    00000012                                   : wcslen.c.obj (.text:wcslen)
                  00003686    00000002     --HOLE-- [fill = 0]
                  00003688    00000010     msp432p4xx_driverlib.lib : adc14.o (.text:ADCIsConversionRunning)
                  00003698    00000010                              : interrupt.o (.text:Interrupt_enableMaster)
                  000036a8    0000000e     rtsv7M4_T_le_v4SPD16_eabi.lib : copy_decompress_none.c.obj (.text:decompress:none:__TI_decompress_none)
                  000036b6    00000002     --HOLE-- [fill = 0]
                  000036b8    0000000c     msp432p4xx_driverlib.lib : adc14.o (.text:ADC14_enableModule)
                  000036c4    0000000c                              : cpu.o (.text:CPU_cpsie)
                  000036d0    0000000c                              : ref_a.o (.text:REF_A_enableReferenceVoltage)
                  000036dc    0000000c                              : ref_a.o (.text:REF_A_enableTempSensor)
                  000036e8    0000000c     startup_msp432p401r_ccs.obj (.text:Reset_Handler)
                  000036f4    00000008     rtsv7M4_T_le_v4SPD16_eabi.lib : errno.c.obj (.text:__aeabi_errno_addr)
                  000036fc    00000008                                   : memory.c.obj (.text:malloc)
                  00003704    00000004                                   : printf.c.obj (.text:_outc)
                  00003708    00000004                                   : printf.c.obj (.text:_outs)
                  0000370c    00000004                                   : pre_init.c.obj (.text:_system_pre_init)
                  00003710    00000004                                   : exit.c.obj (.text:abort:abort)

.const     0    00003714    0000018c     
                  00003714    00000101     rtsv7M4_T_le_v4SPD16_eabi.lib : ctype.c.obj (.const:.string:_ctypes_)
                  00003815    00000003     --HOLE-- [fill = 0]
                  00003818    00000080     msp432p4xx_driverlib.lib : adc14.o (.const:_ctlRegs)
                  00003898    00000008                              : interrupt.o (.const:g_pulEnRegs)

.cinit     0    000038a0    00000098     
                  000038a0    00000071     (.cinit..data.load) [load image, compression = lzss]
                  00003911    00000003     --HOLE-- [fill = 0]
                  00003914    0000000c     (__TI_handler_table)
                  00003920    00000008     (.cinit..bss.load) [load image, compression = zero_init]
                  00003928    00000010     (__TI_cinit_table)

.init_array 
*          0    00000000    00000000     UNINITIALIZED

.binit     0    00000000    00000000     

.sysmem    0    20000000    00000800     UNINITIALIZED
                  20000000    00000010     rtsv7M4_T_le_v4SPD16_eabi.lib : memory.c.obj (.sysmem)
                  20000010    000007f0     --HOLE--

.data      0    20000800    000001f0     UNINITIALIZED
                  20000800    000000f0     rtsv7M4_T_le_v4SPD16_eabi.lib : defs.c.obj (.data:_ftable)
                  200008f0    00000078                                   : host_device.c.obj (.data:_device)
                  20000968    00000050                                   : host_device.c.obj (.data:_stream)
                  200009b8    00000010                                   : defs.c.obj (.data)
                  200009c8    0000000c                                   : exit.c.obj (.data:$O1$$)
                  200009d4    00000008                                   : _lock.c.obj (.data:$O1$$)
                  200009dc    00000008                                   : memory.c.obj (.data:$O1$$)
                  200009e4    00000008     main.obj (.data)
                  200009ec    00000004     rtsv7M4_T_le_v4SPD16_eabi.lib : errno.c.obj (.data)

.bss       0    200009f0    000001e5     UNINITIALIZED
                  200009f0    00000120     rtsv7M4_T_le_v4SPD16_eabi.lib : trgmsg.c.obj (.bss:_CIOBUF_)
                  20000b10    000000a0     (.common:__TI_tmpnams)
                  20000bb0    00000008     msp432p4xx_driverlib.lib : cs.o (.bss)
                  20000bb8    00000008     (.common:parmbuf)
                  20000bc0    00000004     (.common:cycles)
                  20000bc4    00000004     (.common:t0)
                  20000bc8    00000004     (.common:t1)
                  20000bcc    00000004     (.common:temp_C)
                  20000bd0    00000004     (.common:temp_F)
                  20000bd4    00000001     (.common:adc_done)

.stack     0    2000fe00    00000200     UNINITIALIZED
                  2000fe00    00000004     rtsv7M4_T_le_v4SPD16_eabi.lib : boot_cortex_m.c.obj (.stack)
                  2000fe04    000001fc     --HOLE--

MODULE SUMMARY

       Module                        code    ro data   rw data
       ------                        ----    -------   -------
    .\
       main.obj                      552     0         58     
       system_msp432p401r.obj        120     0         0      
    +--+-----------------------------+-------+---------+---------+
       Total:                        672     0         58     
                                                              
    .\ccs\
       startup_msp432p401r_ccs.obj   14      228       0      
    +--+-----------------------------+-------+---------+---------+
       Total:                        14      228       0      
                                                              
    C:/ti/simplelink_msp432p4_sdk_3_40_00_05/source/ti/devices/msp432p4xx/driverlib/ccs/msp432p4xx_driverlib.lib
       adc14.o                       1152    128       0      
       cs.o                          818     0         16     
       interrupt.o                   144     8         0      
       sysctl_a.o                    148     0         0      
       ref_a.o                       56      0         0      
       wdt_a.o                       36      0         0      
       cpu.o                         12      0         0      
    +--+-----------------------------+-------+---------+---------+
       Total:                        2366    136       16     
                                                              
    C:\ti\ccs930\ccs\tools\compiler\ti-cgt-arm_18.12.4.LTS\lib\rtsv7M4_T_le_v4SPD16_eabi.lib
       _printfi.c.obj                4851    0         0      
       defs.c.obj                    0       0         832    
       memory.c.obj                  696     0         16     
       trgmsg.c.obj                  108     0         576    
       fd_add_t2.asm.obj             438     0         0      
       host_device.c.obj             0       0         400    
       fd_div_t2.asm.obj             310     0         0      
       fputs.c.obj                   276     0         0      
       s_scalbn.c.obj                272     0         0      
       fd_cmp_t2.asm.obj             268     0         0      
       ctype.c.obj                   0       257       0      
       fd_mul_t2.asm.obj             252     0         0      
       setvbuf.c.obj                 220     0         0      
       memcpy_t2.asm.obj             156     0         0      
       ull_div_t2.asm.obj            150     0         0      
       fputc.c.obj                   140     0         0      
       memset_t2.asm.obj             122     0         0      
       fclose.c.obj                  116     0         0      
       getdevice.c.obj               116     0         0      
       hostopen.c.obj                96      0         16     
       printf.c.obj                  112     0         0      
       hostrename.c.obj              108     0         0      
       copy_decompress_lzss.c.obj    104     0         0      
       hostlseek.c.obj               104     0         0      
       exit.c.obj                    76      0         24     
       fseek.c.obj                   100     0         0      
       s_frexp.c.obj                 100     0         0      
       _io_perm.c.obj                98      0         0      
       close.c.obj                   92      0         0      
       hostread.c.obj                88      0         0      
       hostwrite.c.obj               88      0         0      
       ltoa.c.obj                    84      0         0      
       atoi.c.obj                    76      0         0      
       fflush.c.obj                  76      0         0      
       fd_toi_t2.asm.obj             72      0         0      
       autoinit.c.obj                68      0         0      
       hostclose.c.obj               68      0         0      
       hostunlink.c.obj              68      0         0      
       fs_tod_t2.asm.obj             56      0         0      
       strncpy.c.obj                 54      0         0      
       boot_cortex_m.c.obj           52      0         0      
       fopen.c.obj                   52      0         0      
       i_tofd_t2.asm.obj             46      0         0      
       unlink.c.obj                  44      0         0      
       lseek.c.obj                   40      0         0      
       write.c.obj                   40      0         0      
       memchr.c.obj                  32      0         0      
       copy_zero_init.c.obj          28      0         0      
       memccpy.c.obj                 28      0         0      
       s_copysign.c.obj              26      0         0      
       strcmp.c.obj                  24      0         0      
       strchr.c.obj                  22      0         0      
       strcpy.c.obj                  20      0         0      
       strlen.c.obj                  20      0         0      
       _lock.c.obj                   2       0         16     
       wcslen.c.obj                  18      0         0      
       errno.c.obj                   8       0         8      
       copy_decompress_none.c.obj    14      0         0      
       pre_init.c.obj                4       0         0      
       div0.asm.obj                  2       0         0      
    +--+-----------------------------+-------+---------+---------+
       Total:                        10801   257       1888   
                                                              
       Heap:                         0       0         4096   
       Stack:                        0       0         1024   
       Linker Generated:             0       149       0      
    +--+-----------------------------+-------+---------+---------+
       Grand Total:                  13853   770       7082   


LINKER GENERATED COPY TABLES

__TI_cinit_table @ 00003928 records: 2, size/record: 8, table size: 16
	.data: load addr=000038a0, load size=00000071 bytes, run addr=20000800, run size=000001f0 bytes, compression=lzss
	.bss: load addr=00003920, load size=00000008 bytes, run addr=200009f0, run size=000001e5 bytes, compression=zero_init


LINKER GENERATED HANDLER TABLE

__TI_handler_table @ 00003914 records: 3, size/record: 4, table size: 12
	index: 0, handler: __TI_decompress_lzss
	index: 1, handler: __TI_decompress_none
	index: 2, handler: __TI_zero_init


GLOBAL SYMBOLS: SORTED ALPHABETICALLY BY Name 

address   name                           
-------   ----                           
00003289  ADC14_IRQHandler               
00003289  ADC14_IRQHandler               
000032b9  ADC14_clearInterruptFlag       
00001fb1  ADC14_configureConversionMemory
00002c05  ADC14_configureSingleSampleMode
0000345d  ADC14_enableConversion         
000032e9  ADC14_enableInterrupt          
000036b9  ADC14_enableModule             
000031b9  ADC14_enableSampleTimer        
000030d9  ADC14_getEnabledInterruptStatus
000033d9  ADC14_getInterruptStatus       
00003485  ADC14_getResult                
00002d65  ADC14_initModule               
00003319  ADC14_setSampleHoldTime        
00003405  ADC14_toggleConversionTrigger  
00000b33  AES256_IRQHandler              
00000b33  BusFault_Handler               
00003711  C$$EXIT                        
0000313f  C$$IO$$                        
200009e4  CAL_ADC_25T30                  
200009e8  CAL_ADC_25T85                  
00000b33  COMP_E0_IRQHandler             
00000b33  COMP_E1_IRQHandler             
000036c5  CPU_cpsie                      
00000b33  CS_IRQHandler                  
00003349  CS_clearInterruptFlag          
00001cf9  CS_getDCOFrequency             
000034ad  CS_getMCLK                     
00000b33  DMA_ERR_IRQHandler             
00000b33  DMA_INT0_IRQHandler            
00000b33  DMA_INT1_IRQHandler            
00000b33  DMA_INT2_IRQHandler            
00000b33  DMA_INT3_IRQHandler            
00000b33  DebugMon_Handler               
00000b33  Default_Handler                
00000b33  EUSCIA0_IRQHandler             
00000b33  EUSCIA1_IRQHandler             
00000b33  EUSCIA2_IRQHandler             
00000b33  EUSCIA3_IRQHandler             
00000b33  EUSCIB0_IRQHandler             
00000b33  EUSCIB1_IRQHandler             
00000b33  EUSCIB2_IRQHandler             
00000b33  EUSCIB3_IRQHandler             
00000b33  FLCTL_IRQHandler               
00000b33  FPU_IRQHandler                 
00002f89  HOSTclose                      
00002825  HOSTlseek                      
00002ae9  HOSTopen                       
00002c5d  HOSTread                       
000027b9  HOSTrename                     
00002fcd  HOSTunlink                     
00002cb5  HOSTwrite                      
00000b33  HardFault_Handler              
00002475  Interrupt_enableInterrupt      
00003699  Interrupt_enableMaster         
00000b33  MemManage_Handler              
00000b33  NMI_Handler                    
00000b33  PCM_IRQHandler                 
00000b33  PORT1_IRQHandler               
00000b33  PORT2_IRQHandler               
00000b33  PORT3_IRQHandler               
00000b33  PORT4_IRQHandler               
00000b33  PORT5_IRQHandler               
00000b33  PORT6_IRQHandler               
00000b33  PSS_IRQHandler                 
00000b33  PendSV_Handler                 
000036d1  REF_A_enableReferenceVoltage   
000036dd  REF_A_enableTempSensor         
00003571  REF_A_setReferenceVoltage      
00000b33  RTC_C_IRQHandler               
000036e9  Reset_Handler                  
00000b33  SVC_Handler                    
00002249  SysCtl_A_getTLVInfo            
00000b33  SysTick_Handler                
000025ed  SystemInit                     
00000b33  T32_INT1_IRQHandler            
00000b33  T32_INT2_IRQHandler            
00000b33  T32_INTC_IRQHandler            
00000b33  TA0_0_IRQHandler               
00000b33  TA0_N_IRQHandler               
00000b33  TA1_0_IRQHandler               
00000b33  TA1_N_IRQHandler               
00000b33  TA2_0_IRQHandler               
00000b33  TA2_N_IRQHandler               
00000b33  TA3_0_IRQHandler               
00000b33  TA3_N_IRQHandler               
00000b33  UsageFault_Handler             
4000480c  WDTCTL_SYM                     
00000b33  WDT_A_IRQHandler               
0000354d  WDT_A_holdTimer                
200009f0  __CIOBUF_                      
20010000  __STACK_END                    
00000200  __STACK_SIZE                   
00000800  __SYSMEM_SIZE                  
00003928  __TI_CINIT_Base                
00003938  __TI_CINIT_Limit               
00003914  __TI_Handler_Table_Base        
00003920  __TI_Handler_Table_Limit       
00003011  __TI_auto_init_nobinit_nopinit 
000031ed  __TI_cleanup                   
200009c8  __TI_cleanup_ptr               
00002665  __TI_closefile                 
0000288d  __TI_decompress_lzss           
000036a9  __TI_decompress_none           
00002e5f  __TI_doflush                   
200009cc  __TI_dtors_ptr                 
200009d0  __TI_enable_exit_profile_output
200009b8  __TI_ft_end                    
ffffffff  __TI_pprof_out_hndl            
000000e5  __TI_printfi                   
ffffffff  __TI_prof_data_size            
ffffffff  __TI_prof_data_start           
00003221  __TI_readmsg                   
00000000  __TI_static_base__             
20000b10  __TI_tmpnams                   
00003111  __TI_writemsg                  
00002a87  __TI_wrt_ok                    
000035b1  __TI_zero_init_nomemset        
00002369  __aeabi_cdcmpeq                
00002369  __aeabi_cdcmple                
000023ef  __aeabi_cdrcmple               
00002f41  __aeabi_d2iz                   
00000f7f  __aeabi_dadd                   
00001561  __aeabi_ddiv                   
00001bfd  __aeabi_dmul                   
00000f75  __aeabi_dsub                   
000036f5  __aeabi_errno_addr             
00003149  __aeabi_f2d                    
000033a9  __aeabi_i2d                    
00001697  __aeabi_idiv0                  
00001697  __aeabi_ldiv0                  
00002571  __aeabi_memclr                 
00002571  __aeabi_memclr4                
00002571  __aeabi_memclr8                
00002117  __aeabi_memcpy                 
00002117  __aeabi_memcpy4                
00002117  __aeabi_memcpy8                
00002573  __aeabi_memset                 
00002573  __aeabi_memset4                
00002573  __aeabi_memset8                
200009c4  __aeabi_stderr                 
200009bc  __aeabi_stdin                  
200009c0  __aeabi_stdout                 
000021b3  __aeabi_uldivmod               
ffffffff  __binit__                      
ffffffff  __c_args__                     
UNDEFED   __mpu_init                     
2000fe00  __stack                        
00003255  _c_int00_noargs                
00003714  _ctypes_                       
200008f0  _device                        
20000800  _ftable                        
200009d4  _lock                          
0000112b  _nop                           
20000968  _stream                        
20000000  _sys_memory                    
UNDEFED   _system_post_cinit             
0000370d  _system_pre_init               
200009d8  _unlock                        
00003711  abort                          
20000bd4  adc_done                       
000017bd  aligned_alloc                  
00002ead  atoi                           
ffffffff  binit                          
00002ba9  close                          
00003605  copysign                       
00003605  copysignl                      
20000bc0  cycles                         
00002b49  delay_ms                       
200009ec  errno                          
00002ef9  exit                           
00003379  finddevice                     
000022dd  fputc                          
000018d5  fputs                          
00001df1  free                           
0000295d  frexp                          
0000295d  frexpl                         
000029c1  fseek                          
00003055  getdevice                      
00000000  interruptVectors               
000019e9  ldexp                          
000019e9  ldexpl                         
000034fd  lseek                          
00002db9  ltoa                           
0000112d  main                           
000036fd  malloc                         
000017bd  memalign                       
000035e9  memccpy                        
00003591  memchr                         
00002117  memcpy                         
00002579  memset                         
20000bb8  parmbuf                        
000028f5  printf                         
000022dd  putc                           
00003431  remove                         
000019e9  scalbn                         
000019e9  scalbnl                        
00001ed5  setvbuf                        
00003637  strchr                         
0000361f  strcmp                         
0000364d  strcpy                         
00003661  strlen                         
00003181  strncpy                        
20000bc4  t0                             
20000bc8  t1                             
20000bcc  temp_C                         
20000bd0  temp_F                         
00003431  unlink                         
00003675  wcslen                         
00003525  write                          


GLOBAL SYMBOLS: SORTED BY Symbol Address 

address   name                           
-------   ----                           
00000000  __TI_static_base__             
00000000  interruptVectors               
000000e5  __TI_printfi                   
00000200  __STACK_SIZE                   
00000800  __SYSMEM_SIZE                  
00000b33  AES256_IRQHandler              
00000b33  BusFault_Handler               
00000b33  COMP_E0_IRQHandler             
00000b33  COMP_E1_IRQHandler             
00000b33  CS_IRQHandler                  
00000b33  DMA_ERR_IRQHandler             
00000b33  DMA_INT0_IRQHandler            
00000b33  DMA_INT1_IRQHandler            
00000b33  DMA_INT2_IRQHandler            
00000b33  DMA_INT3_IRQHandler            
00000b33  DebugMon_Handler               
00000b33  Default_Handler                
00000b33  EUSCIA0_IRQHandler             
00000b33  EUSCIA1_IRQHandler             
00000b33  EUSCIA2_IRQHandler             
00000b33  EUSCIA3_IRQHandler             
00000b33  EUSCIB0_IRQHandler             
00000b33  EUSCIB1_IRQHandler             
00000b33  EUSCIB2_IRQHandler             
00000b33  EUSCIB3_IRQHandler             
00000b33  FLCTL_IRQHandler               
00000b33  FPU_IRQHandler                 
00000b33  HardFault_Handler              
00000b33  MemManage_Handler              
00000b33  NMI_Handler                    
00000b33  PCM_IRQHandler                 
00000b33  PORT1_IRQHandler               
00000b33  PORT2_IRQHandler               
00000b33  PORT3_IRQHandler               
00000b33  PORT4_IRQHandler               
00000b33  PORT5_IRQHandler               
00000b33  PORT6_IRQHandler               
00000b33  PSS_IRQHandler                 
00000b33  PendSV_Handler                 
00000b33  RTC_C_IRQHandler               
00000b33  SVC_Handler                    
00000b33  SysTick_Handler                
00000b33  T32_INT1_IRQHandler            
00000b33  T32_INT2_IRQHandler            
00000b33  T32_INTC_IRQHandler            
00000b33  TA0_0_IRQHandler               
00000b33  TA0_N_IRQHandler               
00000b33  TA1_0_IRQHandler               
00000b33  TA1_N_IRQHandler               
00000b33  TA2_0_IRQHandler               
00000b33  TA2_N_IRQHandler               
00000b33  TA3_0_IRQHandler               
00000b33  TA3_N_IRQHandler               
00000b33  UsageFault_Handler             
00000b33  WDT_A_IRQHandler               
00000f75  __aeabi_dsub                   
00000f7f  __aeabi_dadd                   
0000112b  _nop                           
0000112d  main                           
00001561  __aeabi_ddiv                   
00001697  __aeabi_idiv0                  
00001697  __aeabi_ldiv0                  
000017bd  aligned_alloc                  
000017bd  memalign                       
000018d5  fputs                          
000019e9  ldexp                          
000019e9  ldexpl                         
000019e9  scalbn                         
000019e9  scalbnl                        
00001bfd  __aeabi_dmul                   
00001cf9  CS_getDCOFrequency             
00001df1  free                           
00001ed5  setvbuf                        
00001fb1  ADC14_configureConversionMemory
00002117  __aeabi_memcpy                 
00002117  __aeabi_memcpy4                
00002117  __aeabi_memcpy8                
00002117  memcpy                         
000021b3  __aeabi_uldivmod               
00002249  SysCtl_A_getTLVInfo            
000022dd  fputc                          
000022dd  putc                           
00002369  __aeabi_cdcmpeq                
00002369  __aeabi_cdcmple                
000023ef  __aeabi_cdrcmple               
00002475  Interrupt_enableInterrupt      
00002571  __aeabi_memclr                 
00002571  __aeabi_memclr4                
00002571  __aeabi_memclr8                
00002573  __aeabi_memset                 
00002573  __aeabi_memset4                
00002573  __aeabi_memset8                
00002579  memset                         
000025ed  SystemInit                     
00002665  __TI_closefile                 
000027b9  HOSTrename                     
00002825  HOSTlseek                      
0000288d  __TI_decompress_lzss           
000028f5  printf                         
0000295d  frexp                          
0000295d  frexpl                         
000029c1  fseek                          
00002a87  __TI_wrt_ok                    
00002ae9  HOSTopen                       
00002b49  delay_ms                       
00002ba9  close                          
00002c05  ADC14_configureSingleSampleMode
00002c5d  HOSTread                       
00002cb5  HOSTwrite                      
00002d65  ADC14_initModule               
00002db9  ltoa                           
00002e5f  __TI_doflush                   
00002ead  atoi                           
00002ef9  exit                           
00002f41  __aeabi_d2iz                   
00002f89  HOSTclose                      
00002fcd  HOSTunlink                     
00003011  __TI_auto_init_nobinit_nopinit 
00003055  getdevice                      
000030d9  ADC14_getEnabledInterruptStatus
00003111  __TI_writemsg                  
0000313f  C$$IO$$                        
00003149  __aeabi_f2d                    
00003181  strncpy                        
000031b9  ADC14_enableSampleTimer        
000031ed  __TI_cleanup                   
00003221  __TI_readmsg                   
00003255  _c_int00_noargs                
00003289  ADC14_IRQHandler               
00003289  ADC14_IRQHandler               
000032b9  ADC14_clearInterruptFlag       
000032e9  ADC14_enableInterrupt          
00003319  ADC14_setSampleHoldTime        
00003349  CS_clearInterruptFlag          
00003379  finddevice                     
000033a9  __aeabi_i2d                    
000033d9  ADC14_getInterruptStatus       
00003405  ADC14_toggleConversionTrigger  
00003431  remove                         
00003431  unlink                         
0000345d  ADC14_enableConversion         
00003485  ADC14_getResult                
000034ad  CS_getMCLK                     
000034fd  lseek                          
00003525  write                          
0000354d  WDT_A_holdTimer                
00003571  REF_A_setReferenceVoltage      
00003591  memchr                         
000035b1  __TI_zero_init_nomemset        
000035e9  memccpy                        
00003605  copysign                       
00003605  copysignl                      
0000361f  strcmp                         
00003637  strchr                         
0000364d  strcpy                         
00003661  strlen                         
00003675  wcslen                         
00003699  Interrupt_enableMaster         
000036a9  __TI_decompress_none           
000036b9  ADC14_enableModule             
000036c5  CPU_cpsie                      
000036d1  REF_A_enableReferenceVoltage   
000036dd  REF_A_enableTempSensor         
000036e9  Reset_Handler                  
000036f5  __aeabi_errno_addr             
000036fd  malloc                         
0000370d  _system_pre_init               
00003711  C$$EXIT                        
00003711  abort                          
00003714  _ctypes_                       
00003914  __TI_Handler_Table_Base        
00003920  __TI_Handler_Table_Limit       
00003928  __TI_CINIT_Base                
00003938  __TI_CINIT_Limit               
20000000  _sys_memory                    
20000800  _ftable                        
200008f0  _device                        
20000968  _stream                        
200009b8  __TI_ft_end                    
200009bc  __aeabi_stdin                  
200009c0  __aeabi_stdout                 
200009c4  __aeabi_stderr                 
200009c8  __TI_cleanup_ptr               
200009cc  __TI_dtors_ptr                 
200009d0  __TI_enable_exit_profile_output
200009d4  _lock                          
200009d8  _unlock                        
200009e4  CAL_ADC_25T30                  
200009e8  CAL_ADC_25T85                  
200009ec  errno                          
200009f0  __CIOBUF_                      
20000b10  __TI_tmpnams                   
20000bb8  parmbuf                        
20000bc0  cycles                         
20000bc4  t0                             
20000bc8  t1                             
20000bcc  temp_C                         
20000bd0  temp_F                         
20000bd4  adc_done                       
2000fe00  __stack                        
20010000  __STACK_END                    
4000480c  WDTCTL_SYM                     
ffffffff  __TI_pprof_out_hndl            
ffffffff  __TI_prof_data_size            
ffffffff  __TI_prof_data_start           
ffffffff  __binit__                      
ffffffff  __c_args__                     
ffffffff  binit                          
UNDEFED   __mpu_init                     
UNDEFED   _system_post_cinit             

[210 symbols]
