******************************************************************************
                  TI ARM Linker PC v18.12.4                    
******************************************************************************
>> Linked Thu Apr 23 16:10:43 2020

OUTPUT FILE NAME:   <Lab7_1_RTOS.out>
ENTRY POINT SYMBOL: "_c_int00"  address: 00003839


MEMORY CONFIGURATION

         name            origin    length      used     unused   attr    fill
----------------------  --------  ---------  --------  --------  ----  --------
  MAIN                  00000000   00040000  00007422  00038bde  R  X
  INFO                  00200000   00004000  00000000  00004000  R  X
  SRAM_CODE             01000000   00010000  0000a1b8  00005e48  RW X
  SRAM_DATA             20000000   00010000  0000a1b8  00005e48  RW  


SEGMENT ALLOCATION MAP

run origin  load origin   length   init length attrs members
----------  ----------- ---------- ----------- ----- -------
00000000    00000000    00007428   00007428    r-x
  00000000    00000000    0000003c   0000003c    r-- .resetVecs
  00000040    00000040    00005472   00005472    r-x .text
  000054b4    000054b4    00001d54   00001d54    r-- .const
  00007208    00007208    00000220   00000220    r-- .cinit
20000140    20000140    00008000   00000000    r--
  20000140    20000140    00008000   00000000    r-- .priheap
20008140    20008140    00001c78   00000000    rw-
  20008140    20008140    00001710   00000000    rw- .bss
  20009850    20009850    00000568   00000000    rw- .data
2000fc00    2000fc00    00000400   00000000    rw-
  2000fc00    2000fc00    00000400   00000000    rw- .stack


SECTION ALLOCATION MAP

 output                                  attributes/
section   page    origin      length       input sections
--------  ----  ----------  ----------   ----------------
.text      0    00000040    00005472     
                  00000040    00000430     sysbios.aem4f : BIOS.obj (.text:ti_sysbios_family_arm_m3_Hwi_excDumpRegs__I)
                  00000470    00000340     ti.targets.arm.rtsarm.aem4f : System.oem4f (.text:xdc_runtime_System_doPrint__I)
                  000007b0    000002f8     drivers_msp432p401x.aem4f : PowerMSP432.oem4f (.text:Power_sleep)
                  00000aa8    0000028a     msp432p4xx_driverlib.lib : pcm.o (.text:__PCM_setPowerStateAdvanced)
                  00000d32    00000002     ti_drivers_config.obj (.text:Board_initHook)
                  00000d34    00000288     drivers_msp432p401x.aem4f : PowerMSP432.oem4f (.text:initPerfControl)
                  00000fbc    00000004     msp432p4xx_driverlib.lib : cpu.o (.text:CPU_wfi)
                  00000fc0    00000174     sysbios.aem4f : BIOS.obj (.text:ti_sysbios_family_arm_m3_Hwi_excBusFault__I)
                  00001134    00000004     rtsv7M4_T_le_v4SPD16_eabi.lib : exit.c.obj (.text:abort:abort)
                  00001138    00000164     sysbios.aem4f : BIOS.obj (.text:ti_sysbios_family_arm_m3_Hwi_excUsageFault__I)
                  0000129c    0000015c     msp432p4xx_driverlib.lib : pcm.o (.text:__PCM_setPowerModeAdvanced)
                  000013f8    00000148     sysbios.aem4f : BIOS.obj (.text:ti_sysbios_family_arm_m3_Hwi_excMemFault__I)
                  00001540    00000138                   : BIOS.obj (.text:ti_sysbios_knl_Semaphore_pend__E)
                  00001678    00000108     msp432p4xx_driverlib.lib : pcm.o (.text:__PCM_setCoreVoltageLevelAdvanced)
                  00001780    00000108     sysbios.aem4f : BIOS.obj (.text:ti_sysbios_family_arm_m3_Hwi_excFillContext__I)
                  00001888    00000108                   : BIOS.obj (.text:ti_sysbios_family_arm_m3_Hwi_excHandlerMax__I)
                  00001990    00000106     hello_pem4f.oem4f (.text:xdc_runtime_System_printfExtend__I)
                  00001a96    00000002     dpl_msp432p401x.aem4f : PowerMSP432_tirtos.oem4f (.text:PowerMSP432_initPolicy)
                  00001a98    000000fc     ti.targets.arm.rtsarm.aem4f : Startup.oem4f (.text:xdc_runtime_Startup_startMods__I)
                  00001b94    000000f0     sysbios.aem4f : m3_Hwi_asm.obj (.text:ti_sysbios_family_arm_m3_Hwi_dispatch__I)
                  00001c84    000000e8     ti.targets.arm.rtsarm.aem4f : Core-mem.oem4f (.text:xdc_runtime_Core_createObject__I)
                  00001d6c    000000e8                                 : Error.oem4f (.text:xdc_runtime_Error_policyDefault__E)
                  00001e54    000000e4     msp432p4xx_driverlib.lib : cs.o (.text:CS_startHFXTWithTimeout)
                  00001f38    000000e0                              : cs.o (.text:CS_startLFXTWithTimeout)
                  00002018    000000dc                              : cs.o (.text:_CSGetHFXTFrequency)
                  000020f4    000000cc     ti.targets.arm.rtsarm.aem4f : Core-smem.oem4f (.text:xdc_runtime_Core_constructObject__I)
                  000021c0    000000c8     sysbios.aem4f : BIOS.obj (.text:ti_sysbios_family_arm_msp432_init_Boot_setupCS)
                  00002288    000000c8                   : BIOS.obj (.text:ti_sysbios_knl_Task_sleep__E)
                  00002350    000000c4                   : BIOS.obj (.text:ti_sysbios_knl_Task_Instance_init__E)
                  00002414    00000004     hello_pem4f.oem4f (.text:ti_sysbios_BIOS_RtsGateProxy_enter__E)
                  00002418    000000bc     sysbios.aem4f : BIOS.obj (.text:ti_sysbios_family_arm_m3_Hwi_excDebugMon__I)
                  000024d4    00000004     hello_pem4f.oem4f (.text:ti_sysbios_BIOS_RtsGateProxy_leave__E)
                  000024d8    000000bc     sysbios.aem4f : BIOS.obj (.text:ti_sysbios_family_arm_m3_Hwi_excHardFault__I)
                  00002594    00000004     hello_pem4f.oem4f (.text:ti_sysbios_family_arm_m3_TaskSupport_Module__startupDone__S)
                  00002598    000000bc     sysbios.aem4f : BIOS.obj (.text:ti_sysbios_knl_Task_Instance_finalize__E)
                  00002654    00000004     hello_pem4f.oem4f (.text:ti_sysbios_heaps_HeapMem_Module_GateProxy_enter__E)
                  00002658    000000b4     sysbios.aem4f : BIOS.obj (.text:ti_sysbios_knl_Task_checkStacks__E)
                  0000270c    00000004     hello_pem4f.oem4f (.text:ti_sysbios_heaps_HeapMem_Module_GateProxy_leave__E)
                  00002710    000000ac     sysbios.aem4f : BIOS.obj (.text:ti_sysbios_family_arm_m3_Hwi_Instance_init__E)
                  000027bc    00000004     hello_pem4f.oem4f (.text:ti_sysbios_knl_Clock_TimerProxy_getMaxTicks__E)
                  000027c0    000000a8     sysbios.aem4f : BIOS.obj (.text:ti_sysbios_family_arm_msp432_Timer_periodicStub__E)
                  00002868    000000a2     ti.targets.arm.rtsarm.aem4f : Text.oem4f (.text:xdc_runtime_Text_putSite__E)
                  0000290a    00000002     rtsv7M4_T_le_v4SPD16_eabi.lib : _lock.c.obj (.text:_nop)
                  0000290c    000000a0     auto_init.aem4f : auto_init.oem4f (.text)
                  000029ac    0000009c     drivers_msp432p401x.aem4f : PowerMSP432.oem4f (.text:Power_init)
                  00002a48    0000009c     rtsv7M4_T_le_v4SPD16_eabi.lib : memcpy_t2.asm.obj (.text)
                  00002ae4    00000004     ti.targets.arm.rtsarm.aem4f : Error.oem4f (.text:xdc_runtime_Error_getSite__E)
                  00002ae8    00000094     sysbios.aem4f : BIOS.obj (.text:ti_sysbios_family_arm_m3_Hwi_initNVIC__E)
                  00002b7c    0000008c                   : m3_TaskSupport_asm.obj (.text:ti_sysbios_family_arm_m3_TaskSupport_buildTaskStack)
                  00002c08    0000008c                   : BIOS.obj (.text:ti_sysbios_knl_Task_postInit__I)
                  00002c94    00000084     msp432p4xx_driverlib.lib : pcm.o (.text:PCM_gotoLPM3)
                  00002d18    00000084     drivers_msp432p401x.aem4f : PowerMSP432.oem4f (.text:restartHFXT)
                  00002d9c    00000004     hello_pem4f.oem4f (.text:xdc_runtime_System_Module_GateProxy_enter__E)
                  00002da0    00000084     sysbios.aem4f : BIOS.obj (.text:ti_sysbios_family_arm_m3_Hwi_postInit__I)
                  00002e24    00000004     hello_pem4f.oem4f (.text:xdc_runtime_System_Module_GateProxy_leave__E)
                  00002e28    00000084     sysbios.aem4f : BIOS.obj (.text:ti_sysbios_heaps_HeapMem_free__E)
                  00002eac    00000004     ti.targets.arm.rtsarm.aem4f : System.oem4f (.text:xdc_runtime_System_aprintf_va__F)
                  00002eb0    00000080     sysbios.aem4f : BIOS.obj (.text:ti_sysbios_knl_Clock_workFunc__E)
                  00002f30    0000007a     rtsv7M4_T_le_v4SPD16_eabi.lib : memset_t2.asm.obj (.text)
                  00002faa    00000006     ti.targets.arm.rtsarm.aem4f : System.oem4f (.text:xdc_runtime_System_Module_startup__E)
                  00002fb0    0000007a     sysbios.aem4f : BIOS.obj (.text:ti_sysbios_heaps_HeapMem_allocUnprotected__E)
                  0000302a    00000004     ti.targets.arm.rtsarm.aem4f : System.oem4f (.text:xdc_runtime_System_printf_va__F)
                  0000302e    00000002     rtsv7M4_T_le_v4SPD16_eabi.lib : div0.asm.obj (.text)
                  00003030    00000078     sysbios.aem4f : BIOS.obj (.text:ti_sysbios_heaps_HeapMem_initPrimary__I)
                  000030a8    00000074     ti.targets.arm.rtsarm.aem4f : Error.oem4f (.text:xdc_runtime_Error_print__E)
                  0000311c    00000074                                 : Text.oem4f (.text:xdc_runtime_Text_putMod__E)
                  00003190    00000070     sysbios.aem4f : BIOS.obj (.text:ti_sysbios_knl_Task_exit__E)
                  00003200    00000070     ti.targets.arm.rtsarm.aem4f : Memory.oem4f (.text:xdc_runtime_Memory_alloc__E)
                  00003270    0000006d                                 : System.oem4f (.text:xdc_runtime_System_formatNum__I)
                  000032dd    00000001     --HOLE-- [fill = 0]
                  000032de    00000002     hello_pem4f.oem4f (.text:ti_sysbios_BIOS_nullFunc__I)
                  000032e0    0000006c     sysbios.aem4f : BIOS.obj (.text:ti_sysbios_knl_Swi_restoreHwi__E)
                  0000334c    00000068     rtsv7M4_T_le_v4SPD16_eabi.lib : copy_decompress_lzss.c.obj (.text:decompress:lzss:__TI_decompress_lzss)
                  000033b4    00000066     ti.targets.arm.rtsarm.aem4f : Core-mem.oem4f (.text:xdc_runtime_Core_deleteObject__I)
                  0000341a    00000006     --HOLE-- [fill = 0]
                  00003420    00000064     sysbios.aem4f : BIOS.obj (.text:ti_sysbios_family_arm_m3_Hwi_dispatchC__I)
                  00003484    00000004     --HOLE-- [fill = 0]
                  00003488    00000060                   : BIOS.obj (.text:ti_sysbios_knl_Semaphore_post__E)
                  000034e8    00000060                   : BIOS.obj (.text:ti_sysbios_knl_Task_schedule__I)
                  00003548    0000005f     ti.targets.arm.rtsarm.aem4f : Text.oem4f (.text:xdc_runtime_Text_putLab__E)
                  000035a7    00000001     --HOLE-- [fill = 0]
                  000035a8    0000005e     msp432p4xx_driverlib.lib : pcm.o (.text:PCM_getCoreVoltageLevel)
                  00003606    00000002     --HOLE-- [fill = 0]
                  00003608    0000005c     sysbios.aem4f : BIOS.obj (.text:ti_sysbios_knl_Swi_run__I)
                  00003664    00000004     --HOLE-- [fill = 0]
                  00003668    0000005c                   : BIOS.obj (.text:ti_sysbios_knl_Swi_schedule__I)
                  000036c4    00000004     --HOLE-- [fill = 0]
                  000036c8    0000005c                   : BIOS.obj (.text:ti_sysbios_knl_Task_Module_startup__E)
                  00003724    00000004     --HOLE-- [fill = 0]
                  00003728    0000005c                   : BIOS.obj (.text:ti_sysbios_knl_Task_startCore__E)
                  00003784    0000005a     msp432p4xx_driverlib.lib : pcm.o (.text:PCM_getPowerMode)
                  000037de    00000002     --HOLE-- [fill = 0]
                  000037e0    00000058     rtsv7M4_T_le_v4SPD16_eabi.lib : hostwrite.c.obj (.text:HOSTwrite)
                  00003838    00000058     boot.aem4f : boot.oem4f (.text)
                  00003890    00000058     hello.obj (.text:main)
                  000038e8    00000058     sysbios.aem4f : m3_Hwi_asm_switch.obj (.text:ti_sysbios_family_arm_m3_Hwi_initStacks__E)
                  00003940    00000058                   : BIOS.obj (.text:ti_sysbios_heaps_HeapMem_alloc__E)
                  00003998    00000054     msp432p4xx_driverlib.lib : pcm.o (.text:PCM_shutdownDevice)
                  000039ec    00000054     hello_pem4f.oem4f (.text:ti_sysbios_family_arm_m3_Hwi_create)
                  00003a40    00000054     sysbios.aem4f : BIOS.obj (.text:ti_sysbios_family_arm_msp432_Timer_initDevice__I)
                  00003a94    00000004     --HOLE-- [fill = 0]
                  00003a98    00000050                   : BIOS.obj (.text:ti_sysbios_family_arm_m3_Hwi_Module_startup__E)
                  00003ae8    00000050     ti.targets.arm.rtsarm.aem4f : Startup.oem4f (.text:xdc_runtime_Startup_exec__E)
                  00003b38    00000050                                 : Text.oem4f (.text:xdc_runtime_Text_visitRope2__I)
                  00003b88    0000004c     dpl_msp432p401x.aem4f : PowerMSP432_tirtos.oem4f (.text:PowerMSP432_sleepPolicy)
                  00003bd4    0000004c     rtsv7M4_T_le_v4SPD16_eabi.lib : cpy_tbl.c.obj (.text:copy_in)
                  00003c20    0000004c     sysbios.aem4f : BIOS.obj (.text:ti_sysbios_family_arm_msp432_Timer_start__E)
                  00003c6c    00000004     --HOLE-- [fill = 0]
                  00003c70    0000004c                   : BIOS.obj (.text:ti_sysbios_heaps_HeapMem_getStats__E)
                  00003cbc    00000004     --HOLE-- [fill = 0]
                  00003cc0    0000004c                   : BIOS.obj (.text:ti_sysbios_knl_Swi_runLoop__I)
                  00003d0c    00000004     --HOLE-- [fill = 0]
                  00003d10    0000004c                   : BIOS.obj (.text:ti_sysbios_knl_Task_allBlockedFunction__I)
                  00003d5c    0000004c     hello_pem4f.oem4f (.text:ti_sysbios_knl_Task_construct)
                  00003da8    0000004c     ti.targets.arm.rtsarm.aem4f : Assert.oem4f (.text:xdc_runtime_Assert_raise__I)
                  00003df4    00000004     --HOLE-- [fill = 0]
                  00003df8    00000048     sysbios.aem4f : BIOS.obj (.text:ti_sysbios_family_arm_m3_Hwi_disableInterrupt__E)
                  00003e40    00000048                   : BIOS.obj (.text:ti_sysbios_family_arm_m3_Hwi_enableInterrupt__E)
                  00003e88    00000048                   : BIOS.obj (.text:ti_sysbios_family_arm_m3_Hwi_excReserved__I)
                  00003ed0    00000048     ti.targets.arm.rtsarm.aem4f : Core-params.oem4f (.text:xdc_runtime_Core_assignParams__I)
                  00003f18    00000044     sysbios.aem4f : BIOS.obj (.text:ti_sysbios_family_arm_m3_Hwi_getStackInfo__E)
                  00003f5c    00000004     --HOLE-- [fill = 0]
                  00003f60    00000044                   : BIOS.obj (.text:ti_sysbios_knl_Swi_post__E)
                  00003fa4    00000044     ti.targets.arm.rtsarm.aem4f : Error.oem4f (.text:xdc_runtime_Error_setX__E)
                  00003fe8    00000044                                 : SysMin.oem4f (.text:xdc_runtime_SysMin_flush__E)
                  0000402c    00000044                                 : Text.oem4f (.text:xdc_runtime_Text_xprintf__I)
                  00004070    00000040     dpl_msp432p401x.aem4f : HwiP_tirtos.oem4f (.text:HwiP_create)
                  000040b0    00000040     rtsv7M4_T_le_v4SPD16_eabi.lib : u_divt2.asm.obj (.text)
                  000040f0    00000040     sysbios.aem4f : BIOS.obj (.text:ti_sysbios_family_arm_msp432_Timer_Module_startup__E)
                  00004130    00000040                   : BIOS.obj (.text:ti_sysbios_family_arm_msp432_Timer_startup__E)
                  00004170    00000040                   : BIOS.obj (.text:ti_sysbios_heaps_HeapMem_Instance_init__E)
                  000041b0    0000003c                   : BIOS.obj (.text:ti_sysbios_family_arm_m3_Hwi_Instance_finalize__E)
                  000041ec    00000004     --HOLE-- [fill = 0]
                  000041f0    0000003c                   : BIOS.obj (.text:ti_sysbios_family_arm_m3_Hwi_excSvCall__I)
                  0000422c    00000004     --HOLE-- [fill = 0]
                  00004230    0000003c                   : BIOS.obj (.text:ti_sysbios_knl_Swi_restore__E)
                  0000426c    00000038     rtsv7M4_T_le_v4SPD16_eabi.lib : trgmsg.c.obj (.text:__TI_writemsg)
                  000042a4    00000038     drivers_msp432p401x.aem4f : PowerMSP432.oem4f (.text:notify)
                  000042dc    00000004     --HOLE-- [fill = 0]
                  000042e0    00000038     sysbios.aem4f : BIOS.obj (.text:ti_sysbios_family_arm_m3_Hwi_excNoIsr__I)
                  00004318    00000038     ti.targets.arm.rtsarm.aem4f : System.oem4f (.text:xdc_runtime_System_atexit__E)
                  00004350    00000034     rtsv7M4_T_le_v4SPD16_eabi.lib : trgmsg.c.obj (.text:__TI_readmsg)
                  00004384    00000004     --HOLE-- [fill = 0]
                  00004388    00000034     sysbios.aem4f : BIOS.obj (.text:ti_sysbios_family_arm_m3_Hwi_excNmi__I)
                  000043bc    00000004     --HOLE-- [fill = 0]
                  000043c0    00000034                   : BIOS.obj (.text:ti_sysbios_family_arm_msp432_init_Boot_configureClocksHigh)
                  000043f4    00000004     --HOLE-- [fill = 0]
                  000043f8    00000034                   : BIOS.obj (.text:ti_sysbios_hal_Hwi_checkStack)
                  0000442c    00000034     ti.targets.arm.rtsarm.aem4f : SysMin.oem4f (.text:xdc_runtime_SysMin_abort__E)
                  00004460    00000034                                 : SysMin.oem4f (.text:xdc_runtime_SysMin_putch__E)
                  00004494    00000004     --HOLE-- [fill = 0]
                  00004498    00000032     sysbios.aem4f : BIOS.obj (.text:ti_sysbios_hal_Hwi_initStack)
                  000044ca    00000002     --HOLE-- [fill = 0]
                  000044cc    00000030     hello.obj (.text:task1)
                  000044fc    00000030     hello.obj (.text:task2)
                  0000452c    00000030     hello_pem4f.oem4f (.text:ti_sysbios_BIOS_atExitFunc__I)
                  0000455c    00000030     hello_pem4f.oem4f (.text:ti_sysbios_BIOS_startFunc__I)
                  0000458c    00000004     --HOLE-- [fill = 0]
                  00004590    00000030     sysbios.aem4f : BIOS.obj (.text:ti_sysbios_family_arm_m3_TaskSupport_start__E)
                  000045c0    00000030                   : BIOS.obj (.text:ti_sysbios_family_arm_msp432_Timer_setPeriod__E)
                  000045f0    00000030     hello_pem4f.oem4f (.text:ti_sysbios_gates_GateHwi_Object__create__S)
                  00004620    00000030     hello_pem4f.oem4f (.text:ti_sysbios_gates_GateMutex_Object__create__S)
                  00004650    00000030     sysbios.aem4f : BIOS.obj (.text:ti_sysbios_gates_GateMutex_enter__E)
                  00004680    00000030     hello_pem4f.oem4f (.text:ti_sysbios_heaps_HeapMem_Object__create__S)
                  000046b0    00000030     hello_pem4f.oem4f (.text:ti_sysbios_knl_Semaphore_construct)
                  000046e0    00000030     sysbios.aem4f : BIOS.obj (.text:ti_sysbios_knl_Semaphore_pendTimeout__I)
                  00004710    00000030                   : BIOS.obj (.text:ti_sysbios_knl_Task_processVitalTaskFlag__I)
                  00004740    00000030                   : BIOS.obj (.text:ti_sysbios_knl_Task_restore__E)
                  00004770    00000030                   : BIOS.obj (.text:ti_sysbios_knl_Task_unblockI__E)
                  000047a0    00000030     hello_pem4f.oem4f (.text:xdc_runtime_Error_policyLog__I)
                  000047d0    00000030     ti.targets.arm.rtsarm.aem4f : System.oem4f (.text:xdc_runtime_System_processAtExit__E)
                  00004800    0000002f                                 : Text.oem4f (.text:xdc_runtime_Text_printVisFxn__I)
                  0000482f    00000001     --HOLE-- [fill = 0]
                  00004830    0000002c     dpl_msp432p401x.aem4f : PowerMSP432_tirtos.oem4f (.text:PowerMSP432_updateFreqs)
                  0000485c    0000002c     msp432p4xx_driverlib.lib : rtc_c.o (.text:RTC_C_holdClock)
                  00004888    0000002c     hello_pem4f.oem4f (.text:ti_sysbios_family_arm_m3_Hwi_Handle__label__S)
                  000048b4    0000002c     hello_pem4f.oem4f (.text:ti_sysbios_gates_GateHwi_Handle__label__S)
                  000048e0    0000002c     hello_pem4f.oem4f (.text:ti_sysbios_gates_GateMutex_Handle__label__S)
                  0000490c    0000002c     hello_pem4f.oem4f (.text:ti_sysbios_heaps_HeapMem_Handle__label__S)
                  00004938    0000002c     hello_pem4f.oem4f (.text:ti_sysbios_knl_Clock_doTick__I)
                  00004964    0000002c     hello_pem4f.oem4f (.text:ti_sysbios_knl_Queue_construct)
                  00004990    0000002c     hello_pem4f.oem4f (.text:ti_sysbios_knl_Swi_Handle__label__S)
                  000049bc    0000002c     hello_pem4f.oem4f (.text:ti_sysbios_knl_Task_Handle__label__S)
                  000049e8    0000002c     ti.targets.arm.rtsarm.aem4f : System.oem4f (.text:xdc_runtime_System_putchar__I)
                  00004a14    00000028     msp432p4xx_driverlib.lib : pcm.o (.text:PCM_gotoLPM0)
                  00004a3c    00000028     drivers_msp432p401x.aem4f : PowerMSP432.oem4f (.text:disableFaultCounter)
                  00004a64    00000028                               : PowerMSP432.oem4f (.text:disableHFXT)
                  00004a8c    00000028     sysbios.aem4f : m3_Hwi_asm.obj (.text:ti_sysbios_family_arm_m3_Hwi_excHandlerAsm__I)
                  00004ab4    00000004     --HOLE-- [fill = 0]
                  00004ab8    00000028                   : BIOS.obj (.text:ti_sysbios_knl_Clock_addI__E)
                  00004ae0    00000028                   : BIOS.obj (.text:ti_sysbios_knl_Swi_Module_startup__E)
                  00004b08    00000028     ti.targets.arm.rtsarm.aem4f : System.oem4f (.text:xdc_runtime_System_avprintf__E)
                  00004b30    00000026     sysbios.aem4f : m3_Hwi_asm.obj (.text:ti_sysbios_family_arm_m3_Hwi_pendSV__I)
                  00004b56    00000026     ti.targets.arm.rtsarm.aem4f : System.oem4f (.text:xdc_runtime_System_vprintf__E)
                  00004b7c    00000024     msp432p4xx_driverlib.lib : wdt_a.o (.text:WDT_A_holdTimer)
                  00004ba0    00000024     hello_pem4f.oem4f (.text:ti_sysbios_BIOS_errorRaiseHook__I)
                  00004bc4    00000024     hello_pem4f.oem4f (.text:ti_sysbios_BIOS_registerRTSLock__I)
                  00004be8    00000024     hello_pem4f.oem4f (.text:ti_sysbios_BIOS_removeRTSLock__I)
                  00004c0c    00000004     --HOLE-- [fill = 0]
                  00004c10    00000024     sysbios.aem4f : BIOS.obj (.text:ti_sysbios_family_arm_msp432_ClockFreqs_setFrequency__E)
                  00004c34    00000004     --HOLE-- [fill = 0]
                  00004c38    00000024                   : BIOS.obj (.text:ti_sysbios_family_arm_msp432_Timer_postInit__I)
                  00004c5c    00000024     hello_pem4f.oem4f (.text:ti_sysbios_gates_GateMutex_Object__delete__S)
                  00004c80    00000024     sysbios.aem4f : BIOS.obj (.text:ti_sysbios_knl_Clock_Module_startup__E)
                  00004ca4    00000004     --HOLE-- [fill = 0]
                  00004ca8    00000024                   : BIOS.obj (.text:ti_sysbios_knl_Semaphore_Instance_init__E)
                  00004ccc    00000004     --HOLE-- [fill = 0]
                  00004cd0    00000024                   : BIOS.obj (.text:ti_sysbios_knl_Task_restoreHwi__E)
                  00004cf4    00000022     hello_pem4f.oem4f (.text:xdc_runtime_SysMin_output__I)
                  00004d16    00000002     --HOLE-- [fill = 0]
                  00004d18    00000020     msp432p4xx_driverlib.lib : cs.o (.text:CS_setExternalClockSourceFrequency)
                  00004d38    00000020     hello_pem4f.oem4f (.text:ti_sysbios_BIOS_rtsLock__I)
                  00004d58    00000020     hello_pem4f.oem4f (.text:ti_sysbios_gates_GateHwi_Object__delete__S)
                  00004d78    00000020     hello_pem4f.oem4f (.text:ti_sysbios_heaps_HeapMem_Object__delete__S)
                  00004d98    00000020     sysbios.aem4f : BIOS.obj (.text:ti_sysbios_knl_Idle_run__E)
                  00004db8    00000020     hello_pem4f.oem4f (.text:ti_sysbios_knl_Semaphore_destruct)
                  00004dd8    00000020     ti.targets.arm.rtsarm.aem4f : SysMin.oem4f (.text:xdc_runtime_SysMin_Module_startup__E)
                  00004df8    0000001e     sysbios.aem4f : m3_Hwi_asm_switch.obj (.text:ti_sysbios_family_xxx_Hwi_switchAndRunFunc)
                  00004e16    00000002     --HOLE-- [fill = 0]
                  00004e18    0000001c                   : BIOS.obj (.text:ti_sysbios_family_arm_m3_Hwi_excHandler__I)
                  00004e34    00000004     --HOLE-- [fill = 0]
                  00004e38    0000001c                   : BIOS.obj (.text:ti_sysbios_gates_GateMutex_Instance_init__E)
                  00004e54    0000001c     hello_pem4f.oem4f (.text:ti_sysbios_knl_Queue_destruct)
                  00004e70    0000001c     sysbios.aem4f : BIOS.obj (.text:ti_sysbios_knl_Queue_put__E)
                  00004e8c    00000004     --HOLE-- [fill = 0]
                  00004e90    0000001c                   : BIOS.obj (.text:ti_sysbios_knl_Task_enter__I)
                  00004eac    0000001c     ti.targets.arm.rtsarm.aem4f : Error.oem4f (.text:xdc_runtime_Error_check__E)
                  00004ec8    0000001c                                 : Error.oem4f (.text:xdc_runtime_Error_raiseX__E)
                  00004ee4    0000001c                                 : Memory.oem4f (.text:xdc_runtime_Memory_valloc__E)
                  00004f00    0000001c                                 : Registry.oem4f (.text:xdc_runtime_Registry_findById__E)
                  00004f1c    0000001c                                 : SysMin.oem4f (.text:xdc_runtime_SysMin_exit__E)
                  00004f38    0000001c                                 : System.oem4f (.text:xdc_runtime_System_abort__E)
                  00004f54    0000001c                                 : Text.oem4f (.text:xdc_runtime_Text_ropeText__E)
                  00004f70    0000001a     hello_pem4f.oem4f (.text:xdc_runtime_System_aprintf__E)
                  00004f8a    0000001a     hello_pem4f.oem4f (.text:xdc_runtime_System_printf__E)
                  00004fa4    00000018     hello_pem4f.oem4f (.text:.bootCodeSection:ti_sysbios_family_arm_msp432_init_Boot_init__I)
                  00004fbc    00000018     msp432p4xx_driverlib.lib : sysctl_a.o (.text:SysCtl_A_disableNMISource)
                  00004fd4    00000018                              : sysctl_a.o (.text:SysCtl_A_enableNMISource)
                  00004fec    00000018     rtsv7M4_T_le_v4SPD16_eabi.lib : args_main.c.obj (.text:_args_main)
                  00005004    00000018     hello_pem4f.oem4f (.text:ti_sysbios_BIOS_rtsUnlock__I)
                  0000501c    00000018     hello_pem4f.oem4f (.text:ti_sysbios_family_arm_m3_Hwi_Module__startupDone__F)
                  00005034    00000018     sysbios.aem4f : m3_TaskSupport_asm.obj (.text:ti_sysbios_family_arm_m3_TaskSupport_swap__E)
                  0000504c    00000018     hello_pem4f.oem4f (.text:ti_sysbios_family_arm_msp432_Timer_Module__startupDone__F)
                  00005064    00000004     --HOLE-- [fill = 0]
                  00005068    00000018     sysbios.aem4f : BIOS.obj (.text:ti_sysbios_gates_GateMutex_leave__E)
                  00005080    00000018                   : BIOS.obj (.text:ti_sysbios_knl_Task_sleepTimeout__I)
                  00005098    00000018     ti.targets.arm.rtsarm.aem4f : Error.oem4f (.text:xdc_runtime_Error_init__E)
                  000050b0    00000018                                 : System.oem4f (.text:xdc_runtime_System_exit__E)
                  000050c8    00000016     hello_pem4f.oem4f (.text:ti_sysbios_BIOS_exitFunc__I)
                  000050de    00000016     hello.obj (.text:ti_sysbios_knl_Task_Params_init)
                  000050f4    00000004     --HOLE-- [fill = 0]
                  000050f8    00000016     sysbios.aem4f : BIOS.obj (.text:ti_sysbios_knl_Task_unblock__E)
                  0000510e    00000002     --HOLE-- [fill = 0]
                  00005110    00000014     msp432p4xx_driverlib.lib : pcm.o (.text:PCM_getPowerState)
                  00005124    00000014     drivers_msp432p401x.aem4f : PowerMSP432.oem4f (.text:Power_idleFunc)
                  00005138    00000014     rtsv7M4_T_le_v4SPD16_eabi.lib : strlen.c.obj (.text:strlen)
                  0000514c    00000014     hello_pem4f.oem4f (.text:ti_sysbios_family_arm_m3_Hwi_Object__get__S)
                  00005160    00000014     sysbios.aem4f : BIOS.obj (.text:ti_sysbios_family_arm_m3_Hwi_switchFromBootStack__E)
                  00005174    00000014     hello_pem4f.oem4f (.text:ti_sysbios_heaps_HeapMem_Object__get__S)
                  00005188    00000014     hello_pem4f.oem4f (.text:ti_sysbios_knl_Swi_Object__get__S)
                  0000519c    00000004     --HOLE-- [fill = 0]
                  000051a0    00000012     sysbios.aem4f : BIOS.obj (.text:ti_sysbios_hal_Hwi_Module_startup__E)
                  000051b2    00000012     hello_pem4f.oem4f (.text:xdc_runtime_Startup_exec__I)
                  000051c4    00000010     dpl_msp432p401x.aem4f : HwiP_tirtos.oem4f (.text:HwiP_Params_init)
                  000051d4    00000010     msp432p4xx_driverlib.lib : pcm.o (.text:PCM_gotoLPM4)
                  000051e4    00000010                              : pcm.o (.text:PCM_setPowerMode)
                  000051f4    00000010                              : pcm.o (.text:PCM_setPowerState)
                  00005204    00000010                              : sysctl_a.o (.text:SysCtl_A_getNMISourceStatus)
                  00005214    00000010                              : sysctl.o (.text:SysCtl_getNMISourceStatus)
                  00005224    00000004     --HOLE-- [fill = 0]
                  00005228    00000010     sysbios.aem4f : BIOS.obj (.text:ti_sysbios_BIOS_exit__E)
                  00005238    00000010                   : BIOS.obj (.text:ti_sysbios_BIOS_setCpuFreq__E)
                  00005248    00000010                   : BIOS.obj (.text:ti_sysbios_BIOS_setThreadType__E)
                  00005258    00000010                   : BIOS.obj (.text:ti_sysbios_BIOS_start__E)
                  00005268    00000010                   : m3_TaskSupport_asm.obj (.text:ti_sysbios_family_arm_m3_TaskSupport_glue)
                  00005278    00000010                   : BIOS.obj (.text:ti_sysbios_family_arm_msp432_init_Boot_disableWatchdog)
                  00005288    00000010                   : BIOS.obj (.text:ti_sysbios_gates_GateMutex_Instance_finalize__E)
                  00005298    00000010                   : BIOS.obj (.text:ti_sysbios_knl_Semaphore_Instance_finalize__E)
                  000052a8    00000010                   : BIOS.obj (.text:ti_sysbios_knl_Swi_disable__E)
                  000052b8    00000010     hello_pem4f.oem4f (.text:ti_sysbios_knl_Task_Object__get__S)
                  000052c8    00000010     sysbios.aem4f : BIOS.obj (.text:ti_sysbios_knl_Task_disable__E)
                  000052d8    00000010     ti.targets.arm.rtsarm.aem4f : Gate.oem4f (.text:xdc_runtime_Gate_leaveSystem__E)
                  000052e8    00000010                                 : Memory.oem4f (.text:xdc_runtime_Memory_free__E)
                  000052f8    00000010                                 : SysMin.oem4f (.text:xdc_runtime_SysMin_ready__E)
                  00005308    00000010                                 : System.oem4f (.text:xdc_runtime_System_vsnprintf__E)
                  00005318    00000010     hello_pem4f.oem4f (.text:xdc_runtime_Text_visitRope__I)
                  00005328    0000000e     rtsv7M4_T_le_v4SPD16_eabi.lib : copy_decompress_none.c.obj (.text:decompress:none:__TI_decompress_none)
                  00005336    00000002     --HOLE-- [fill = 0]
                  00005338    0000000e     sysbios.aem4f : BIOS.obj (.text:ti_sysbios_knl_Idle_loop__E)
                  00005346    00000002     --HOLE-- [fill = 0]
                  00005348    0000000e                   : BIOS.obj (.text:ti_sysbios_knl_Queue_empty__E)
                  00005356    0000000c     ti_drivers_config.obj (.text:Board_init)
                  00005362    0000000c     msp432p4xx_driverlib.lib : cpu.o (.text:CPU_cpsid)
                  0000536e    0000000c                              : cpu.o (.text:CPU_cpsie)
                  0000537a    00000002     --HOLE-- [fill = 0]
                  0000537c    0000000c     drivers_msp432p401x.aem4f : PowerMSP432.oem4f (.text:Power_getConstraintMask)
                  00005388    0000000c     rtsv7M4_T_le_v4SPD16_eabi.lib : _lock.c.obj (.text:_register_lock)
                  00005394    0000000c                                   : _lock.c.obj (.text:_register_unlock)
                  000053a0    0000000c                                   : copy_zero_init.c.obj (.text:decompress:ZI:__TI_zero_init)
                  000053ac    0000000c     hello_pem4f.oem4f (.text:ti_sysbios_family_arm_m3_Hwi_Params__init__S)
                  000053b8    0000000c     sysbios.aem4f : BIOS.obj (.text:ti_sysbios_family_arm_m3_TaskSupport_checkStack__E)
                  000053c4    00000004     --HOLE-- [fill = 0]
                  000053c8    0000000c                   : BIOS.obj (.text:ti_sysbios_family_arm_m3_TaskSupport_getStackAlignment__E)
                  000053d4    00000004     --HOLE-- [fill = 0]
                  000053d8    0000000c                   : BIOS.obj (.text:ti_sysbios_family_arm_msp432_Timer_getMaxTicks__E)
                  000053e4    00000004     --HOLE-- [fill = 0]
                  000053e8    0000000c                   : BIOS.obj (.text:ti_sysbios_gates_GateHwi_enter__E)
                  000053f4    0000000c     hello_pem4f.oem4f (.text:ti_sysbios_knl_Queue_Object__get__S)
                  00005400    0000000c     hello_pem4f.oem4f (.text:ti_sysbios_knl_Task_Params__init__S)
                  0000540c    0000000c     ti.targets.arm.rtsarm.aem4f : Gate.oem4f (.text:xdc_runtime_Gate_enterSystem__E)
                  00005418    0000000c                                 : Memory.oem4f (.text:xdc_runtime_Memory_calloc__E)
                  00005424    0000000c                                 : Memory.oem4f (.text:xdc_runtime_Memory_getMaxDefaultTypeAlign__E)
                  00005430    0000000c                                 : Startup.oem4f (.text:xdc_runtime_Startup_rtsDone__E)
                  0000543c    0000000a     hello_pem4f.oem4f (.text:xdc_runtime_IHeap_alloc)
                  00005446    0000000a     hello_pem4f.oem4f (.text:xdc_runtime_IHeap_free)
                  00005450    00000008     sysbios.aem4f : BIOS.obj (.text:ti_sysbios_family_arm_m3_Hwi_doSwiRestore__I)
                  00005458    00000008                   : BIOS.obj (.text:ti_sysbios_family_arm_m3_Hwi_startup__E)
                  00005460    00000006                   : BIOS.obj (.text:ti_sysbios_family_arm_m3_Hwi_doTaskRestore__I)
                  00005466    00000002     --HOLE-- [fill = 0]
                  00005468    00000006                   : BIOS.obj (.text:ti_sysbios_gates_GateHwi_leave__E)
                  0000546e    00000002     --HOLE-- [fill = 0]
                  00005470    00000006                   : BIOS.obj (.text:ti_sysbios_heaps_HeapMem_isBlocking__E)
                  00005476    00000002     --HOLE-- [fill = 0]
                  00005478    00000006                   : BIOS.obj (.text:ti_sysbios_knl_Queue_Instance_init__E)
                  0000547e    00000002     --HOLE-- [fill = 0]
                  00005480    00000006                   : BIOS.obj (.text:ti_sysbios_knl_Swi_startup__E)
                  00005486    00000002     --HOLE-- [fill = 0]
                  00005488    00000004                   : BIOS.obj (.text:ti_sysbios_gates_GateHwi_query__E)
                  0000548c    00000004     --HOLE-- [fill = 0]
                  00005490    00000004                   : BIOS.obj (.text:ti_sysbios_gates_GateMutex_query__E)
                  00005494    00000004     --HOLE-- [fill = 0]
                  00005498    00000004                   : BIOS.obj (.text:ti_sysbios_knl_Task_startup__E)
                  0000549c    00000004     --HOLE-- [fill = 0]
                  000054a0    00000002                   : BIOS.obj (.text:ti_sysbios_BIOS_linkedWithIncorrectBootLibrary__E)
                  000054a2    00000006     --HOLE-- [fill = 0]
                  000054a8    00000002                   : BIOS.obj (.text:ti_sysbios_gates_GateHwi_Instance_init__E)
                  000054aa    00000006     --HOLE-- [fill = 0]
                  000054b0    00000002                   : BIOS.obj (.text:ti_sysbios_knl_Clock_logTick__E)

.const     0    000054b4    00001d54     
                  000054b4    00001887     hello_pem4f.oem4f (.const:xdc_runtime_Text_charTab__A)
                  00006d3b    00000001     hello_pem4f.oem4f (.const:xdc_runtime_Error_policy__C)
                  00006d3c    000000b4     hello_pem4f.oem4f (.const:xdc_runtime_Text_nodeTab__A)
                  00006df0    0000003c     hello_pem4f.oem4f (.const:ti_sysbios_knl_Task_Object__PARAMS__C)
                  00006e2c    00000038     ti_drivers_config.obj (.const:PowerMSP432_config)
                  00006e64    00000030     hello_pem4f.oem4f (.const:ti_sysbios_family_arm_m3_Hwi_Object__PARAMS__C)
                  00006e94    00000028     hello_pem4f.oem4f (.const:ti_sysbios_heaps_HeapMem_Module__FXNS__C)
                  00006ebc    00000024     hello_pem4f.oem4f (.const:ti_sysbios_gates_GateHwi_Module__FXNS__C)
                  00006ee0    00000024     hello_pem4f.oem4f (.const:ti_sysbios_gates_GateMutex_Module__FXNS__C)
                  00006f04    00000024     hello_pem4f.oem4f (.const:ti_sysbios_heaps_HeapMem_Object__PARAMS__C)
                  00006f28    00000024     hello_pem4f.oem4f (.const:ti_sysbios_knl_Semaphore_Object__PARAMS__C)
                  00006f4c    00000020     hello_pem4f.oem4f (.const:ti_sysbios_family_arm_m3_Hwi_Object__DESC__C)
                  00006f6c    00000020     hello_pem4f.oem4f (.const:ti_sysbios_gates_GateHwi_Object__DESC__C)
                  00006f8c    00000020     hello_pem4f.oem4f (.const:ti_sysbios_gates_GateMutex_Object__DESC__C)
                  00006fac    00000020     hello_pem4f.oem4f (.const:ti_sysbios_heaps_HeapMem_Object__DESC__C)
                  00006fcc    00000020     hello_pem4f.oem4f (.const:ti_sysbios_knl_Queue_Object__DESC__C)
                  00006fec    00000020     hello_pem4f.oem4f (.const:ti_sysbios_knl_Semaphore_Object__DESC__C)
                  0000700c    00000020     hello_pem4f.oem4f (.const:ti_sysbios_knl_Task_Object__DESC__C)
                  0000702c    00000020     hello_pem4f.oem4f (.const:xdc_runtime_Startup_sfxnTab__A)
                  0000704c    00000018     hello_pem4f.oem4f (.const:ti_sysbios_gates_GateHwi_Object__PARAMS__C)
                  00007064    00000018     hello_pem4f.oem4f (.const:ti_sysbios_gates_GateMutex_Object__PARAMS__C)
                  0000707c    00000018     hello_pem4f.oem4f (.const:ti_sysbios_knl_Queue_Object__PARAMS__C)
                  00007094    00000010     hello_pem4f.oem4f (.const:xdc_runtime_Startup_sfxnRts__A)
                  000070a4    0000000c     hello_pem4f.oem4f (.const:xdc_runtime_Startup_firstFxns__A)
                  000070b0    00000008     hello_pem4f.oem4f (.const:ti_sysbios_family_arm_m3_Hwi_excHookFuncs__A)
                  000070b8    00000008     hello_pem4f.oem4f (.const:ti_sysbios_knl_Idle_funcList__A)
                  000070c0    00000008     hello_pem4f.oem4f (.const:ti_sysbios_knl_Idle_funcList__C)
                  000070c8    00000008     hello_pem4f.oem4f (.const:xdc_runtime_Startup_firstFxns__C)
                  000070d0    00000008     hello_pem4f.oem4f (.const:xdc_runtime_Startup_lastFxns__C)
                  000070d8    00000004     hello_pem4f.oem4f (.const:ti_sysbios_family_arm_m3_Hwi_E_NMI__C)
                  000070dc    00000004     hello_pem4f.oem4f (.const:ti_sysbios_family_arm_m3_Hwi_E_alreadyDefined__C)
                  000070e0    00000004     hello_pem4f.oem4f (.const:ti_sysbios_family_arm_m3_Hwi_E_badIntNum__C)
                  000070e4    00000004     hello_pem4f.oem4f (.const:ti_sysbios_family_arm_m3_Hwi_E_busFault__C)
                  000070e8    00000004     hello_pem4f.oem4f (.const:ti_sysbios_family_arm_m3_Hwi_E_debugMon__C)
                  000070ec    00000004     hello_pem4f.oem4f (.const:ti_sysbios_family_arm_m3_Hwi_E_hardFault__C)
                  000070f0    00000004     hello_pem4f.oem4f (.const:ti_sysbios_family_arm_m3_Hwi_E_memFault__C)
                  000070f4    00000004     hello_pem4f.oem4f (.const:ti_sysbios_family_arm_m3_Hwi_E_noIsr__C)
                  000070f8    00000004     hello_pem4f.oem4f (.const:ti_sysbios_family_arm_m3_Hwi_E_reserved__C)
                  000070fc    00000004     hello_pem4f.oem4f (.const:ti_sysbios_family_arm_m3_Hwi_E_svCall__C)
                  00007100    00000004     hello_pem4f.oem4f (.const:ti_sysbios_family_arm_m3_Hwi_E_usageFault__C)
                  00007104    00000004     hello_pem4f.oem4f (.const:ti_sysbios_family_arm_m3_Hwi_NUM_INTERRUPTS__C)
                  00007108    00000004     hello_pem4f.oem4f (.const:ti_sysbios_family_arm_m3_Hwi_Object__count__C)
                  0000710c    00000004     hello_pem4f.oem4f (.const:ti_sysbios_family_arm_m3_Hwi_ccr__C)
                  00007110    00000004     hello_pem4f.oem4f (.const:ti_sysbios_family_arm_m3_Hwi_excHandlerFunc__C)
                  00007114    00000004     hello_pem4f.oem4f (.const:ti_sysbios_family_arm_m3_Hwi_excHookFuncs__C)
                  00007118    00000004     hello_pem4f.oem4f (.const:ti_sysbios_family_arm_m3_Hwi_nullIsrFunc__C)
                  0000711c    00000004     hello_pem4f.oem4f (.const:ti_sysbios_family_arm_m3_Hwi_priGroup__C)
                  00007120    00000004     hello_pem4f.oem4f (.const:ti_sysbios_family_arm_m3_Hwi_swiDisable__C)
                  00007124    00000004     hello_pem4f.oem4f (.const:ti_sysbios_family_arm_m3_Hwi_swiRestore__C)
                  00007128    00000004     hello_pem4f.oem4f (.const:ti_sysbios_family_arm_m3_TaskSupport_stackAlignment__C)
                  0000712c    00000004     hello_pem4f.oem4f (.const:ti_sysbios_family_arm_msp432_Timer_numTimerDevices__C)
                  00007130    00000004     hello_pem4f.oem4f (.const:ti_sysbios_family_arm_msp432_Timer_startupNeeded__C)
                  00007134    00000004     hello_pem4f.oem4f (.const:ti_sysbios_gates_GateMutex_Instance_State_sem__O)
                  00007138    00000004     hello_pem4f.oem4f (.const:ti_sysbios_hal_Hwi_E_stackOverflow__C)
                  0000713c    00000004     hello_pem4f.oem4f (.const:ti_sysbios_heaps_HeapMem_E_memory__C)
                  00007140    00000004     hello_pem4f.oem4f (.const:ti_sysbios_heaps_HeapMem_Module__gateObj__C)
                  00007144    00000004     hello_pem4f.oem4f (.const:ti_sysbios_heaps_HeapMem_Object__count__C)
                  00007148    00000004     hello_pem4f.oem4f (.const:ti_sysbios_heaps_HeapMem_primaryHeapBaseAddr__C)
                  0000714c    00000004     hello_pem4f.oem4f (.const:ti_sysbios_heaps_HeapMem_primaryHeapEndAddr__C)
                  00007150    00000004     hello_pem4f.oem4f (.const:ti_sysbios_heaps_HeapMem_reqAlign__C)
                  00007154    00000004     hello_pem4f.oem4f (.const:ti_sysbios_knl_Clock_Module_State_clockQ__O)
                  00007158    00000004     hello_pem4f.oem4f (.const:ti_sysbios_knl_Semaphore_Instance_State_pendQ__O)
                  0000715c    00000004     hello_pem4f.oem4f (.const:ti_sysbios_knl_Swi_Object__count__C)
                  00007160    00000004     hello_pem4f.oem4f (.const:ti_sysbios_knl_Task_E_spOutOfBounds__C)
                  00007164    00000004     hello_pem4f.oem4f (.const:ti_sysbios_knl_Task_E_stackOverflow__C)
                  00007168    00000004     hello_pem4f.oem4f (.const:ti_sysbios_knl_Task_Module_State_inactiveQ__O)
                  0000716c    00000004     hello_pem4f.oem4f (.const:ti_sysbios_knl_Task_Object__count__C)
                  00007170    00000004     hello_pem4f.oem4f (.const:ti_sysbios_knl_Task_allBlockedFunc__C)
                  00007174    00000004     hello_pem4f.oem4f (.const:ti_sysbios_knl_Task_defaultStackHeap__C)
                  00007178    00000004     hello_pem4f.oem4f (.const:ti_sysbios_knl_Task_defaultStackSize__C)
                  0000717c    00000004     hello_pem4f.oem4f (.const:ti_sysbios_knl_Task_numConstructedTasks__C)
                  00007180    00000004     hello_pem4f.oem4f (.const:xdc_runtime_Assert_E_assertFailed__C)
                  00007184    00000004     hello_pem4f.oem4f (.const:xdc_runtime_Core_A_initializedParams__C)
                  00007188    00000004     hello_pem4f.oem4f (.const:xdc_runtime_Core_Module__diagsEnabled__C)
                  0000718c    00000004     hello_pem4f.oem4f (.const:xdc_runtime_Core_Module__diagsIncluded__C)
                  00007190    00000004     hello_pem4f.oem4f (.const:xdc_runtime_Core_Module__diagsMask__C)
                  00007194    00000004     hello_pem4f.oem4f (.const:xdc_runtime_Error_E_memory__C)
                  00007198    00000004     hello_pem4f.oem4f (.const:xdc_runtime_Error_policyFxn__C)
                  0000719c    00000004     hello_pem4f.oem4f (.const:xdc_runtime_Error_raiseHook__C)
                  000071a0    00000004     hello_pem4f.oem4f (.const:xdc_runtime_IGateProvider_Interface__BASE__C)
                  000071a4    00000004     hello_pem4f.oem4f (.const:xdc_runtime_IHeap_Interface__BASE__C)
                  000071a8    00000004     hello_pem4f.oem4f (.const:xdc_runtime_IModule_Interface__BASE__C)
                  000071ac    00000004     hello_pem4f.oem4f (.const:xdc_runtime_Memory_defaultHeapInstance__C)
                  000071b0    00000004     hello_pem4f.oem4f (.const:xdc_runtime_Startup_execImpl__C)
                  000071b4    00000004     hello_pem4f.oem4f (.const:xdc_runtime_Startup_maxPasses__C)
                  000071b8    00000004     hello_pem4f.oem4f (.const:xdc_runtime_Startup_sfxnRts__C)
                  000071bc    00000004     hello_pem4f.oem4f (.const:xdc_runtime_Startup_sfxnTab__C)
                  000071c0    00000004     hello_pem4f.oem4f (.const:xdc_runtime_SysMin_bufSize__C)
                  000071c4    00000004     hello_pem4f.oem4f (.const:xdc_runtime_SysMin_outputFunc__C)
                  000071c8    00000004     hello_pem4f.oem4f (.const:xdc_runtime_System_Module__gateObj__C)
                  000071cc    00000004     hello_pem4f.oem4f (.const:xdc_runtime_System_abortFxn__C)
                  000071d0    00000004     hello_pem4f.oem4f (.const:xdc_runtime_System_exitFxn__C)
                  000071d4    00000004     hello_pem4f.oem4f (.const:xdc_runtime_System_extendFxn__C)
                  000071d8    00000004     hello_pem4f.oem4f (.const:xdc_runtime_System_maxAtexitHandlers__C)
                  000071dc    00000004     hello_pem4f.oem4f (.const:xdc_runtime_Text_charTab__C)
                  000071e0    00000004     hello_pem4f.oem4f (.const:xdc_runtime_Text_nodeTab__C)
                  000071e4    00000004     hello_pem4f.oem4f (.const:xdc_runtime_Text_visitRopeFxn__C)
                  000071e8    00000002     hello_pem4f.oem4f (.const:ti_sysbios_family_arm_m3_Hwi_Module__id__C)
                  000071ea    00000002     hello_pem4f.oem4f (.const:ti_sysbios_family_arm_msp432_init_Boot_bypassHFXT__C)
                  000071ec    00000002     hello_pem4f.oem4f (.const:ti_sysbios_family_arm_msp432_init_Boot_bypassLFXT__C)
                  000071ee    00000002     hello_pem4f.oem4f (.const:ti_sysbios_family_arm_msp432_init_Boot_enableHFXT__C)
                  000071f0    00000002     hello_pem4f.oem4f (.const:ti_sysbios_family_arm_msp432_init_Boot_enableLFXT__C)
                  000071f2    00000002     hello_pem4f.oem4f (.const:ti_sysbios_hal_Hwi_Module__id__C)
                  000071f4    00000002     hello_pem4f.oem4f (.const:ti_sysbios_heaps_HeapMem_Module__id__C)
                  000071f6    00000002     hello_pem4f.oem4f (.const:ti_sysbios_knl_Task_Module__id__C)
                  000071f8    00000002     hello_pem4f.oem4f (.const:xdc_runtime_Core_Module__id__C)
                  000071fa    00000002     hello_pem4f.oem4f (.const:xdc_runtime_Error_Module__loggerDefined__C)
                  000071fc    00000002     hello_pem4f.oem4f (.const:xdc_runtime_Error_maxDepth__C)
                  000071fe    00000002     hello_pem4f.oem4f (.const:xdc_runtime_Memory_Module__id__C)
                  00007200    00000002     hello_pem4f.oem4f (.const:xdc_runtime_SysMin_flushAtExit__C)
                  00007202    00000002     hello_pem4f.oem4f (.const:xdc_runtime_Text_isLoaded__C)
                  00007204    00000002     hello_pem4f.oem4f (.const:xdc_runtime_Text_registryModsLastId__C)
                  00007206    00000002     hello_pem4f.oem4f (.const:xdc_runtime_Text_unnamedModsLastId__C)

.cinit     0    00007208    00000220     
                  00007208    000001f6     (.cinit..data.load) [load image, compression = lzss]
                  000073fe    00000002     --HOLE-- [fill = 0]
                  00007400    0000000c     (__TI_handler_table)
                  0000740c    00000004     --HOLE-- [fill = 0]
                  00007410    00000008     (.cinit..bss.load) [load image, compression = zero_init]
                  00007418    00000010     (__TI_cinit_table)

.init_array 
*          0    00000000    00000000     UNINITIALIZED

.bss       0    20008140    00001710     UNINITIALIZED
                  20008140    00000800     (.common:task1Stack)
                  20008940    00000800     (.common:task2Stack)
                  20009140    00000200     hello_pem4f.oem4f (.bss:taskStackSection)
                  20009340    00000200     (.common:xdc_runtime_SysMin_Module_State_0_outbuf__A)
                  20009540    00000140     (.common:ti_sysbios_family_arm_m3_Hwi_dispatchTable)
                  20009680    00000120     rtsv7M4_T_le_v4SPD16_eabi.lib : trgmsg.c.obj (.bss:_CIOBUF_)
                  200097a0    00000050     (.common:task1Struct)
                  200097f0    00000050     (.common:task2Struct)
                  20009840    00000008     msp432p4xx_driverlib.lib : cs.o (.bss)
                  20009848    00000008     (.common:parmbuf)

.data      0    20009850    00000568     UNINITIALIZED
                  20009850    00000140     drivers_msp432p401x.aem4f : PowerMSP432.oem4f (.data:PowerMSP432_perfLevels)
                  20009990    00000080     hello_pem4f.oem4f (.data:ti_sysbios_knl_Swi_Module_State_0_readyQ__A)
                  20009a10    00000080     hello_pem4f.oem4f (.data:ti_sysbios_knl_Task_Module_State_0_readyQ__A)
                  20009a90    0000004c     hello_pem4f.oem4f (.data:ti_sysbios_knl_Task_Object__table__V)
                  20009adc    00000044     hello_pem4f.oem4f (.data:ti_sysbios_family_arm_msp432_Timer_Object__table__V)
                  20009b20    00000044     hello_pem4f.oem4f (.data:ti_sysbios_knl_Task_Module__state__V)
                  20009b64    00000038     hello_pem4f.oem4f (.data:ti_sysbios_gates_GateMutex_Object__table__V)
                  20009b9c    00000034     hello_pem4f.oem4f (.data:ti_sysbios_family_arm_m3_Hwi_Module__state__V)
                  20009bd0    00000030     hello_pem4f.oem4f (.data:ti_sysbios_knl_Swi_Object__table__V)
                  20009c00    0000002c     drivers_msp432p401x.aem4f : PowerMSP432.oem4f (.data:PowerMSP432_module)
                  20009c2c    0000002c     hello_pem4f.oem4f (.data:ti_sysbios_knl_Clock_Module__state__V)
                  20009c58    00000024     hello_pem4f.oem4f (.data:ti_sysbios_BIOS_Module__state__V)
                  20009c7c    00000020     hello_pem4f.oem4f (.data:ti_sysbios_family_arm_msp432_Timer_Module_State_0_device__A)
                  20009c9c    00000020     hello_pem4f.oem4f (.data:xdc_runtime_Error_IgnoreBlock)
                  20009cbc    0000001c     hello_pem4f.oem4f (.data:ti_sysbios_knl_Swi_Module__state__V)
                  20009cd8    00000018     hello_pem4f.oem4f (.data:ti_sysbios_family_arm_m3_Hwi_Object__table__V)
                  20009cf0    00000018     hello_pem4f.oem4f (.data:ti_sysbios_heaps_HeapMem_Object__table__V)
                  20009d08    00000010     hello_pem4f.oem4f (.data:ti_sysbios_family_arm_msp432_Timer_Module_State_0_handles__A)
                  20009d18    0000000c     hello_pem4f.oem4f (.data:ti_sysbios_family_arm_msp432_ClockFreqs_Module__state__V)
                  20009d24    0000000c     hello_pem4f.oem4f (.data:ti_sysbios_family_arm_msp432_Timer_Module__state__V)
                  20009d30    0000000c     hello_pem4f.oem4f (.data:xdc_runtime_SysMin_Module__state__V)
                  20009d3c    00000008     rtsv7M4_T_le_v4SPD16_eabi.lib : _lock.c.obj (.data:$O1$$)
                  20009d44    00000008     hello_pem4f.oem4f (.data:ti_sysbios_family_arm_m3_Hwi_Module__root__V)
                  20009d4c    00000008     hello_pem4f.oem4f (.data:ti_sysbios_gates_GateHwi_Module__root__V)
                  20009d54    00000008     hello_pem4f.oem4f (.data:ti_sysbios_gates_GateMutex_Module__root__V)
                  20009d5c    00000008     hello_pem4f.oem4f (.data:ti_sysbios_heaps_HeapMem_Module__root__V)
                  20009d64    00000008     hello_pem4f.oem4f (.data:ti_sysbios_knl_Queue_Module__root__V)
                  20009d6c    00000008     hello_pem4f.oem4f (.data:ti_sysbios_knl_Semaphore_Module__root__V)
                  20009d74    00000008     hello_pem4f.oem4f (.data:ti_sysbios_knl_Task_Module__root__V)
                  20009d7c    00000008     hello_pem4f.oem4f (.data:xdc_runtime_Registry_Module__state__V)
                  20009d84    00000008     hello_pem4f.oem4f (.data:xdc_runtime_Startup_Module__state__V)
                  20009d8c    00000008     hello_pem4f.oem4f (.data:xdc_runtime_System_Module_State_0_atexitHandlers__A)
                  20009d94    00000008     hello_pem4f.oem4f (.data:xdc_runtime_System_Module__state__V)
                  20009d9c    00000004     rtsv7M4_T_le_v4SPD16_eabi.lib : stkdepth_vars.c.obj (.data)
                  20009da0    00000004     hello_pem4f.oem4f (.data:ti_sysbios_family_arm_m3_Hwi_Module_State_0_excContext__A)
                  20009da4    00000004     hello_pem4f.oem4f (.data:ti_sysbios_family_arm_m3_Hwi_Module_State_0_excStack__A)
                  20009da8    00000004     hello_pem4f.oem4f (.data:ti_sysbios_gates_GateHwi_Object__table__V)
                  20009dac    00000004     hello_pem4f.oem4f (.data:ti_sysbios_knl_Task_Module_State_0_idleTask__A)
                  20009db0    00000004     hello_pem4f.oem4f (.data:xdc_runtime_Memory_Module__state__V)
                  20009db4    00000002     hello_pem4f.oem4f (.data:ti_sysbios_family_arm_m3_Hwi_Module_State_0_excActive__A)
                  20009db6    00000002     hello_pem4f.oem4f (.data:xdc_runtime_Error_Module__state__V)

.priheap   0    20000140    00008000     UNINITIALIZED
                  20000140    00008000     --HOLE--

.stack     0    2000fc00    00000400     UNINITIALIZED
                  2000fc00    00000400     --HOLE--

.bootVecs 
*          0    00000000    00000008     DSECT
                  00000000    00000008     boot.aem4f : boot.oem4f (.bootVecs)

.resetVecs 
*          0    00000000    0000003c     
                  00000000    0000003c     hello_pem4f.oem4f (.resetVecs)

.vecs      0    20000000    00000140     NOLOAD SECTION
                  20000000    00000140     hello_pem4f.oem4f (.vecs)

xdc.meta   0    00000000    000000dd     COPY SECTION
                  00000000    000000dd     hello_pem4f.oem4f (xdc.meta)

.binit     0    00000000    00000000     

MODULE SUMMARY

       Module                       code    ro data   rw data
       ------                       ----    -------   -------
    .\
       hello.obj                    206     0         8512   
    +--+----------------------------+-------+---------+---------+
       Total:                       206     0         8512   
                                                             
    .\syscfg\
       ti_drivers_config.obj        14      56        0      
    +--+----------------------------+-------+---------+---------+
       Total:                       14      56        0      
                                                             
    C:\Users\semen\workspace_v9\Lab7_1_RTOS\Debug\configPkg\package\cfg\
       hello_pem4f.oem4f            1814    7512      5344   
    +--+----------------------------+-------+---------+---------+
       Total:                       1814    7512      5344   
                                                             
    C:/ti/simplelink_msp432p4_sdk_3_40_00_05/kernel/tirtos/packages/ti/dpl/lib/dpl_msp432p401x.aem4f
       PowerMSP432_tirtos.oem4f     122     0         0      
       HwiP_tirtos.oem4f            80      0         0      
    +--+----------------------------+-------+---------+---------+
       Total:                       202     0         0      
                                                             
    C:/ti/simplelink_msp432p4_sdk_3_40_00_05/source/ti/devices/msp432p4xx/driverlib/ccs/msp432p4xx_driverlib.lib
       pcm.o                        1770    0         0      
       cs.o                         704     0         16     
       sysctl_a.o                   64      0         0      
       rtc_c.o                      44      0         0      
       wdt_a.o                      36      0         0      
       cpu.o                        28      0         0      
       sysctl.o                     16      0         0      
    +--+----------------------------+-------+---------+---------+
       Total:                       2662    0         16     
                                                             
    C:/ti/simplelink_msp432p4_sdk_3_40_00_05/source/ti/drivers/lib/drivers_msp432p401x.aem4f
       PowerMSP432.oem4f            1864    0         728    
    +--+----------------------------+-------+---------+---------+
       Total:                       1864    0         728    
                                                             
    C:\Users\semen\workspace_v9\Lab7_1_RTOS\src\sysbios\sysbios.aem4f
       BIOS.obj                     9124    0         0      
       m3_Hwi_asm.obj               318     0         0      
       m3_TaskSupport_asm.obj       180     0         0      
       m3_Hwi_asm_switch.obj        118     0         0      
    +--+----------------------------+-------+---------+---------+
       Total:                       9740    0         0      
                                                             
    C:\ti\ccs930\ccs\tools\compiler\ti-cgt-arm_18.12.4.LTS\lib\rtsv7M4_T_le_v4SPD16_eabi.lib
       trgmsg.c.obj                 108     0         576    
       memcpy_t2.asm.obj            156     0         0      
       memset_t2.asm.obj            122     0         0      
       copy_decompress_lzss.c.obj   104     0         0      
       hostwrite.c.obj              88      0         0      
       cpy_tbl.c.obj                76      0         0      
       u_divt2.asm.obj              64      0         0      
       _lock.c.obj                  26      0         16     
       args_main.c.obj              24      0         0      
       strlen.c.obj                 20      0         0      
       hostopen.c.obj               0       0         16     
       copy_decompress_none.c.obj   14      0         0      
       copy_zero_init.c.obj         12      0         0      
       stkdepth_vars.c.obj          0       0         8      
       exit.c.obj                   4       0         0      
       div0.asm.obj                 2       0         0      
    +--+----------------------------+-------+---------+---------+
       Total:                       820     0         616    
                                                             
    C:\ti\simplelink_msp432p4_sdk_3_40_00_05\kernel\tirtos\packages\ti\targets\arm\rtsarm\lib\auto_init.aem4f
       auto_init.oem4f              160     0         0      
    +--+----------------------------+-------+---------+---------+
       Total:                       160     0         0      
                                                             
    C:\ti\simplelink_msp432p4_sdk_3_40_00_05\kernel\tirtos\packages\ti\targets\arm\rtsarm\lib\boot.aem4f
       boot.oem4f                   88      0         0      
    +--+----------------------------+-------+---------+---------+
       Total:                       88      0         0      
                                                             
    C:\ti\simplelink_msp432p4_sdk_3_40_00_05\kernel\tirtos\packages\ti\targets\arm\rtsarm\lib\ti.targets.arm.rtsarm.aem4f
       System.oem4f                 1249    0         0      
       Text.oem4f                   596     0         0      
       Error.oem4f                  500     0         0      
       Startup.oem4f                344     0         0      
       Core-mem.oem4f               334     0         0      
       SysMin.oem4f                 248     0         0      
       Core-smem.oem4f              204     0         0      
       Memory.oem4f                 180     0         0      
       Assert.oem4f                 76      0         0      
       Core-params.oem4f            72      0         0      
       Gate.oem4f                   28      0         0      
       Registry.oem4f               28      0         0      
    +--+----------------------------+-------+---------+---------+
       Total:                       3859    0         0      
                                                             
       Stack:                       0       0         2048   
       Linker Generated:            0       538       0      
    +--+----------------------------+-------+---------+---------+
       Grand Total:                 21429   8106      17264  


LINKER GENERATED COPY TABLES

__TI_cinit_table @ 00007418 records: 2, size/record: 8, table size: 16
	.data: load addr=00007208, load size=000001f6 bytes, run addr=20009850, run size=00000568 bytes, compression=lzss
	.bss: load addr=00007410, load size=00000008 bytes, run addr=20008140, run size=00001710 bytes, compression=zero_init


LINKER GENERATED HANDLER TABLE

__TI_handler_table @ 00007400 records: 3, size/record: 4, table size: 12
	index: 0, handler: __TI_decompress_lzss
	index: 1, handler: __TI_decompress_none
	index: 2, handler: __TI_zero_init


GLOBAL SYMBOLS: SORTED ALPHABETICALLY BY Name 

address   name                                                            
-------   ----                                                            
00005357  Board_init                                                      
00000d33  Board_initHook                                                  
00001135  C$$EXIT                                                         
0000429b  C$$IO$$                                                         
00005363  CPU_cpsid                                                       
0000536f  CPU_cpsie                                                       
00000fbd  CPU_wfi                                                         
00004d19  CS_setExternalClockSourceFrequency                              
00001e55  CS_startHFXTWithTimeout                                         
00001f39  CS_startLFXTWithTimeout                                         
00008000  HEAPSIZE                                                        
000037e1  HOSTwrite                                                       
000051c5  HwiP_Params_init                                                
00004071  HwiP_create                                                     
000035a9  PCM_getCoreVoltageLevel                                         
00003785  PCM_getPowerMode                                                
00005111  PCM_getPowerState                                               
00004a15  PCM_gotoLPM0                                                    
00002c95  PCM_gotoLPM3                                                    
000051d5  PCM_gotoLPM4                                                    
000051e5  PCM_setPowerMode                                                
000051f5  PCM_setPowerState                                               
00003999  PCM_shutdownDevice                                              
00006e2c  PowerMSP432_config                                              
00001a97  PowerMSP432_initPolicy                                          
20009c00  PowerMSP432_module                                              
20009850  PowerMSP432_perfLevels                                          
00003b89  PowerMSP432_sleepPolicy                                         
00004831  PowerMSP432_updateFreqs                                         
0000537d  Power_getConstraintMask                                         
00005125  Power_idleFunc                                                  
000029ad  Power_init                                                      
000007b1  Power_sleep                                                     
0000485d  RTC_C_holdClock                                                 
UNDEFED   SHT$$INIT_ARRAY$$Base                                           
UNDEFED   SHT$$INIT_ARRAY$$Limit                                          
00004fbd  SysCtl_A_disableNMISource                                       
00004fd5  SysCtl_A_enableNMISource                                        
00005205  SysCtl_A_getNMISourceStatus                                     
00005215  SysCtl_getNMISourceStatus                                       
4000480c  WDTCTL_SYM                                                      
00004b7d  WDT_A_holdTimer                                                 
00000000  __ASM__                                                         
20009680  __CIOBUF_                                                       
0000005e  __ISA__                                                         
00000071  __PLAT__                                                        
20010000  __STACK_END                                                     
00000400  __STACK_SIZE                                                    
00000094  __TARG__                                                        
00007418  __TI_CINIT_Base                                                 
00007428  __TI_CINIT_Limit                                                
00007400  __TI_Handler_Table_Base                                         
0000740c  __TI_Handler_Table_Limit                                        
0000290d  __TI_auto_init                                                  
0000334d  __TI_decompress_lzss                                            
00005329  __TI_decompress_none                                            
ffffffff  __TI_pprof_out_hndl                                             
ffffffff  __TI_prof_data_size                                             
ffffffff  __TI_prof_data_start                                            
00004351  __TI_readmsg                                                    
00007208  __TI_static_base__                                              
0000426d  __TI_writemsg                                                   
000053a1  __TI_zero_init                                                  
000000ba  __TRDR__                                                        
0000302f  __aeabi_idiv0                                                   
0000302f  __aeabi_ldiv0                                                   
00002f31  __aeabi_memclr                                                  
00002f31  __aeabi_memclr4                                                 
00002f31  __aeabi_memclr8                                                 
00002a49  __aeabi_memcpy                                                  
00002a49  __aeabi_memcpy4                                                 
00002a49  __aeabi_memcpy8                                                 
00002f33  __aeabi_memset                                                  
00002f33  __aeabi_memset4                                                 
00002f33  __aeabi_memset8                                                 
000040b1  __aeabi_uidiv                                                   
000040b1  __aeabi_uidivmod                                                
ffffffff  __binit__                                                       
ffffffff  __c_args__                                                      
20008140  __primary_heap_end__                                            
20000140  __primary_heap_start__                                          
2000fc00  __stack                                                         
00004fed  _args_main                                                      
00003839  _c_int00                                                        
20009d3c  _lock                                                           
0000290b  _nop                                                            
00005389  _register_lock                                                  
00005395  _register_unlock                                                
20009d40  _unlock                                                         
00001135  abort                                                           
ffffffff  binit                                                           
00003bd5  copy_in                                                         
00003891  main                                                            
20009d9c  main_func_sp                                                    
00002a49  memcpy                                                          
00002f39  memset                                                          
20009848  parmbuf                                                         
00005139  strlen                                                          
000044cd  task1                                                           
20008140  task1Stack                                                      
200097a0  task1Struct                                                     
000044fd  task2                                                           
20008940  task2Stack                                                      
200097f0  task2Struct                                                     
20009c58  ti_sysbios_BIOS_Module__state__V                                
000048e1  ti_sysbios_BIOS_RtsGateProxy_Handle__label__S                   
00002415  ti_sysbios_BIOS_RtsGateProxy_enter__E                           
000024d5  ti_sysbios_BIOS_RtsGateProxy_leave__E                           
00005491  ti_sysbios_BIOS_RtsGateProxy_query__E                           
0000452d  ti_sysbios_BIOS_atExitFunc__I                                   
00004ba1  ti_sysbios_BIOS_errorRaiseHook__I                               
000050c9  ti_sysbios_BIOS_exitFunc__I                                     
00005229  ti_sysbios_BIOS_exit__E                                         
000054a1  ti_sysbios_BIOS_linkedWithIncorrectBootLibrary__E               
000032df  ti_sysbios_BIOS_nullFunc__I                                     
00004bc5  ti_sysbios_BIOS_registerRTSLock__I                              
00004be9  ti_sysbios_BIOS_removeRTSLock__I                                
00004d39  ti_sysbios_BIOS_rtsLock__I                                      
00005005  ti_sysbios_BIOS_rtsUnlock__I                                    
00005239  ti_sysbios_BIOS_setCpuFreq__E                                   
00005249  ti_sysbios_BIOS_setThreadType__E                                
0000455d  ti_sysbios_BIOS_startFunc__I                                    
00005259  ti_sysbios_BIOS_start__E                                        
000070d8  ti_sysbios_family_arm_m3_Hwi_E_NMI__C                           
000070dc  ti_sysbios_family_arm_m3_Hwi_E_alreadyDefined__C                
000070e0  ti_sysbios_family_arm_m3_Hwi_E_badIntNum__C                     
000070e4  ti_sysbios_family_arm_m3_Hwi_E_busFault__C                      
000070e8  ti_sysbios_family_arm_m3_Hwi_E_debugMon__C                      
000070ec  ti_sysbios_family_arm_m3_Hwi_E_hardFault__C                     
000070f0  ti_sysbios_family_arm_m3_Hwi_E_memFault__C                      
000070f4  ti_sysbios_family_arm_m3_Hwi_E_noIsr__C                         
000070f8  ti_sysbios_family_arm_m3_Hwi_E_reserved__C                      
000070fc  ti_sysbios_family_arm_m3_Hwi_E_svCall__C                        
00007100  ti_sysbios_family_arm_m3_Hwi_E_usageFault__C                    
00004889  ti_sysbios_family_arm_m3_Hwi_Handle__label__S                   
000041b1  ti_sysbios_family_arm_m3_Hwi_Instance_finalize__E               
00002711  ti_sysbios_family_arm_m3_Hwi_Instance_init__E                   
20009db4  ti_sysbios_family_arm_m3_Hwi_Module_State_0_excActive__A        
20009da0  ti_sysbios_family_arm_m3_Hwi_Module_State_0_excContext__A       
20009da4  ti_sysbios_family_arm_m3_Hwi_Module_State_0_excStack__A         
000071e8  ti_sysbios_family_arm_m3_Hwi_Module__id__C                      
20009d44  ti_sysbios_family_arm_m3_Hwi_Module__root__V                    
0000501d  ti_sysbios_family_arm_m3_Hwi_Module__startupDone__F             
0000501d  ti_sysbios_family_arm_m3_Hwi_Module__startupDone__S             
20009b9c  ti_sysbios_family_arm_m3_Hwi_Module__state__V                   
00003a99  ti_sysbios_family_arm_m3_Hwi_Module_startup__E                  
00007104  ti_sysbios_family_arm_m3_Hwi_NUM_INTERRUPTS__C                  
00006f4c  ti_sysbios_family_arm_m3_Hwi_Object__DESC__C                    
00006e64  ti_sysbios_family_arm_m3_Hwi_Object__PARAMS__C                  
00007108  ti_sysbios_family_arm_m3_Hwi_Object__count__C                   
0000514d  ti_sysbios_family_arm_m3_Hwi_Object__get__S                     
20009cd8  ti_sysbios_family_arm_m3_Hwi_Object__table__V                   
000053ad  ti_sysbios_family_arm_m3_Hwi_Params__init__S                    
0000710c  ti_sysbios_family_arm_m3_Hwi_ccr__C                             
000039ed  ti_sysbios_family_arm_m3_Hwi_create                             
00003df9  ti_sysbios_family_arm_m3_Hwi_disableInterrupt__E                
00003421  ti_sysbios_family_arm_m3_Hwi_dispatchC__I                       
20009540  ti_sysbios_family_arm_m3_Hwi_dispatchTable                      
00001b95  ti_sysbios_family_arm_m3_Hwi_dispatch__I                        
00005451  ti_sysbios_family_arm_m3_Hwi_doSwiRestore__I                    
00005461  ti_sysbios_family_arm_m3_Hwi_doTaskRestore__I                   
00003e41  ti_sysbios_family_arm_m3_Hwi_enableInterrupt__E                 
00000fc1  ti_sysbios_family_arm_m3_Hwi_excBusFault__I                     
00002419  ti_sysbios_family_arm_m3_Hwi_excDebugMon__I                     
00000041  ti_sysbios_family_arm_m3_Hwi_excDumpRegs__I                     
00001781  ti_sysbios_family_arm_m3_Hwi_excFillContext__I                  
00004a8d  ti_sysbios_family_arm_m3_Hwi_excHandlerAsm__I                   
00007110  ti_sysbios_family_arm_m3_Hwi_excHandlerFunc__C                  
00001889  ti_sysbios_family_arm_m3_Hwi_excHandlerMax__I                   
00004e19  ti_sysbios_family_arm_m3_Hwi_excHandler__I                      
000024d9  ti_sysbios_family_arm_m3_Hwi_excHardFault__I                    
000070b0  ti_sysbios_family_arm_m3_Hwi_excHookFuncs__A                    
00007114  ti_sysbios_family_arm_m3_Hwi_excHookFuncs__C                    
000013f9  ti_sysbios_family_arm_m3_Hwi_excMemFault__I                     
00004389  ti_sysbios_family_arm_m3_Hwi_excNmi__I                          
000042e1  ti_sysbios_family_arm_m3_Hwi_excNoIsr__I                        
00003e89  ti_sysbios_family_arm_m3_Hwi_excReserved__I                     
000041f1  ti_sysbios_family_arm_m3_Hwi_excSvCall__I                       
00001139  ti_sysbios_family_arm_m3_Hwi_excUsageFault__I                   
00003f19  ti_sysbios_family_arm_m3_Hwi_getStackInfo__E                    
00002ae9  ti_sysbios_family_arm_m3_Hwi_initNVIC__E                        
000038e9  ti_sysbios_family_arm_m3_Hwi_initStacks__E                      
00001c69  ti_sysbios_family_arm_m3_Hwi_interruptsAreDisabledButShouldNotBe
00007118  ti_sysbios_family_arm_m3_Hwi_nullIsrFunc__C                     
e000e000  ti_sysbios_family_arm_m3_Hwi_nvic                               
00004b31  ti_sysbios_family_arm_m3_Hwi_pendSV__I                          
00002da1  ti_sysbios_family_arm_m3_Hwi_postInit__I                        
0000711c  ti_sysbios_family_arm_m3_Hwi_priGroup__C                        
20000000  ti_sysbios_family_arm_m3_Hwi_ramVectors                         
00000000  ti_sysbios_family_arm_m3_Hwi_resetVectors                       
00004b55  ti_sysbios_family_arm_m3_Hwi_return                             
00005459  ti_sysbios_family_arm_m3_Hwi_startup__E                         
00007120  ti_sysbios_family_arm_m3_Hwi_swiDisable__C                      
00007124  ti_sysbios_family_arm_m3_Hwi_swiRestore__C                      
00005161  ti_sysbios_family_arm_m3_Hwi_switchFromBootStack__E             
00002595  ti_sysbios_family_arm_m3_TaskSupport_Module__startupDone__S     
00002b7d  ti_sysbios_family_arm_m3_TaskSupport_buildTaskStack             
000053b9  ti_sysbios_family_arm_m3_TaskSupport_checkStack__E              
000053c9  ti_sysbios_family_arm_m3_TaskSupport_getStackAlignment__E       
00005269  ti_sysbios_family_arm_m3_TaskSupport_glue                       
00007128  ti_sysbios_family_arm_m3_TaskSupport_stackAlignment__C          
00004591  ti_sysbios_family_arm_m3_TaskSupport_start__E                   
00005035  ti_sysbios_family_arm_m3_TaskSupport_swap__E                    
20009d18  ti_sysbios_family_arm_msp432_ClockFreqs_Module__state__V        
00004c11  ti_sysbios_family_arm_msp432_ClockFreqs_setFrequency__E         
20009c7c  ti_sysbios_family_arm_msp432_Timer_Module_State_0_device__A     
20009d08  ti_sysbios_family_arm_msp432_Timer_Module_State_0_handles__A    
0000504d  ti_sysbios_family_arm_msp432_Timer_Module__startupDone__F       
0000504d  ti_sysbios_family_arm_msp432_Timer_Module__startupDone__S       
20009d24  ti_sysbios_family_arm_msp432_Timer_Module__state__V             
000040f1  ti_sysbios_family_arm_msp432_Timer_Module_startup__E            
20009adc  ti_sysbios_family_arm_msp432_Timer_Object__table__V             
000053d9  ti_sysbios_family_arm_msp432_Timer_getMaxTicks__E               
00003a41  ti_sysbios_family_arm_msp432_Timer_initDevice__I                
0000712c  ti_sysbios_family_arm_msp432_Timer_numTimerDevices__C           
000027c1  ti_sysbios_family_arm_msp432_Timer_periodicStub__E              
00004c39  ti_sysbios_family_arm_msp432_Timer_postInit__I                  
[...]
000050c9  ti_sysbios_BIOS_exitFunc__I                                     
000050f9  ti_sysbios_knl_Task_unblock__E                                  
00005111  PCM_getPowerState                                               
00005125  Power_idleFunc                                                  
00005139  strlen                                                          
0000514d  ti_sysbios_family_arm_m3_Hwi_Object__get__S                     
00005161  ti_sysbios_family_arm_m3_Hwi_switchFromBootStack__E             
00005161  ti_sysbios_hal_Hwi_HwiProxy_switchFromBootStack__E              
00005161  ti_sysbios_hal_Hwi_switchFromBootStack__E                       
00005175  ti_sysbios_heaps_HeapMem_Object__get__S                         
00005189  ti_sysbios_knl_Swi_Object__get__S                               
000051a1  ti_sysbios_hal_Hwi_Module_startup__E                            
000051b3  xdc_runtime_Startup_exec__I                                     
000051c5  HwiP_Params_init                                                
000051d5  PCM_gotoLPM4                                                    
000051e5  PCM_setPowerMode                                                
000051f5  PCM_setPowerState                                               
00005205  SysCtl_A_getNMISourceStatus                                     
00005215  SysCtl_getNMISourceStatus                                       
00005229  ti_sysbios_BIOS_exit__E                                         
00005239  ti_sysbios_BIOS_setCpuFreq__E                                   
00005249  ti_sysbios_BIOS_setThreadType__E                                
00005259  ti_sysbios_BIOS_start__E                                        
00005269  ti_sysbios_family_arm_m3_TaskSupport_glue                       
00005279  ti_sysbios_family_arm_msp432_init_Boot_disableWatchdog          
00005289  ti_sysbios_gates_GateMutex_Instance_finalize__E                 
00005299  ti_sysbios_knl_Semaphore_Instance_finalize__E                   
000052a9  ti_sysbios_knl_Swi_disable__E                                   
000052b9  ti_sysbios_knl_Task_Object__get__S                              
000052c9  ti_sysbios_knl_Task_disable__E                                  
000052d9  xdc_runtime_Gate_leaveSystem__E                                 
000052e9  xdc_runtime_Memory_free__E                                      
000052f9  xdc_runtime_SysMin_ready__E                                     
000052f9  xdc_runtime_System_SupportProxy_ready__E                        
00005309  xdc_runtime_System_vsnprintf__E                                 
00005319  xdc_runtime_Text_visitRope__I                                   
00005329  __TI_decompress_none                                            
00005339  ti_sysbios_knl_Idle_loop__E                                     
00005349  ti_sysbios_knl_Queue_empty__E                                   
00005357  Board_init                                                      
00005363  CPU_cpsid                                                       
0000536f  CPU_cpsie                                                       
0000537d  Power_getConstraintMask                                         
00005389  _register_lock                                                  
00005395  _register_unlock                                                
000053a1  __TI_zero_init                                                  
000053ad  ti_sysbios_family_arm_m3_Hwi_Params__init__S                    
000053ad  ti_sysbios_hal_Hwi_HwiProxy_Params__init__S                     
000053b9  ti_sysbios_family_arm_m3_TaskSupport_checkStack__E              
000053b9  ti_sysbios_knl_Task_SupportProxy_checkStack__E                  
000053c9  ti_sysbios_family_arm_m3_TaskSupport_getStackAlignment__E       
000053c9  ti_sysbios_knl_Task_SupportProxy_getStackAlignment__E           
000053d9  ti_sysbios_family_arm_msp432_Timer_getMaxTicks__E               
000053e9  ti_sysbios_gates_GateHwi_enter__E                               
000053f5  ti_sysbios_knl_Queue_Object__get__S                             
00005401  ti_sysbios_knl_Task_Params__init__S                             
0000540d  xdc_runtime_Gate_enterSystem__E                                 
00005419  xdc_runtime_Memory_calloc__E                                    
00005425  xdc_runtime_Memory_getMaxDefaultTypeAlign__E                    
00005431  xdc_runtime_Startup_rtsDone__E                                  
0000543d  xdc_runtime_Memory_HeapProxy_alloc__E                           
00005447  xdc_runtime_Memory_HeapProxy_free__E                            
00005451  ti_sysbios_family_arm_m3_Hwi_doSwiRestore__I                    
00005459  ti_sysbios_family_arm_m3_Hwi_startup__E                         
00005459  ti_sysbios_hal_Hwi_HwiProxy_startup__E                          
00005459  ti_sysbios_hal_Hwi_startup__E                                   
00005461  ti_sysbios_family_arm_m3_Hwi_doTaskRestore__I                   
00005469  ti_sysbios_gates_GateHwi_leave__E                               
00005471  ti_sysbios_heaps_HeapMem_isBlocking__E                          
00005479  ti_sysbios_knl_Queue_Instance_init__E                           
00005481  ti_sysbios_knl_Swi_startup__E                                   
00005489  ti_sysbios_gates_GateHwi_query__E                               
00005489  xdc_runtime_Main_Module_GateProxy_query__E                      
00005489  xdc_runtime_System_Module_GateProxy_query__E                    
00005491  ti_sysbios_BIOS_RtsGateProxy_query__E                           
00005491  ti_sysbios_gates_GateMutex_query__E                             
00005491  ti_sysbios_heaps_HeapMem_Module_GateProxy_query__E              
00005499  ti_sysbios_knl_Task_startup__E                                  
000054a1  ti_sysbios_BIOS_linkedWithIncorrectBootLibrary__E               
000054a9  ti_sysbios_gates_GateHwi_Instance_init__E                       
000054b1  ti_sysbios_knl_Clock_logTick__E                                 
000054b4  xdc_runtime_Text_charTab__A                                     
00006d3b  xdc_runtime_Error_policy__C                                     
00006d3c  xdc_runtime_Text_nodeTab__A                                     
00006df0  ti_sysbios_knl_Task_Object__PARAMS__C                           
00006e2c  PowerMSP432_config                                              
00006e64  ti_sysbios_family_arm_m3_Hwi_Object__PARAMS__C                  
00006e94  ti_sysbios_heaps_HeapMem_Module__FXNS__C                        
00006ebc  ti_sysbios_gates_GateHwi_Module__FXNS__C                        
00006ee0  ti_sysbios_gates_GateMutex_Module__FXNS__C                      
00006f04  ti_sysbios_heaps_HeapMem_Object__PARAMS__C                      
00006f28  ti_sysbios_knl_Semaphore_Object__PARAMS__C                      
00006f4c  ti_sysbios_family_arm_m3_Hwi_Object__DESC__C                    
00006f6c  ti_sysbios_gates_GateHwi_Object__DESC__C                        
00006f8c  ti_sysbios_gates_GateMutex_Object__DESC__C                      
00006fac  ti_sysbios_heaps_HeapMem_Object__DESC__C                        
00006fcc  ti_sysbios_knl_Queue_Object__DESC__C                            
00006fec  ti_sysbios_knl_Semaphore_Object__DESC__C                        
0000700c  ti_sysbios_knl_Task_Object__DESC__C                             
0000702c  xdc_runtime_Startup_sfxnTab__A                                  
0000704c  ti_sysbios_gates_GateHwi_Object__PARAMS__C                      
00007064  ti_sysbios_gates_GateMutex_Object__PARAMS__C                    
0000707c  ti_sysbios_knl_Queue_Object__PARAMS__C                          
00007094  xdc_runtime_Startup_sfxnRts__A                                  
000070a4  xdc_runtime_Startup_firstFxns__A                                
000070b0  ti_sysbios_family_arm_m3_Hwi_excHookFuncs__A                    
000070b8  ti_sysbios_knl_Idle_funcList__A                                 
000070c0  ti_sysbios_knl_Idle_funcList__C                                 
000070c8  xdc_runtime_Startup_firstFxns__C                                
000070d0  xdc_runtime_Startup_lastFxns__C                                 
000070d8  ti_sysbios_family_arm_m3_Hwi_E_NMI__C                           
000070dc  ti_sysbios_family_arm_m3_Hwi_E_alreadyDefined__C                
000070e0  ti_sysbios_family_arm_m3_Hwi_E_badIntNum__C                     
000070e4  ti_sysbios_family_arm_m3_Hwi_E_busFault__C                      
000070e8  ti_sysbios_family_arm_m3_Hwi_E_debugMon__C                      
000070ec  ti_sysbios_family_arm_m3_Hwi_E_hardFault__C                     
000070f0  ti_sysbios_family_arm_m3_Hwi_E_memFault__C                      
000070f4  ti_sysbios_family_arm_m3_Hwi_E_noIsr__C                         
000070f8  ti_sysbios_family_arm_m3_Hwi_E_reserved__C                      
000070fc  ti_sysbios_family_arm_m3_Hwi_E_svCall__C                        
00007100  ti_sysbios_family_arm_m3_Hwi_E_usageFault__C                    
00007104  ti_sysbios_family_arm_m3_Hwi_NUM_INTERRUPTS__C                  
00007108  ti_sysbios_family_arm_m3_Hwi_Object__count__C                   
0000710c  ti_sysbios_family_arm_m3_Hwi_ccr__C                             
00007110  ti_sysbios_family_arm_m3_Hwi_excHandlerFunc__C                  
00007114  ti_sysbios_family_arm_m3_Hwi_excHookFuncs__C                    
00007118  ti_sysbios_family_arm_m3_Hwi_nullIsrFunc__C                     
0000711c  ti_sysbios_family_arm_m3_Hwi_priGroup__C                        
00007120  ti_sysbios_family_arm_m3_Hwi_swiDisable__C                      
00007124  ti_sysbios_family_arm_m3_Hwi_swiRestore__C                      
00007128  ti_sysbios_family_arm_m3_TaskSupport_stackAlignment__C          
0000712c  ti_sysbios_family_arm_msp432_Timer_numTimerDevices__C           
00007130  ti_sysbios_family_arm_msp432_Timer_startupNeeded__C             
00007134  ti_sysbios_gates_GateMutex_Instance_State_sem__O                
00007138  ti_sysbios_hal_Hwi_E_stackOverflow__C                           
0000713c  ti_sysbios_heaps_HeapMem_E_memory__C                            
00007140  ti_sysbios_heaps_HeapMem_Module__gateObj__C                     
00007144  ti_sysbios_heaps_HeapMem_Object__count__C                       
00007148  ti_sysbios_heaps_HeapMem_primaryHeapBaseAddr__C                 
0000714c  ti_sysbios_heaps_HeapMem_primaryHeapEndAddr__C                  
00007150  ti_sysbios_heaps_HeapMem_reqAlign__C                            
00007154  ti_sysbios_knl_Clock_Module_State_clockQ__O                     
00007158  ti_sysbios_knl_Semaphore_Instance_State_pendQ__O                
0000715c  ti_sysbios_knl_Swi_Object__count__C                             
00007160  ti_sysbios_knl_Task_E_spOutOfBounds__C                          
00007164  ti_sysbios_knl_Task_E_stackOverflow__C                          
00007168  ti_sysbios_knl_Task_Module_State_inactiveQ__O                   
0000716c  ti_sysbios_knl_Task_Object__count__C                            
00007170  ti_sysbios_knl_Task_allBlockedFunc__C                           
00007174  ti_sysbios_knl_Task_defaultStackHeap__C                         
00007178  ti_sysbios_knl_Task_defaultStackSize__C                         
0000717c  ti_sysbios_knl_Task_numConstructedTasks__C                      
00007180  xdc_runtime_Assert_E_assertFailed__C                            
00007184  xdc_runtime_Core_A_initializedParams__C                         
00007188  xdc_runtime_Core_Module__diagsEnabled__C                        
0000718c  xdc_runtime_Core_Module__diagsIncluded__C                       
00007190  xdc_runtime_Core_Module__diagsMask__C                           
00007194  xdc_runtime_Error_E_memory__C                                   
00007198  xdc_runtime_Error_policyFxn__C                                  
0000719c  xdc_runtime_Error_raiseHook__C                                  
000071a0  xdc_runtime_IGateProvider_Interface__BASE__C                    
000071a4  xdc_runtime_IHeap_Interface__BASE__C                            
000071a8  xdc_runtime_IModule_Interface__BASE__C                          
000071ac  xdc_runtime_Memory_defaultHeapInstance__C                       
000071b0  xdc_runtime_Startup_execImpl__C                                 
000071b4  xdc_runtime_Startup_maxPasses__C                                
000071b8  xdc_runtime_Startup_sfxnRts__C                                  
000071bc  xdc_runtime_Startup_sfxnTab__C                                  
000071c0  xdc_runtime_SysMin_bufSize__C                                   
000071c4  xdc_runtime_SysMin_outputFunc__C                                
000071c8  xdc_runtime_System_Module__gateObj__C                           
000071cc  xdc_runtime_System_abortFxn__C                                  
000071d0  xdc_runtime_System_exitFxn__C                                   
000071d4  xdc_runtime_System_extendFxn__C                                 
000071d8  xdc_runtime_System_maxAtexitHandlers__C                         
000071dc  xdc_runtime_Text_charTab__C                                     
000071e0  xdc_runtime_Text_nodeTab__C                                     
000071e4  xdc_runtime_Text_visitRopeFxn__C                                
000071e8  ti_sysbios_family_arm_m3_Hwi_Module__id__C                      
000071ea  ti_sysbios_family_arm_msp432_init_Boot_bypassHFXT__C            
000071ec  ti_sysbios_family_arm_msp432_init_Boot_bypassLFXT__C            
000071ee  ti_sysbios_family_arm_msp432_init_Boot_enableHFXT__C            
000071f0  ti_sysbios_family_arm_msp432_init_Boot_enableLFXT__C            
000071f2  ti_sysbios_hal_Hwi_Module__id__C                                
000071f4  ti_sysbios_heaps_HeapMem_Module__id__C                          
000071f6  ti_sysbios_knl_Task_Module__id__C                               
000071f8  xdc_runtime_Core_Module__id__C                                  
000071fa  xdc_runtime_Error_Module__loggerDefined__C                      
000071fc  xdc_runtime_Error_maxDepth__C                                   
000071fe  xdc_runtime_Memory_Module__id__C                                
00007200  xdc_runtime_SysMin_flushAtExit__C                               
00007202  xdc_runtime_Text_isLoaded__C                                    
00007204  xdc_runtime_Text_registryModsLastId__C                          
00007206  xdc_runtime_Text_unnamedModsLastId__C                           
00007208  __TI_static_base__                                              
00007400  __TI_Handler_Table_Base                                         
0000740c  __TI_Handler_Table_Limit                                        
00007418  __TI_CINIT_Base                                                 
00007428  __TI_CINIT_Limit                                                
00008000  HEAPSIZE                                                        
20000000  ti_sysbios_family_arm_m3_Hwi_ramVectors                         
20000140  __primary_heap_start__                                          
20008140  __primary_heap_end__                                            
20008140  task1Stack                                                      
20008940  task2Stack                                                      
20009140  ti_sysbios_knl_Task_Instance_State_0_stack__A                   
20009340  xdc_runtime_SysMin_Module_State_0_outbuf__A                     
20009540  ti_sysbios_family_arm_m3_Hwi_dispatchTable                      
20009680  __CIOBUF_                                                       
200097a0  task1Struct                                                     
200097f0  task2Struct                                                     
20009848  parmbuf                                                         
20009850  PowerMSP432_perfLevels                                          
20009990  ti_sysbios_knl_Swi_Module_State_0_readyQ__A                     
20009a10  ti_sysbios_knl_Task_Module_State_0_readyQ__A                    
20009a90  ti_sysbios_knl_Task_Object__table__V                            
20009adc  ti_sysbios_family_arm_msp432_Timer_Object__table__V             
20009b20  ti_sysbios_knl_Task_Module__state__V                            
20009b64  ti_sysbios_gates_GateMutex_Object__table__V                     
20009b9c  ti_sysbios_family_arm_m3_Hwi_Module__state__V                   
20009bd0  ti_sysbios_knl_Swi_Object__table__V                             
20009c00  PowerMSP432_module                                              
20009c2c  ti_sysbios_knl_Clock_Module__state__V                           
20009c58  ti_sysbios_BIOS_Module__state__V                                
20009c7c  ti_sysbios_family_arm_msp432_Timer_Module_State_0_device__A     
20009c9c  xdc_runtime_Error_IgnoreBlock                                   
20009cbc  ti_sysbios_knl_Swi_Module__state__V                             
20009cd8  ti_sysbios_family_arm_m3_Hwi_Object__table__V                   
20009cf0  ti_sysbios_heaps_HeapMem_Object__table__V                       
20009d08  ti_sysbios_family_arm_msp432_Timer_Module_State_0_handles__A    
20009d18  ti_sysbios_family_arm_msp432_ClockFreqs_Module__state__V        
20009d24  ti_sysbios_family_arm_msp432_Timer_Module__state__V             
20009d30  xdc_runtime_SysMin_Module__state__V                             
20009d3c  _lock                                                           
20009d40  _unlock                                                         
20009d44  ti_sysbios_family_arm_m3_Hwi_Module__root__V                    
20009d4c  ti_sysbios_gates_GateHwi_Module__root__V                        
20009d54  ti_sysbios_gates_GateMutex_Module__root__V                      
20009d5c  ti_sysbios_heaps_HeapMem_Module__root__V                        
20009d64  ti_sysbios_knl_Queue_Module__root__V                            
20009d6c  ti_sysbios_knl_Semaphore_Module__root__V                        
20009d74  ti_sysbios_knl_Task_Module__root__V                             
20009d7c  xdc_runtime_Registry_Module__state__V                           
20009d84  xdc_runtime_Startup_Module__state__V                            
20009d8c  xdc_runtime_System_Module_State_0_atexitHandlers__A             
20009d94  xdc_runtime_System_Module__state__V                             
20009d9c  main_func_sp                                                    
20009da0  ti_sysbios_family_arm_m3_Hwi_Module_State_0_excContext__A       
20009da4  ti_sysbios_family_arm_m3_Hwi_Module_State_0_excStack__A         
20009da8  ti_sysbios_gates_GateHwi_Object__table__V                       
20009dac  ti_sysbios_knl_Task_Module_State_0_idleTask__A                  
20009db0  xdc_runtime_Memory_Module__state__V                             
20009db4  ti_sysbios_family_arm_m3_Hwi_Module_State_0_excActive__A        
20009db6  xdc_runtime_Error_Module__state__V                              
2000fc00  __stack                                                         
20010000  __STACK_END                                                     
4000480c  WDTCTL_SYM                                                      
e000e000  ti_sysbios_family_arm_m3_Hwi_nvic                               
ffffffff  __TI_pprof_out_hndl                                             
ffffffff  __TI_prof_data_size                                             
ffffffff  __TI_prof_data_start                                            
ffffffff  __binit__                                                       
ffffffff  __c_args__                                                      
ffffffff  binit                                                           
UNDEFED   SHT$$INIT_ARRAY$$Base                                           
UNDEFED   SHT$$INIT_ARRAY$$Limit                                          

[525 symbols]
