******************************************************************************
                  TI ARM Linker PC v18.12.4                    
******************************************************************************
>> Linked Wed Mar  4 20:04:59 2020

OUTPUT FILE NAME:   <Exercise3_dma_crc32_transfer_calculation_MSP_EXP432P401R_nortos_ccs.out>
ENTRY POINT SYMBOL: "_c_int00_noargs"  address: 000030fd


MEMORY CONFIGURATION

         name            origin    length      used     unused   attr    fill
----------------------  --------  ---------  --------  --------  ----  --------
  MAIN                  00000000   00040000  00003575  0003ca8b  R  X
  INFO                  00200000   00004000  00000000  00004000  R  X
  SRAM_CODE             01000000   00010000  000039e4  0000c61c  RW X
  SRAM_DATA             20000000   00010000  000039e4  0000c61c  RW  


SEGMENT ALLOCATION MAP

run origin  load origin   length   init length attrs members
----------  ----------- ---------- ----------- ----- -------
00000000    00000000    00003578   00003578    r-x
  00000000    00000000    000000e4   000000e4    r-- .intvecs
  000000e4    000000e4    000032e8   000032e8    r-x .text
  000033cc    000033cc    00000101   00000101    r-- .const
  000034d0    000034d0    000000a8   000000a8    r-- .cinit
20000000    20000000    000037e8   00000000    rw-
  20000000    20000000    00002ddc   00000000    rw- .bss
  20002de0    20002de0    00000800   00000000    rw- .sysmem
  200035e0    200035e0    00000208   00000000    rw- .data
2000fe00    2000fe00    00000200   00000000    rw-
  2000fe00    2000fe00    00000200   00000000    rw- .stack


SECTION ALLOCATION MAP

 output                                  attributes/
section   page    origin      length       input sections
--------  ----  ----------  ----------   ----------------
.intvecs   0    00000000    000000e4     
                  00000000    000000e4     startup_msp432p401r_ccs.obj (.intvecs:retain)

.text      0    000000e4    000032e8     
                  000000e4    00000a4e     rtsv7M4_T_le_v4SPD16_eabi.lib : _printfi.c.obj (.text:__TI_printfi)
                  00000b32    00000002     startup_msp432p401r_ccs.obj (.text:Default_Handler)
                  00000b34    00000328     dma_crc32_transfer_calculation.obj (.text:main)
                  00000e5c    00000270     rtsv7M4_T_le_v4SPD16_eabi.lib : _printfi.c.obj (.text:_pconv_a)
                  000010cc    000001d0                                   : _printfi.c.obj (.text:_pconv_g)
                  0000129c    000001b6                                   : fd_add_t2.asm.obj (.text)
                  00001452    00000002                                   : _lock.c.obj (.text:_nop)
                  00001454    0000013c                                   : _printfi.c.obj (.text:_pconv_e)
                  00001590    00000136                                   : fd_div_t2.asm.obj (.text)
                  000016c6    00000002                                   : div0.asm.obj (.text)
                  000016c8    00000124                                   : _printfi.c.obj (.text:fcvt)
                  000017ec    00000118                                   : memory.c.obj (.text:aligned_alloc)
                  00001904    00000114                                   : fputs.c.obj (.text:fputs)
                  00001a18    00000110                                   : s_scalbn.c.obj (.text:scalbn)
                  00001b28    00000104     msp432p4xx_driverlib.lib : cs.o (.text:_CSComputeCLKFrequency)
                  00001c2c    000000fc     rtsv7M4_T_le_v4SPD16_eabi.lib : fd_mul_t2.asm.obj (.text)
                  00001d28    000000f8     msp432p4xx_driverlib.lib : cs.o (.text:CS_getDCOFrequency)
                  00001e20    000000f0                              : dma.o (.text:DMA_setChannelTransfer)
                  00001f10    000000e4     rtsv7M4_T_le_v4SPD16_eabi.lib : memory.c.obj (.text:free)
                  00001ff4    000000dc                                   : setvbuf.c.obj (.text:setvbuf)
                  000020d0    000000b1                                   : _printfi.c.obj (.text:_ltostr)
                  00002181    00000001     --HOLE-- [fill = 0]
                  00002182    0000009c                                   : memcpy_t2.asm.obj (.text)
                  0000221e    00000096                                   : ull_div_t2.asm.obj (.text)
                  000022b4    00000094     msp432p4xx_driverlib.lib : sysctl_a.o (.text:SysCtl_A_getTLVInfo)
                  00002348    0000008c     rtsv7M4_T_le_v4SPD16_eabi.lib : fputc.c.obj (.text:fputc)
                  000023d4    00000086                                   : fd_cmp_t2.asm.obj (.text:__aeabi_cdcmple)
                  0000245a    00000086                                   : fd_cmp_t2.asm.obj (.text:__aeabi_cdrcmple)
                  000024e0    0000007c     msp432p4xx_driverlib.lib : cs.o (.text:_CSGetDOCFrequency)
                  0000255c    0000007a     rtsv7M4_T_le_v4SPD16_eabi.lib : memset_t2.asm.obj (.text)
                  000025d6    00000002     --HOLE-- [fill = 0]
                  000025d8    00000078     system_msp432p401r.obj (.text:SystemInit)
                  00002650    00000074     rtsv7M4_T_le_v4SPD16_eabi.lib : fclose.c.obj (.text:__TI_closefile)
                  000026c4    00000070                                   : memory.c.obj (.text:split)
                  00002734    0000006e                                   : _printfi.c.obj (.text:_mcpy)
                  000027a2    00000002     --HOLE-- [fill = 0]
                  000027a4    0000006c                                   : hostrename.c.obj (.text:HOSTrename)
                  00002810    00000068                                   : hostlseek.c.obj (.text:HOSTlseek)
                  00002878    00000068                                   : copy_decompress_lzss.c.obj (.text:decompress:lzss:__TI_decompress_lzss)
                  000028e0    00000068                                   : printf.c.obj (.text:printf)
                  00002948    00000064                                   : s_frexp.c.obj (.text:frexp)
                  000029ac    00000064                                   : fseek.c.obj (.text:fseek)
                  00002a10    00000062     msp432p4xx_driverlib.lib : cs.o (.text:_CSGetDividerValue)
                  00002a72    00000062     rtsv7M4_T_le_v4SPD16_eabi.lib : _io_perm.c.obj (.text:__TI_wrt_ok)
                  00002ad4    00000060                                   : hostopen.c.obj (.text:HOSTopen)
                  00002b34    0000005c                                   : close.c.obj (.text:close)
                  00002b90    00000058                                   : hostread.c.obj (.text:HOSTread)
                  00002be8    00000058                                   : hostwrite.c.obj (.text:HOSTwrite)
                  00002c40    00000056                                   : _printfi.c.obj (.text:_pconv_f)
                  00002c96    00000054                                   : ltoa.c.obj (.text:ltoa)
                  00002cea    00000052                                   : _printfi.c.obj (.text:_ecpy)
                  00002d3c    0000004c                                   : fflush.c.obj (.text:__TI_doflush)
                  00002d88    0000004c                                   : atoi.c.obj (.text:atoi)
                  00002dd4    00000048                                   : exit.c.obj (.text:exit)
                  00002e1c    00000048                                   : fd_toi_t2.asm.obj (.text)
                  00002e64    00000044                                   : hostclose.c.obj (.text:HOSTclose)
                  00002ea8    00000044                                   : hostunlink.c.obj (.text:HOSTunlink)
                  00002eec    00000044                                   : autoinit.c.obj (.text:__TI_auto_init_nobinit_nopinit:__TI_auto_init_nobinit_nopinit)
                  00002f30    00000044                                   : getdevice.c.obj (.text:getdevice)
                  00002f74    0000003e                                   : _printfi.c.obj (.text:_fcpy)
                  00002fb2    00000002     --HOLE-- [fill = 0]
                  00002fb4    00000038     msp432p4xx_driverlib.lib : crc32.o (.text:CRC32_getResult)
                  00002fec    00000038     rtsv7M4_T_le_v4SPD16_eabi.lib : trgmsg.c.obj (.text:__TI_writemsg)
                  00003024    00000038                                   : fs_tod_t2.asm.obj (.text)
                  0000305c    00000036                                   : strncpy.c.obj (.text:strncpy)
                  00003092    00000002     --HOLE-- [fill = 0]
                  00003094    00000034                                   : fopen.c.obj (.text:__TI_cleanup)
                  000030c8    00000034                                   : trgmsg.c.obj (.text:__TI_readmsg)
                  000030fc    00000034                                   : boot_cortex_m.c.obj (.text:_c_int00_noargs:_c_int00_noargs)
                  00003130    00000030     msp432p4xx_driverlib.lib : cs.o (.text:CS_clearInterruptFlag)
                  00003160    00000030     rtsv7M4_T_le_v4SPD16_eabi.lib : getdevice.c.obj (.text:finddevice)
                  00003190    0000002e                                   : i_tofd_t2.asm.obj (.text)
                  000031be    00000002     --HOLE-- [fill = 0]
                  000031c0    0000002c                                   : unlink.c.obj (.text:unlink)
                  000031ec    00000028     msp432p4xx_driverlib.lib : cs.o (.text:CS_getMCLK)
                  00003214    00000028     rtsv7M4_T_le_v4SPD16_eabi.lib : memory.c.obj (.text:free_list_insert)
                  0000323c    00000028                                   : lseek.c.obj (.text:lseek)
                  00003264    00000028                                   : write.c.obj (.text:write)
                  0000328c    00000020     dma_crc32_transfer_calculation.obj (.text:DMA_INT1_IRQHandler)
                  000032ac    00000020     rtsv7M4_T_le_v4SPD16_eabi.lib : memchr.c.obj (.text:memchr)
                  000032cc    0000001c                                   : memory.c.obj (.text:free_list_remove)
                  000032e8    0000001c                                   : memccpy.c.obj (.text:memccpy)
                  00003304    0000001a                                   : s_copysign.c.obj (.text:copysign)
                  0000331e    00000018                                   : strcmp.c.obj (.text:strcmp)
                  00003336    00000016                                   : strchr.c.obj (.text:strchr)
                  0000334c    00000014                                   : strcpy.c.obj (.text:strcpy)
                  00003360    00000014                                   : strlen.c.obj (.text:strlen)
                  00003374    00000012                                   : wcslen.c.obj (.text:wcslen)
                  00003386    0000000e                                   : copy_decompress_none.c.obj (.text:decompress:none:__TI_decompress_none)
                  00003394    0000000c     startup_msp432p401r_ccs.obj (.text:Reset_Handler)
                  000033a0    0000000c     rtsv7M4_T_le_v4SPD16_eabi.lib : copy_zero_init.c.obj (.text:decompress:ZI:__TI_zero_init)
                  000033ac    00000008                                   : errno.c.obj (.text:__aeabi_errno_addr)
                  000033b4    00000008                                   : memory.c.obj (.text:malloc)
                  000033bc    00000004                                   : printf.c.obj (.text:_outc)
                  000033c0    00000004                                   : printf.c.obj (.text:_outs)
                  000033c4    00000004                                   : pre_init.c.obj (.text:_system_pre_init)
                  000033c8    00000004                                   : exit.c.obj (.text:abort:abort)

.const     0    000033cc    00000101     
                  000033cc    00000101     rtsv7M4_T_le_v4SPD16_eabi.lib : ctype.c.obj (.const:.string:_ctypes_)

.cinit     0    000034d0    000000a8     
                  000034d0    00000083     (.cinit..data.load) [load image, compression = lzss]
                  00003553    00000001     --HOLE-- [fill = 0]
                  00003554    0000000c     (__TI_handler_table)
                  00003560    00000008     (.cinit..bss.load) [load image, compression = zero_init]
                  00003568    00000010     (__TI_cinit_table)

.init_array 
*          0    00000000    00000000     UNINITIALIZED

.binit     0    00000000    00000000     

.bss       0    20000000    00002ddc     UNINITIALIZED
                  20000000    00002800     (.common:data_array)
                  20002800    00000400     (.common:controlTable)
                  20002c00    00000120     rtsv7M4_T_le_v4SPD16_eabi.lib : trgmsg.c.obj (.bss:_CIOBUF_)
                  20002d20    000000a0     (.common:__TI_tmpnams)
                  20002dc0    00000008     msp432p4xx_driverlib.lib : cs.o (.bss)
                  20002dc8    00000008     (.common:parmbuf)
                  20002dd0    00000004     dma_crc32_transfer_calculation.obj (.bss)
                  20002dd4    00000004     (.common:dma_done)
                  20002dd8    00000004     (.common:size)

.sysmem    0    20002de0    00000800     UNINITIALIZED
                  20002de0    00000010     rtsv7M4_T_le_v4SPD16_eabi.lib : memory.c.obj (.sysmem)
                  20002df0    000007f0     --HOLE--

.data      0    200035e0    00000208     UNINITIALIZED
                  200035e0    000000f0     rtsv7M4_T_le_v4SPD16_eabi.lib : defs.c.obj (.data:_ftable)
                  200036d0    00000078                                   : host_device.c.obj (.data:_device)
                  20003748    00000050                                   : host_device.c.obj (.data:_stream)
                  20003798    00000020     dma_crc32_transfer_calculation.obj (.data:size_array)
                  200037b8    00000010     rtsv7M4_T_le_v4SPD16_eabi.lib : defs.c.obj (.data)
                  200037c8    0000000c                                   : exit.c.obj (.data:$O1$$)
                  200037d4    00000008                                   : _lock.c.obj (.data:$O1$$)
                  200037dc    00000008                                   : memory.c.obj (.data:$O1$$)
                  200037e4    00000004                                   : errno.c.obj (.data)

.stack     0    2000fe00    00000200     UNINITIALIZED
                  2000fe00    00000004     rtsv7M4_T_le_v4SPD16_eabi.lib : boot_cortex_m.c.obj (.stack)
                  2000fe04    000001fc     --HOLE--

MODULE SUMMARY

       Module                               code    ro data   rw data
       ------                               ----    -------   -------
    .\
       dma_crc32_transfer_calculation.obj   840     0         22616  
       system_msp432p401r.obj               120     0         0      
    +--+------------------------------------+-------+---------+---------+
       Total:                               960     0         22616  
                                                                     
    .\ccs\
       startup_msp432p401r_ccs.obj          14      228       0      
    +--+------------------------------------+-------+---------+---------+
       Total:                               14      228       0      
                                                                     
    C:/ti/simplelink_msp432p4_sdk_3_40_00_05/source/ti/devices/msp432p4xx/driverlib/ccs/msp432p4xx_driverlib.lib
       cs.o                                 818     0         16     
       dma.o                                240     0         0      
       sysctl_a.o                           148     0         0      
       crc32.o                              56      0         0      
    +--+------------------------------------+-------+---------+---------+
       Total:                               1262    0         16     
                                                                     
    C:\ti\ccs930\ccs\tools\compiler\ti-cgt-arm_18.12.4.LTS\lib\rtsv7M4_T_le_v4SPD16_eabi.lib
       _printfi.c.obj                       4851    0         0      
       defs.c.obj                           0       0         832    
       memory.c.obj                         696     0         16     
       trgmsg.c.obj                         108     0         576    
       fd_add_t2.asm.obj                    438     0         0      
       host_device.c.obj                    0       0         400    
       fd_div_t2.asm.obj                    310     0         0      
       fputs.c.obj                          276     0         0      
       s_scalbn.c.obj                       272     0         0      
       fd_cmp_t2.asm.obj                    268     0         0      
       ctype.c.obj                          0       257       0      
       fd_mul_t2.asm.obj                    252     0         0      
       setvbuf.c.obj                        220     0         0      
       memcpy_t2.asm.obj                    156     0         0      
       ull_div_t2.asm.obj                   150     0         0      
       fputc.c.obj                          140     0         0      
       memset_t2.asm.obj                    122     0         0      
       fclose.c.obj                         116     0         0      
       getdevice.c.obj                      116     0         0      
       hostopen.c.obj                       96      0         16     
       printf.c.obj                         112     0         0      
       hostrename.c.obj                     108     0         0      
       copy_decompress_lzss.c.obj           104     0         0      
       hostlseek.c.obj                      104     0         0      
       exit.c.obj                           76      0         24     
       fseek.c.obj                          100     0         0      
       s_frexp.c.obj                        100     0         0      
       _io_perm.c.obj                       98      0         0      
       close.c.obj                          92      0         0      
       hostread.c.obj                       88      0         0      
       hostwrite.c.obj                      88      0         0      
       ltoa.c.obj                           84      0         0      
       atoi.c.obj                           76      0         0      
       fflush.c.obj                         76      0         0      
       fd_toi_t2.asm.obj                    72      0         0      
       autoinit.c.obj                       68      0         0      
       hostclose.c.obj                      68      0         0      
       hostunlink.c.obj                     68      0         0      
       fs_tod_t2.asm.obj                    56      0         0      
       strncpy.c.obj                        54      0         0      
       boot_cortex_m.c.obj                  52      0         0      
       fopen.c.obj                          52      0         0      
       i_tofd_t2.asm.obj                    46      0         0      
       unlink.c.obj                         44      0         0      
       lseek.c.obj                          40      0         0      
       write.c.obj                          40      0         0      
       memchr.c.obj                         32      0         0      
       memccpy.c.obj                        28      0         0      
       s_copysign.c.obj                     26      0         0      
       strcmp.c.obj                         24      0         0      
       strchr.c.obj                         22      0         0      
       strcpy.c.obj                         20      0         0      
       strlen.c.obj                         20      0         0      
       _lock.c.obj                          2       0         16     
       wcslen.c.obj                         18      0         0      
       errno.c.obj                          8       0         8      
       copy_decompress_none.c.obj           14      0         0      
       copy_zero_init.c.obj                 12      0         0      
       pre_init.c.obj                       4       0         0      
       div0.asm.obj                         2       0         0      
    +--+------------------------------------+-------+---------+---------+
       Total:                               10785   257       1888   
                                                                     
       Heap:                                0       0         4096   
       Stack:                               0       0         1024   
       Linker Generated:                    0       167       0      
    +--+------------------------------------+-------+---------+---------+
       Grand Total:                         13021   652       29640  


LINKER GENERATED COPY TABLES

__TI_cinit_table @ 00003568 records: 2, size/record: 8, table size: 16
	.data: load addr=000034d0, load size=00000083 bytes, run addr=200035e0, run size=00000208 bytes, compression=lzss
	.bss: load addr=00003560, load size=00000008 bytes, run addr=20000000, run size=00002ddc bytes, compression=zero_init


LINKER GENERATED HANDLER TABLE

__TI_handler_table @ 00003554 records: 3, size/record: 4, table size: 12
	index: 0, handler: __TI_decompress_lzss
	index: 1, handler: __TI_decompress_none
	index: 2, handler: __TI_zero_init


GLOBAL SYMBOLS: SORTED ALPHABETICALLY BY Name 

address   name                           
-------   ----                           
00000b33  ADC14_IRQHandler               
00000b33  AES256_IRQHandler              
00000b33  BusFault_Handler               
000033c9  C$$EXIT                        
0000301b  C$$IO$$                        
00000b33  COMP_E0_IRQHandler             
00000b33  COMP_E1_IRQHandler             
00002fb5  CRC32_getResult                
00000b33  CS_IRQHandler                  
00003131  CS_clearInterruptFlag          
00001d29  CS_getDCOFrequency             
000031ed  CS_getMCLK                     
00000b33  DMA_ERR_IRQHandler             
00000b33  DMA_INT0_IRQHandler            
0000328d  DMA_INT1_IRQHandler            
0000328d  DMA_INT1_IRQHandler            
00000b33  DMA_INT2_IRQHandler            
00000b33  DMA_INT3_IRQHandler            
00001e21  DMA_setChannelTransfer         
00000b33  DebugMon_Handler               
00000b33  Default_Handler                
00000b33  EUSCIA0_IRQHandler             
00000b33  EUSCIA1_IRQHandler             
00000b33  EUSCIA2_IRQHandler             
00000b33  EUSCIA3_IRQHandler             
00000b33  EUSCIB0_IRQHandler             
00000b33  EUSCIB1_IRQHandler             
00000b33  EUSCIB2_IRQHandler             
00000b33  EUSCIB3_IRQHandler             
00000b33  FLCTL_IRQHandler               
00000b33  FPU_IRQHandler                 
00002e65  HOSTclose                      
00002811  HOSTlseek                      
00002ad5  HOSTopen                       
00002b91  HOSTread                       
000027a5  HOSTrename                     
00002ea9  HOSTunlink                     
00002be9  HOSTwrite                      
00000b33  HardFault_Handler              
00000b33  MemManage_Handler              
00000b33  NMI_Handler                    
00000b33  PCM_IRQHandler                 
00000b33  PORT1_IRQHandler               
00000b33  PORT2_IRQHandler               
00000b33  PORT3_IRQHandler               
00000b33  PORT4_IRQHandler               
00000b33  PORT5_IRQHandler               
00000b33  PORT6_IRQHandler               
00000b33  PSS_IRQHandler                 
00000b33  PendSV_Handler                 
00000b33  RTC_C_IRQHandler               
00003395  Reset_Handler                  
00000b33  SVC_Handler                    
000022b5  SysCtl_A_getTLVInfo            
00000b33  SysTick_Handler                
000025d9  SystemInit                     
00000b33  T32_INT1_IRQHandler            
00000b33  T32_INT2_IRQHandler            
00000b33  T32_INTC_IRQHandler            
00000b33  TA0_0_IRQHandler               
00000b33  TA0_N_IRQHandler               
00000b33  TA1_0_IRQHandler               
00000b33  TA1_N_IRQHandler               
00000b33  TA2_0_IRQHandler               
00000b33  TA2_N_IRQHandler               
00000b33  TA3_0_IRQHandler               
00000b33  TA3_N_IRQHandler               
00000b33  UsageFault_Handler             
4000480c  WDTCTL_SYM                     
00000b33  WDT_A_IRQHandler               
20002c00  __CIOBUF_                      
20010000  __STACK_END                    
00000200  __STACK_SIZE                   
00000800  __SYSMEM_SIZE                  
00003568  __TI_CINIT_Base                
00003578  __TI_CINIT_Limit               
00003554  __TI_Handler_Table_Base        
00003560  __TI_Handler_Table_Limit       
00002eed  __TI_auto_init_nobinit_nopinit 
00003095  __TI_cleanup                   
200037c8  __TI_cleanup_ptr               
00002651  __TI_closefile                 
00002879  __TI_decompress_lzss           
00003387  __TI_decompress_none           
00002d3d  __TI_doflush                   
200037cc  __TI_dtors_ptr                 
200037d0  __TI_enable_exit_profile_output
200037b8  __TI_ft_end                    
ffffffff  __TI_pprof_out_hndl            
000000e5  __TI_printfi                   
ffffffff  __TI_prof_data_size            
ffffffff  __TI_prof_data_start           
000030c9  __TI_readmsg                   
00000000  __TI_static_base__             
20002d20  __TI_tmpnams                   
00002fed  __TI_writemsg                  
00002a73  __TI_wrt_ok                    
000033a1  __TI_zero_init                 
000023d5  __aeabi_cdcmpeq                
000023d5  __aeabi_cdcmple                
0000245b  __aeabi_cdrcmple               
00002e1d  __aeabi_d2iz                   
000012a7  __aeabi_dadd                   
00001591  __aeabi_ddiv                   
00001c2d  __aeabi_dmul                   
0000129d  __aeabi_dsub                   
000033ad  __aeabi_errno_addr             
00003025  __aeabi_f2d                    
00003191  __aeabi_i2d                    
000016c7  __aeabi_idiv0                  
000016c7  __aeabi_ldiv0                  
0000255d  __aeabi_memclr                 
0000255d  __aeabi_memclr4                
0000255d  __aeabi_memclr8                
00002183  __aeabi_memcpy                 
00002183  __aeabi_memcpy4                
00002183  __aeabi_memcpy8                
0000255f  __aeabi_memset                 
0000255f  __aeabi_memset4                
0000255f  __aeabi_memset8                
200037c4  __aeabi_stderr                 
200037bc  __aeabi_stdin                  
200037c0  __aeabi_stdout                 
0000221f  __aeabi_uldivmod               
ffffffff  __binit__                      
ffffffff  __c_args__                     
UNDEFED   __mpu_init                     
2000fe00  __stack                        
000030fd  _c_int00_noargs                
000033cc  _ctypes_                       
200036d0  _device                        
200035e0  _ftable                        
200037d4  _lock                          
00001453  _nop                           
20003748  _stream                        
20002de0  _sys_memory                    
UNDEFED   _system_post_cinit             
000033c5  _system_pre_init               
200037d8  _unlock                        
000033c9  abort                          
000017ed  aligned_alloc                  
00002d89  atoi                           
ffffffff  binit                          
00002b35  close                          
20002800  controlTable                   
00003305  copysign                       
00003305  copysignl                      
20000000  data_array                     
20002dd4  dma_done                       
200037e4  errno                          
00002dd5  exit                           
00003161  finddevice                     
00002349  fputc                          
00001905  fputs                          
00001f11  free                           
00002949  frexp                          
00002949  frexpl                         
000029ad  fseek                          
00002f31  getdevice                      
00000000  interruptVectors               
00001a19  ldexp                          
00001a19  ldexpl                         
0000323d  lseek                          
00002c97  ltoa                           
00000b35  main                           
000033b5  malloc                         
000017ed  memalign                       
000032e9  memccpy                        
000032ad  memchr                         
00002183  memcpy                         
00002565  memset                         
20002dc8  parmbuf                        
000028e1  printf                         
00002349  putc                           
000031c1  remove                         
00001a19  scalbn                         
00001a19  scalbnl                        
00001ff5  setvbuf                        
20002dd8  size                           
20003798  size_array                     
00003337  strchr                         
0000331f  strcmp                         
0000334d  strcpy                         
00003361  strlen                         
0000305d  strncpy                        
000031c1  unlink                         
00003375  wcslen                         
00003265  write                          


GLOBAL SYMBOLS: SORTED BY Symbol Address 

address   name                           
-------   ----                           
00000000  __TI_static_base__             
00000000  interruptVectors               
000000e5  __TI_printfi                   
00000200  __STACK_SIZE                   
00000800  __SYSMEM_SIZE                  
00000b33  ADC14_IRQHandler               
00000b33  AES256_IRQHandler              
00000b33  BusFault_Handler               
00000b33  COMP_E0_IRQHandler             
00000b33  COMP_E1_IRQHandler             
00000b33  CS_IRQHandler                  
00000b33  DMA_ERR_IRQHandler             
00000b33  DMA_INT0_IRQHandler            
00000b33  DMA_INT2_IRQHandler            
00000b33  DMA_INT3_IRQHandler            
00000b33  DebugMon_Handler               
00000b33  Default_Handler                
00000b33  EUSCIA0_IRQHandler             
00000b33  EUSCIA1_IRQHandler             
00000b33  EUSCIA2_IRQHandler             
00000b33  EUSCIA3_IRQHandler             
00000b33  EUSCIB0_IRQHandler             
00000b33  EUSCIB1_IRQHandler             
00000b33  EUSCIB2_IRQHandler             
00000b33  EUSCIB3_IRQHandler             
00000b33  FLCTL_IRQHandler               
00000b33  FPU_IRQHandler                 
00000b33  HardFault_Handler              
00000b33  MemManage_Handler              
00000b33  NMI_Handler                    
00000b33  PCM_IRQHandler                 
00000b33  PORT1_IRQHandler               
00000b33  PORT2_IRQHandler               
00000b33  PORT3_IRQHandler               
00000b33  PORT4_IRQHandler               
00000b33  PORT5_IRQHandler               
00000b33  PORT6_IRQHandler               
00000b33  PSS_IRQHandler                 
00000b33  PendSV_Handler                 
00000b33  RTC_C_IRQHandler               
00000b33  SVC_Handler                    
00000b33  SysTick_Handler                
00000b33  T32_INT1_IRQHandler            
00000b33  T32_INT2_IRQHandler            
00000b33  T32_INTC_IRQHandler            
00000b33  TA0_0_IRQHandler               
00000b33  TA0_N_IRQHandler               
00000b33  TA1_0_IRQHandler               
00000b33  TA1_N_IRQHandler               
00000b33  TA2_0_IRQHandler               
00000b33  TA2_N_IRQHandler               
00000b33  TA3_0_IRQHandler               
00000b33  TA3_N_IRQHandler               
00000b33  UsageFault_Handler             
00000b33  WDT_A_IRQHandler               
00000b35  main                           
0000129d  __aeabi_dsub                   
000012a7  __aeabi_dadd                   
00001453  _nop                           
00001591  __aeabi_ddiv                   
000016c7  __aeabi_idiv0                  
000016c7  __aeabi_ldiv0                  
000017ed  aligned_alloc                  
000017ed  memalign                       
00001905  fputs                          
00001a19  ldexp                          
00001a19  ldexpl                         
00001a19  scalbn                         
00001a19  scalbnl                        
00001c2d  __aeabi_dmul                   
00001d29  CS_getDCOFrequency             
00001e21  DMA_setChannelTransfer         
00001f11  free                           
00001ff5  setvbuf                        
00002183  __aeabi_memcpy                 
00002183  __aeabi_memcpy4                
00002183  __aeabi_memcpy8                
00002183  memcpy                         
0000221f  __aeabi_uldivmod               
000022b5  SysCtl_A_getTLVInfo            
00002349  fputc                          
00002349  putc                           
000023d5  __aeabi_cdcmpeq                
000023d5  __aeabi_cdcmple                
0000245b  __aeabi_cdrcmple               
0000255d  __aeabi_memclr                 
0000255d  __aeabi_memclr4                
0000255d  __aeabi_memclr8                
0000255f  __aeabi_memset                 
0000255f  __aeabi_memset4                
0000255f  __aeabi_memset8                
00002565  memset                         
000025d9  SystemInit                     
00002651  __TI_closefile                 
000027a5  HOSTrename                     
00002811  HOSTlseek                      
00002879  __TI_decompress_lzss           
000028e1  printf                         
00002949  frexp                          
00002949  frexpl                         
000029ad  fseek                          
00002a73  __TI_wrt_ok                    
00002ad5  HOSTopen                       
00002b35  close                          
00002b91  HOSTread                       
00002be9  HOSTwrite                      
00002c97  ltoa                           
00002d3d  __TI_doflush                   
00002d89  atoi                           
00002dd5  exit                           
00002e1d  __aeabi_d2iz                   
00002e65  HOSTclose                      
00002ea9  HOSTunlink                     
00002eed  __TI_auto_init_nobinit_nopinit 
00002f31  getdevice                      
00002fb5  CRC32_getResult                
00002fed  __TI_writemsg                  
0000301b  C$$IO$$                        
00003025  __aeabi_f2d                    
0000305d  strncpy                        
00003095  __TI_cleanup                   
000030c9  __TI_readmsg                   
000030fd  _c_int00_noargs                
00003131  CS_clearInterruptFlag          
00003161  finddevice                     
00003191  __aeabi_i2d                    
000031c1  remove                         
000031c1  unlink                         
000031ed  CS_getMCLK                     
0000323d  lseek                          
00003265  write                          
0000328d  DMA_INT1_IRQHandler            
0000328d  DMA_INT1_IRQHandler            
000032ad  memchr                         
000032e9  memccpy                        
00003305  copysign                       
00003305  copysignl                      
0000331f  strcmp                         
00003337  strchr                         
0000334d  strcpy                         
00003361  strlen                         
00003375  wcslen                         
00003387  __TI_decompress_none           
00003395  Reset_Handler                  
000033a1  __TI_zero_init                 
000033ad  __aeabi_errno_addr             
000033b5  malloc                         
000033c5  _system_pre_init               
000033c9  C$$EXIT                        
000033c9  abort                          
000033cc  _ctypes_                       
00003554  __TI_Handler_Table_Base        
00003560  __TI_Handler_Table_Limit       
00003568  __TI_CINIT_Base                
00003578  __TI_CINIT_Limit               
20000000  data_array                     
20002800  controlTable                   
20002c00  __CIOBUF_                      
20002d20  __TI_tmpnams                   
20002dc8  parmbuf                        
20002dd4  dma_done                       
20002dd8  size                           
20002de0  _sys_memory                    
200035e0  _ftable                        
200036d0  _device                        
20003748  _stream                        
20003798  size_array                     
200037b8  __TI_ft_end                    
200037bc  __aeabi_stdin                  
200037c0  __aeabi_stdout                 
200037c4  __aeabi_stderr                 
200037c8  __TI_cleanup_ptr               
200037cc  __TI_dtors_ptr                 
200037d0  __TI_enable_exit_profile_output
200037d4  _lock                          
200037d8  _unlock                        
200037e4  errno                          
2000fe00  __stack                        
20010000  __STACK_END                    
4000480c  WDTCTL_SYM                     
ffffffff  __TI_pprof_out_hndl            
ffffffff  __TI_prof_data_size            
ffffffff  __TI_prof_data_start           
ffffffff  __binit__                      
ffffffff  __c_args__                     
ffffffff  binit                          
UNDEFED   __mpu_init                     
UNDEFED   _system_post_cinit             

[188 symbols]
